WARNING: A terminally deprecated method in sun.misc.Unsafe has been called
WARNING: sun.misc.Unsafe::staticFieldBase has been called by com.google.inject.internal.aop.HiddenClassDefiner (file:/Users/amilcaryujra/.m2/wrapper/dists/apache-maven-3.9.10/e5402a93/lib/guice-5.1.0-classes.jar)
WARNING: Please consider reporting this to the maintainers of class com.google.inject.internal.aop.HiddenClassDefiner
WARNING: sun.misc.Unsafe::staticFieldBase will be removed in a future release
[INFO] Scanning for projects...
[INFO] 
[INFO] --------------------< com.unidadeducativa:backend >---------------------
[INFO] Building unidad-educativa 0.0.1-SNAPSHOT
[INFO]   from pom.xml
[INFO] --------------------------------[ jar ]---------------------------------
[INFO] 
[INFO] --- resources:3.3.1:resources (default-resources) @ backend ---
[INFO] Copying 1 resource from src/main/resources to target/classes
[INFO] Copying 5 resources from src/main/resources to target/classes
[INFO] 
[INFO] --- compiler:3.14.0:compile (default-compile) @ backend ---
[INFO] Recompiling the module because of changed source code.
[INFO] Compiling 233 source files with javac [debug parameters release 21] to target/classes
[WARNING] /Users/amilcaryujra/Desktop/UMSA/Proyecto Personal/sistema/backend/src/main/java/com/unidadeducativa/personas/estudiante/mapper/EstudianteMapper.java:[36,10] Unmapped target property: "codigoRude".
[WARNING] /Users/amilcaryujra/Desktop/UMSA/Proyecto Personal/sistema/backend/src/main/java/com/unidadeducativa/personas/estudiante/mapper/EstudianteMapper.java:[44,16] Unmapped target property: "codigoRude".
[WARNING] /Users/amilcaryujra/Desktop/UMSA/Proyecto Personal/sistema/backend/src/main/java/com/unidadeducativa/academia/gestion/mapper/GestionMapper.java:[27,22] Unmapped target property: "idGestion".
[WARNING] /Users/amilcaryujra/Desktop/UMSA/Proyecto Personal/sistema/backend/src/main/java/com/unidadeducativa/academia/gestion/mapper/GestionMapper.java:[33,10] Unmapped target property: "unidadEducativa".
[INFO] /Users/amilcaryujra/Desktop/UMSA/Proyecto Personal/sistema/backend/src/main/java/com/unidadeducativa/config/DataInitializer.java: /Users/amilcaryujra/Desktop/UMSA/Proyecto Personal/sistema/backend/src/main/java/com/unidadeducativa/config/DataInitializer.java uses unchecked or unsafe operations.
[INFO] /Users/amilcaryujra/Desktop/UMSA/Proyecto Personal/sistema/backend/src/main/java/com/unidadeducativa/config/DataInitializer.java: Recompile with -Xlint:unchecked for details.
[INFO] 
[INFO] --- resources:3.3.1:testResources (default-testResources) @ backend ---
[INFO] Copying 1 resource from src/test/resources to target/test-classes
[INFO] 
[INFO] --- compiler:3.14.0:testCompile (default-testCompile) @ backend ---
[INFO] Recompiling the module because of changed dependency.
[INFO] Compiling 6 source files with javac [debug parameters release 21] to target/test-classes
[INFO] 
[INFO] --- surefire:3.5.3:test (default-test) @ backend ---
[INFO] Using auto detected provider org.apache.maven.surefire.junitplatform.JUnitPlatformProvider
[INFO] 
[INFO] -------------------------------------------------------
[INFO]  T E S T S
[INFO] -------------------------------------------------------
[INFO] Running com.unidadeducativa.auth.AuthControllerTest
23:49:39.526 [main] INFO org.springframework.test.context.support.AnnotationConfigContextLoaderUtils -- Could not detect default configuration classes for test class [com.unidadeducativa.auth.AuthControllerTest]: AuthControllerTest does not declare any static, non-private, non-final, nested classes annotated with @Configuration.
23:49:39.778 [main] INFO org.springframework.boot.test.context.SpringBootTestContextBootstrapper -- Found @SpringBootConfiguration com.unidadeducativa.UnidadEducativaApplication for test class com.unidadeducativa.auth.AuthControllerTest
23:49:39.954 [main] INFO org.springframework.boot.devtools.restart.RestartApplicationListener -- Restart disabled due to context in which it is running

  .   ____          _            __ _ _
 /\\ / ___'_ __ _ _(_)_ __  __ _ \ \ \ \
( ( )\___ | '_ | '_| | '_ \/ _` | \ \ \ \
 \\/  ___)| |_)| | | | | || (_| |  ) ) ) )
  '  |____| .__|_| |_|_| |_\__, | / / / /
 =========|_|==============|___/=/_/_/_/

 :: Spring Boot ::                (v3.5.3)

2025-12-21T23:49:40.283-04:00  INFO 21711 --- [unidad-educativa] [           main] c.u.auth.AuthControllerTest              : Starting AuthControllerTest using Java 24 with PID 21711 (started by amilcaryujra in /Users/amilcaryujra/Desktop/UMSA/Proyecto Personal/sistema/backend)
2025-12-21T23:49:40.284-04:00 DEBUG 21711 --- [unidad-educativa] [           main] c.u.auth.AuthControllerTest              : Running with Spring Boot v3.5.3, Spring v6.2.8
2025-12-21T23:49:40.284-04:00  INFO 21711 --- [unidad-educativa] [           main] c.u.auth.AuthControllerTest              : The following 1 profile is active: "test"
2025-12-21T23:49:41.459-04:00  INFO 21711 --- [unidad-educativa] [           main] .s.d.r.c.RepositoryConfigurationDelegate : Bootstrapping Spring Data JPA repositories in DEFAULT mode.
2025-12-21T23:49:41.743-04:00  INFO 21711 --- [unidad-educativa] [           main] .s.d.r.c.RepositoryConfigurationDelegate : Finished Spring Data repository scanning in 266 ms. Found 24 JPA repository interfaces.
2025-12-21T23:49:42.445-04:00  INFO 21711 --- [unidad-educativa] [           main] o.hibernate.jpa.internal.util.LogHelper  : HHH000204: Processing PersistenceUnitInfo [name: default]
2025-12-21T23:49:42.492-04:00  INFO 21711 --- [unidad-educativa] [           main] org.hibernate.Version                    : HHH000412: Hibernate ORM core version 6.6.18.Final
2025-12-21T23:49:42.525-04:00  INFO 21711 --- [unidad-educativa] [           main] o.h.c.internal.RegionFactoryInitiator    : HHH000026: Second-level cache disabled
2025-12-21T23:49:42.815-04:00  INFO 21711 --- [unidad-educativa] [           main] o.s.o.j.p.SpringPersistenceUnitInfo      : No LoadTimeWeaver setup: ignoring JPA class transformer
2025-12-21T23:49:42.855-04:00  INFO 21711 --- [unidad-educativa] [           main] com.zaxxer.hikari.HikariDataSource       : HikariPool-1 - Starting...
2025-12-21T23:49:43.040-04:00  INFO 21711 --- [unidad-educativa] [           main] com.zaxxer.hikari.pool.HikariPool        : HikariPool-1 - Added connection conn0: url=jdbc:h2:mem:testdb user=SA
2025-12-21T23:49:43.042-04:00  INFO 21711 --- [unidad-educativa] [           main] com.zaxxer.hikari.HikariDataSource       : HikariPool-1 - Start completed.
2025-12-21T23:49:43.067-04:00  WARN 21711 --- [unidad-educativa] [           main] org.hibernate.orm.deprecation            : HHH90000025: H2Dialect does not need to be specified explicitly using 'hibernate.dialect' (remove the property setting and it will be selected by default)
2025-12-21T23:49:43.090-04:00  INFO 21711 --- [unidad-educativa] [           main] org.hibernate.orm.connections.pooling    : HHH10001005: Database info:
	Database JDBC URL [Connecting through datasource 'HikariDataSource (HikariPool-1)']
	Database driver: undefined/unknown
	Database version: 2.3.232
	Autocommit mode: undefined/unknown
	Isolation level: undefined/unknown
	Minimum pool size: undefined/unknown
	Maximum pool size: undefined/unknown
2025-12-21T23:49:44.607-04:00  INFO 21711 --- [unidad-educativa] [           main] o.h.e.t.j.p.i.JtaPlatformInitiator       : HHH000489: No JTA platform available (set 'hibernate.transaction.jta.platform' to enable JTA platform integration)
Hibernate: 
    drop table if exists asignacion_docente cascade 
Hibernate: 
    drop table if exists comunicado cascade 
Hibernate: 
    drop table if exists configuracion_paralelo cascade 
Hibernate: 
    drop table if exists cuenta_cobrar cascade 
Hibernate: 
    drop table if exists curso cascade 
Hibernate: 
    drop table if exists director cascade 
Hibernate: 
    drop table if exists estudiante cascade 
Hibernate: 
    drop table if exists evento cascade 
Hibernate: 
    drop table if exists gestion_academica cascade 
Hibernate: 
    drop table if exists grado cascade 
Hibernate: 
    drop table if exists grado_materia cascade 
Hibernate: 
    drop table if exists horarios cascade 
Hibernate: 
    drop table if exists inscripcion cascade 
Hibernate: 
    drop table if exists inscripcion_materia cascade 
Hibernate: 
    drop table if exists log_usuario cascade 
Hibernate: 
    drop table if exists materia cascade 
Hibernate: 
    drop table if exists nota cascade 
Hibernate: 
    drop table if exists notificacion cascade 
Hibernate: 
    drop table if exists pago cascade 
Hibernate: 
    drop table if exists profesor cascade 
Hibernate: 
    drop table if exists rol cascade 
Hibernate: 
    drop table if exists secretaria cascade 
Hibernate: 
    drop table if exists tipo_pago cascade 
Hibernate: 
    drop table if exists unidad_educativa cascade 
Hibernate: 
    drop table if exists usuario cascade 
Hibernate: 
    create table asignacion_docente (
        estado boolean not null,
        fecha_fin date,
        fecha_inicio date not null,
        id_asignacion bigint generated by default as identity,
        id_curso bigint not null,
        id_gestion bigint not null,
        id_materia bigint not null,
        id_profesor bigint not null,
        primary key (id_asignacion),
        unique (id_profesor, id_materia, id_curso, id_gestion)
    )
Hibernate: 
    create table comunicado (
        fecha_publicacion timestamp(6) not null,
        id_autor bigint not null,
        id_comunicado bigint generated by default as identity,
        id_referencia bigint,
        contenido TEXT not null,
        titulo varchar(255) not null,
        prioridad enum ('ALTA','BAJA','MEDIA') not null,
        tipo_destinatario enum ('POR_CURSO','POR_ROL','TODOS') not null,
        primary key (id_comunicado)
    )
Hibernate: 
    create table configuracion_paralelo (
        activo boolean not null,
        orden integer not null,
        nombre varchar(5) not null unique,
        id bigint generated by default as identity,
        primary key (id)
    )
Hibernate: 
    create table cuenta_cobrar (
        fecha_vencimiento date,
        monto numeric(10,2) not null,
        saldo_pendiente numeric(10,2) not null,
        id_cuenta_cobrar bigint generated by default as identity,
        id_estudiante bigint not null,
        id_tipo_pago bigint not null,
        estado enum ('ANULADO','PAGADO','PARCIAL','PENDIENTE') not null,
        primary key (id_cuenta_cobrar)
    )
Hibernate: 
    create table curso (
        paralelo varchar(1) not null,
        id_curso bigint generated by default as identity,
        id_grado bigint not null,
        turno enum ('MANANA','TARDE') not null,
        primary key (id_curso),
        unique (id_grado, paralelo, turno)
    )
Hibernate: 
    create table director (
        id_director bigint generated by default as identity,
        id_usuario bigint not null unique,
        telefono varchar(50),
        primary key (id_director)
    )
Hibernate: 
    create table estudiante (
        id_estudiante bigint generated by default as identity,
        id_usuario bigint not null unique,
        codigo_rude varchar(50) unique,
        direccion varchar(50),
        nombre_madre varchar(50),
        nombre_padre varchar(50),
        telefono_madre varchar(50),
        telefono_padre varchar(50),
        primary key (id_estudiante)
    )
Hibernate: 
    create table evento (
        fecha_fin timestamp(6) not null,
        fecha_inicio timestamp(6) not null,
        id_evento bigint generated by default as identity,
        descripcion TEXT,
        titulo varchar(255) not null,
        ubicacion varchar(255),
        tipo_evento enum ('ACTO_CIVICO','EXAMEN','FERIADO','OTRO','REUNION') not null,
        primary key (id_evento)
    )
Hibernate: 
    create table gestion_academica (
        anio integer not null,
        estado boolean not null,
        id_gestion bigint generated by default as identity,
        id_unidad_educativa bigint,
        primary key (id_gestion),
        unique (anio, id_unidad_educativa)
    )
Hibernate: 
    create table grado (
        id_grado bigint generated by default as identity,
        nombre varchar(20) not null,
        nivel enum ('INICIAL','PRIMARIA','SECUNDARIA') not null,
        primary key (id_grado)
    )
Hibernate: 
    create table grado_materia (
        id_gestion bigint not null,
        id_grado bigint not null,
        id_grado_materia bigint generated by default as identity,
        id_materia bigint not null,
        primary key (id_grado_materia),
        unique (id_grado, id_materia, id_gestion)
    )
Hibernate: 
    create table horarios (
        hora_fin time(6) not null,
        hora_inicio time(6) not null,
        id_asignacion bigint not null,
        id_horario bigint generated by default as identity,
        aula varchar(255),
        dia_semana enum ('DOMINGO','JUEVES','LUNES','MARTES','MIERCOLES','SABADO','VIERNES') not null,
        primary key (id_horario)
    )
Hibernate: 
    create table inscripcion (
        fecha_inscripcion date not null,
        id_curso bigint not null,
        id_estudiante bigint not null,
        id_gestion bigint not null,
        id_inscripcion bigint generated by default as identity,
        estado enum ('ACTIVO','EGRESADO','RETIRADO','TRANSFERIDO') not null,
        primary key (id_inscripcion),
        unique (id_estudiante, id_gestion)
    )
Hibernate: 
    create table inscripcion_materia (
        id_inscripcion bigint not null,
        id_inscripcion_materia bigint generated by default as identity,
        id_materia bigint not null,
        primary key (id_inscripcion_materia),
        unique (id_inscripcion, id_materia)
    )
Hibernate: 
    create table log_usuario (
        fecha timestamp(6) not null,
        id_log bigint generated by default as identity,
        id_usuario bigint not null,
        accion TEXT,
        primary key (id_log)
    )
Hibernate: 
    create table materia (
        id_materia bigint generated by default as identity,
        id_unidad_educativa bigint,
        nombre varchar(100) not null,
        primary key (id_materia)
    )
Hibernate: 
    create table nota (
        autoevaluacion float(53),
        decidir float(53),
        fecha_registro date not null,
        hacer float(53),
        nota_final float(53),
        saber float(53),
        ser float(53),
        id_asignacion bigint not null,
        id_estudiante bigint not null,
        id_nota bigint generated by default as identity,
        trimestre enum ('PRIMER','SEGUNDO','TERCER') not null,
        primary key (id_nota),
        unique (id_estudiante, id_asignacion, trimestre)
    )
Hibernate: 
    create table notificacion (
        leido boolean not null,
        fecha_creacion timestamp(6),
        id_notificacion bigint generated by default as identity,
        id_usuario bigint,
        mensaje TEXT,
        titulo varchar(255) not null,
        primary key (id_notificacion)
    )
Hibernate: 
    create table pago (
        monto_pagado numeric(10,2) not null,
        fecha_pago timestamp(6) not null,
        id_cajero bigint,
        id_cuenta_cobrar bigint not null,
        id_pago bigint generated by default as identity,
        numero_recibo varchar(255) unique,
        observaciones TEXT,
        metodo_pago enum ('DEPOSITO_BANCARIO','EFECTIVO','QR','TRANSFERENCIA') not null,
        primary key (id_pago)
    )
Hibernate: 
    create table profesor (
        id_profesor bigint generated by default as identity,
        id_usuario bigint not null unique,
        telefono varchar(50),
        profesion varchar(255),
        primary key (id_profesor)
    )
Hibernate: 
    create table rol (
        id_rol bigint generated by default as identity,
        nombre enum ('ADMIN','DIRECTOR','ESTUDIANTE','PROFESOR','SECRETARIA') not null unique,
        primary key (id_rol)
    )
Hibernate: 
    create table secretaria (
        id_secretaria bigint generated by default as identity,
        id_usuario bigint not null unique,
        telefono varchar(50),
        primary key (id_secretaria)
    )
Hibernate: 
    create table tipo_pago (
        fecha_limite date,
        monto_defecto numeric(10,2) not null,
        id_gestion bigint not null,
        id_tipo_pago bigint generated by default as identity,
        id_unidad_educativa bigint,
        nombre varchar(100) not null,
        primary key (id_tipo_pago)
    )
Hibernate: 
    create table unidad_educativa (
        estado boolean not null,
        id_unidad_educativa bigint generated by default as identity,
        sie varchar(20) not null unique,
        nombre varchar(150) not null,
        logo_url varchar(500),
        direccion varchar(255),
        primary key (id_unidad_educativa)
    )
Hibernate: 
    create table usuario (
        estado boolean not null,
        fecha_nacimiento date,
        created_at timestamp(6),
        id_rol bigint not null,
        id_unidad_educativa bigint,
        id_usuario bigint generated by default as identity,
        updated_at timestamp(6),
        ci varchar(50) not null unique,
        apellido_materno varchar(255),
        apellido_paterno varchar(255) not null,
        contrasena varchar(255) not null,
        correo varchar(255) not null unique,
        foto_perfil varchar(255),
        nombres varchar(255) not null,
        primary key (id_usuario)
    )
Hibernate: 
    alter table if exists asignacion_docente 
       add constraint FKeaf8suurvhexh6uh19slyhb03 
       foreign key (id_curso) 
       references curso
Hibernate: 
    alter table if exists asignacion_docente 
       add constraint FKdg0lxnthsa9u8srq91o2ustoo 
       foreign key (id_gestion) 
       references gestion_academica
Hibernate: 
    alter table if exists asignacion_docente 
       add constraint FKd6hcgwsq8rarfjqe3yyjcyhlh 
       foreign key (id_materia) 
       references materia
Hibernate: 
    alter table if exists asignacion_docente 
       add constraint FKijejqribv9y0hlk9il6f8bv3v 
       foreign key (id_profesor) 
       references profesor
Hibernate: 
    alter table if exists comunicado 
       add constraint FKl5rf69i9oeu8qn9wjckppkl4x 
       foreign key (id_autor) 
       references usuario
Hibernate: 
    alter table if exists cuenta_cobrar 
       add constraint FKnf5fr444e7e0tm4kxqeubofps 
       foreign key (id_estudiante) 
       references estudiante
Hibernate: 
    alter table if exists cuenta_cobrar 
       add constraint FKcb2n7aeopxsfdltp8bhcoomv0 
       foreign key (id_tipo_pago) 
       references tipo_pago
Hibernate: 
    alter table if exists curso 
       add constraint FKq8i78bdl40usnabfnsh9g5llh 
       foreign key (id_grado) 
       references grado
Hibernate: 
    alter table if exists director 
       add constraint FKaw2dqro93wv73sne6o7wcdk00 
       foreign key (id_usuario) 
       references usuario
Hibernate: 
    alter table if exists estudiante 
       add constraint FK5a2y49gqj50k58rcckgh5cdue 
       foreign key (id_usuario) 
       references usuario
Hibernate: 
    alter table if exists gestion_academica 
       add constraint FKi2dugmkouytkio484fuxrrkf9 
       foreign key (id_unidad_educativa) 
       references unidad_educativa
Hibernate: 
    alter table if exists grado_materia 
       add constraint FKk23nax43sl2sm7973lojb75ir 
       foreign key (id_gestion) 
       references gestion_academica
Hibernate: 
    alter table if exists grado_materia 
       add constraint FK66xq3f3rflbt5w1d6c3oi6dm7 
       foreign key (id_grado) 
       references grado
Hibernate: 
    alter table if exists grado_materia 
       add constraint FKb2rne4e8w3ieq3s6mm3vog070 
       foreign key (id_materia) 
       references materia
Hibernate: 
    alter table if exists horarios 
       add constraint FKb5nkdltgpboyeoio92rr5hoxm 
       foreign key (id_asignacion) 
       references asignacion_docente
Hibernate: 
    alter table if exists inscripcion 
       add constraint FK6sw931ij561k2fq5sx4xonmlr 
       foreign key (id_curso) 
       references curso
Hibernate: 
    alter table if exists inscripcion 
       add constraint FK8hgaf3r1wwea199gneh6m8035 
       foreign key (id_estudiante) 
       references estudiante
Hibernate: 
    alter table if exists inscripcion 
       add constraint FKcnkk2g7rfu3k5dqd2icalnekn 
       foreign key (id_gestion) 
       references gestion_academica
Hibernate: 
    alter table if exists inscripcion_materia 
       add constraint FKovvxygfaxvf6diysmfx8ofus7 
       foreign key (id_inscripcion) 
       references inscripcion
Hibernate: 
    alter table if exists inscripcion_materia 
       add constraint FKh8s5dwwagckijt6cebtr10ym7 
       foreign key (id_materia) 
       references materia
Hibernate: 
    alter table if exists log_usuario 
       add constraint FKlhc98lew7li75w3gli62s9ooq 
       foreign key (id_usuario) 
       references usuario
Hibernate: 
    alter table if exists materia 
       add constraint FKeu1cs2l3q3e5obtr6y0ljgnsn 
       foreign key (id_unidad_educativa) 
       references unidad_educativa
Hibernate: 
    alter table if exists nota 
       add constraint FK9y3cgg25evk7sr9p6xjf0c4hw 
       foreign key (id_asignacion) 
       references asignacion_docente
Hibernate: 
    alter table if exists nota 
       add constraint FK766uv0ub96iljepcr8pc7xacq 
       foreign key (id_estudiante) 
       references estudiante
Hibernate: 
    alter table if exists notificacion 
       add constraint FKcl7wnfwly3cree0u7ghsy10tu 
       foreign key (id_usuario) 
       references usuario
Hibernate: 
    alter table if exists pago 
       add constraint FKoebygxfpide9rwhcwy1arhsh5 
       foreign key (id_cajero) 
       references usuario
Hibernate: 
    alter table if exists pago 
       add constraint FKfcwkjgnjqtxq8uerm8c55o0j7 
       foreign key (id_cuenta_cobrar) 
       references cuenta_cobrar
Hibernate: 
    alter table if exists profesor 
       add constraint FKbyhq45hsgy32alfydfpypqctp 
       foreign key (id_usuario) 
       references usuario
Hibernate: 
    alter table if exists secretaria 
       add constraint FKpk3e7yahwqjlytp9w1evenc6p 
       foreign key (id_usuario) 
       references usuario
Hibernate: 
    alter table if exists tipo_pago 
       add constraint FKnog43y3ehkjy1d44k0bee1kjt 
       foreign key (id_gestion) 
       references gestion_academica
Hibernate: 
    alter table if exists tipo_pago 
       add constraint FK7tf4ymul0vuxgj89k2g05jwq2 
       foreign key (id_unidad_educativa) 
       references unidad_educativa
Hibernate: 
    alter table if exists usuario 
       add constraint FKmyv3138vvci6kaq3y5kt4cntu 
       foreign key (id_rol) 
       references rol
Hibernate: 
    alter table if exists usuario 
       add constraint FKnkcxbq2vfhn91qswqx72k4kss 
       foreign key (id_unidad_educativa) 
       references unidad_educativa
2025-12-21T23:49:44.761-04:00  INFO 21711 --- [unidad-educativa] [           main] j.LocalContainerEntityManagerFactoryBean : Initialized JPA EntityManagerFactory for persistence unit 'default'
2025-12-21T23:49:45.221-04:00  INFO 21711 --- [unidad-educativa] [           main] o.s.d.j.r.query.QueryEnhancerFactory     : Hibernate is in classpath; If applicable, HQL parser will be used.
Hibernate: 
    select
        count(*) 
    from
        configuracion_paralelo cp1_0
Hibernate: 
    insert 
    into
        configuracion_paralelo
        (activo, nombre, orden, id) 
    values
        (?, ?, ?, default)
Hibernate: 
    insert 
    into
        configuracion_paralelo
        (activo, nombre, orden, id) 
    values
        (?, ?, ?, default)
Hibernate: 
    insert 
    into
        configuracion_paralelo
        (activo, nombre, orden, id) 
    values
        (?, ?, ?, default)
Hibernate: 
    insert 
    into
        configuracion_paralelo
        (activo, nombre, orden, id) 
    values
        (?, ?, ?, default)
Hibernate: 
    insert 
    into
        configuracion_paralelo
        (activo, nombre, orden, id) 
    values
        (?, ?, ?, default)
2025-12-21T23:49:47.408-04:00  INFO 21711 --- [unidad-educativa] [           main] r$InitializeUserDetailsManagerConfigurer : Global AuthenticationManager configured with UserDetailsService bean with name customUserDetailsService
2025-12-21T23:49:48.410-04:00 DEBUG 21711 --- [unidad-educativa] [           main] o.s.s.web.DefaultSecurityFilterChain     : Will secure any request with filters: DisableEncodeUrlFilter, WebAsyncManagerIntegrationFilter, SecurityContextHolderFilter, HeaderWriterFilter, CorsFilter, LogoutFilter, JwtAuthenticationFilter, RequestCacheAwareFilter, SecurityContextHolderAwareRequestFilter, AnonymousAuthenticationFilter, SessionManagementFilter, ExceptionTranslationFilter, AuthorizationFilter
2025-12-21T23:49:48.694-04:00  INFO 21711 --- [unidad-educativa] [           main] o.s.b.a.h2.H2ConsoleAutoConfiguration    : H2 console available at '/h2-console'. Database available at 'jdbc:h2:mem:testdb'
2025-12-21T23:49:48.805-04:00 DEBUG 21711 --- [unidad-educativa] [           main] c.u.a.security.JwtAuthenticationFilter   : Filter 'jwtAuthenticationFilter' configured for use
2025-12-21T23:49:48.806-04:00  INFO 21711 --- [unidad-educativa] [           main] o.s.b.t.m.w.SpringBootMockServletContext : Initializing Spring TestDispatcherServlet ''
2025-12-21T23:49:48.806-04:00  INFO 21711 --- [unidad-educativa] [           main] o.s.t.web.servlet.TestDispatcherServlet  : Initializing Servlet ''
2025-12-21T23:49:48.807-04:00  INFO 21711 --- [unidad-educativa] [           main] o.s.t.web.servlet.TestDispatcherServlet  : Completed initialization in 1 ms
2025-12-21T23:49:48.836-04:00  INFO 21711 --- [unidad-educativa] [           main] c.u.auth.AuthControllerTest              : Started AuthControllerTest in 8.895 seconds (process running for 10.144)
2025-12-21T23:49:48.840-04:00  INFO 21711 --- [unidad-educativa] [           main] c.u.config.DataInitializer               : Inicializando datos base...
2025-12-21T23:49:48.841-04:00  INFO 21711 --- [unidad-educativa] [           main] c.u.config.DataInitializer               : Inicializando datos base...
2025-12-21T23:49:48.841-04:00  INFO 21711 --- [unidad-educativa] [           main] c.u.config.DataInitializer               : Skipping raw SQL migrations in test profile.
Hibernate: 
    select
        r1_0.id_rol,
        r1_0.nombre 
    from
        rol r1_0 
    where
        r1_0.nombre=?
Hibernate: 
    insert 
    into
        rol
        (nombre, id_rol) 
    values
        (?, default)
2025-12-21T23:49:48.874-04:00  INFO 21711 --- [unidad-educativa] [           main] c.u.config.DataInitializer               : Rol creado: ADMIN
Hibernate: 
    select
        r1_0.id_rol,
        r1_0.nombre 
    from
        rol r1_0 
    where
        r1_0.nombre=?
Hibernate: 
    insert 
    into
        rol
        (nombre, id_rol) 
    values
        (?, default)
2025-12-21T23:49:48.877-04:00  INFO 21711 --- [unidad-educativa] [           main] c.u.config.DataInitializer               : Rol creado: DIRECTOR
Hibernate: 
    select
        r1_0.id_rol,
        r1_0.nombre 
    from
        rol r1_0 
    where
        r1_0.nombre=?
Hibernate: 
    insert 
    into
        rol
        (nombre, id_rol) 
    values
        (?, default)
2025-12-21T23:49:48.879-04:00  INFO 21711 --- [unidad-educativa] [           main] c.u.config.DataInitializer               : Rol creado: SECRETARIA
Hibernate: 
    select
        r1_0.id_rol,
        r1_0.nombre 
    from
        rol r1_0 
    where
        r1_0.nombre=?
Hibernate: 
    insert 
    into
        rol
        (nombre, id_rol) 
    values
        (?, default)
2025-12-21T23:49:48.881-04:00  INFO 21711 --- [unidad-educativa] [           main] c.u.config.DataInitializer               : Rol creado: PROFESOR
Hibernate: 
    select
        r1_0.id_rol,
        r1_0.nombre 
    from
        rol r1_0 
    where
        r1_0.nombre=?
Hibernate: 
    insert 
    into
        rol
        (nombre, id_rol) 
    values
        (?, default)
2025-12-21T23:49:48.883-04:00  INFO 21711 --- [unidad-educativa] [           main] c.u.config.DataInitializer               : Rol creado: ESTUDIANTE
Hibernate: 
    select
        ue1_0.id_unidad_educativa,
        ue1_0.direccion,
        ue1_0.estado,
        ue1_0.logo_url,
        ue1_0.nombre,
        ue1_0.sie 
    from
        unidad_educativa ue1_0 
    where
        ue1_0.sie=?
Hibernate: 
    insert 
    into
        unidad_educativa
        (direccion, estado, logo_url, nombre, sie, id_unidad_educativa) 
    values
        (?, ?, ?, ?, ?, default)
2025-12-21T23:49:48.887-04:00  INFO 21711 --- [unidad-educativa] [           main] c.u.i.s.SchoolInitializationService      : Iniciando configuración automática para Unidad Educativa: Unidad Educativa San Andrés
Hibernate: 
    select
        ga1_0.id_gestion,
        ga1_0.anio,
        ga1_0.estado,
        ga1_0.id_unidad_educativa 
    from
        gestion_academica ga1_0 
    left join
        unidad_educativa ue1_0 
            on ue1_0.id_unidad_educativa=ga1_0.id_unidad_educativa 
    where
        ga1_0.anio=? 
        and ue1_0.id_unidad_educativa=?
Hibernate: 
    insert 
    into
        gestion_academica
        (anio, estado, id_unidad_educativa, id_gestion) 
    values
        (?, ?, ?, default)
Hibernate: 
    select
        g1_0.id_grado,
        g1_0.nivel,
        g1_0.nombre 
    from
        grado g1_0 
    where
        g1_0.nombre=? 
        and g1_0.nivel=?
Hibernate: 
    insert 
    into
        grado
        (nivel, nombre, id_grado) 
    values
        (?, ?, default)
Hibernate: 
    select
        m1_0.id_materia,
        m1_0.nombre,
        m1_0.id_unidad_educativa 
    from
        materia m1_0 
    left join
        unidad_educativa ue1_0 
            on ue1_0.id_unidad_educativa=m1_0.id_unidad_educativa 
    where
        ue1_0.id_unidad_educativa=?
Hibernate: 
    insert 
    into
        materia
        (nombre, id_unidad_educativa, id_materia) 
    values
        (?, ?, default)
Hibernate: 
    select
        gm1_0.id_grado_materia 
    from
        grado_materia gm1_0 
    where
        gm1_0.id_grado=? 
        and gm1_0.id_materia=? 
        and gm1_0.id_gestion=? 
    fetch
        first ? rows only
Hibernate: 
    insert 
    into
        grado_materia
        (id_gestion, id_grado, id_materia, id_grado_materia) 
    values
        (?, ?, ?, default)
Hibernate: 
    select
        m1_0.id_materia,
        m1_0.nombre,
        m1_0.id_unidad_educativa 
    from
        materia m1_0 
    left join
        unidad_educativa ue1_0 
            on ue1_0.id_unidad_educativa=m1_0.id_unidad_educativa 
    where
        ue1_0.id_unidad_educativa=?
Hibernate: 
    insert 
    into
        materia
        (nombre, id_unidad_educativa, id_materia) 
    values
        (?, ?, default)
Hibernate: 
    select
        gm1_0.id_grado_materia 
    from
        grado_materia gm1_0 
    where
        gm1_0.id_grado=? 
        and gm1_0.id_materia=? 
        and gm1_0.id_gestion=? 
    fetch
        first ? rows only
Hibernate: 
    insert 
    into
        grado_materia
        (id_gestion, id_grado, id_materia, id_grado_materia) 
    values
        (?, ?, ?, default)
Hibernate: 
    select
        m1_0.id_materia,
        m1_0.nombre,
        m1_0.id_unidad_educativa 
    from
        materia m1_0 
    left join
        unidad_educativa ue1_0 
            on ue1_0.id_unidad_educativa=m1_0.id_unidad_educativa 
    where
        ue1_0.id_unidad_educativa=?
Hibernate: 
    insert 
    into
        materia
        (nombre, id_unidad_educativa, id_materia) 
    values
        (?, ?, default)
Hibernate: 
    select
        gm1_0.id_grado_materia 
    from
        grado_materia gm1_0 
    where
        gm1_0.id_grado=? 
        and gm1_0.id_materia=? 
        and gm1_0.id_gestion=? 
    fetch
        first ? rows only
Hibernate: 
    insert 
    into
        grado_materia
        (id_gestion, id_grado, id_materia, id_grado_materia) 
    values
        (?, ?, ?, default)
Hibernate: 
    select
        m1_0.id_materia,
        m1_0.nombre,
        m1_0.id_unidad_educativa 
    from
        materia m1_0 
    left join
        unidad_educativa ue1_0 
            on ue1_0.id_unidad_educativa=m1_0.id_unidad_educativa 
    where
        ue1_0.id_unidad_educativa=?
Hibernate: 
    insert 
    into
        materia
        (nombre, id_unidad_educativa, id_materia) 
    values
        (?, ?, default)
Hibernate: 
    select
        gm1_0.id_grado_materia 
    from
        grado_materia gm1_0 
    where
        gm1_0.id_grado=? 
        and gm1_0.id_materia=? 
        and gm1_0.id_gestion=? 
    fetch
        first ? rows only
Hibernate: 
    insert 
    into
        grado_materia
        (id_gestion, id_grado, id_materia, id_grado_materia) 
    values
        (?, ?, ?, default)
Hibernate: 
    select
        m1_0.id_materia,
        m1_0.nombre,
        m1_0.id_unidad_educativa 
    from
        materia m1_0 
    left join
        unidad_educativa ue1_0 
            on ue1_0.id_unidad_educativa=m1_0.id_unidad_educativa 
    where
        ue1_0.id_unidad_educativa=?
Hibernate: 
    insert 
    into
        materia
        (nombre, id_unidad_educativa, id_materia) 
    values
        (?, ?, default)
Hibernate: 
    select
        gm1_0.id_grado_materia 
    from
        grado_materia gm1_0 
    where
        gm1_0.id_grado=? 
        and gm1_0.id_materia=? 
        and gm1_0.id_gestion=? 
    fetch
        first ? rows only
Hibernate: 
    insert 
    into
        grado_materia
        (id_gestion, id_grado, id_materia, id_grado_materia) 
    values
        (?, ?, ?, default)
Hibernate: 
    select
        m1_0.id_materia,
        m1_0.nombre,
        m1_0.id_unidad_educativa 
    from
        materia m1_0 
    left join
        unidad_educativa ue1_0 
            on ue1_0.id_unidad_educativa=m1_0.id_unidad_educativa 
    where
        ue1_0.id_unidad_educativa=?
Hibernate: 
    insert 
    into
        materia
        (nombre, id_unidad_educativa, id_materia) 
    values
        (?, ?, default)
Hibernate: 
    select
        gm1_0.id_grado_materia 
    from
        grado_materia gm1_0 
    where
        gm1_0.id_grado=? 
        and gm1_0.id_materia=? 
        and gm1_0.id_gestion=? 
    fetch
        first ? rows only
Hibernate: 
    insert 
    into
        grado_materia
        (id_gestion, id_grado, id_materia, id_grado_materia) 
    values
        (?, ?, ?, default)
Hibernate: 
    select
        m1_0.id_materia,
        m1_0.nombre,
        m1_0.id_unidad_educativa 
    from
        materia m1_0 
    left join
        unidad_educativa ue1_0 
            on ue1_0.id_unidad_educativa=m1_0.id_unidad_educativa 
    where
        ue1_0.id_unidad_educativa=?
Hibernate: 
    insert 
    into
        materia
        (nombre, id_unidad_educativa, id_materia) 
    values
        (?, ?, default)
Hibernate: 
    select
        gm1_0.id_grado_materia 
    from
        grado_materia gm1_0 
    where
        gm1_0.id_grado=? 
        and gm1_0.id_materia=? 
        and gm1_0.id_gestion=? 
    fetch
        first ? rows only
Hibernate: 
    insert 
    into
        grado_materia
        (id_gestion, id_grado, id_materia, id_grado_materia) 
    values
        (?, ?, ?, default)
Hibernate: 
    select
        m1_0.id_materia,
        m1_0.nombre,
        m1_0.id_unidad_educativa 
    from
        materia m1_0 
    left join
        unidad_educativa ue1_0 
            on ue1_0.id_unidad_educativa=m1_0.id_unidad_educativa 
    where
        ue1_0.id_unidad_educativa=?
Hibernate: 
    insert 
    into
        materia
        (nombre, id_unidad_educativa, id_materia) 
    values
        (?, ?, default)
Hibernate: 
    select
        gm1_0.id_grado_materia 
    from
        grado_materia gm1_0 
    where
        gm1_0.id_grado=? 
        and gm1_0.id_materia=? 
        and gm1_0.id_gestion=? 
    fetch
        first ? rows only
Hibernate: 
    insert 
    into
        grado_materia
        (id_gestion, id_grado, id_materia, id_grado_materia) 
    values
        (?, ?, ?, default)
Hibernate: 
    select
        m1_0.id_materia,
        m1_0.nombre,
        m1_0.id_unidad_educativa 
    from
        materia m1_0 
    left join
        unidad_educativa ue1_0 
            on ue1_0.id_unidad_educativa=m1_0.id_unidad_educativa 
    where
        ue1_0.id_unidad_educativa=?
Hibernate: 
    insert 
    into
        materia
        (nombre, id_unidad_educativa, id_materia) 
    values
        (?, ?, default)
Hibernate: 
    select
        gm1_0.id_grado_materia 
    from
        grado_materia gm1_0 
    where
        gm1_0.id_grado=? 
        and gm1_0.id_materia=? 
        and gm1_0.id_gestion=? 
    fetch
        first ? rows only
Hibernate: 
    insert 
    into
        grado_materia
        (id_gestion, id_grado, id_materia, id_grado_materia) 
    values
        (?, ?, ?, default)
Hibernate: 
    select
        g1_0.id_grado,
        g1_0.nivel,
        g1_0.nombre 
    from
        grado g1_0 
    where
        g1_0.nombre=? 
        and g1_0.nivel=?
Hibernate: 
    insert 
    into
        grado
        (nivel, nombre, id_grado) 
    values
        (?, ?, default)
Hibernate: 
    select
        m1_0.id_materia,
        m1_0.nombre,
        m1_0.id_unidad_educativa 
    from
        materia m1_0 
    left join
        unidad_educativa ue1_0 
            on ue1_0.id_unidad_educativa=m1_0.id_unidad_educativa 
    where
        ue1_0.id_unidad_educativa=?
Hibernate: 
    insert 
    into
        materia
        (nombre, id_unidad_educativa, id_materia) 
    values
        (?, ?, default)
Hibernate: 
    select
        gm1_0.id_grado_materia 
    from
        grado_materia gm1_0 
    where
        gm1_0.id_grado=? 
        and gm1_0.id_materia=? 
        and gm1_0.id_gestion=? 
    fetch
        first ? rows only
Hibernate: 
    insert 
    into
        grado_materia
        (id_gestion, id_grado, id_materia, id_grado_materia) 
    values
        (?, ?, ?, default)
Hibernate: 
    select
        m1_0.id_materia,
        m1_0.nombre,
        m1_0.id_unidad_educativa 
    from
        materia m1_0 
    left join
        unidad_educativa ue1_0 
            on ue1_0.id_unidad_educativa=m1_0.id_unidad_educativa 
    where
        ue1_0.id_unidad_educativa=?
Hibernate: 
    insert 
    into
        materia
        (nombre, id_unidad_educativa, id_materia) 
    values
        (?, ?, default)
Hibernate: 
    select
        gm1_0.id_grado_materia 
    from
        grado_materia gm1_0 
    where
        gm1_0.id_grado=? 
        and gm1_0.id_materia=? 
        and gm1_0.id_gestion=? 
    fetch
        first ? rows only
Hibernate: 
    insert 
    into
        grado_materia
        (id_gestion, id_grado, id_materia, id_grado_materia) 
    values
        (?, ?, ?, default)
Hibernate: 
    select
        m1_0.id_materia,
        m1_0.nombre,
        m1_0.id_unidad_educativa 
    from
        materia m1_0 
    left join
        unidad_educativa ue1_0 
            on ue1_0.id_unidad_educativa=m1_0.id_unidad_educativa 
    where
        ue1_0.id_unidad_educativa=?
Hibernate: 
    insert 
    into
        materia
        (nombre, id_unidad_educativa, id_materia) 
    values
        (?, ?, default)
Hibernate: 
    select
        gm1_0.id_grado_materia 
    from
        grado_materia gm1_0 
    where
        gm1_0.id_grado=? 
        and gm1_0.id_materia=? 
        and gm1_0.id_gestion=? 
    fetch
        first ? rows only
Hibernate: 
    insert 
    into
        grado_materia
        (id_gestion, id_grado, id_materia, id_grado_materia) 
    values
        (?, ?, ?, default)
Hibernate: 
    select
        m1_0.id_materia,
        m1_0.nombre,
        m1_0.id_unidad_educativa 
    from
        materia m1_0 
    left join
        unidad_educativa ue1_0 
            on ue1_0.id_unidad_educativa=m1_0.id_unidad_educativa 
    where
        ue1_0.id_unidad_educativa=?
Hibernate: 
    select
        gm1_0.id_grado_materia 
    from
        grado_materia gm1_0 
    where
        gm1_0.id_grado=? 
        and gm1_0.id_materia=? 
        and gm1_0.id_gestion=? 
    fetch
        first ? rows only
Hibernate: 
    insert 
    into
        grado_materia
        (id_gestion, id_grado, id_materia, id_grado_materia) 
    values
        (?, ?, ?, default)
Hibernate: 
    select
        m1_0.id_materia,
        m1_0.nombre,
        m1_0.id_unidad_educativa 
    from
        materia m1_0 
    left join
        unidad_educativa ue1_0 
            on ue1_0.id_unidad_educativa=m1_0.id_unidad_educativa 
    where
        ue1_0.id_unidad_educativa=?
Hibernate: 
    select
        gm1_0.id_grado_materia 
    from
        grado_materia gm1_0 
    where
        gm1_0.id_grado=? 
        and gm1_0.id_materia=? 
        and gm1_0.id_gestion=? 
    fetch
        first ? rows only
Hibernate: 
    insert 
    into
        grado_materia
        (id_gestion, id_grado, id_materia, id_grado_materia) 
    values
        (?, ?, ?, default)
Hibernate: 
    select
        m1_0.id_materia,
        m1_0.nombre,
        m1_0.id_unidad_educativa 
    from
        materia m1_0 
    left join
        unidad_educativa ue1_0 
            on ue1_0.id_unidad_educativa=m1_0.id_unidad_educativa 
    where
        ue1_0.id_unidad_educativa=?
Hibernate: 
    select
        gm1_0.id_grado_materia 
    from
        grado_materia gm1_0 
    where
        gm1_0.id_grado=? 
        and gm1_0.id_materia=? 
        and gm1_0.id_gestion=? 
    fetch
        first ? rows only
Hibernate: 
    insert 
    into
        grado_materia
        (id_gestion, id_grado, id_materia, id_grado_materia) 
    values
        (?, ?, ?, default)
Hibernate: 
    select
        m1_0.id_materia,
        m1_0.nombre,
        m1_0.id_unidad_educativa 
    from
        materia m1_0 
    left join
        unidad_educativa ue1_0 
            on ue1_0.id_unidad_educativa=m1_0.id_unidad_educativa 
    where
        ue1_0.id_unidad_educativa=?
Hibernate: 
    select
        gm1_0.id_grado_materia 
    from
        grado_materia gm1_0 
    where
        gm1_0.id_grado=? 
        and gm1_0.id_materia=? 
        and gm1_0.id_gestion=? 
    fetch
        first ? rows only
Hibernate: 
    insert 
    into
        grado_materia
        (id_gestion, id_grado, id_materia, id_grado_materia) 
    values
        (?, ?, ?, default)
Hibernate: 
    select
        m1_0.id_materia,
        m1_0.nombre,
        m1_0.id_unidad_educativa 
    from
        materia m1_0 
    left join
        unidad_educativa ue1_0 
            on ue1_0.id_unidad_educativa=m1_0.id_unidad_educativa 
    where
        ue1_0.id_unidad_educativa=?
Hibernate: 
    insert 
    into
        materia
        (nombre, id_unidad_educativa, id_materia) 
    values
        (?, ?, default)
Hibernate: 
    select
        gm1_0.id_grado_materia 
    from
        grado_materia gm1_0 
    where
        gm1_0.id_grado=? 
        and gm1_0.id_materia=? 
        and gm1_0.id_gestion=? 
    fetch
        first ? rows only
Hibernate: 
    insert 
    into
        grado_materia
        (id_gestion, id_grado, id_materia, id_grado_materia) 
    values
        (?, ?, ?, default)
Hibernate: 
    select
        m1_0.id_materia,
        m1_0.nombre,
        m1_0.id_unidad_educativa 
    from
        materia m1_0 
    left join
        unidad_educativa ue1_0 
            on ue1_0.id_unidad_educativa=m1_0.id_unidad_educativa 
    where
        ue1_0.id_unidad_educativa=?
Hibernate: 
    insert 
    into
        materia
        (nombre, id_unidad_educativa, id_materia) 
    values
        (?, ?, default)
Hibernate: 
    select
        gm1_0.id_grado_materia 
    from
        grado_materia gm1_0 
    where
        gm1_0.id_grado=? 
        and gm1_0.id_materia=? 
        and gm1_0.id_gestion=? 
    fetch
        first ? rows only
Hibernate: 
    insert 
    into
        grado_materia
        (id_gestion, id_grado, id_materia, id_grado_materia) 
    values
        (?, ?, ?, default)
Hibernate: 
    select
        m1_0.id_materia,
        m1_0.nombre,
        m1_0.id_unidad_educativa 
    from
        materia m1_0 
    left join
        unidad_educativa ue1_0 
            on ue1_0.id_unidad_educativa=m1_0.id_unidad_educativa 
    where
        ue1_0.id_unidad_educativa=?
Hibernate: 
    select
        gm1_0.id_grado_materia 
    from
        grado_materia gm1_0 
    where
        gm1_0.id_grado=? 
        and gm1_0.id_materia=? 
        and gm1_0.id_gestion=? 
    fetch
        first ? rows only
Hibernate: 
    insert 
    into
        grado_materia
        (id_gestion, id_grado, id_materia, id_grado_materia) 
    values
        (?, ?, ?, default)
Hibernate: 
    select
        m1_0.id_materia,
        m1_0.nombre,
        m1_0.id_unidad_educativa 
    from
        materia m1_0 
    left join
        unidad_educativa ue1_0 
            on ue1_0.id_unidad_educativa=m1_0.id_unidad_educativa 
    where
        ue1_0.id_unidad_educativa=?
Hibernate: 
    insert 
    into
        materia
        (nombre, id_unidad_educativa, id_materia) 
    values
        (?, ?, default)
Hibernate: 
    select
        gm1_0.id_grado_materia 
    from
        grado_materia gm1_0 
    where
        gm1_0.id_grado=? 
        and gm1_0.id_materia=? 
        and gm1_0.id_gestion=? 
    fetch
        first ? rows only
Hibernate: 
    insert 
    into
        grado_materia
        (id_gestion, id_grado, id_materia, id_grado_materia) 
    values
        (?, ?, ?, default)
Hibernate: 
    select
        g1_0.id_grado,
        g1_0.nivel,
        g1_0.nombre 
    from
        grado g1_0 
    where
        g1_0.nombre=? 
        and g1_0.nivel=?
Hibernate: 
    insert 
    into
        grado
        (nivel, nombre, id_grado) 
    values
        (?, ?, default)
Hibernate: 
    select
        m1_0.id_materia,
        m1_0.nombre,
        m1_0.id_unidad_educativa 
    from
        materia m1_0 
    left join
        unidad_educativa ue1_0 
            on ue1_0.id_unidad_educativa=m1_0.id_unidad_educativa 
    where
        ue1_0.id_unidad_educativa=?
Hibernate: 
    select
        gm1_0.id_grado_materia 
    from
        grado_materia gm1_0 
    where
        gm1_0.id_grado=? 
        and gm1_0.id_materia=? 
        and gm1_0.id_gestion=? 
    fetch
        first ? rows only
Hibernate: 
    insert 
    into
        grado_materia
        (id_gestion, id_grado, id_materia, id_grado_materia) 
    values
        (?, ?, ?, default)
Hibernate: 
    select
        m1_0.id_materia,
        m1_0.nombre,
        m1_0.id_unidad_educativa 
    from
        materia m1_0 
    left join
        unidad_educativa ue1_0 
            on ue1_0.id_unidad_educativa=m1_0.id_unidad_educativa 
    where
        ue1_0.id_unidad_educativa=?
Hibernate: 
    select
        gm1_0.id_grado_materia 
    from
        grado_materia gm1_0 
    where
        gm1_0.id_grado=? 
        and gm1_0.id_materia=? 
        and gm1_0.id_gestion=? 
    fetch
        first ? rows only
Hibernate: 
    insert 
    into
        grado_materia
        (id_gestion, id_grado, id_materia, id_grado_materia) 
    values
        (?, ?, ?, default)
Hibernate: 
    select
        m1_0.id_materia,
        m1_0.nombre,
        m1_0.id_unidad_educativa 
    from
        materia m1_0 
    left join
        unidad_educativa ue1_0 
            on ue1_0.id_unidad_educativa=m1_0.id_unidad_educativa 
    where
        ue1_0.id_unidad_educativa=?
Hibernate: 
    select
        gm1_0.id_grado_materia 
    from
        grado_materia gm1_0 
    where
        gm1_0.id_grado=? 
        and gm1_0.id_materia=? 
        and gm1_0.id_gestion=? 
    fetch
        first ? rows only
Hibernate: 
    insert 
    into
        grado_materia
        (id_gestion, id_grado, id_materia, id_grado_materia) 
    values
        (?, ?, ?, default)
Hibernate: 
    select
        m1_0.id_materia,
        m1_0.nombre,
        m1_0.id_unidad_educativa 
    from
        materia m1_0 
    left join
        unidad_educativa ue1_0 
            on ue1_0.id_unidad_educativa=m1_0.id_unidad_educativa 
    where
        ue1_0.id_unidad_educativa=?
Hibernate: 
    select
        gm1_0.id_grado_materia 
    from
        grado_materia gm1_0 
    where
        gm1_0.id_grado=? 
        and gm1_0.id_materia=? 
        and gm1_0.id_gestion=? 
    fetch
        first ? rows only
Hibernate: 
    insert 
    into
        grado_materia
        (id_gestion, id_grado, id_materia, id_grado_materia) 
    values
        (?, ?, ?, default)
Hibernate: 
    select
        m1_0.id_materia,
        m1_0.nombre,
        m1_0.id_unidad_educativa 
    from
        materia m1_0 
    left join
        unidad_educativa ue1_0 
            on ue1_0.id_unidad_educativa=m1_0.id_unidad_educativa 
    where
        ue1_0.id_unidad_educativa=?
Hibernate: 
    select
        gm1_0.id_grado_materia 
    from
        grado_materia gm1_0 
    where
        gm1_0.id_grado=? 
        and gm1_0.id_materia=? 
        and gm1_0.id_gestion=? 
    fetch
        first ? rows only
Hibernate: 
    insert 
    into
        grado_materia
        (id_gestion, id_grado, id_materia, id_grado_materia) 
    values
        (?, ?, ?, default)
Hibernate: 
    select
        m1_0.id_materia,
        m1_0.nombre,
        m1_0.id_unidad_educativa 
    from
        materia m1_0 
    left join
        unidad_educativa ue1_0 
            on ue1_0.id_unidad_educativa=m1_0.id_unidad_educativa 
    where
        ue1_0.id_unidad_educativa=?
Hibernate: 
    select
        gm1_0.id_grado_materia 
    from
        grado_materia gm1_0 
    where
        gm1_0.id_grado=? 
        and gm1_0.id_materia=? 
        and gm1_0.id_gestion=? 
    fetch
        first ? rows only
Hibernate: 
    insert 
    into
        grado_materia
        (id_gestion, id_grado, id_materia, id_grado_materia) 
    values
        (?, ?, ?, default)
Hibernate: 
    select
        m1_0.id_materia,
        m1_0.nombre,
        m1_0.id_unidad_educativa 
    from
        materia m1_0 
    left join
        unidad_educativa ue1_0 
            on ue1_0.id_unidad_educativa=m1_0.id_unidad_educativa 
    where
        ue1_0.id_unidad_educativa=?
Hibernate: 
    select
        gm1_0.id_grado_materia 
    from
        grado_materia gm1_0 
    where
        gm1_0.id_grado=? 
        and gm1_0.id_materia=? 
        and gm1_0.id_gestion=? 
    fetch
        first ? rows only
Hibernate: 
    insert 
    into
        grado_materia
        (id_gestion, id_grado, id_materia, id_grado_materia) 
    values
        (?, ?, ?, default)
Hibernate: 
    select
        m1_0.id_materia,
        m1_0.nombre,
        m1_0.id_unidad_educativa 
    from
        materia m1_0 
    left join
        unidad_educativa ue1_0 
            on ue1_0.id_unidad_educativa=m1_0.id_unidad_educativa 
    where
        ue1_0.id_unidad_educativa=?
Hibernate: 
    select
        gm1_0.id_grado_materia 
    from
        grado_materia gm1_0 
    where
        gm1_0.id_grado=? 
        and gm1_0.id_materia=? 
        and gm1_0.id_gestion=? 
    fetch
        first ? rows only
Hibernate: 
    insert 
    into
        grado_materia
        (id_gestion, id_grado, id_materia, id_grado_materia) 
    values
        (?, ?, ?, default)
Hibernate: 
    select
        m1_0.id_materia,
        m1_0.nombre,
        m1_0.id_unidad_educativa 
    from
        materia m1_0 
    left join
        unidad_educativa ue1_0 
            on ue1_0.id_unidad_educativa=m1_0.id_unidad_educativa 
    where
        ue1_0.id_unidad_educativa=?
Hibernate: 
    select
        gm1_0.id_grado_materia 
    from
        grado_materia gm1_0 
    where
        gm1_0.id_grado=? 
        and gm1_0.id_materia=? 
        and gm1_0.id_gestion=? 
    fetch
        first ? rows only
Hibernate: 
    insert 
    into
        grado_materia
        (id_gestion, id_grado, id_materia, id_grado_materia) 
    values
        (?, ?, ?, default)
Hibernate: 
    select
        g1_0.id_grado,
        g1_0.nivel,
        g1_0.nombre 
    from
        grado g1_0 
    where
        g1_0.nombre=? 
        and g1_0.nivel=?
Hibernate: 
    insert 
    into
        grado
        (nivel, nombre, id_grado) 
    values
        (?, ?, default)
Hibernate: 
    select
        m1_0.id_materia,
        m1_0.nombre,
        m1_0.id_unidad_educativa 
    from
        materia m1_0 
    left join
        unidad_educativa ue1_0 
            on ue1_0.id_unidad_educativa=m1_0.id_unidad_educativa 
    where
        ue1_0.id_unidad_educativa=?
Hibernate: 
    select
        gm1_0.id_grado_materia 
    from
        grado_materia gm1_0 
    where
        gm1_0.id_grado=? 
        and gm1_0.id_materia=? 
        and gm1_0.id_gestion=? 
    fetch
        first ? rows only
Hibernate: 
    insert 
    into
        grado_materia
        (id_gestion, id_grado, id_materia, id_grado_materia) 
    values
        (?, ?, ?, default)
Hibernate: 
    select
        m1_0.id_materia,
        m1_0.nombre,
        m1_0.id_unidad_educativa 
    from
        materia m1_0 
    left join
        unidad_educativa ue1_0 
            on ue1_0.id_unidad_educativa=m1_0.id_unidad_educativa 
    where
        ue1_0.id_unidad_educativa=?
Hibernate: 
    select
        gm1_0.id_grado_materia 
    from
        grado_materia gm1_0 
    where
        gm1_0.id_grado=? 
        and gm1_0.id_materia=? 
        and gm1_0.id_gestion=? 
    fetch
        first ? rows only
Hibernate: 
    insert 
    into
        grado_materia
        (id_gestion, id_grado, id_materia, id_grado_materia) 
    values
        (?, ?, ?, default)
Hibernate: 
    select
        m1_0.id_materia,
        m1_0.nombre,
        m1_0.id_unidad_educativa 
    from
        materia m1_0 
    left join
        unidad_educativa ue1_0 
            on ue1_0.id_unidad_educativa=m1_0.id_unidad_educativa 
    where
        ue1_0.id_unidad_educativa=?
Hibernate: 
    select
        gm1_0.id_grado_materia 
    from
        grado_materia gm1_0 
    where
        gm1_0.id_grado=? 
        and gm1_0.id_materia=? 
        and gm1_0.id_gestion=? 
    fetch
        first ? rows only
Hibernate: 
    insert 
    into
        grado_materia
        (id_gestion, id_grado, id_materia, id_grado_materia) 
    values
        (?, ?, ?, default)
Hibernate: 
    select
        m1_0.id_materia,
        m1_0.nombre,
        m1_0.id_unidad_educativa 
    from
        materia m1_0 
    left join
        unidad_educativa ue1_0 
            on ue1_0.id_unidad_educativa=m1_0.id_unidad_educativa 
    where
        ue1_0.id_unidad_educativa=?
Hibernate: 
    select
        gm1_0.id_grado_materia 
    from
        grado_materia gm1_0 
    where
        gm1_0.id_grado=? 
        and gm1_0.id_materia=? 
        and gm1_0.id_gestion=? 
    fetch
        first ? rows only
Hibernate: 
    insert 
    into
        grado_materia
        (id_gestion, id_grado, id_materia, id_grado_materia) 
    values
        (?, ?, ?, default)
Hibernate: 
    select
        m1_0.id_materia,
        m1_0.nombre,
        m1_0.id_unidad_educativa 
    from
        materia m1_0 
    left join
        unidad_educativa ue1_0 
            on ue1_0.id_unidad_educativa=m1_0.id_unidad_educativa 
    where
        ue1_0.id_unidad_educativa=?
Hibernate: 
    select
        gm1_0.id_grado_materia 
    from
        grado_materia gm1_0 
    where
        gm1_0.id_grado=? 
        and gm1_0.id_materia=? 
        and gm1_0.id_gestion=? 
    fetch
        first ? rows only
Hibernate: 
    insert 
    into
        grado_materia
        (id_gestion, id_grado, id_materia, id_grado_materia) 
    values
        (?, ?, ?, default)
Hibernate: 
    select
        m1_0.id_materia,
        m1_0.nombre,
        m1_0.id_unidad_educativa 
    from
        materia m1_0 
    left join
        unidad_educativa ue1_0 
            on ue1_0.id_unidad_educativa=m1_0.id_unidad_educativa 
    where
        ue1_0.id_unidad_educativa=?
Hibernate: 
    select
        gm1_0.id_grado_materia 
    from
        grado_materia gm1_0 
    where
        gm1_0.id_grado=? 
        and gm1_0.id_materia=? 
        and gm1_0.id_gestion=? 
    fetch
        first ? rows only
Hibernate: 
    insert 
    into
        grado_materia
        (id_gestion, id_grado, id_materia, id_grado_materia) 
    values
        (?, ?, ?, default)
Hibernate: 
    select
        m1_0.id_materia,
        m1_0.nombre,
        m1_0.id_unidad_educativa 
    from
        materia m1_0 
    left join
        unidad_educativa ue1_0 
            on ue1_0.id_unidad_educativa=m1_0.id_unidad_educativa 
    where
        ue1_0.id_unidad_educativa=?
Hibernate: 
    select
        gm1_0.id_grado_materia 
    from
        grado_materia gm1_0 
    where
        gm1_0.id_grado=? 
        and gm1_0.id_materia=? 
        and gm1_0.id_gestion=? 
    fetch
        first ? rows only
Hibernate: 
    insert 
    into
        grado_materia
        (id_gestion, id_grado, id_materia, id_grado_materia) 
    values
        (?, ?, ?, default)
Hibernate: 
    select
        m1_0.id_materia,
        m1_0.nombre,
        m1_0.id_unidad_educativa 
    from
        materia m1_0 
    left join
        unidad_educativa ue1_0 
            on ue1_0.id_unidad_educativa=m1_0.id_unidad_educativa 
    where
        ue1_0.id_unidad_educativa=?
Hibernate: 
    select
        gm1_0.id_grado_materia 
    from
        grado_materia gm1_0 
    where
        gm1_0.id_grado=? 
        and gm1_0.id_materia=? 
        and gm1_0.id_gestion=? 
    fetch
        first ? rows only
Hibernate: 
    insert 
    into
        grado_materia
        (id_gestion, id_grado, id_materia, id_grado_materia) 
    values
        (?, ?, ?, default)
Hibernate: 
    select
        m1_0.id_materia,
        m1_0.nombre,
        m1_0.id_unidad_educativa 
    from
        materia m1_0 
    left join
        unidad_educativa ue1_0 
            on ue1_0.id_unidad_educativa=m1_0.id_unidad_educativa 
    where
        ue1_0.id_unidad_educativa=?
Hibernate: 
    select
        gm1_0.id_grado_materia 
    from
        grado_materia gm1_0 
    where
        gm1_0.id_grado=? 
        and gm1_0.id_materia=? 
        and gm1_0.id_gestion=? 
    fetch
        first ? rows only
Hibernate: 
    insert 
    into
        grado_materia
        (id_gestion, id_grado, id_materia, id_grado_materia) 
    values
        (?, ?, ?, default)
Hibernate: 
    select
        m1_0.id_materia,
        m1_0.nombre,
        m1_0.id_unidad_educativa 
    from
        materia m1_0 
    left join
        unidad_educativa ue1_0 
            on ue1_0.id_unidad_educativa=m1_0.id_unidad_educativa 
    where
        ue1_0.id_unidad_educativa=?
Hibernate: 
    select
        gm1_0.id_grado_materia 
    from
        grado_materia gm1_0 
    where
        gm1_0.id_grado=? 
        and gm1_0.id_materia=? 
        and gm1_0.id_gestion=? 
    fetch
        first ? rows only
Hibernate: 
    insert 
    into
        grado_materia
        (id_gestion, id_grado, id_materia, id_grado_materia) 
    values
        (?, ?, ?, default)
Hibernate: 
    select
        m1_0.id_materia,
        m1_0.nombre,
        m1_0.id_unidad_educativa 
    from
        materia m1_0 
    left join
        unidad_educativa ue1_0 
            on ue1_0.id_unidad_educativa=m1_0.id_unidad_educativa 
    where
        ue1_0.id_unidad_educativa=?
Hibernate: 
    select
        gm1_0.id_grado_materia 
    from
        grado_materia gm1_0 
    where
        gm1_0.id_grado=? 
        and gm1_0.id_materia=? 
        and gm1_0.id_gestion=? 
    fetch
        first ? rows only
Hibernate: 
    insert 
    into
        grado_materia
        (id_gestion, id_grado, id_materia, id_grado_materia) 
    values
        (?, ?, ?, default)
Hibernate: 
    select
        g1_0.id_grado,
        g1_0.nivel,
        g1_0.nombre 
    from
        grado g1_0 
    where
        g1_0.nombre=? 
        and g1_0.nivel=?
Hibernate: 
    insert 
    into
        grado
        (nivel, nombre, id_grado) 
    values
        (?, ?, default)
Hibernate: 
    select
        m1_0.id_materia,
        m1_0.nombre,
        m1_0.id_unidad_educativa 
    from
        materia m1_0 
    left join
        unidad_educativa ue1_0 
            on ue1_0.id_unidad_educativa=m1_0.id_unidad_educativa 
    where
        ue1_0.id_unidad_educativa=?
Hibernate: 
    select
        gm1_0.id_grado_materia 
    from
        grado_materia gm1_0 
    where
        gm1_0.id_grado=? 
        and gm1_0.id_materia=? 
        and gm1_0.id_gestion=? 
    fetch
        first ? rows only
Hibernate: 
    insert 
    into
        grado_materia
        (id_gestion, id_grado, id_materia, id_grado_materia) 
    values
        (?, ?, ?, default)
Hibernate: 
    select
        m1_0.id_materia,
        m1_0.nombre,
        m1_0.id_unidad_educativa 
    from
        materia m1_0 
    left join
        unidad_educativa ue1_0 
            on ue1_0.id_unidad_educativa=m1_0.id_unidad_educativa 
    where
        ue1_0.id_unidad_educativa=?
Hibernate: 
    select
        gm1_0.id_grado_materia 
    from
        grado_materia gm1_0 
    where
        gm1_0.id_grado=? 
        and gm1_0.id_materia=? 
        and gm1_0.id_gestion=? 
    fetch
        first ? rows only
Hibernate: 
    insert 
    into
        grado_materia
        (id_gestion, id_grado, id_materia, id_grado_materia) 
    values
        (?, ?, ?, default)
Hibernate: 
    select
        m1_0.id_materia,
        m1_0.nombre,
        m1_0.id_unidad_educativa 
    from
        materia m1_0 
    left join
        unidad_educativa ue1_0 
            on ue1_0.id_unidad_educativa=m1_0.id_unidad_educativa 
    where
        ue1_0.id_unidad_educativa=?
Hibernate: 
    select
        gm1_0.id_grado_materia 
    from
        grado_materia gm1_0 
    where
        gm1_0.id_grado=? 
        and gm1_0.id_materia=? 
        and gm1_0.id_gestion=? 
    fetch
        first ? rows only
Hibernate: 
    insert 
    into
        grado_materia
        (id_gestion, id_grado, id_materia, id_grado_materia) 
    values
        (?, ?, ?, default)
Hibernate: 
    select
        m1_0.id_materia,
        m1_0.nombre,
        m1_0.id_unidad_educativa 
    from
        materia m1_0 
    left join
        unidad_educativa ue1_0 
            on ue1_0.id_unidad_educativa=m1_0.id_unidad_educativa 
    where
        ue1_0.id_unidad_educativa=?
Hibernate: 
    select
        gm1_0.id_grado_materia 
    from
        grado_materia gm1_0 
    where
        gm1_0.id_grado=? 
        and gm1_0.id_materia=? 
        and gm1_0.id_gestion=? 
    fetch
        first ? rows only
Hibernate: 
    insert 
    into
        grado_materia
        (id_gestion, id_grado, id_materia, id_grado_materia) 
    values
        (?, ?, ?, default)
Hibernate: 
    select
        m1_0.id_materia,
        m1_0.nombre,
        m1_0.id_unidad_educativa 
    from
        materia m1_0 
    left join
        unidad_educativa ue1_0 
            on ue1_0.id_unidad_educativa=m1_0.id_unidad_educativa 
    where
        ue1_0.id_unidad_educativa=?
Hibernate: 
    select
        gm1_0.id_grado_materia 
    from
        grado_materia gm1_0 
    where
        gm1_0.id_grado=? 
        and gm1_0.id_materia=? 
        and gm1_0.id_gestion=? 
    fetch
        first ? rows only
Hibernate: 
    insert 
    into
        grado_materia
        (id_gestion, id_grado, id_materia, id_grado_materia) 
    values
        (?, ?, ?, default)
Hibernate: 
    select
        m1_0.id_materia,
        m1_0.nombre,
        m1_0.id_unidad_educativa 
    from
        materia m1_0 
    left join
        unidad_educativa ue1_0 
            on ue1_0.id_unidad_educativa=m1_0.id_unidad_educativa 
    where
        ue1_0.id_unidad_educativa=?
Hibernate: 
    select
        gm1_0.id_grado_materia 
    from
        grado_materia gm1_0 
    where
        gm1_0.id_grado=? 
        and gm1_0.id_materia=? 
        and gm1_0.id_gestion=? 
    fetch
        first ? rows only
Hibernate: 
    insert 
    into
        grado_materia
        (id_gestion, id_grado, id_materia, id_grado_materia) 
    values
        (?, ?, ?, default)
Hibernate: 
    select
        m1_0.id_materia,
        m1_0.nombre,
        m1_0.id_unidad_educativa 
    from
        materia m1_0 
    left join
        unidad_educativa ue1_0 
            on ue1_0.id_unidad_educativa=m1_0.id_unidad_educativa 
    where
        ue1_0.id_unidad_educativa=?
Hibernate: 
    select
        gm1_0.id_grado_materia 
    from
        grado_materia gm1_0 
    where
        gm1_0.id_grado=? 
        and gm1_0.id_materia=? 
        and gm1_0.id_gestion=? 
    fetch
        first ? rows only
Hibernate: 
    insert 
    into
        grado_materia
        (id_gestion, id_grado, id_materia, id_grado_materia) 
    values
        (?, ?, ?, default)
Hibernate: 
    select
        m1_0.id_materia,
        m1_0.nombre,
        m1_0.id_unidad_educativa 
    from
        materia m1_0 
    left join
        unidad_educativa ue1_0 
            on ue1_0.id_unidad_educativa=m1_0.id_unidad_educativa 
    where
        ue1_0.id_unidad_educativa=?
Hibernate: 
    select
        gm1_0.id_grado_materia 
    from
        grado_materia gm1_0 
    where
        gm1_0.id_grado=? 
        and gm1_0.id_materia=? 
        and gm1_0.id_gestion=? 
    fetch
        first ? rows only
Hibernate: 
    insert 
    into
        grado_materia
        (id_gestion, id_grado, id_materia, id_grado_materia) 
    values
        (?, ?, ?, default)
Hibernate: 
    select
        m1_0.id_materia,
        m1_0.nombre,
        m1_0.id_unidad_educativa 
    from
        materia m1_0 
    left join
        unidad_educativa ue1_0 
            on ue1_0.id_unidad_educativa=m1_0.id_unidad_educativa 
    where
        ue1_0.id_unidad_educativa=?
Hibernate: 
    select
        gm1_0.id_grado_materia 
    from
        grado_materia gm1_0 
    where
        gm1_0.id_grado=? 
        and gm1_0.id_materia=? 
        and gm1_0.id_gestion=? 
    fetch
        first ? rows only
Hibernate: 
    insert 
    into
        grado_materia
        (id_gestion, id_grado, id_materia, id_grado_materia) 
    values
        (?, ?, ?, default)
Hibernate: 
    select
        g1_0.id_grado,
        g1_0.nivel,
        g1_0.nombre 
    from
        grado g1_0 
    where
        g1_0.nombre=? 
        and g1_0.nivel=?
Hibernate: 
    insert 
    into
        grado
        (nivel, nombre, id_grado) 
    values
        (?, ?, default)
Hibernate: 
    select
        m1_0.id_materia,
        m1_0.nombre,
        m1_0.id_unidad_educativa 
    from
        materia m1_0 
    left join
        unidad_educativa ue1_0 
            on ue1_0.id_unidad_educativa=m1_0.id_unidad_educativa 
    where
        ue1_0.id_unidad_educativa=?
Hibernate: 
    select
        gm1_0.id_grado_materia 
    from
        grado_materia gm1_0 
    where
        gm1_0.id_grado=? 
        and gm1_0.id_materia=? 
        and gm1_0.id_gestion=? 
    fetch
        first ? rows only
Hibernate: 
    insert 
    into
        grado_materia
        (id_gestion, id_grado, id_materia, id_grado_materia) 
    values
        (?, ?, ?, default)
Hibernate: 
    select
        m1_0.id_materia,
        m1_0.nombre,
        m1_0.id_unidad_educativa 
    from
        materia m1_0 
    left join
        unidad_educativa ue1_0 
            on ue1_0.id_unidad_educativa=m1_0.id_unidad_educativa 
    where
        ue1_0.id_unidad_educativa=?
Hibernate: 
    insert 
    into
        materia
        (nombre, id_unidad_educativa, id_materia) 
    values
        (?, ?, default)
Hibernate: 
    select
        gm1_0.id_grado_materia 
    from
        grado_materia gm1_0 
    where
        gm1_0.id_grado=? 
        and gm1_0.id_materia=? 
        and gm1_0.id_gestion=? 
    fetch
        first ? rows only
Hibernate: 
    insert 
    into
        grado_materia
        (id_gestion, id_grado, id_materia, id_grado_materia) 
    values
        (?, ?, ?, default)
Hibernate: 
    select
        m1_0.id_materia,
        m1_0.nombre,
        m1_0.id_unidad_educativa 
    from
        materia m1_0 
    left join
        unidad_educativa ue1_0 
            on ue1_0.id_unidad_educativa=m1_0.id_unidad_educativa 
    where
        ue1_0.id_unidad_educativa=?
Hibernate: 
    insert 
    into
        materia
        (nombre, id_unidad_educativa, id_materia) 
    values
        (?, ?, default)
Hibernate: 
    select
        gm1_0.id_grado_materia 
    from
        grado_materia gm1_0 
    where
        gm1_0.id_grado=? 
        and gm1_0.id_materia=? 
        and gm1_0.id_gestion=? 
    fetch
        first ? rows only
Hibernate: 
    insert 
    into
        grado_materia
        (id_gestion, id_grado, id_materia, id_grado_materia) 
    values
        (?, ?, ?, default)
Hibernate: 
    select
        m1_0.id_materia,
        m1_0.nombre,
        m1_0.id_unidad_educativa 
    from
        materia m1_0 
    left join
        unidad_educativa ue1_0 
            on ue1_0.id_unidad_educativa=m1_0.id_unidad_educativa 
    where
        ue1_0.id_unidad_educativa=?
Hibernate: 
    select
        gm1_0.id_grado_materia 
    from
        grado_materia gm1_0 
    where
        gm1_0.id_grado=? 
        and gm1_0.id_materia=? 
        and gm1_0.id_gestion=? 
    fetch
        first ? rows only
Hibernate: 
    insert 
    into
        grado_materia
        (id_gestion, id_grado, id_materia, id_grado_materia) 
    values
        (?, ?, ?, default)
Hibernate: 
    select
        m1_0.id_materia,
        m1_0.nombre,
        m1_0.id_unidad_educativa 
    from
        materia m1_0 
    left join
        unidad_educativa ue1_0 
            on ue1_0.id_unidad_educativa=m1_0.id_unidad_educativa 
    where
        ue1_0.id_unidad_educativa=?
Hibernate: 
    select
        gm1_0.id_grado_materia 
    from
        grado_materia gm1_0 
    where
        gm1_0.id_grado=? 
        and gm1_0.id_materia=? 
        and gm1_0.id_gestion=? 
    fetch
        first ? rows only
Hibernate: 
    insert 
    into
        grado_materia
        (id_gestion, id_grado, id_materia, id_grado_materia) 
    values
        (?, ?, ?, default)
Hibernate: 
    select
        m1_0.id_materia,
        m1_0.nombre,
        m1_0.id_unidad_educativa 
    from
        materia m1_0 
    left join
        unidad_educativa ue1_0 
            on ue1_0.id_unidad_educativa=m1_0.id_unidad_educativa 
    where
        ue1_0.id_unidad_educativa=?
Hibernate: 
    select
        gm1_0.id_grado_materia 
    from
        grado_materia gm1_0 
    where
        gm1_0.id_grado=? 
        and gm1_0.id_materia=? 
        and gm1_0.id_gestion=? 
    fetch
        first ? rows only
Hibernate: 
    insert 
    into
        grado_materia
        (id_gestion, id_grado, id_materia, id_grado_materia) 
    values
        (?, ?, ?, default)
Hibernate: 
    select
        m1_0.id_materia,
        m1_0.nombre,
        m1_0.id_unidad_educativa 
    from
        materia m1_0 
    left join
        unidad_educativa ue1_0 
            on ue1_0.id_unidad_educativa=m1_0.id_unidad_educativa 
    where
        ue1_0.id_unidad_educativa=?
Hibernate: 
    select
        gm1_0.id_grado_materia 
    from
        grado_materia gm1_0 
    where
        gm1_0.id_grado=? 
        and gm1_0.id_materia=? 
        and gm1_0.id_gestion=? 
    fetch
        first ? rows only
Hibernate: 
    insert 
    into
        grado_materia
        (id_gestion, id_grado, id_materia, id_grado_materia) 
    values
        (?, ?, ?, default)
Hibernate: 
    select
        m1_0.id_materia,
        m1_0.nombre,
        m1_0.id_unidad_educativa 
    from
        materia m1_0 
    left join
        unidad_educativa ue1_0 
            on ue1_0.id_unidad_educativa=m1_0.id_unidad_educativa 
    where
        ue1_0.id_unidad_educativa=?
Hibernate: 
    select
        gm1_0.id_grado_materia 
    from
        grado_materia gm1_0 
    where
        gm1_0.id_grado=? 
        and gm1_0.id_materia=? 
        and gm1_0.id_gestion=? 
    fetch
        first ? rows only
Hibernate: 
    insert 
    into
        grado_materia
        (id_gestion, id_grado, id_materia, id_grado_materia) 
    values
        (?, ?, ?, default)
Hibernate: 
    select
        m1_0.id_materia,
        m1_0.nombre,
        m1_0.id_unidad_educativa 
    from
        materia m1_0 
    left join
        unidad_educativa ue1_0 
            on ue1_0.id_unidad_educativa=m1_0.id_unidad_educativa 
    where
        ue1_0.id_unidad_educativa=?
Hibernate: 
    select
        gm1_0.id_grado_materia 
    from
        grado_materia gm1_0 
    where
        gm1_0.id_grado=? 
        and gm1_0.id_materia=? 
        and gm1_0.id_gestion=? 
    fetch
        first ? rows only
Hibernate: 
    insert 
    into
        grado_materia
        (id_gestion, id_grado, id_materia, id_grado_materia) 
    values
        (?, ?, ?, default)
Hibernate: 
    select
        m1_0.id_materia,
        m1_0.nombre,
        m1_0.id_unidad_educativa 
    from
        materia m1_0 
    left join
        unidad_educativa ue1_0 
            on ue1_0.id_unidad_educativa=m1_0.id_unidad_educativa 
    where
        ue1_0.id_unidad_educativa=?
Hibernate: 
    select
        gm1_0.id_grado_materia 
    from
        grado_materia gm1_0 
    where
        gm1_0.id_grado=? 
        and gm1_0.id_materia=? 
        and gm1_0.id_gestion=? 
    fetch
        first ? rows only
Hibernate: 
    insert 
    into
        grado_materia
        (id_gestion, id_grado, id_materia, id_grado_materia) 
    values
        (?, ?, ?, default)
Hibernate: 
    select
        m1_0.id_materia,
        m1_0.nombre,
        m1_0.id_unidad_educativa 
    from
        materia m1_0 
    left join
        unidad_educativa ue1_0 
            on ue1_0.id_unidad_educativa=m1_0.id_unidad_educativa 
    where
        ue1_0.id_unidad_educativa=?
Hibernate: 
    select
        gm1_0.id_grado_materia 
    from
        grado_materia gm1_0 
    where
        gm1_0.id_grado=? 
        and gm1_0.id_materia=? 
        and gm1_0.id_gestion=? 
    fetch
        first ? rows only
Hibernate: 
    insert 
    into
        grado_materia
        (id_gestion, id_grado, id_materia, id_grado_materia) 
    values
        (?, ?, ?, default)
Hibernate: 
    select
        m1_0.id_materia,
        m1_0.nombre,
        m1_0.id_unidad_educativa 
    from
        materia m1_0 
    left join
        unidad_educativa ue1_0 
            on ue1_0.id_unidad_educativa=m1_0.id_unidad_educativa 
    where
        ue1_0.id_unidad_educativa=?
Hibernate: 
    select
        gm1_0.id_grado_materia 
    from
        grado_materia gm1_0 
    where
        gm1_0.id_grado=? 
        and gm1_0.id_materia=? 
        and gm1_0.id_gestion=? 
    fetch
        first ? rows only
Hibernate: 
    insert 
    into
        grado_materia
        (id_gestion, id_grado, id_materia, id_grado_materia) 
    values
        (?, ?, ?, default)
Hibernate: 
    select
        m1_0.id_materia,
        m1_0.nombre,
        m1_0.id_unidad_educativa 
    from
        materia m1_0 
    left join
        unidad_educativa ue1_0 
            on ue1_0.id_unidad_educativa=m1_0.id_unidad_educativa 
    where
        ue1_0.id_unidad_educativa=?
Hibernate: 
    insert 
    into
        materia
        (nombre, id_unidad_educativa, id_materia) 
    values
        (?, ?, default)
Hibernate: 
    select
        gm1_0.id_grado_materia 
    from
        grado_materia gm1_0 
    where
        gm1_0.id_grado=? 
        and gm1_0.id_materia=? 
        and gm1_0.id_gestion=? 
    fetch
        first ? rows only
Hibernate: 
    insert 
    into
        grado_materia
        (id_gestion, id_grado, id_materia, id_grado_materia) 
    values
        (?, ?, ?, default)
Hibernate: 
    select
        g1_0.id_grado,
        g1_0.nivel,
        g1_0.nombre 
    from
        grado g1_0 
    where
        g1_0.nombre=? 
        and g1_0.nivel=?
Hibernate: 
    insert 
    into
        grado
        (nivel, nombre, id_grado) 
    values
        (?, ?, default)
Hibernate: 
    select
        m1_0.id_materia,
        m1_0.nombre,
        m1_0.id_unidad_educativa 
    from
        materia m1_0 
    left join
        unidad_educativa ue1_0 
            on ue1_0.id_unidad_educativa=m1_0.id_unidad_educativa 
    where
        ue1_0.id_unidad_educativa=?
Hibernate: 
    select
        gm1_0.id_grado_materia 
    from
        grado_materia gm1_0 
    where
        gm1_0.id_grado=? 
        and gm1_0.id_materia=? 
        and gm1_0.id_gestion=? 
    fetch
        first ? rows only
Hibernate: 
    insert 
    into
        grado_materia
        (id_gestion, id_grado, id_materia, id_grado_materia) 
    values
        (?, ?, ?, default)
Hibernate: 
    select
        m1_0.id_materia,
        m1_0.nombre,
        m1_0.id_unidad_educativa 
    from
        materia m1_0 
    left join
        unidad_educativa ue1_0 
            on ue1_0.id_unidad_educativa=m1_0.id_unidad_educativa 
    where
        ue1_0.id_unidad_educativa=?
Hibernate: 
    select
        gm1_0.id_grado_materia 
    from
        grado_materia gm1_0 
    where
        gm1_0.id_grado=? 
        and gm1_0.id_materia=? 
        and gm1_0.id_gestion=? 
    fetch
        first ? rows only
Hibernate: 
    insert 
    into
        grado_materia
        (id_gestion, id_grado, id_materia, id_grado_materia) 
    values
        (?, ?, ?, default)
Hibernate: 
    select
        m1_0.id_materia,
        m1_0.nombre,
        m1_0.id_unidad_educativa 
    from
        materia m1_0 
    left join
        unidad_educativa ue1_0 
            on ue1_0.id_unidad_educativa=m1_0.id_unidad_educativa 
    where
        ue1_0.id_unidad_educativa=?
Hibernate: 
    select
        gm1_0.id_grado_materia 
    from
        grado_materia gm1_0 
    where
        gm1_0.id_grado=? 
        and gm1_0.id_materia=? 
        and gm1_0.id_gestion=? 
    fetch
        first ? rows only
Hibernate: 
    insert 
    into
        grado_materia
        (id_gestion, id_grado, id_materia, id_grado_materia) 
    values
        (?, ?, ?, default)
Hibernate: 
    select
        m1_0.id_materia,
        m1_0.nombre,
        m1_0.id_unidad_educativa 
    from
        materia m1_0 
    left join
        unidad_educativa ue1_0 
            on ue1_0.id_unidad_educativa=m1_0.id_unidad_educativa 
    where
        ue1_0.id_unidad_educativa=?
Hibernate: 
    select
        gm1_0.id_grado_materia 
    from
        grado_materia gm1_0 
    where
        gm1_0.id_grado=? 
        and gm1_0.id_materia=? 
        and gm1_0.id_gestion=? 
    fetch
        first ? rows only
Hibernate: 
    insert 
    into
        grado_materia
        (id_gestion, id_grado, id_materia, id_grado_materia) 
    values
        (?, ?, ?, default)
Hibernate: 
    select
        m1_0.id_materia,
        m1_0.nombre,
        m1_0.id_unidad_educativa 
    from
        materia m1_0 
    left join
        unidad_educativa ue1_0 
            on ue1_0.id_unidad_educativa=m1_0.id_unidad_educativa 
    where
        ue1_0.id_unidad_educativa=?
Hibernate: 
    select
        gm1_0.id_grado_materia 
    from
        grado_materia gm1_0 
    where
        gm1_0.id_grado=? 
        and gm1_0.id_materia=? 
        and gm1_0.id_gestion=? 
    fetch
        first ? rows only
Hibernate: 
    insert 
    into
        grado_materia
        (id_gestion, id_grado, id_materia, id_grado_materia) 
    values
        (?, ?, ?, default)
Hibernate: 
    select
        m1_0.id_materia,
        m1_0.nombre,
        m1_0.id_unidad_educativa 
    from
        materia m1_0 
    left join
        unidad_educativa ue1_0 
            on ue1_0.id_unidad_educativa=m1_0.id_unidad_educativa 
    where
        ue1_0.id_unidad_educativa=?
Hibernate: 
    select
        gm1_0.id_grado_materia 
    from
        grado_materia gm1_0 
    where
        gm1_0.id_grado=? 
        and gm1_0.id_materia=? 
        and gm1_0.id_gestion=? 
    fetch
        first ? rows only
Hibernate: 
    insert 
    into
        grado_materia
        (id_gestion, id_grado, id_materia, id_grado_materia) 
    values
        (?, ?, ?, default)
Hibernate: 
    select
        m1_0.id_materia,
        m1_0.nombre,
        m1_0.id_unidad_educativa 
    from
        materia m1_0 
    left join
        unidad_educativa ue1_0 
            on ue1_0.id_unidad_educativa=m1_0.id_unidad_educativa 
    where
        ue1_0.id_unidad_educativa=?
Hibernate: 
    select
        gm1_0.id_grado_materia 
    from
        grado_materia gm1_0 
    where
        gm1_0.id_grado=? 
        and gm1_0.id_materia=? 
        and gm1_0.id_gestion=? 
    fetch
        first ? rows only
Hibernate: 
    insert 
    into
        grado_materia
        (id_gestion, id_grado, id_materia, id_grado_materia) 
    values
        (?, ?, ?, default)
Hibernate: 
    select
        m1_0.id_materia,
        m1_0.nombre,
        m1_0.id_unidad_educativa 
    from
        materia m1_0 
    left join
        unidad_educativa ue1_0 
            on ue1_0.id_unidad_educativa=m1_0.id_unidad_educativa 
    where
        ue1_0.id_unidad_educativa=?
Hibernate: 
    select
        gm1_0.id_grado_materia 
    from
        grado_materia gm1_0 
    where
        gm1_0.id_grado=? 
        and gm1_0.id_materia=? 
        and gm1_0.id_gestion=? 
    fetch
        first ? rows only
Hibernate: 
    insert 
    into
        grado_materia
        (id_gestion, id_grado, id_materia, id_grado_materia) 
    values
        (?, ?, ?, default)
Hibernate: 
    select
        m1_0.id_materia,
        m1_0.nombre,
        m1_0.id_unidad_educativa 
    from
        materia m1_0 
    left join
        unidad_educativa ue1_0 
            on ue1_0.id_unidad_educativa=m1_0.id_unidad_educativa 
    where
        ue1_0.id_unidad_educativa=?
Hibernate: 
    select
        gm1_0.id_grado_materia 
    from
        grado_materia gm1_0 
    where
        gm1_0.id_grado=? 
        and gm1_0.id_materia=? 
        and gm1_0.id_gestion=? 
    fetch
        first ? rows only
Hibernate: 
    insert 
    into
        grado_materia
        (id_gestion, id_grado, id_materia, id_grado_materia) 
    values
        (?, ?, ?, default)
Hibernate: 
    select
        g1_0.id_grado,
        g1_0.nivel,
        g1_0.nombre 
    from
        grado g1_0 
    where
        g1_0.nombre=? 
        and g1_0.nivel=?
Hibernate: 
    insert 
    into
        grado
        (nivel, nombre, id_grado) 
    values
        (?, ?, default)
Hibernate: 
    select
        m1_0.id_materia,
        m1_0.nombre,
        m1_0.id_unidad_educativa 
    from
        materia m1_0 
    left join
        unidad_educativa ue1_0 
            on ue1_0.id_unidad_educativa=m1_0.id_unidad_educativa 
    where
        ue1_0.id_unidad_educativa=?
Hibernate: 
    select
        gm1_0.id_grado_materia 
    from
        grado_materia gm1_0 
    where
        gm1_0.id_grado=? 
        and gm1_0.id_materia=? 
        and gm1_0.id_gestion=? 
    fetch
        first ? rows only
Hibernate: 
    insert 
    into
        grado_materia
        (id_gestion, id_grado, id_materia, id_grado_materia) 
    values
        (?, ?, ?, default)
Hibernate: 
    select
        m1_0.id_materia,
        m1_0.nombre,
        m1_0.id_unidad_educativa 
    from
        materia m1_0 
    left join
        unidad_educativa ue1_0 
            on ue1_0.id_unidad_educativa=m1_0.id_unidad_educativa 
    where
        ue1_0.id_unidad_educativa=?
Hibernate: 
    select
        gm1_0.id_grado_materia 
    from
        grado_materia gm1_0 
    where
        gm1_0.id_grado=? 
        and gm1_0.id_materia=? 
        and gm1_0.id_gestion=? 
    fetch
        first ? rows only
Hibernate: 
    insert 
    into
        grado_materia
        (id_gestion, id_grado, id_materia, id_grado_materia) 
    values
        (?, ?, ?, default)
Hibernate: 
    select
        m1_0.id_materia,
        m1_0.nombre,
        m1_0.id_unidad_educativa 
    from
        materia m1_0 
    left join
        unidad_educativa ue1_0 
            on ue1_0.id_unidad_educativa=m1_0.id_unidad_educativa 
    where
        ue1_0.id_unidad_educativa=?
Hibernate: 
    select
        gm1_0.id_grado_materia 
    from
        grado_materia gm1_0 
    where
        gm1_0.id_grado=? 
        and gm1_0.id_materia=? 
        and gm1_0.id_gestion=? 
    fetch
        first ? rows only
Hibernate: 
    insert 
    into
        grado_materia
        (id_gestion, id_grado, id_materia, id_grado_materia) 
    values
        (?, ?, ?, default)
Hibernate: 
    select
        m1_0.id_materia,
        m1_0.nombre,
        m1_0.id_unidad_educativa 
    from
        materia m1_0 
    left join
        unidad_educativa ue1_0 
            on ue1_0.id_unidad_educativa=m1_0.id_unidad_educativa 
    where
        ue1_0.id_unidad_educativa=?
Hibernate: 
    select
        gm1_0.id_grado_materia 
    from
        grado_materia gm1_0 
    where
        gm1_0.id_grado=? 
        and gm1_0.id_materia=? 
        and gm1_0.id_gestion=? 
    fetch
        first ? rows only
Hibernate: 
    insert 
    into
        grado_materia
        (id_gestion, id_grado, id_materia, id_grado_materia) 
    values
        (?, ?, ?, default)
Hibernate: 
    select
        m1_0.id_materia,
        m1_0.nombre,
        m1_0.id_unidad_educativa 
    from
        materia m1_0 
    left join
        unidad_educativa ue1_0 
            on ue1_0.id_unidad_educativa=m1_0.id_unidad_educativa 
    where
        ue1_0.id_unidad_educativa=?
Hibernate: 
    select
        gm1_0.id_grado_materia 
    from
        grado_materia gm1_0 
    where
        gm1_0.id_grado=? 
        and gm1_0.id_materia=? 
        and gm1_0.id_gestion=? 
    fetch
        first ? rows only
Hibernate: 
    insert 
    into
        grado_materia
        (id_gestion, id_grado, id_materia, id_grado_materia) 
    values
        (?, ?, ?, default)
Hibernate: 
    select
        m1_0.id_materia,
        m1_0.nombre,
        m1_0.id_unidad_educativa 
    from
        materia m1_0 
    left join
        unidad_educativa ue1_0 
            on ue1_0.id_unidad_educativa=m1_0.id_unidad_educativa 
    where
        ue1_0.id_unidad_educativa=?
Hibernate: 
    select
        gm1_0.id_grado_materia 
    from
        grado_materia gm1_0 
    where
        gm1_0.id_grado=? 
        and gm1_0.id_materia=? 
        and gm1_0.id_gestion=? 
    fetch
        first ? rows only
Hibernate: 
    insert 
    into
        grado_materia
        (id_gestion, id_grado, id_materia, id_grado_materia) 
    values
        (?, ?, ?, default)
Hibernate: 
    select
        m1_0.id_materia,
        m1_0.nombre,
        m1_0.id_unidad_educativa 
    from
        materia m1_0 
    left join
        unidad_educativa ue1_0 
            on ue1_0.id_unidad_educativa=m1_0.id_unidad_educativa 
    where
        ue1_0.id_unidad_educativa=?
Hibernate: 
    select
        gm1_0.id_grado_materia 
    from
        grado_materia gm1_0 
    where
        gm1_0.id_grado=? 
        and gm1_0.id_materia=? 
        and gm1_0.id_gestion=? 
    fetch
        first ? rows only
Hibernate: 
    insert 
    into
        grado_materia
        (id_gestion, id_grado, id_materia, id_grado_materia) 
    values
        (?, ?, ?, default)
Hibernate: 
    select
        m1_0.id_materia,
        m1_0.nombre,
        m1_0.id_unidad_educativa 
    from
        materia m1_0 
    left join
        unidad_educativa ue1_0 
            on ue1_0.id_unidad_educativa=m1_0.id_unidad_educativa 
    where
        ue1_0.id_unidad_educativa=?
Hibernate: 
    select
        gm1_0.id_grado_materia 
    from
        grado_materia gm1_0 
    where
        gm1_0.id_grado=? 
        and gm1_0.id_materia=? 
        and gm1_0.id_gestion=? 
    fetch
        first ? rows only
Hibernate: 
    insert 
    into
        grado_materia
        (id_gestion, id_grado, id_materia, id_grado_materia) 
    values
        (?, ?, ?, default)
Hibernate: 
    select
        m1_0.id_materia,
        m1_0.nombre,
        m1_0.id_unidad_educativa 
    from
        materia m1_0 
    left join
        unidad_educativa ue1_0 
            on ue1_0.id_unidad_educativa=m1_0.id_unidad_educativa 
    where
        ue1_0.id_unidad_educativa=?
Hibernate: 
    select
        gm1_0.id_grado_materia 
    from
        grado_materia gm1_0 
    where
        gm1_0.id_grado=? 
        and gm1_0.id_materia=? 
        and gm1_0.id_gestion=? 
    fetch
        first ? rows only
Hibernate: 
    insert 
    into
        grado_materia
        (id_gestion, id_grado, id_materia, id_grado_materia) 
    values
        (?, ?, ?, default)
Hibernate: 
    select
        m1_0.id_materia,
        m1_0.nombre,
        m1_0.id_unidad_educativa 
    from
        materia m1_0 
    left join
        unidad_educativa ue1_0 
            on ue1_0.id_unidad_educativa=m1_0.id_unidad_educativa 
    where
        ue1_0.id_unidad_educativa=?
Hibernate: 
    select
        gm1_0.id_grado_materia 
    from
        grado_materia gm1_0 
    where
        gm1_0.id_grado=? 
        and gm1_0.id_materia=? 
        and gm1_0.id_gestion=? 
    fetch
        first ? rows only
Hibernate: 
    insert 
    into
        grado_materia
        (id_gestion, id_grado, id_materia, id_grado_materia) 
    values
        (?, ?, ?, default)
Hibernate: 
    select
        m1_0.id_materia,
        m1_0.nombre,
        m1_0.id_unidad_educativa 
    from
        materia m1_0 
    left join
        unidad_educativa ue1_0 
            on ue1_0.id_unidad_educativa=m1_0.id_unidad_educativa 
    where
        ue1_0.id_unidad_educativa=?
Hibernate: 
    select
        gm1_0.id_grado_materia 
    from
        grado_materia gm1_0 
    where
        gm1_0.id_grado=? 
        and gm1_0.id_materia=? 
        and gm1_0.id_gestion=? 
    fetch
        first ? rows only
Hibernate: 
    insert 
    into
        grado_materia
        (id_gestion, id_grado, id_materia, id_grado_materia) 
    values
        (?, ?, ?, default)
Hibernate: 
    select
        m1_0.id_materia,
        m1_0.nombre,
        m1_0.id_unidad_educativa 
    from
        materia m1_0 
    left join
        unidad_educativa ue1_0 
            on ue1_0.id_unidad_educativa=m1_0.id_unidad_educativa 
    where
        ue1_0.id_unidad_educativa=?
Hibernate: 
    select
        gm1_0.id_grado_materia 
    from
        grado_materia gm1_0 
    where
        gm1_0.id_grado=? 
        and gm1_0.id_materia=? 
        and gm1_0.id_gestion=? 
    fetch
        first ? rows only
Hibernate: 
    insert 
    into
        grado_materia
        (id_gestion, id_grado, id_materia, id_grado_materia) 
    values
        (?, ?, ?, default)
Hibernate: 
    select
        m1_0.id_materia,
        m1_0.nombre,
        m1_0.id_unidad_educativa 
    from
        materia m1_0 
    left join
        unidad_educativa ue1_0 
            on ue1_0.id_unidad_educativa=m1_0.id_unidad_educativa 
    where
        ue1_0.id_unidad_educativa=?
Hibernate: 
    select
        gm1_0.id_grado_materia 
    from
        grado_materia gm1_0 
    where
        gm1_0.id_grado=? 
        and gm1_0.id_materia=? 
        and gm1_0.id_gestion=? 
    fetch
        first ? rows only
Hibernate: 
    insert 
    into
        grado_materia
        (id_gestion, id_grado, id_materia, id_grado_materia) 
    values
        (?, ?, ?, default)
Hibernate: 
    select
        g1_0.id_grado,
        g1_0.nivel,
        g1_0.nombre 
    from
        grado g1_0 
    where
        g1_0.nombre=? 
        and g1_0.nivel=?
Hibernate: 
    insert 
    into
        grado
        (nivel, nombre, id_grado) 
    values
        (?, ?, default)
Hibernate: 
    select
        m1_0.id_materia,
        m1_0.nombre,
        m1_0.id_unidad_educativa 
    from
        materia m1_0 
    left join
        unidad_educativa ue1_0 
            on ue1_0.id_unidad_educativa=m1_0.id_unidad_educativa 
    where
        ue1_0.id_unidad_educativa=?
Hibernate: 
    select
        gm1_0.id_grado_materia 
    from
        grado_materia gm1_0 
    where
        gm1_0.id_grado=? 
        and gm1_0.id_materia=? 
        and gm1_0.id_gestion=? 
    fetch
        first ? rows only
Hibernate: 
    insert 
    into
        grado_materia
        (id_gestion, id_grado, id_materia, id_grado_materia) 
    values
        (?, ?, ?, default)
Hibernate: 
    select
        m1_0.id_materia,
        m1_0.nombre,
        m1_0.id_unidad_educativa 
    from
        materia m1_0 
    left join
        unidad_educativa ue1_0 
            on ue1_0.id_unidad_educativa=m1_0.id_unidad_educativa 
    where
        ue1_0.id_unidad_educativa=?
Hibernate: 
    select
        gm1_0.id_grado_materia 
    from
        grado_materia gm1_0 
    where
        gm1_0.id_grado=? 
        and gm1_0.id_materia=? 
        and gm1_0.id_gestion=? 
    fetch
        first ? rows only
Hibernate: 
    insert 
    into
        grado_materia
        (id_gestion, id_grado, id_materia, id_grado_materia) 
    values
        (?, ?, ?, default)
Hibernate: 
    select
        m1_0.id_materia,
        m1_0.nombre,
        m1_0.id_unidad_educativa 
    from
        materia m1_0 
    left join
        unidad_educativa ue1_0 
            on ue1_0.id_unidad_educativa=m1_0.id_unidad_educativa 
    where
        ue1_0.id_unidad_educativa=?
Hibernate: 
    select
        gm1_0.id_grado_materia 
    from
        grado_materia gm1_0 
    where
        gm1_0.id_grado=? 
        and gm1_0.id_materia=? 
        and gm1_0.id_gestion=? 
    fetch
        first ? rows only
Hibernate: 
    insert 
    into
        grado_materia
        (id_gestion, id_grado, id_materia, id_grado_materia) 
    values
        (?, ?, ?, default)
Hibernate: 
    select
        m1_0.id_materia,
        m1_0.nombre,
        m1_0.id_unidad_educativa 
    from
        materia m1_0 
    left join
        unidad_educativa ue1_0 
            on ue1_0.id_unidad_educativa=m1_0.id_unidad_educativa 
    where
        ue1_0.id_unidad_educativa=?
Hibernate: 
    select
        gm1_0.id_grado_materia 
    from
        grado_materia gm1_0 
    where
        gm1_0.id_grado=? 
        and gm1_0.id_materia=? 
        and gm1_0.id_gestion=? 
    fetch
        first ? rows only
Hibernate: 
    insert 
    into
        grado_materia
        (id_gestion, id_grado, id_materia, id_grado_materia) 
    values
        (?, ?, ?, default)
Hibernate: 
    select
        m1_0.id_materia,
        m1_0.nombre,
        m1_0.id_unidad_educativa 
    from
        materia m1_0 
    left join
        unidad_educativa ue1_0 
            on ue1_0.id_unidad_educativa=m1_0.id_unidad_educativa 
    where
        ue1_0.id_unidad_educativa=?
Hibernate: 
    select
        gm1_0.id_grado_materia 
    from
        grado_materia gm1_0 
    where
        gm1_0.id_grado=? 
        and gm1_0.id_materia=? 
        and gm1_0.id_gestion=? 
    fetch
        first ? rows only
Hibernate: 
    insert 
    into
        grado_materia
        (id_gestion, id_grado, id_materia, id_grado_materia) 
    values
        (?, ?, ?, default)
Hibernate: 
    select
        m1_0.id_materia,
        m1_0.nombre,
        m1_0.id_unidad_educativa 
    from
        materia m1_0 
    left join
        unidad_educativa ue1_0 
            on ue1_0.id_unidad_educativa=m1_0.id_unidad_educativa 
    where
        ue1_0.id_unidad_educativa=?
Hibernate: 
    select
        gm1_0.id_grado_materia 
    from
        grado_materia gm1_0 
    where
        gm1_0.id_grado=? 
        and gm1_0.id_materia=? 
        and gm1_0.id_gestion=? 
    fetch
        first ? rows only
Hibernate: 
    insert 
    into
        grado_materia
        (id_gestion, id_grado, id_materia, id_grado_materia) 
    values
        (?, ?, ?, default)
Hibernate: 
    select
        m1_0.id_materia,
        m1_0.nombre,
        m1_0.id_unidad_educativa 
    from
        materia m1_0 
    left join
        unidad_educativa ue1_0 
            on ue1_0.id_unidad_educativa=m1_0.id_unidad_educativa 
    where
        ue1_0.id_unidad_educativa=?
Hibernate: 
    select
        gm1_0.id_grado_materia 
    from
        grado_materia gm1_0 
    where
        gm1_0.id_grado=? 
        and gm1_0.id_materia=? 
        and gm1_0.id_gestion=? 
    fetch
        first ? rows only
Hibernate: 
    insert 
    into
        grado_materia
        (id_gestion, id_grado, id_materia, id_grado_materia) 
    values
        (?, ?, ?, default)
Hibernate: 
    select
        m1_0.id_materia,
        m1_0.nombre,
        m1_0.id_unidad_educativa 
    from
        materia m1_0 
    left join
        unidad_educativa ue1_0 
            on ue1_0.id_unidad_educativa=m1_0.id_unidad_educativa 
    where
        ue1_0.id_unidad_educativa=?
Hibernate: 
    select
        gm1_0.id_grado_materia 
    from
        grado_materia gm1_0 
    where
        gm1_0.id_grado=? 
        and gm1_0.id_materia=? 
        and gm1_0.id_gestion=? 
    fetch
        first ? rows only
Hibernate: 
    insert 
    into
        grado_materia
        (id_gestion, id_grado, id_materia, id_grado_materia) 
    values
        (?, ?, ?, default)
Hibernate: 
    select
        m1_0.id_materia,
        m1_0.nombre,
        m1_0.id_unidad_educativa 
    from
        materia m1_0 
    left join
        unidad_educativa ue1_0 
            on ue1_0.id_unidad_educativa=m1_0.id_unidad_educativa 
    where
        ue1_0.id_unidad_educativa=?
Hibernate: 
    select
        gm1_0.id_grado_materia 
    from
        grado_materia gm1_0 
    where
        gm1_0.id_grado=? 
        and gm1_0.id_materia=? 
        and gm1_0.id_gestion=? 
    fetch
        first ? rows only
Hibernate: 
    insert 
    into
        grado_materia
        (id_gestion, id_grado, id_materia, id_grado_materia) 
    values
        (?, ?, ?, default)
Hibernate: 
    select
        g1_0.id_grado,
        g1_0.nivel,
        g1_0.nombre 
    from
        grado g1_0 
    where
        g1_0.nombre=? 
        and g1_0.nivel=?
Hibernate: 
    insert 
    into
        grado
        (nivel, nombre, id_grado) 
    values
        (?, ?, default)
Hibernate: 
    select
        m1_0.id_materia,
        m1_0.nombre,
        m1_0.id_unidad_educativa 
    from
        materia m1_0 
    left join
        unidad_educativa ue1_0 
            on ue1_0.id_unidad_educativa=m1_0.id_unidad_educativa 
    where
        ue1_0.id_unidad_educativa=?
Hibernate: 
    select
        gm1_0.id_grado_materia 
    from
        grado_materia gm1_0 
    where
        gm1_0.id_grado=? 
        and gm1_0.id_materia=? 
        and gm1_0.id_gestion=? 
    fetch
        first ? rows only
Hibernate: 
    insert 
    into
        grado_materia
        (id_gestion, id_grado, id_materia, id_grado_materia) 
    values
        (?, ?, ?, default)
Hibernate: 
    select
        m1_0.id_materia,
        m1_0.nombre,
        m1_0.id_unidad_educativa 
    from
        materia m1_0 
    left join
        unidad_educativa ue1_0 
            on ue1_0.id_unidad_educativa=m1_0.id_unidad_educativa 
    where
        ue1_0.id_unidad_educativa=?
Hibernate: 
    select
        gm1_0.id_grado_materia 
    from
        grado_materia gm1_0 
    where
        gm1_0.id_grado=? 
        and gm1_0.id_materia=? 
        and gm1_0.id_gestion=? 
    fetch
        first ? rows only
Hibernate: 
    insert 
    into
        grado_materia
        (id_gestion, id_grado, id_materia, id_grado_materia) 
    values
        (?, ?, ?, default)
Hibernate: 
    select
        m1_0.id_materia,
        m1_0.nombre,
        m1_0.id_unidad_educativa 
    from
        materia m1_0 
    left join
        unidad_educativa ue1_0 
            on ue1_0.id_unidad_educativa=m1_0.id_unidad_educativa 
    where
        ue1_0.id_unidad_educativa=?
Hibernate: 
    select
        gm1_0.id_grado_materia 
    from
        grado_materia gm1_0 
    where
        gm1_0.id_grado=? 
        and gm1_0.id_materia=? 
        and gm1_0.id_gestion=? 
    fetch
        first ? rows only
Hibernate: 
    insert 
    into
        grado_materia
        (id_gestion, id_grado, id_materia, id_grado_materia) 
    values
        (?, ?, ?, default)
Hibernate: 
    select
        m1_0.id_materia,
        m1_0.nombre,
        m1_0.id_unidad_educativa 
    from
        materia m1_0 
    left join
        unidad_educativa ue1_0 
            on ue1_0.id_unidad_educativa=m1_0.id_unidad_educativa 
    where
        ue1_0.id_unidad_educativa=?
Hibernate: 
    select
        gm1_0.id_grado_materia 
    from
        grado_materia gm1_0 
    where
        gm1_0.id_grado=? 
        and gm1_0.id_materia=? 
        and gm1_0.id_gestion=? 
    fetch
        first ? rows only
Hibernate: 
    insert 
    into
        grado_materia
        (id_gestion, id_grado, id_materia, id_grado_materia) 
    values
        (?, ?, ?, default)
Hibernate: 
    select
        m1_0.id_materia,
        m1_0.nombre,
        m1_0.id_unidad_educativa 
    from
        materia m1_0 
    left join
        unidad_educativa ue1_0 
            on ue1_0.id_unidad_educativa=m1_0.id_unidad_educativa 
    where
        ue1_0.id_unidad_educativa=?
Hibernate: 
    select
        gm1_0.id_grado_materia 
    from
        grado_materia gm1_0 
    where
        gm1_0.id_grado=? 
        and gm1_0.id_materia=? 
        and gm1_0.id_gestion=? 
    fetch
        first ? rows only
Hibernate: 
    insert 
    into
        grado_materia
        (id_gestion, id_grado, id_materia, id_grado_materia) 
    values
        (?, ?, ?, default)
Hibernate: 
    select
        m1_0.id_materia,
        m1_0.nombre,
        m1_0.id_unidad_educativa 
    from
        materia m1_0 
    left join
        unidad_educativa ue1_0 
            on ue1_0.id_unidad_educativa=m1_0.id_unidad_educativa 
    where
        ue1_0.id_unidad_educativa=?
Hibernate: 
    select
        gm1_0.id_grado_materia 
    from
        grado_materia gm1_0 
    where
        gm1_0.id_grado=? 
        and gm1_0.id_materia=? 
        and gm1_0.id_gestion=? 
    fetch
        first ? rows only
Hibernate: 
    insert 
    into
        grado_materia
        (id_gestion, id_grado, id_materia, id_grado_materia) 
    values
        (?, ?, ?, default)
Hibernate: 
    select
        m1_0.id_materia,
        m1_0.nombre,
        m1_0.id_unidad_educativa 
    from
        materia m1_0 
    left join
        unidad_educativa ue1_0 
            on ue1_0.id_unidad_educativa=m1_0.id_unidad_educativa 
    where
        ue1_0.id_unidad_educativa=?
Hibernate: 
    select
        gm1_0.id_grado_materia 
    from
        grado_materia gm1_0 
    where
        gm1_0.id_grado=? 
        and gm1_0.id_materia=? 
        and gm1_0.id_gestion=? 
    fetch
        first ? rows only
Hibernate: 
    insert 
    into
        grado_materia
        (id_gestion, id_grado, id_materia, id_grado_materia) 
    values
        (?, ?, ?, default)
Hibernate: 
    select
        m1_0.id_materia,
        m1_0.nombre,
        m1_0.id_unidad_educativa 
    from
        materia m1_0 
    left join
        unidad_educativa ue1_0 
            on ue1_0.id_unidad_educativa=m1_0.id_unidad_educativa 
    where
        ue1_0.id_unidad_educativa=?
Hibernate: 
    select
        gm1_0.id_grado_materia 
    from
        grado_materia gm1_0 
    where
        gm1_0.id_grado=? 
        and gm1_0.id_materia=? 
        and gm1_0.id_gestion=? 
    fetch
        first ? rows only
Hibernate: 
    insert 
    into
        grado_materia
        (id_gestion, id_grado, id_materia, id_grado_materia) 
    values
        (?, ?, ?, default)
Hibernate: 
    select
        m1_0.id_materia,
        m1_0.nombre,
        m1_0.id_unidad_educativa 
    from
        materia m1_0 
    left join
        unidad_educativa ue1_0 
            on ue1_0.id_unidad_educativa=m1_0.id_unidad_educativa 
    where
        ue1_0.id_unidad_educativa=?
Hibernate: 
    select
        gm1_0.id_grado_materia 
    from
        grado_materia gm1_0 
    where
        gm1_0.id_grado=? 
        and gm1_0.id_materia=? 
        and gm1_0.id_gestion=? 
    fetch
        first ? rows only
Hibernate: 
    insert 
    into
        grado_materia
        (id_gestion, id_grado, id_materia, id_grado_materia) 
    values
        (?, ?, ?, default)
Hibernate: 
    select
        m1_0.id_materia,
        m1_0.nombre,
        m1_0.id_unidad_educativa 
    from
        materia m1_0 
    left join
        unidad_educativa ue1_0 
            on ue1_0.id_unidad_educativa=m1_0.id_unidad_educativa 
    where
        ue1_0.id_unidad_educativa=?
Hibernate: 
    select
        gm1_0.id_grado_materia 
    from
        grado_materia gm1_0 
    where
        gm1_0.id_grado=? 
        and gm1_0.id_materia=? 
        and gm1_0.id_gestion=? 
    fetch
        first ? rows only
Hibernate: 
    insert 
    into
        grado_materia
        (id_gestion, id_grado, id_materia, id_grado_materia) 
    values
        (?, ?, ?, default)
Hibernate: 
    select
        m1_0.id_materia,
        m1_0.nombre,
        m1_0.id_unidad_educativa 
    from
        materia m1_0 
    left join
        unidad_educativa ue1_0 
            on ue1_0.id_unidad_educativa=m1_0.id_unidad_educativa 
    where
        ue1_0.id_unidad_educativa=?
Hibernate: 
    select
        gm1_0.id_grado_materia 
    from
        grado_materia gm1_0 
    where
        gm1_0.id_grado=? 
        and gm1_0.id_materia=? 
        and gm1_0.id_gestion=? 
    fetch
        first ? rows only
Hibernate: 
    insert 
    into
        grado_materia
        (id_gestion, id_grado, id_materia, id_grado_materia) 
    values
        (?, ?, ?, default)
Hibernate: 
    select
        m1_0.id_materia,
        m1_0.nombre,
        m1_0.id_unidad_educativa 
    from
        materia m1_0 
    left join
        unidad_educativa ue1_0 
            on ue1_0.id_unidad_educativa=m1_0.id_unidad_educativa 
    where
        ue1_0.id_unidad_educativa=?
Hibernate: 
    select
        gm1_0.id_grado_materia 
    from
        grado_materia gm1_0 
    where
        gm1_0.id_grado=? 
        and gm1_0.id_materia=? 
        and gm1_0.id_gestion=? 
    fetch
        first ? rows only
Hibernate: 
    insert 
    into
        grado_materia
        (id_gestion, id_grado, id_materia, id_grado_materia) 
    values
        (?, ?, ?, default)
Hibernate: 
    select
        m1_0.id_materia,
        m1_0.nombre,
        m1_0.id_unidad_educativa 
    from
        materia m1_0 
    left join
        unidad_educativa ue1_0 
            on ue1_0.id_unidad_educativa=m1_0.id_unidad_educativa 
    where
        ue1_0.id_unidad_educativa=?
Hibernate: 
    select
        gm1_0.id_grado_materia 
    from
        grado_materia gm1_0 
    where
        gm1_0.id_grado=? 
        and gm1_0.id_materia=? 
        and gm1_0.id_gestion=? 
    fetch
        first ? rows only
Hibernate: 
    insert 
    into
        grado_materia
        (id_gestion, id_grado, id_materia, id_grado_materia) 
    values
        (?, ?, ?, default)
Hibernate: 
    select
        g1_0.id_grado,
        g1_0.nivel,
        g1_0.nombre 
    from
        grado g1_0 
    where
        g1_0.nombre=? 
        and g1_0.nivel=?
Hibernate: 
    insert 
    into
        grado
        (nivel, nombre, id_grado) 
    values
        (?, ?, default)
Hibernate: 
    select
        m1_0.id_materia,
        m1_0.nombre,
        m1_0.id_unidad_educativa 
    from
        materia m1_0 
    left join
        unidad_educativa ue1_0 
            on ue1_0.id_unidad_educativa=m1_0.id_unidad_educativa 
    where
        ue1_0.id_unidad_educativa=?
Hibernate: 
    select
        gm1_0.id_grado_materia 
    from
        grado_materia gm1_0 
    where
        gm1_0.id_grado=? 
        and gm1_0.id_materia=? 
        and gm1_0.id_gestion=? 
    fetch
        first ? rows only
Hibernate: 
    insert 
    into
        grado_materia
        (id_gestion, id_grado, id_materia, id_grado_materia) 
    values
        (?, ?, ?, default)
Hibernate: 
    select
        m1_0.id_materia,
        m1_0.nombre,
        m1_0.id_unidad_educativa 
    from
        materia m1_0 
    left join
        unidad_educativa ue1_0 
            on ue1_0.id_unidad_educativa=m1_0.id_unidad_educativa 
    where
        ue1_0.id_unidad_educativa=?
Hibernate: 
    select
        gm1_0.id_grado_materia 
    from
        grado_materia gm1_0 
    where
        gm1_0.id_grado=? 
        and gm1_0.id_materia=? 
        and gm1_0.id_gestion=? 
    fetch
        first ? rows only
Hibernate: 
    insert 
    into
        grado_materia
        (id_gestion, id_grado, id_materia, id_grado_materia) 
    values
        (?, ?, ?, default)
Hibernate: 
    select
        m1_0.id_materia,
        m1_0.nombre,
        m1_0.id_unidad_educativa 
    from
        materia m1_0 
    left join
        unidad_educativa ue1_0 
            on ue1_0.id_unidad_educativa=m1_0.id_unidad_educativa 
    where
        ue1_0.id_unidad_educativa=?
Hibernate: 
    select
        gm1_0.id_grado_materia 
    from
        grado_materia gm1_0 
    where
        gm1_0.id_grado=? 
        and gm1_0.id_materia=? 
        and gm1_0.id_gestion=? 
    fetch
        first ? rows only
Hibernate: 
    insert 
    into
        grado_materia
        (id_gestion, id_grado, id_materia, id_grado_materia) 
    values
        (?, ?, ?, default)
Hibernate: 
    select
        m1_0.id_materia,
        m1_0.nombre,
        m1_0.id_unidad_educativa 
    from
        materia m1_0 
    left join
        unidad_educativa ue1_0 
            on ue1_0.id_unidad_educativa=m1_0.id_unidad_educativa 
    where
        ue1_0.id_unidad_educativa=?
Hibernate: 
    select
        gm1_0.id_grado_materia 
    from
        grado_materia gm1_0 
    where
        gm1_0.id_grado=? 
        and gm1_0.id_materia=? 
        and gm1_0.id_gestion=? 
    fetch
        first ? rows only
Hibernate: 
    insert 
    into
        grado_materia
        (id_gestion, id_grado, id_materia, id_grado_materia) 
    values
        (?, ?, ?, default)
Hibernate: 
    select
        m1_0.id_materia,
        m1_0.nombre,
        m1_0.id_unidad_educativa 
    from
        materia m1_0 
    left join
        unidad_educativa ue1_0 
            on ue1_0.id_unidad_educativa=m1_0.id_unidad_educativa 
    where
        ue1_0.id_unidad_educativa=?
Hibernate: 
    select
        gm1_0.id_grado_materia 
    from
        grado_materia gm1_0 
    where
        gm1_0.id_grado=? 
        and gm1_0.id_materia=? 
        and gm1_0.id_gestion=? 
    fetch
        first ? rows only
Hibernate: 
    insert 
    into
        grado_materia
        (id_gestion, id_grado, id_materia, id_grado_materia) 
    values
        (?, ?, ?, default)
Hibernate: 
    select
        m1_0.id_materia,
        m1_0.nombre,
        m1_0.id_unidad_educativa 
    from
        materia m1_0 
    left join
        unidad_educativa ue1_0 
            on ue1_0.id_unidad_educativa=m1_0.id_unidad_educativa 
    where
        ue1_0.id_unidad_educativa=?
Hibernate: 
    select
        gm1_0.id_grado_materia 
    from
        grado_materia gm1_0 
    where
        gm1_0.id_grado=? 
        and gm1_0.id_materia=? 
        and gm1_0.id_gestion=? 
    fetch
        first ? rows only
Hibernate: 
    insert 
    into
        grado_materia
        (id_gestion, id_grado, id_materia, id_grado_materia) 
    values
        (?, ?, ?, default)
Hibernate: 
    select
        m1_0.id_materia,
        m1_0.nombre,
        m1_0.id_unidad_educativa 
    from
        materia m1_0 
    left join
        unidad_educativa ue1_0 
            on ue1_0.id_unidad_educativa=m1_0.id_unidad_educativa 
    where
        ue1_0.id_unidad_educativa=?
Hibernate: 
    select
        gm1_0.id_grado_materia 
    from
        grado_materia gm1_0 
    where
        gm1_0.id_grado=? 
        and gm1_0.id_materia=? 
        and gm1_0.id_gestion=? 
    fetch
        first ? rows only
Hibernate: 
    insert 
    into
        grado_materia
        (id_gestion, id_grado, id_materia, id_grado_materia) 
    values
        (?, ?, ?, default)
Hibernate: 
    select
        m1_0.id_materia,
        m1_0.nombre,
        m1_0.id_unidad_educativa 
    from
        materia m1_0 
    left join
        unidad_educativa ue1_0 
            on ue1_0.id_unidad_educativa=m1_0.id_unidad_educativa 
    where
        ue1_0.id_unidad_educativa=?
Hibernate: 
    select
        gm1_0.id_grado_materia 
    from
        grado_materia gm1_0 
    where
        gm1_0.id_grado=? 
        and gm1_0.id_materia=? 
        and gm1_0.id_gestion=? 
    fetch
        first ? rows only
Hibernate: 
    insert 
    into
        grado_materia
        (id_gestion, id_grado, id_materia, id_grado_materia) 
    values
        (?, ?, ?, default)
Hibernate: 
    select
        m1_0.id_materia,
        m1_0.nombre,
        m1_0.id_unidad_educativa 
    from
        materia m1_0 
    left join
        unidad_educativa ue1_0 
            on ue1_0.id_unidad_educativa=m1_0.id_unidad_educativa 
    where
        ue1_0.id_unidad_educativa=?
Hibernate: 
    select
        gm1_0.id_grado_materia 
    from
        grado_materia gm1_0 
    where
        gm1_0.id_grado=? 
        and gm1_0.id_materia=? 
        and gm1_0.id_gestion=? 
    fetch
        first ? rows only
Hibernate: 
    insert 
    into
        grado_materia
        (id_gestion, id_grado, id_materia, id_grado_materia) 
    values
        (?, ?, ?, default)
Hibernate: 
    select
        g1_0.id_grado,
        g1_0.nivel,
        g1_0.nombre 
    from
        grado g1_0 
    where
        g1_0.nombre=? 
        and g1_0.nivel=?
Hibernate: 
    insert 
    into
        grado
        (nivel, nombre, id_grado) 
    values
        (?, ?, default)
Hibernate: 
    select
        m1_0.id_materia,
        m1_0.nombre,
        m1_0.id_unidad_educativa 
    from
        materia m1_0 
    left join
        unidad_educativa ue1_0 
            on ue1_0.id_unidad_educativa=m1_0.id_unidad_educativa 
    where
        ue1_0.id_unidad_educativa=?
Hibernate: 
    select
        gm1_0.id_grado_materia 
    from
        grado_materia gm1_0 
    where
        gm1_0.id_grado=? 
        and gm1_0.id_materia=? 
        and gm1_0.id_gestion=? 
    fetch
        first ? rows only
Hibernate: 
    insert 
    into
        grado_materia
        (id_gestion, id_grado, id_materia, id_grado_materia) 
    values
        (?, ?, ?, default)
Hibernate: 
    select
        m1_0.id_materia,
        m1_0.nombre,
        m1_0.id_unidad_educativa 
    from
        materia m1_0 
    left join
        unidad_educativa ue1_0 
            on ue1_0.id_unidad_educativa=m1_0.id_unidad_educativa 
    where
        ue1_0.id_unidad_educativa=?
Hibernate: 
    select
        gm1_0.id_grado_materia 
    from
        grado_materia gm1_0 
    where
        gm1_0.id_grado=? 
        and gm1_0.id_materia=? 
        and gm1_0.id_gestion=? 
    fetch
        first ? rows only
Hibernate: 
    insert 
    into
        grado_materia
        (id_gestion, id_grado, id_materia, id_grado_materia) 
    values
        (?, ?, ?, default)
Hibernate: 
    select
        m1_0.id_materia,
        m1_0.nombre,
        m1_0.id_unidad_educativa 
    from
        materia m1_0 
    left join
        unidad_educativa ue1_0 
            on ue1_0.id_unidad_educativa=m1_0.id_unidad_educativa 
    where
        ue1_0.id_unidad_educativa=?
Hibernate: 
    select
        gm1_0.id_grado_materia 
    from
        grado_materia gm1_0 
    where
        gm1_0.id_grado=? 
        and gm1_0.id_materia=? 
        and gm1_0.id_gestion=? 
    fetch
        first ? rows only
Hibernate: 
    insert 
    into
        grado_materia
        (id_gestion, id_grado, id_materia, id_grado_materia) 
    values
        (?, ?, ?, default)
Hibernate: 
    select
        m1_0.id_materia,
        m1_0.nombre,
        m1_0.id_unidad_educativa 
    from
        materia m1_0 
    left join
        unidad_educativa ue1_0 
            on ue1_0.id_unidad_educativa=m1_0.id_unidad_educativa 
    where
        ue1_0.id_unidad_educativa=?
Hibernate: 
    select
        gm1_0.id_grado_materia 
    from
        grado_materia gm1_0 
    where
        gm1_0.id_grado=? 
        and gm1_0.id_materia=? 
        and gm1_0.id_gestion=? 
    fetch
        first ? rows only
Hibernate: 
    insert 
    into
        grado_materia
        (id_gestion, id_grado, id_materia, id_grado_materia) 
    values
        (?, ?, ?, default)
Hibernate: 
    select
        m1_0.id_materia,
        m1_0.nombre,
        m1_0.id_unidad_educativa 
    from
        materia m1_0 
    left join
        unidad_educativa ue1_0 
            on ue1_0.id_unidad_educativa=m1_0.id_unidad_educativa 
    where
        ue1_0.id_unidad_educativa=?
Hibernate: 
    select
        gm1_0.id_grado_materia 
    from
        grado_materia gm1_0 
    where
        gm1_0.id_grado=? 
        and gm1_0.id_materia=? 
        and gm1_0.id_gestion=? 
    fetch
        first ? rows only
Hibernate: 
    insert 
    into
        grado_materia
        (id_gestion, id_grado, id_materia, id_grado_materia) 
    values
        (?, ?, ?, default)
Hibernate: 
    select
        m1_0.id_materia,
        m1_0.nombre,
        m1_0.id_unidad_educativa 
    from
        materia m1_0 
    left join
        unidad_educativa ue1_0 
            on ue1_0.id_unidad_educativa=m1_0.id_unidad_educativa 
    where
        ue1_0.id_unidad_educativa=?
Hibernate: 
    select
        gm1_0.id_grado_materia 
    from
        grado_materia gm1_0 
    where
        gm1_0.id_grado=? 
        and gm1_0.id_materia=? 
        and gm1_0.id_gestion=? 
    fetch
        first ? rows only
Hibernate: 
    insert 
    into
        grado_materia
        (id_gestion, id_grado, id_materia, id_grado_materia) 
    values
        (?, ?, ?, default)
Hibernate: 
    select
        m1_0.id_materia,
        m1_0.nombre,
        m1_0.id_unidad_educativa 
    from
        materia m1_0 
    left join
        unidad_educativa ue1_0 
            on ue1_0.id_unidad_educativa=m1_0.id_unidad_educativa 
    where
        ue1_0.id_unidad_educativa=?
Hibernate: 
    select
        gm1_0.id_grado_materia 
    from
        grado_materia gm1_0 
    where
        gm1_0.id_grado=? 
        and gm1_0.id_materia=? 
        and gm1_0.id_gestion=? 
    fetch
        first ? rows only
Hibernate: 
    insert 
    into
        grado_materia
        (id_gestion, id_grado, id_materia, id_grado_materia) 
    values
        (?, ?, ?, default)
Hibernate: 
    select
        m1_0.id_materia,
        m1_0.nombre,
        m1_0.id_unidad_educativa 
    from
        materia m1_0 
    left join
        unidad_educativa ue1_0 
            on ue1_0.id_unidad_educativa=m1_0.id_unidad_educativa 
    where
        ue1_0.id_unidad_educativa=?
Hibernate: 
    select
        gm1_0.id_grado_materia 
    from
        grado_materia gm1_0 
    where
        gm1_0.id_grado=? 
        and gm1_0.id_materia=? 
        and gm1_0.id_gestion=? 
    fetch
        first ? rows only
Hibernate: 
    insert 
    into
        grado_materia
        (id_gestion, id_grado, id_materia, id_grado_materia) 
    values
        (?, ?, ?, default)
Hibernate: 
    select
        m1_0.id_materia,
        m1_0.nombre,
        m1_0.id_unidad_educativa 
    from
        materia m1_0 
    left join
        unidad_educativa ue1_0 
            on ue1_0.id_unidad_educativa=m1_0.id_unidad_educativa 
    where
        ue1_0.id_unidad_educativa=?
Hibernate: 
    select
        gm1_0.id_grado_materia 
    from
        grado_materia gm1_0 
    where
        gm1_0.id_grado=? 
        and gm1_0.id_materia=? 
        and gm1_0.id_gestion=? 
    fetch
        first ? rows only
Hibernate: 
    insert 
    into
        grado_materia
        (id_gestion, id_grado, id_materia, id_grado_materia) 
    values
        (?, ?, ?, default)
Hibernate: 
    select
        m1_0.id_materia,
        m1_0.nombre,
        m1_0.id_unidad_educativa 
    from
        materia m1_0 
    left join
        unidad_educativa ue1_0 
            on ue1_0.id_unidad_educativa=m1_0.id_unidad_educativa 
    where
        ue1_0.id_unidad_educativa=?
Hibernate: 
    select
        gm1_0.id_grado_materia 
    from
        grado_materia gm1_0 
    where
        gm1_0.id_grado=? 
        and gm1_0.id_materia=? 
        and gm1_0.id_gestion=? 
    fetch
        first ? rows only
Hibernate: 
    insert 
    into
        grado_materia
        (id_gestion, id_grado, id_materia, id_grado_materia) 
    values
        (?, ?, ?, default)
Hibernate: 
    select
        m1_0.id_materia,
        m1_0.nombre,
        m1_0.id_unidad_educativa 
    from
        materia m1_0 
    left join
        unidad_educativa ue1_0 
            on ue1_0.id_unidad_educativa=m1_0.id_unidad_educativa 
    where
        ue1_0.id_unidad_educativa=?
Hibernate: 
    select
        gm1_0.id_grado_materia 
    from
        grado_materia gm1_0 
    where
        gm1_0.id_grado=? 
        and gm1_0.id_materia=? 
        and gm1_0.id_gestion=? 
    fetch
        first ? rows only
Hibernate: 
    insert 
    into
        grado_materia
        (id_gestion, id_grado, id_materia, id_grado_materia) 
    values
        (?, ?, ?, default)
Hibernate: 
    select
        m1_0.id_materia,
        m1_0.nombre,
        m1_0.id_unidad_educativa 
    from
        materia m1_0 
    left join
        unidad_educativa ue1_0 
            on ue1_0.id_unidad_educativa=m1_0.id_unidad_educativa 
    where
        ue1_0.id_unidad_educativa=?
Hibernate: 
    select
        gm1_0.id_grado_materia 
    from
        grado_materia gm1_0 
    where
        gm1_0.id_grado=? 
        and gm1_0.id_materia=? 
        and gm1_0.id_gestion=? 
    fetch
        first ? rows only
Hibernate: 
    insert 
    into
        grado_materia
        (id_gestion, id_grado, id_materia, id_grado_materia) 
    values
        (?, ?, ?, default)
Hibernate: 
    select
        m1_0.id_materia,
        m1_0.nombre,
        m1_0.id_unidad_educativa 
    from
        materia m1_0 
    left join
        unidad_educativa ue1_0 
            on ue1_0.id_unidad_educativa=m1_0.id_unidad_educativa 
    where
        ue1_0.id_unidad_educativa=?
Hibernate: 
    select
        gm1_0.id_grado_materia 
    from
        grado_materia gm1_0 
    where
        gm1_0.id_grado=? 
        and gm1_0.id_materia=? 
        and gm1_0.id_gestion=? 
    fetch
        first ? rows only
Hibernate: 
    insert 
    into
        grado_materia
        (id_gestion, id_grado, id_materia, id_grado_materia) 
    values
        (?, ?, ?, default)
2025-12-21T23:49:49.423-04:00  INFO 21711 --- [unidad-educativa] [           main] c.u.i.s.SchoolInitializationService      : Configuración completada para UE: Unidad Educativa San Andrés
Hibernate: 
    select
        u1_0.id_usuario 
    from
        usuario u1_0 
    where
        u1_0.correo=? 
    fetch
        first ? rows only
Hibernate: 
    select
        r1_0.id_rol,
        r1_0.nombre 
    from
        rol r1_0 
    where
        r1_0.nombre=?
Hibernate: 
    insert 
    into
        usuario
        (apellido_materno, apellido_paterno, ci, contrasena, correo, created_at, estado, fecha_nacimiento, foto_perfil, nombres, id_rol, id_unidad_educativa, updated_at, id_usuario) 
    values
        (?, ?, ?, ?, ?, ?, ?, ?, ?, ?, ?, ?, ?, default)
2025-12-21T23:49:49.525-04:00  INFO 21711 --- [unidad-educativa] [           main] c.u.config.DataInitializer               : Usuario creado: director@gmail.com
Hibernate: 
    select
        d1_0.id_director,
        d1_0.telefono,
        d1_0.id_usuario 
    from
        director d1_0 
    where
        d1_0.id_usuario=?
Hibernate: 
    insert 
    into
        director
        (telefono, id_usuario, id_director) 
    values
        (?, ?, default)
2025-12-21T23:49:49.544-04:00  INFO 21711 --- [unidad-educativa] [           main] c.u.config.DataInitializer               : Director creado y asignado.
Hibernate: 
    select
        u1_0.id_usuario 
    from
        usuario u1_0 
    where
        u1_0.correo=? 
    fetch
        first ? rows only
Hibernate: 
    select
        r1_0.id_rol,
        r1_0.nombre 
    from
        rol r1_0 
    where
        r1_0.nombre=?
Hibernate: 
    insert 
    into
        usuario
        (apellido_materno, apellido_paterno, ci, contrasena, correo, created_at, estado, fecha_nacimiento, foto_perfil, nombres, id_rol, id_unidad_educativa, updated_at, id_usuario) 
    values
        (?, ?, ?, ?, ?, ?, ?, ?, ?, ?, ?, ?, ?, default)
2025-12-21T23:49:49.638-04:00  INFO 21711 --- [unidad-educativa] [           main] c.u.config.DataInitializer               : Usuario creado: secretaria@gmail.com
Hibernate: 
    select
        s1_0.id_secretaria,
        s1_0.telefono,
        s1_0.id_usuario 
    from
        secretaria s1_0 
    where
        s1_0.id_usuario=?
Hibernate: 
    insert 
    into
        secretaria
        (telefono, id_usuario, id_secretaria) 
    values
        (?, ?, default)
2025-12-21T23:49:49.642-04:00  INFO 21711 --- [unidad-educativa] [           main] c.u.config.DataInitializer               : Secretaria creada y asignada.
Hibernate: 
    select
        u1_0.id_usuario 
    from
        usuario u1_0 
    where
        u1_0.correo=? 
    fetch
        first ? rows only
Hibernate: 
    select
        r1_0.id_rol,
        r1_0.nombre 
    from
        rol r1_0 
    where
        r1_0.nombre=?
Hibernate: 
    insert 
    into
        usuario
        (apellido_materno, apellido_paterno, ci, contrasena, correo, created_at, estado, fecha_nacimiento, foto_perfil, nombres, id_rol, id_unidad_educativa, updated_at, id_usuario) 
    values
        (?, ?, ?, ?, ?, ?, ?, ?, ?, ?, ?, ?, ?, default)
2025-12-21T23:49:49.751-04:00  INFO 21711 --- [unidad-educativa] [           main] c.u.config.DataInitializer               : Usuario creado: profesor@gmail.com
Hibernate: 
    select
        p1_0.id_profesor,
        p1_0.profesion,
        p1_0.telefono,
        p1_0.id_usuario 
    from
        profesor p1_0 
    where
        p1_0.id_usuario=?
Hibernate: 
    insert 
    into
        profesor
        (profesion, telefono, id_usuario, id_profesor) 
    values
        (?, ?, ?, default)
2025-12-21T23:49:49.757-04:00  INFO 21711 --- [unidad-educativa] [           main] c.u.config.DataInitializer               : Profesor creado y asignado.
Hibernate: 
    select
        u1_0.id_usuario 
    from
        usuario u1_0 
    where
        u1_0.correo=? 
    fetch
        first ? rows only
Hibernate: 
    select
        r1_0.id_rol,
        r1_0.nombre 
    from
        rol r1_0 
    where
        r1_0.nombre=?
Hibernate: 
    insert 
    into
        usuario
        (apellido_materno, apellido_paterno, ci, contrasena, correo, created_at, estado, fecha_nacimiento, foto_perfil, nombres, id_rol, id_unidad_educativa, updated_at, id_usuario) 
    values
        (?, ?, ?, ?, ?, ?, ?, ?, ?, ?, ?, ?, ?, default)
2025-12-21T23:49:49.847-04:00  INFO 21711 --- [unidad-educativa] [           main] c.u.config.DataInitializer               : Usuario creado: estudiante1@gmail.com
Hibernate: 
    select
        e1_0.id_estudiante,
        e1_0.codigo_rude,
        e1_0.direccion,
        e1_0.nombre_madre,
        e1_0.nombre_padre,
        e1_0.telefono_madre,
        e1_0.telefono_padre,
        e1_0.id_usuario 
    from
        estudiante e1_0 
    where
        e1_0.id_usuario=?
Hibernate: 
    insert 
    into
        estudiante
        (codigo_rude, direccion, nombre_madre, nombre_padre, telefono_madre, telefono_padre, id_usuario, id_estudiante) 
    values
        (?, ?, ?, ?, ?, ?, ?, default)
2025-12-21T23:49:49.852-04:00  INFO 21711 --- [unidad-educativa] [           main] c.u.config.DataInitializer               : Estudiante estudiante1@gmail.com creado con datos completos.
Hibernate: 
    select
        u1_0.id_usuario 
    from
        usuario u1_0 
    where
        u1_0.correo=? 
    fetch
        first ? rows only
Hibernate: 
    select
        r1_0.id_rol,
        r1_0.nombre 
    from
        rol r1_0 
    where
        r1_0.nombre=?
Hibernate: 
    insert 
    into
        usuario
        (apellido_materno, apellido_paterno, ci, contrasena, correo, created_at, estado, fecha_nacimiento, foto_perfil, nombres, id_rol, id_unidad_educativa, updated_at, id_usuario) 
    values
        (?, ?, ?, ?, ?, ?, ?, ?, ?, ?, ?, ?, ?, default)
2025-12-21T23:49:49.941-04:00  INFO 21711 --- [unidad-educativa] [           main] c.u.config.DataInitializer               : Usuario creado: estudiante2@gmail.com
Hibernate: 
    select
        e1_0.id_estudiante,
        e1_0.codigo_rude,
        e1_0.direccion,
        e1_0.nombre_madre,
        e1_0.nombre_padre,
        e1_0.telefono_madre,
        e1_0.telefono_padre,
        e1_0.id_usuario 
    from
        estudiante e1_0 
    where
        e1_0.id_usuario=?
Hibernate: 
    insert 
    into
        estudiante
        (codigo_rude, direccion, nombre_madre, nombre_padre, telefono_madre, telefono_padre, id_usuario, id_estudiante) 
    values
        (?, ?, ?, ?, ?, ?, ?, default)
2025-12-21T23:49:49.944-04:00  INFO 21711 --- [unidad-educativa] [           main] c.u.config.DataInitializer               : Estudiante estudiante2@gmail.com creado con datos completos.
Hibernate: 
    select
        u1_0.id_usuario 
    from
        usuario u1_0 
    where
        u1_0.correo=? 
    fetch
        first ? rows only
Hibernate: 
    select
        r1_0.id_rol,
        r1_0.nombre 
    from
        rol r1_0 
    where
        r1_0.nombre=?
Hibernate: 
    insert 
    into
        usuario
        (apellido_materno, apellido_paterno, ci, contrasena, correo, created_at, estado, fecha_nacimiento, foto_perfil, nombres, id_rol, id_unidad_educativa, updated_at, id_usuario) 
    values
        (?, ?, ?, ?, ?, ?, ?, ?, ?, ?, ?, ?, ?, default)
2025-12-21T23:49:50.032-04:00  INFO 21711 --- [unidad-educativa] [           main] c.u.config.DataInitializer               : Usuario creado: estudiante3@gmail.com
Hibernate: 
    select
        e1_0.id_estudiante,
        e1_0.codigo_rude,
        e1_0.direccion,
        e1_0.nombre_madre,
        e1_0.nombre_padre,
        e1_0.telefono_madre,
        e1_0.telefono_padre,
        e1_0.id_usuario 
    from
        estudiante e1_0 
    where
        e1_0.id_usuario=?
Hibernate: 
    insert 
    into
        estudiante
        (codigo_rude, direccion, nombre_madre, nombre_padre, telefono_madre, telefono_padre, id_usuario, id_estudiante) 
    values
        (?, ?, ?, ?, ?, ?, ?, default)
2025-12-21T23:49:50.036-04:00  INFO 21711 --- [unidad-educativa] [           main] c.u.config.DataInitializer               : Estudiante estudiante3@gmail.com creado con datos completos.
Hibernate: 
    select
        u1_0.id_usuario 
    from
        usuario u1_0 
    where
        u1_0.correo=? 
    fetch
        first ? rows only
Hibernate: 
    select
        r1_0.id_rol,
        r1_0.nombre 
    from
        rol r1_0 
    where
        r1_0.nombre=?
Hibernate: 
    insert 
    into
        usuario
        (apellido_materno, apellido_paterno, ci, contrasena, correo, created_at, estado, fecha_nacimiento, foto_perfil, nombres, id_rol, id_unidad_educativa, updated_at, id_usuario) 
    values
        (?, ?, ?, ?, ?, ?, ?, ?, ?, ?, ?, ?, ?, default)
2025-12-21T23:49:50.127-04:00  INFO 21711 --- [unidad-educativa] [           main] c.u.config.DataInitializer               : Usuario creado: estudiante4@gmail.com
Hibernate: 
    select
        e1_0.id_estudiante,
        e1_0.codigo_rude,
        e1_0.direccion,
        e1_0.nombre_madre,
        e1_0.nombre_padre,
        e1_0.telefono_madre,
        e1_0.telefono_padre,
        e1_0.id_usuario 
    from
        estudiante e1_0 
    where
        e1_0.id_usuario=?
Hibernate: 
    insert 
    into
        estudiante
        (codigo_rude, direccion, nombre_madre, nombre_padre, telefono_madre, telefono_padre, id_usuario, id_estudiante) 
    values
        (?, ?, ?, ?, ?, ?, ?, default)
2025-12-21T23:49:50.130-04:00  INFO 21711 --- [unidad-educativa] [           main] c.u.config.DataInitializer               : Estudiante estudiante4@gmail.com creado con datos completos.
Hibernate: 
    select
        u1_0.id_usuario 
    from
        usuario u1_0 
    where
        u1_0.correo=? 
    fetch
        first ? rows only
Hibernate: 
    select
        r1_0.id_rol,
        r1_0.nombre 
    from
        rol r1_0 
    where
        r1_0.nombre=?
Hibernate: 
    insert 
    into
        usuario
        (apellido_materno, apellido_paterno, ci, contrasena, correo, created_at, estado, fecha_nacimiento, foto_perfil, nombres, id_rol, id_unidad_educativa, updated_at, id_usuario) 
    values
        (?, ?, ?, ?, ?, ?, ?, ?, ?, ?, ?, ?, ?, default)
2025-12-21T23:49:50.217-04:00  INFO 21711 --- [unidad-educativa] [           main] c.u.config.DataInitializer               : Usuario creado: estudiante5@gmail.com
Hibernate: 
    select
        e1_0.id_estudiante,
        e1_0.codigo_rude,
        e1_0.direccion,
        e1_0.nombre_madre,
        e1_0.nombre_padre,
        e1_0.telefono_madre,
        e1_0.telefono_padre,
        e1_0.id_usuario 
    from
        estudiante e1_0 
    where
        e1_0.id_usuario=?
Hibernate: 
    insert 
    into
        estudiante
        (codigo_rude, direccion, nombre_madre, nombre_padre, telefono_madre, telefono_padre, id_usuario, id_estudiante) 
    values
        (?, ?, ?, ?, ?, ?, ?, default)
2025-12-21T23:49:50.220-04:00  INFO 21711 --- [unidad-educativa] [           main] c.u.config.DataInitializer               : Estudiante estudiante5@gmail.com creado con datos completos.
Hibernate: 
    select
        ga1_0.id_gestion,
        ga1_0.anio,
        ga1_0.estado,
        ga1_0.id_unidad_educativa 
    from
        gestion_academica ga1_0 
    left join
        unidad_educativa ue1_0 
            on ue1_0.id_unidad_educativa=ga1_0.id_unidad_educativa 
    where
        ga1_0.anio=? 
        and ue1_0.id_unidad_educativa=?
Hibernate: 
    select
        g1_0.id_grado,
        g1_0.nivel,
        g1_0.nombre 
    from
        grado g1_0 
    where
        g1_0.nivel=?
Hibernate: 
    select
        c1_0.id_curso 
    from
        curso c1_0 
    left join
        grado g1_0 
            on g1_0.id_grado=c1_0.id_grado 
    where
        g1_0.id_grado=? 
        and c1_0.paralelo=? 
        and c1_0.turno=? 
    fetch
        first ? rows only
Hibernate: 
    insert 
    into
        curso
        (id_grado, paralelo, turno, id_curso) 
    values
        (?, ?, ?, default)
2025-12-21T23:49:50.228-04:00  INFO 21711 --- [unidad-educativa] [           main] c.u.config.DataInitializer               : Curso creado: PRIMERO - A
Hibernate: 
    select
        c1_0.id_curso 
    from
        curso c1_0 
    left join
        grado g1_0 
            on g1_0.id_grado=c1_0.id_grado 
    where
        g1_0.id_grado=? 
        and c1_0.paralelo=? 
        and c1_0.turno=? 
    fetch
        first ? rows only
Hibernate: 
    insert 
    into
        curso
        (id_grado, paralelo, turno, id_curso) 
    values
        (?, ?, ?, default)
2025-12-21T23:49:50.230-04:00  INFO 21711 --- [unidad-educativa] [           main] c.u.config.DataInitializer               : Curso creado: SEGUNDO - A
Hibernate: 
    select
        c1_0.id_curso 
    from
        curso c1_0 
    left join
        grado g1_0 
            on g1_0.id_grado=c1_0.id_grado 
    where
        g1_0.id_grado=? 
        and c1_0.paralelo=? 
        and c1_0.turno=? 
    fetch
        first ? rows only
Hibernate: 
    insert 
    into
        curso
        (id_grado, paralelo, turno, id_curso) 
    values
        (?, ?, ?, default)
2025-12-21T23:49:50.232-04:00  INFO 21711 --- [unidad-educativa] [           main] c.u.config.DataInitializer               : Curso creado: TERCERO - A
Hibernate: 
    select
        c1_0.id_curso 
    from
        curso c1_0 
    left join
        grado g1_0 
            on g1_0.id_grado=c1_0.id_grado 
    where
        g1_0.id_grado=? 
        and c1_0.paralelo=? 
        and c1_0.turno=? 
    fetch
        first ? rows only
Hibernate: 
    insert 
    into
        curso
        (id_grado, paralelo, turno, id_curso) 
    values
        (?, ?, ?, default)
2025-12-21T23:49:50.234-04:00  INFO 21711 --- [unidad-educativa] [           main] c.u.config.DataInitializer               : Curso creado: CUARTO - A
Hibernate: 
    select
        c1_0.id_curso 
    from
        curso c1_0 
    left join
        grado g1_0 
            on g1_0.id_grado=c1_0.id_grado 
    where
        g1_0.id_grado=? 
        and c1_0.paralelo=? 
        and c1_0.turno=? 
    fetch
        first ? rows only
Hibernate: 
    insert 
    into
        curso
        (id_grado, paralelo, turno, id_curso) 
    values
        (?, ?, ?, default)
2025-12-21T23:49:50.237-04:00  INFO 21711 --- [unidad-educativa] [           main] c.u.config.DataInitializer               : Curso creado: QUINTO - A
Hibernate: 
    select
        c1_0.id_curso 
    from
        curso c1_0 
    left join
        grado g1_0 
            on g1_0.id_grado=c1_0.id_grado 
    where
        g1_0.id_grado=? 
        and c1_0.paralelo=? 
        and c1_0.turno=? 
    fetch
        first ? rows only
Hibernate: 
    insert 
    into
        curso
        (id_grado, paralelo, turno, id_curso) 
    values
        (?, ?, ?, default)
2025-12-21T23:49:50.239-04:00  INFO 21711 --- [unidad-educativa] [           main] c.u.config.DataInitializer               : Curso creado: SEXTO - A
Hibernate: 
    select
        ga1_0.id_gestion,
        ga1_0.anio,
        ga1_0.estado,
        ga1_0.id_unidad_educativa 
    from
        gestion_academica ga1_0 
    left join
        unidad_educativa ue1_0 
            on ue1_0.id_unidad_educativa=ga1_0.id_unidad_educativa 
    where
        ga1_0.anio=? 
        and ue1_0.id_unidad_educativa=?
Hibernate: 
    select
        c1_0.id_curso,
        c1_0.id_grado,
        c1_0.paralelo,
        c1_0.turno 
    from
        curso c1_0
Hibernate: 
    select
        u1_0.id_usuario,
        u1_0.apellido_materno,
        u1_0.apellido_paterno,
        u1_0.ci,
        u1_0.contrasena,
        u1_0.correo,
        u1_0.created_at,
        u1_0.estado,
        u1_0.fecha_nacimiento,
        u1_0.foto_perfil,
        u1_0.nombres,
        u1_0.id_rol,
        u1_0.id_unidad_educativa,
        u1_0.updated_at 
    from
        usuario u1_0 
    where
        u1_0.correo=?
Hibernate: 
    select
        p1_0.id_profesor,
        p1_0.profesion,
        p1_0.telefono,
        p1_0.id_usuario 
    from
        profesor p1_0 
    where
        p1_0.id_usuario=?
Hibernate: 
    select
        gm1_0.id_grado_materia,
        gm1_0.id_gestion,
        gm1_0.id_grado,
        gm1_0.id_materia 
    from
        grado_materia gm1_0 
    where
        gm1_0.id_grado=? 
        and gm1_0.id_gestion=?
Hibernate: 
    select
        ad1_0.id_asignacion,
        ad1_0.id_curso,
        ad1_0.estado,
        ad1_0.fecha_fin,
        ad1_0.fecha_inicio,
        ad1_0.id_gestion,
        ad1_0.id_materia,
        ad1_0.id_profesor 
    from
        asignacion_docente ad1_0 
    where
        ad1_0.id_profesor=? 
        and ad1_0.id_curso=? 
        and ad1_0.id_materia=?
Hibernate: 
    insert 
    into
        asignacion_docente
        (id_curso, estado, fecha_fin, fecha_inicio, id_gestion, id_materia, id_profesor, id_asignacion) 
    values
        (?, ?, ?, ?, ?, ?, ?, default)
2025-12-21T23:49:50.252-04:00  INFO 21711 --- [unidad-educativa] [           main] c.u.config.DataInitializer               : Asignación docente verificada: Matemáticas en 1ro A
Hibernate: 
    select
        e1_0.id_estudiante,
        e1_0.codigo_rude,
        e1_0.direccion,
        e1_0.nombre_madre,
        e1_0.nombre_padre,
        e1_0.telefono_madre,
        e1_0.telefono_padre,
        e1_0.id_usuario 
    from
        estudiante e1_0
Hibernate: 
    select
        i1_0.id_inscripcion,
        i1_0.id_curso,
        i1_0.estado,
        i1_0.id_estudiante,
        i1_0.fecha_inscripcion,
        i1_0.id_gestion 
    from
        inscripcion i1_0 
    where
        i1_0.id_estudiante=? 
        and i1_0.id_gestion=?
Hibernate: 
    insert 
    into
        inscripcion
        (id_curso, estado, id_estudiante, fecha_inscripcion, id_gestion, id_inscripcion) 
    values
        (?, ?, ?, ?, ?, default)
2025-12-21T23:49:50.262-04:00  INFO 21711 --- [unidad-educativa] [           main] c.u.config.DataInitializer               : Estudiante Estudiante1 inscrito en 1ro A
Hibernate: 
    select
        n1_0.id_nota 
    from
        nota n1_0 
    where
        n1_0.id_estudiante=? 
        and n1_0.id_asignacion=? 
        and n1_0.trimestre=? 
    fetch
        first ? rows only
Hibernate: 
    insert 
    into
        nota
        (id_asignacion, autoevaluacion, decidir, id_estudiante, fecha_registro, hacer, nota_final, saber, ser, trimestre, id_nota) 
    values
        (?, ?, ?, ?, ?, ?, ?, ?, ?, ?, default)
2025-12-21T23:49:50.267-04:00  INFO 21711 --- [unidad-educativa] [           main] c.u.config.DataInitializer               : Nota registrada para Estudiante1
Hibernate: 
    select
        i1_0.id_inscripcion,
        i1_0.id_curso,
        i1_0.estado,
        i1_0.id_estudiante,
        i1_0.fecha_inscripcion,
        i1_0.id_gestion 
    from
        inscripcion i1_0 
    where
        i1_0.id_estudiante=? 
        and i1_0.id_gestion=?
Hibernate: 
    insert 
    into
        inscripcion
        (id_curso, estado, id_estudiante, fecha_inscripcion, id_gestion, id_inscripcion) 
    values
        (?, ?, ?, ?, ?, default)
2025-12-21T23:49:50.269-04:00  INFO 21711 --- [unidad-educativa] [           main] c.u.config.DataInitializer               : Estudiante Estudiante2 inscrito en 1ro A
Hibernate: 
    select
        n1_0.id_nota 
    from
        nota n1_0 
    where
        n1_0.id_estudiante=? 
        and n1_0.id_asignacion=? 
        and n1_0.trimestre=? 
    fetch
        first ? rows only
Hibernate: 
    insert 
    into
        nota
        (id_asignacion, autoevaluacion, decidir, id_estudiante, fecha_registro, hacer, nota_final, saber, ser, trimestre, id_nota) 
    values
        (?, ?, ?, ?, ?, ?, ?, ?, ?, ?, default)
2025-12-21T23:49:50.271-04:00  INFO 21711 --- [unidad-educativa] [           main] c.u.config.DataInitializer               : Nota registrada para Estudiante2
Hibernate: 
    select
        i1_0.id_inscripcion,
        i1_0.id_curso,
        i1_0.estado,
        i1_0.id_estudiante,
        i1_0.fecha_inscripcion,
        i1_0.id_gestion 
    from
        inscripcion i1_0 
    where
        i1_0.id_estudiante=? 
        and i1_0.id_gestion=?
Hibernate: 
    insert 
    into
        inscripcion
        (id_curso, estado, id_estudiante, fecha_inscripcion, id_gestion, id_inscripcion) 
    values
        (?, ?, ?, ?, ?, default)
2025-12-21T23:49:50.273-04:00  INFO 21711 --- [unidad-educativa] [           main] c.u.config.DataInitializer               : Estudiante Estudiante3 inscrito en 1ro A
Hibernate: 
    select
        n1_0.id_nota 
    from
        nota n1_0 
    where
        n1_0.id_estudiante=? 
        and n1_0.id_asignacion=? 
        and n1_0.trimestre=? 
    fetch
        first ? rows only
Hibernate: 
    insert 
    into
        nota
        (id_asignacion, autoevaluacion, decidir, id_estudiante, fecha_registro, hacer, nota_final, saber, ser, trimestre, id_nota) 
    values
        (?, ?, ?, ?, ?, ?, ?, ?, ?, ?, default)
2025-12-21T23:49:50.276-04:00  INFO 21711 --- [unidad-educativa] [           main] c.u.config.DataInitializer               : Nota registrada para Estudiante3
Hibernate: 
    select
        i1_0.id_inscripcion,
        i1_0.id_curso,
        i1_0.estado,
        i1_0.id_estudiante,
        i1_0.fecha_inscripcion,
        i1_0.id_gestion 
    from
        inscripcion i1_0 
    where
        i1_0.id_estudiante=? 
        and i1_0.id_gestion=?
Hibernate: 
    insert 
    into
        inscripcion
        (id_curso, estado, id_estudiante, fecha_inscripcion, id_gestion, id_inscripcion) 
    values
        (?, ?, ?, ?, ?, default)
2025-12-21T23:49:50.278-04:00  INFO 21711 --- [unidad-educativa] [           main] c.u.config.DataInitializer               : Estudiante Estudiante4 inscrito en 1ro A
Hibernate: 
    select
        n1_0.id_nota 
    from
        nota n1_0 
    where
        n1_0.id_estudiante=? 
        and n1_0.id_asignacion=? 
        and n1_0.trimestre=? 
    fetch
        first ? rows only
Hibernate: 
    insert 
    into
        nota
        (id_asignacion, autoevaluacion, decidir, id_estudiante, fecha_registro, hacer, nota_final, saber, ser, trimestre, id_nota) 
    values
        (?, ?, ?, ?, ?, ?, ?, ?, ?, ?, default)
2025-12-21T23:49:50.280-04:00  INFO 21711 --- [unidad-educativa] [           main] c.u.config.DataInitializer               : Nota registrada para Estudiante4
Hibernate: 
    select
        i1_0.id_inscripcion,
        i1_0.id_curso,
        i1_0.estado,
        i1_0.id_estudiante,
        i1_0.fecha_inscripcion,
        i1_0.id_gestion 
    from
        inscripcion i1_0 
    where
        i1_0.id_estudiante=? 
        and i1_0.id_gestion=?
Hibernate: 
    insert 
    into
        inscripcion
        (id_curso, estado, id_estudiante, fecha_inscripcion, id_gestion, id_inscripcion) 
    values
        (?, ?, ?, ?, ?, default)
2025-12-21T23:49:50.282-04:00  INFO 21711 --- [unidad-educativa] [           main] c.u.config.DataInitializer               : Estudiante Estudiante5 inscrito en 1ro A
Hibernate: 
    select
        n1_0.id_nota 
    from
        nota n1_0 
    where
        n1_0.id_estudiante=? 
        and n1_0.id_asignacion=? 
        and n1_0.trimestre=? 
    fetch
        first ? rows only
Hibernate: 
    insert 
    into
        nota
        (id_asignacion, autoevaluacion, decidir, id_estudiante, fecha_registro, hacer, nota_final, saber, ser, trimestre, id_nota) 
    values
        (?, ?, ?, ?, ?, ?, ?, ?, ?, ?, default)
2025-12-21T23:49:50.284-04:00  INFO 21711 --- [unidad-educativa] [           main] c.u.config.DataInitializer               : Nota registrada para Estudiante5
Hibernate: 
    select
        ga1_0.id_gestion,
        ga1_0.anio,
        ga1_0.estado,
        ga1_0.id_unidad_educativa 
    from
        gestion_academica ga1_0 
    left join
        unidad_educativa ue1_0 
            on ue1_0.id_unidad_educativa=ga1_0.id_unidad_educativa 
    where
        ga1_0.anio=? 
        and ue1_0.id_unidad_educativa=?
Hibernate: 
    select
        tp1_0.id_tipo_pago,
        tp1_0.fecha_limite,
        tp1_0.id_gestion,
        tp1_0.monto_defecto,
        tp1_0.nombre,
        tp1_0.id_unidad_educativa 
    from
        tipo_pago tp1_0 
    where
        tp1_0.nombre=?
Hibernate: 
    insert 
    into
        tipo_pago
        (fecha_limite, id_gestion, monto_defecto, nombre, id_unidad_educativa, id_tipo_pago) 
    values
        (?, ?, ?, ?, ?, default)
Hibernate: 
    select
        e1_0.id_estudiante,
        e1_0.codigo_rude,
        e1_0.direccion,
        e1_0.nombre_madre,
        e1_0.nombre_padre,
        e1_0.telefono_madre,
        e1_0.telefono_padre,
        e1_0.id_usuario 
    from
        estudiante e1_0
Hibernate: 
    select
        cc1_0.id_cuenta_cobrar 
    from
        cuenta_cobrar cc1_0 
    where
        cc1_0.id_estudiante=? 
        and cc1_0.id_tipo_pago=? 
    fetch
        first ? rows only
Hibernate: 
    insert 
    into
        cuenta_cobrar
        (estado, id_estudiante, fecha_vencimiento, monto, saldo_pendiente, id_tipo_pago, id_cuenta_cobrar) 
    values
        (?, ?, ?, ?, ?, ?, default)
2025-12-21T23:49:50.294-04:00  INFO 21711 --- [unidad-educativa] [           main] c.u.config.DataInitializer               : Deuda generada para Estudiante1
Hibernate: 
    select
        cc1_0.id_cuenta_cobrar 
    from
        cuenta_cobrar cc1_0 
    where
        cc1_0.id_estudiante=? 
        and cc1_0.id_tipo_pago=? 
    fetch
        first ? rows only
Hibernate: 
    insert 
    into
        cuenta_cobrar
        (estado, id_estudiante, fecha_vencimiento, monto, saldo_pendiente, id_tipo_pago, id_cuenta_cobrar) 
    values
        (?, ?, ?, ?, ?, ?, default)
2025-12-21T23:49:50.296-04:00  INFO 21711 --- [unidad-educativa] [           main] c.u.config.DataInitializer               : Deuda generada para Estudiante2
Hibernate: 
    select
        cc1_0.id_cuenta_cobrar 
    from
        cuenta_cobrar cc1_0 
    where
        cc1_0.id_estudiante=? 
        and cc1_0.id_tipo_pago=? 
    fetch
        first ? rows only
Hibernate: 
    insert 
    into
        cuenta_cobrar
        (estado, id_estudiante, fecha_vencimiento, monto, saldo_pendiente, id_tipo_pago, id_cuenta_cobrar) 
    values
        (?, ?, ?, ?, ?, ?, default)
2025-12-21T23:49:50.298-04:00  INFO 21711 --- [unidad-educativa] [           main] c.u.config.DataInitializer               : Deuda generada para Estudiante3
Hibernate: 
    select
        cc1_0.id_cuenta_cobrar 
    from
        cuenta_cobrar cc1_0 
    where
        cc1_0.id_estudiante=? 
        and cc1_0.id_tipo_pago=? 
    fetch
        first ? rows only
Hibernate: 
    insert 
    into
        cuenta_cobrar
        (estado, id_estudiante, fecha_vencimiento, monto, saldo_pendiente, id_tipo_pago, id_cuenta_cobrar) 
    values
        (?, ?, ?, ?, ?, ?, default)
2025-12-21T23:49:50.300-04:00  INFO 21711 --- [unidad-educativa] [           main] c.u.config.DataInitializer               : Deuda generada para Estudiante4
Hibernate: 
    select
        cc1_0.id_cuenta_cobrar 
    from
        cuenta_cobrar cc1_0 
    where
        cc1_0.id_estudiante=? 
        and cc1_0.id_tipo_pago=? 
    fetch
        first ? rows only
Hibernate: 
    insert 
    into
        cuenta_cobrar
        (estado, id_estudiante, fecha_vencimiento, monto, saldo_pendiente, id_tipo_pago, id_cuenta_cobrar) 
    values
        (?, ?, ?, ?, ?, ?, default)
2025-12-21T23:49:50.303-04:00  INFO 21711 --- [unidad-educativa] [           main] c.u.config.DataInitializer               : Deuda generada para Estudiante5
2025-12-21T23:49:50.308-04:00  INFO 21711 --- [unidad-educativa] [           main] c.u.config.DataInitializer               : Inicialización completada exitosamente.
Hibernate: 
    select
        count(*) 
    from
        estudiante e1_0
2025-12-21T23:49:50.310-04:00  INFO 21711 --- [unidad-educativa] [           main] c.unidadeducativa.config.DemoDataSeeder  : INICIANDO SEEDING DE DATOS MASIVOS PARA DEMO...
Hibernate: 
    select
        ue1_0.id_unidad_educativa,
        ue1_0.direccion,
        ue1_0.estado,
        ue1_0.logo_url,
        ue1_0.nombre,
        ue1_0.sie 
    from
        unidad_educativa ue1_0
Hibernate: 
    select
        ga1_0.id_gestion,
        ga1_0.anio,
        ga1_0.estado,
        ga1_0.id_unidad_educativa 
    from
        gestion_academica ga1_0 
    left join
        unidad_educativa ue1_0 
            on ue1_0.id_unidad_educativa=ga1_0.id_unidad_educativa 
    where
        ga1_0.anio=? 
        and ue1_0.id_unidad_educativa=?
Hibernate: 
    select
        r1_0.id_rol,
        r1_0.nombre 
    from
        rol r1_0 
    where
        r1_0.nombre=?
Hibernate: 
    select
        g1_0.id_grado,
        g1_0.nivel,
        g1_0.nombre 
    from
        grado g1_0
Hibernate: 
    select
        c1_0.id_curso 
    from
        curso c1_0 
    left join
        grado g1_0 
            on g1_0.id_grado=c1_0.id_grado 
    where
        g1_0.id_grado=? 
        and c1_0.paralelo=? 
        and c1_0.turno=? 
    fetch
        first ? rows only
Hibernate: 
    insert 
    into
        curso
        (id_grado, paralelo, turno, id_curso) 
    values
        (?, ?, ?, default)
Hibernate: 
    select
        c1_0.id_curso 
    from
        curso c1_0 
    left join
        grado g1_0 
            on g1_0.id_grado=c1_0.id_grado 
    where
        g1_0.id_grado=? 
        and c1_0.paralelo=? 
        and c1_0.turno=? 
    fetch
        first ? rows only
Hibernate: 
    select
        c1_0.id_curso 
    from
        curso c1_0 
    left join
        grado g1_0 
            on g1_0.id_grado=c1_0.id_grado 
    where
        g1_0.id_grado=? 
        and c1_0.paralelo=? 
        and c1_0.turno=? 
    fetch
        first ? rows only
Hibernate: 
    insert 
    into
        curso
        (id_grado, paralelo, turno, id_curso) 
    values
        (?, ?, ?, default)
Hibernate: 
    select
        c1_0.id_curso 
    from
        curso c1_0 
    left join
        grado g1_0 
            on g1_0.id_grado=c1_0.id_grado 
    where
        g1_0.id_grado=? 
        and c1_0.paralelo=? 
        and c1_0.turno=? 
    fetch
        first ? rows only
Hibernate: 
    select
        c1_0.id_curso 
    from
        curso c1_0 
    left join
        grado g1_0 
            on g1_0.id_grado=c1_0.id_grado 
    where
        g1_0.id_grado=? 
        and c1_0.paralelo=? 
        and c1_0.turno=? 
    fetch
        first ? rows only
Hibernate: 
    insert 
    into
        curso
        (id_grado, paralelo, turno, id_curso) 
    values
        (?, ?, ?, default)
Hibernate: 
    select
        c1_0.id_curso 
    from
        curso c1_0 
    left join
        grado g1_0 
            on g1_0.id_grado=c1_0.id_grado 
    where
        g1_0.id_grado=? 
        and c1_0.paralelo=? 
        and c1_0.turno=? 
    fetch
        first ? rows only
Hibernate: 
    select
        c1_0.id_curso 
    from
        curso c1_0 
    left join
        grado g1_0 
            on g1_0.id_grado=c1_0.id_grado 
    where
        g1_0.id_grado=? 
        and c1_0.paralelo=? 
        and c1_0.turno=? 
    fetch
        first ? rows only
Hibernate: 
    insert 
    into
        curso
        (id_grado, paralelo, turno, id_curso) 
    values
        (?, ?, ?, default)
Hibernate: 
    select
        c1_0.id_curso 
    from
        curso c1_0 
    left join
        grado g1_0 
            on g1_0.id_grado=c1_0.id_grado 
    where
        g1_0.id_grado=? 
        and c1_0.paralelo=? 
        and c1_0.turno=? 
    fetch
        first ? rows only
Hibernate: 
    select
        c1_0.id_curso 
    from
        curso c1_0 
    left join
        grado g1_0 
            on g1_0.id_grado=c1_0.id_grado 
    where
        g1_0.id_grado=? 
        and c1_0.paralelo=? 
        and c1_0.turno=? 
    fetch
        first ? rows only
Hibernate: 
    insert 
    into
        curso
        (id_grado, paralelo, turno, id_curso) 
    values
        (?, ?, ?, default)
Hibernate: 
    select
        c1_0.id_curso 
    from
        curso c1_0 
    left join
        grado g1_0 
            on g1_0.id_grado=c1_0.id_grado 
    where
        g1_0.id_grado=? 
        and c1_0.paralelo=? 
        and c1_0.turno=? 
    fetch
        first ? rows only
Hibernate: 
    select
        c1_0.id_curso 
    from
        curso c1_0 
    left join
        grado g1_0 
            on g1_0.id_grado=c1_0.id_grado 
    where
        g1_0.id_grado=? 
        and c1_0.paralelo=? 
        and c1_0.turno=? 
    fetch
        first ? rows only
Hibernate: 
    insert 
    into
        curso
        (id_grado, paralelo, turno, id_curso) 
    values
        (?, ?, ?, default)
Hibernate: 
    select
        c1_0.id_curso 
    from
        curso c1_0 
    left join
        grado g1_0 
            on g1_0.id_grado=c1_0.id_grado 
    where
        g1_0.id_grado=? 
        and c1_0.paralelo=? 
        and c1_0.turno=? 
    fetch
        first ? rows only
Hibernate: 
    select
        c1_0.id_curso,
        c1_0.id_grado,
        c1_0.paralelo,
        c1_0.turno 
    from
        curso c1_0
Hibernate: 
    select
        g1_0.id_grado,
        g1_0.nivel,
        g1_0.nombre 
    from
        grado g1_0 
    where
        g1_0.id_grado=?
Hibernate: 
    select
        g1_0.id_grado,
        g1_0.nivel,
        g1_0.nombre 
    from
        grado g1_0 
    where
        g1_0.id_grado=?
Hibernate: 
    select
        g1_0.id_grado,
        g1_0.nivel,
        g1_0.nombre 
    from
        grado g1_0 
    where
        g1_0.id_grado=?
Hibernate: 
    select
        g1_0.id_grado,
        g1_0.nivel,
        g1_0.nombre 
    from
        grado g1_0 
    where
        g1_0.id_grado=?
Hibernate: 
    select
        g1_0.id_grado,
        g1_0.nivel,
        g1_0.nombre 
    from
        grado g1_0 
    where
        g1_0.id_grado=?
Hibernate: 
    select
        g1_0.id_grado,
        g1_0.nivel,
        g1_0.nombre 
    from
        grado g1_0 
    where
        g1_0.id_grado=?
Hibernate: 
    select
        g1_0.id_grado,
        g1_0.nivel,
        g1_0.nombre 
    from
        grado g1_0 
    where
        g1_0.id_grado=?
Hibernate: 
    select
        g1_0.id_grado,
        g1_0.nivel,
        g1_0.nombre 
    from
        grado g1_0 
    where
        g1_0.id_grado=?
Hibernate: 
    select
        g1_0.id_grado,
        g1_0.nivel,
        g1_0.nombre 
    from
        grado g1_0 
    where
        g1_0.id_grado=?
Hibernate: 
    select
        g1_0.id_grado,
        g1_0.nivel,
        g1_0.nombre 
    from
        grado g1_0 
    where
        g1_0.id_grado=?
Hibernate: 
    select
        g1_0.id_grado,
        g1_0.nivel,
        g1_0.nombre 
    from
        grado g1_0 
    where
        g1_0.id_grado=?
Hibernate: 
    select
        g1_0.id_grado,
        g1_0.nivel,
        g1_0.nombre 
    from
        grado g1_0 
    where
        g1_0.id_grado=?
Hibernate: 
    select
        u1_0.id_usuario 
    from
        usuario u1_0 
    where
        u1_0.correo=? 
    fetch
        first ? rows only
Hibernate: 
    select
        r1_0.id_rol,
        r1_0.nombre 
    from
        rol r1_0 
    where
        r1_0.nombre=?
Hibernate: 
    insert 
    into
        usuario
        (apellido_materno, apellido_paterno, ci, contrasena, correo, created_at, estado, fecha_nacimiento, foto_perfil, nombres, id_rol, id_unidad_educativa, updated_at, id_usuario) 
    values
        (?, ?, ?, ?, ?, ?, ?, ?, ?, ?, ?, ?, ?, default)
Hibernate: 
    insert 
    into
        profesor
        (profesion, telefono, id_usuario, id_profesor) 
    values
        (?, ?, ?, default)
Hibernate: 
    select
        u1_0.id_usuario 
    from
        usuario u1_0 
    where
        u1_0.correo=? 
    fetch
        first ? rows only
Hibernate: 
    select
        r1_0.id_rol,
        r1_0.nombre 
    from
        rol r1_0 
    where
        r1_0.nombre=?
Hibernate: 
    insert 
    into
        usuario
        (apellido_materno, apellido_paterno, ci, contrasena, correo, created_at, estado, fecha_nacimiento, foto_perfil, nombres, id_rol, id_unidad_educativa, updated_at, id_usuario) 
    values
        (?, ?, ?, ?, ?, ?, ?, ?, ?, ?, ?, ?, ?, default)
Hibernate: 
    insert 
    into
        profesor
        (profesion, telefono, id_usuario, id_profesor) 
    values
        (?, ?, ?, default)
Hibernate: 
    select
        p1_0.id_profesor,
        p1_0.profesion,
        p1_0.telefono,
        p1_0.id_usuario 
    from
        profesor p1_0
Hibernate: 
    select
        u1_0.id_usuario,
        u1_0.apellido_materno,
        u1_0.apellido_paterno,
        u1_0.ci,
        u1_0.contrasena,
        u1_0.correo,
        u1_0.created_at,
        u1_0.estado,
        u1_0.fecha_nacimiento,
        u1_0.foto_perfil,
        u1_0.nombres,
        u1_0.id_rol,
        r1_0.id_rol,
        r1_0.nombre,
        ue1_0.id_unidad_educativa,
        ue1_0.direccion,
        ue1_0.estado,
        ue1_0.logo_url,
        ue1_0.nombre,
        ue1_0.sie,
        u1_0.updated_at 
    from
        usuario u1_0 
    join
        rol r1_0 
            on r1_0.id_rol=u1_0.id_rol 
    left join
        unidad_educativa ue1_0 
            on ue1_0.id_unidad_educativa=u1_0.id_unidad_educativa 
    where
        u1_0.id_usuario=?
Hibernate: 
    select
        u1_0.id_usuario,
        u1_0.apellido_materno,
        u1_0.apellido_paterno,
        u1_0.ci,
        u1_0.contrasena,
        u1_0.correo,
        u1_0.created_at,
        u1_0.estado,
        u1_0.fecha_nacimiento,
        u1_0.foto_perfil,
        u1_0.nombres,
        u1_0.id_rol,
        r1_0.id_rol,
        r1_0.nombre,
        ue1_0.id_unidad_educativa,
        ue1_0.direccion,
        ue1_0.estado,
        ue1_0.logo_url,
        ue1_0.nombre,
        ue1_0.sie,
        u1_0.updated_at 
    from
        usuario u1_0 
    join
        rol r1_0 
            on r1_0.id_rol=u1_0.id_rol 
    left join
        unidad_educativa ue1_0 
            on ue1_0.id_unidad_educativa=u1_0.id_unidad_educativa 
    where
        u1_0.id_usuario=?
Hibernate: 
    select
        u1_0.id_usuario,
        u1_0.apellido_materno,
        u1_0.apellido_paterno,
        u1_0.ci,
        u1_0.contrasena,
        u1_0.correo,
        u1_0.created_at,
        u1_0.estado,
        u1_0.fecha_nacimiento,
        u1_0.foto_perfil,
        u1_0.nombres,
        u1_0.id_rol,
        r1_0.id_rol,
        r1_0.nombre,
        ue1_0.id_unidad_educativa,
        ue1_0.direccion,
        ue1_0.estado,
        ue1_0.logo_url,
        ue1_0.nombre,
        ue1_0.sie,
        u1_0.updated_at 
    from
        usuario u1_0 
    join
        rol r1_0 
            on r1_0.id_rol=u1_0.id_rol 
    left join
        unidad_educativa ue1_0 
            on ue1_0.id_unidad_educativa=u1_0.id_unidad_educativa 
    where
        u1_0.id_usuario=?
2025-12-21T23:49:50.576-04:00  INFO 21711 --- [unidad-educativa] [           main] c.unidadeducativa.config.DemoDataSeeder  : Poblando curso: PRIMARIA PRIMERO A
Hibernate: 
    select
        m1_0.id_materia,
        m1_0.nombre,
        m1_0.id_unidad_educativa 
    from
        materia m1_0
Hibernate: 
    select
        ad1_0.id_asignacion,
        ad1_0.id_curso,
        ad1_0.estado,
        ad1_0.fecha_fin,
        ad1_0.fecha_inicio,
        ad1_0.id_gestion,
        ad1_0.id_materia,
        ad1_0.id_profesor 
    from
        asignacion_docente ad1_0 
    where
        ad1_0.id_profesor=? 
        and ad1_0.id_curso=? 
        and ad1_0.id_materia=?
Hibernate: 
    insert 
    into
        asignacion_docente
        (id_curso, estado, fecha_fin, fecha_inicio, id_gestion, id_materia, id_profesor, id_asignacion) 
    values
        (?, ?, ?, ?, ?, ?, ?, default)
Hibernate: 
    select
        u1_0.id_usuario 
    from
        usuario u1_0 
    where
        u1_0.correo=? 
    fetch
        first ? rows only
Hibernate: 
    insert 
    into
        usuario
        (apellido_materno, apellido_paterno, ci, contrasena, correo, created_at, estado, fecha_nacimiento, foto_perfil, nombres, id_rol, id_unidad_educativa, updated_at, id_usuario) 
    values
        (?, ?, ?, ?, ?, ?, ?, ?, ?, ?, ?, ?, ?, default)
Hibernate: 
    insert 
    into
        estudiante
        (codigo_rude, direccion, nombre_madre, nombre_padre, telefono_madre, telefono_padre, id_usuario, id_estudiante) 
    values
        (?, ?, ?, ?, ?, ?, ?, default)
Hibernate: 
    insert 
    into
        inscripcion
        (id_curso, estado, id_estudiante, fecha_inscripcion, id_gestion, id_inscripcion) 
    values
        (?, ?, ?, ?, ?, default)
Hibernate: 
    select
        tp1_0.id_tipo_pago,
        tp1_0.fecha_limite,
        tp1_0.id_gestion,
        tp1_0.monto_defecto,
        tp1_0.nombre,
        tp1_0.id_unidad_educativa 
    from
        tipo_pago tp1_0
Hibernate: 
    insert 
    into
        cuenta_cobrar
        (estado, id_estudiante, fecha_vencimiento, monto, saldo_pendiente, id_tipo_pago, id_cuenta_cobrar) 
    values
        (?, ?, ?, ?, ?, ?, default)
Hibernate: 
    select
        u1_0.id_usuario,
        u1_0.apellido_materno,
        u1_0.apellido_paterno,
        u1_0.ci,
        u1_0.contrasena,
        u1_0.correo,
        u1_0.created_at,
        u1_0.estado,
        u1_0.fecha_nacimiento,
        u1_0.foto_perfil,
        u1_0.nombres,
        u1_0.id_rol,
        u1_0.id_unidad_educativa,
        u1_0.updated_at 
    from
        usuario u1_0
Hibernate: 
    select
        r1_0.id_rol,
        r1_0.nombre 
    from
        rol r1_0 
    where
        r1_0.id_rol=?
Hibernate: 
    select
        ue1_0.id_unidad_educativa,
        ue1_0.direccion,
        ue1_0.estado,
        ue1_0.logo_url,
        ue1_0.nombre,
        ue1_0.sie 
    from
        unidad_educativa ue1_0 
    where
        ue1_0.id_unidad_educativa=?
Hibernate: 
    select
        r1_0.id_rol,
        r1_0.nombre 
    from
        rol r1_0 
    where
        r1_0.id_rol=?
Hibernate: 
    select
        r1_0.id_rol,
        r1_0.nombre 
    from
        rol r1_0 
    where
        r1_0.id_rol=?
Hibernate: 
    select
        r1_0.id_rol,
        r1_0.nombre 
    from
        rol r1_0 
    where
        r1_0.id_rol=?
Hibernate: 
    insert 
    into
        pago
        (id_cajero, id_cuenta_cobrar, fecha_pago, metodo_pago, monto_pagado, numero_recibo, observaciones, id_pago) 
    values
        (?, ?, ?, ?, ?, ?, ?, default)
Hibernate: 
    select
        u1_0.id_usuario 
    from
        usuario u1_0 
    where
        u1_0.correo=? 
    fetch
        first ? rows only
Hibernate: 
    insert 
    into
        usuario
        (apellido_materno, apellido_paterno, ci, contrasena, correo, created_at, estado, fecha_nacimiento, foto_perfil, nombres, id_rol, id_unidad_educativa, updated_at, id_usuario) 
    values
        (?, ?, ?, ?, ?, ?, ?, ?, ?, ?, ?, ?, ?, default)
Hibernate: 
    insert 
    into
        estudiante
        (codigo_rude, direccion, nombre_madre, nombre_padre, telefono_madre, telefono_padre, id_usuario, id_estudiante) 
    values
        (?, ?, ?, ?, ?, ?, ?, default)
Hibernate: 
    insert 
    into
        inscripcion
        (id_curso, estado, id_estudiante, fecha_inscripcion, id_gestion, id_inscripcion) 
    values
        (?, ?, ?, ?, ?, default)
Hibernate: 
    select
        tp1_0.id_tipo_pago,
        tp1_0.fecha_limite,
        tp1_0.id_gestion,
        tp1_0.monto_defecto,
        tp1_0.nombre,
        tp1_0.id_unidad_educativa 
    from
        tipo_pago tp1_0
Hibernate: 
    insert 
    into
        cuenta_cobrar
        (estado, id_estudiante, fecha_vencimiento, monto, saldo_pendiente, id_tipo_pago, id_cuenta_cobrar) 
    values
        (?, ?, ?, ?, ?, ?, default)
Hibernate: 
    select
        u1_0.id_usuario,
        u1_0.apellido_materno,
        u1_0.apellido_paterno,
        u1_0.ci,
        u1_0.contrasena,
        u1_0.correo,
        u1_0.created_at,
        u1_0.estado,
        u1_0.fecha_nacimiento,
        u1_0.foto_perfil,
        u1_0.nombres,
        u1_0.id_rol,
        u1_0.id_unidad_educativa,
        u1_0.updated_at 
    from
        usuario u1_0
Hibernate: 
    select
        r1_0.id_rol,
        r1_0.nombre 
    from
        rol r1_0 
    where
        r1_0.id_rol=?
Hibernate: 
    select
        ue1_0.id_unidad_educativa,
        ue1_0.direccion,
        ue1_0.estado,
        ue1_0.logo_url,
        ue1_0.nombre,
        ue1_0.sie 
    from
        unidad_educativa ue1_0 
    where
        ue1_0.id_unidad_educativa=?
Hibernate: 
    select
        r1_0.id_rol,
        r1_0.nombre 
    from
        rol r1_0 
    where
        r1_0.id_rol=?
Hibernate: 
    select
        r1_0.id_rol,
        r1_0.nombre 
    from
        rol r1_0 
    where
        r1_0.id_rol=?
Hibernate: 
    select
        r1_0.id_rol,
        r1_0.nombre 
    from
        rol r1_0 
    where
        r1_0.id_rol=?
Hibernate: 
    insert 
    into
        pago
        (id_cajero, id_cuenta_cobrar, fecha_pago, metodo_pago, monto_pagado, numero_recibo, observaciones, id_pago) 
    values
        (?, ?, ?, ?, ?, ?, ?, default)
Hibernate: 
    select
        u1_0.id_usuario 
    from
        usuario u1_0 
    where
        u1_0.correo=? 
    fetch
        first ? rows only
Hibernate: 
    insert 
    into
        usuario
        (apellido_materno, apellido_paterno, ci, contrasena, correo, created_at, estado, fecha_nacimiento, foto_perfil, nombres, id_rol, id_unidad_educativa, updated_at, id_usuario) 
    values
        (?, ?, ?, ?, ?, ?, ?, ?, ?, ?, ?, ?, ?, default)
Hibernate: 
    insert 
    into
        estudiante
        (codigo_rude, direccion, nombre_madre, nombre_padre, telefono_madre, telefono_padre, id_usuario, id_estudiante) 
    values
        (?, ?, ?, ?, ?, ?, ?, default)
Hibernate: 
    insert 
    into
        inscripcion
        (id_curso, estado, id_estudiante, fecha_inscripcion, id_gestion, id_inscripcion) 
    values
        (?, ?, ?, ?, ?, default)
Hibernate: 
    select
        tp1_0.id_tipo_pago,
        tp1_0.fecha_limite,
        tp1_0.id_gestion,
        tp1_0.monto_defecto,
        tp1_0.nombre,
        tp1_0.id_unidad_educativa 
    from
        tipo_pago tp1_0
Hibernate: 
    insert 
    into
        cuenta_cobrar
        (estado, id_estudiante, fecha_vencimiento, monto, saldo_pendiente, id_tipo_pago, id_cuenta_cobrar) 
    values
        (?, ?, ?, ?, ?, ?, default)
Hibernate: 
    select
        u1_0.id_usuario,
        u1_0.apellido_materno,
        u1_0.apellido_paterno,
        u1_0.ci,
        u1_0.contrasena,
        u1_0.correo,
        u1_0.created_at,
        u1_0.estado,
        u1_0.fecha_nacimiento,
        u1_0.foto_perfil,
        u1_0.nombres,
        u1_0.id_rol,
        u1_0.id_unidad_educativa,
        u1_0.updated_at 
    from
        usuario u1_0
Hibernate: 
    select
        r1_0.id_rol,
        r1_0.nombre 
    from
        rol r1_0 
    where
        r1_0.id_rol=?
Hibernate: 
    select
        ue1_0.id_unidad_educativa,
        ue1_0.direccion,
        ue1_0.estado,
        ue1_0.logo_url,
        ue1_0.nombre,
        ue1_0.sie 
    from
        unidad_educativa ue1_0 
    where
        ue1_0.id_unidad_educativa=?
Hibernate: 
    select
        r1_0.id_rol,
        r1_0.nombre 
    from
        rol r1_0 
    where
        r1_0.id_rol=?
Hibernate: 
    select
        r1_0.id_rol,
        r1_0.nombre 
    from
        rol r1_0 
    where
        r1_0.id_rol=?
Hibernate: 
    select
        r1_0.id_rol,
        r1_0.nombre 
    from
        rol r1_0 
    where
        r1_0.id_rol=?
Hibernate: 
    insert 
    into
        pago
        (id_cajero, id_cuenta_cobrar, fecha_pago, metodo_pago, monto_pagado, numero_recibo, observaciones, id_pago) 
    values
        (?, ?, ?, ?, ?, ?, ?, default)
2025-12-21T23:49:50.882-04:00  INFO 21711 --- [unidad-educativa] [           main] c.unidadeducativa.config.DemoDataSeeder  : Poblando curso: SECUNDARIA PRIMERO A
Hibernate: 
    select
        m1_0.id_materia,
        m1_0.nombre,
        m1_0.id_unidad_educativa 
    from
        materia m1_0
Hibernate: 
    select
        ad1_0.id_asignacion,
        ad1_0.id_curso,
        ad1_0.estado,
        ad1_0.fecha_fin,
        ad1_0.fecha_inicio,
        ad1_0.id_gestion,
        ad1_0.id_materia,
        ad1_0.id_profesor 
    from
        asignacion_docente ad1_0 
    where
        ad1_0.id_profesor=? 
        and ad1_0.id_curso=? 
        and ad1_0.id_materia=?
Hibernate: 
    insert 
    into
        asignacion_docente
        (id_curso, estado, fecha_fin, fecha_inicio, id_gestion, id_materia, id_profesor, id_asignacion) 
    values
        (?, ?, ?, ?, ?, ?, ?, default)
Hibernate: 
    select
        u1_0.id_usuario 
    from
        usuario u1_0 
    where
        u1_0.correo=? 
    fetch
        first ? rows only
Hibernate: 
    insert 
    into
        usuario
        (apellido_materno, apellido_paterno, ci, contrasena, correo, created_at, estado, fecha_nacimiento, foto_perfil, nombres, id_rol, id_unidad_educativa, updated_at, id_usuario) 
    values
        (?, ?, ?, ?, ?, ?, ?, ?, ?, ?, ?, ?, ?, default)
Hibernate: 
    insert 
    into
        estudiante
        (codigo_rude, direccion, nombre_madre, nombre_padre, telefono_madre, telefono_padre, id_usuario, id_estudiante) 
    values
        (?, ?, ?, ?, ?, ?, ?, default)
Hibernate: 
    insert 
    into
        inscripcion
        (id_curso, estado, id_estudiante, fecha_inscripcion, id_gestion, id_inscripcion) 
    values
        (?, ?, ?, ?, ?, default)
Hibernate: 
    select
        tp1_0.id_tipo_pago,
        tp1_0.fecha_limite,
        tp1_0.id_gestion,
        tp1_0.monto_defecto,
        tp1_0.nombre,
        tp1_0.id_unidad_educativa 
    from
        tipo_pago tp1_0
Hibernate: 
    insert 
    into
        cuenta_cobrar
        (estado, id_estudiante, fecha_vencimiento, monto, saldo_pendiente, id_tipo_pago, id_cuenta_cobrar) 
    values
        (?, ?, ?, ?, ?, ?, default)
Hibernate: 
    select
        u1_0.id_usuario,
        u1_0.apellido_materno,
        u1_0.apellido_paterno,
        u1_0.ci,
        u1_0.contrasena,
        u1_0.correo,
        u1_0.created_at,
        u1_0.estado,
        u1_0.fecha_nacimiento,
        u1_0.foto_perfil,
        u1_0.nombres,
        u1_0.id_rol,
        u1_0.id_unidad_educativa,
        u1_0.updated_at 
    from
        usuario u1_0
Hibernate: 
    select
        r1_0.id_rol,
        r1_0.nombre 
    from
        rol r1_0 
    where
        r1_0.id_rol=?
Hibernate: 
    select
        ue1_0.id_unidad_educativa,
        ue1_0.direccion,
        ue1_0.estado,
        ue1_0.logo_url,
        ue1_0.nombre,
        ue1_0.sie 
    from
        unidad_educativa ue1_0 
    where
        ue1_0.id_unidad_educativa=?
Hibernate: 
    select
        r1_0.id_rol,
        r1_0.nombre 
    from
        rol r1_0 
    where
        r1_0.id_rol=?
Hibernate: 
    select
        r1_0.id_rol,
        r1_0.nombre 
    from
        rol r1_0 
    where
        r1_0.id_rol=?
Hibernate: 
    select
        r1_0.id_rol,
        r1_0.nombre 
    from
        rol r1_0 
    where
        r1_0.id_rol=?
Hibernate: 
    insert 
    into
        pago
        (id_cajero, id_cuenta_cobrar, fecha_pago, metodo_pago, monto_pagado, numero_recibo, observaciones, id_pago) 
    values
        (?, ?, ?, ?, ?, ?, ?, default)
Hibernate: 
    select
        u1_0.id_usuario 
    from
        usuario u1_0 
    where
        u1_0.correo=? 
    fetch
        first ? rows only
Hibernate: 
    insert 
    into
        usuario
        (apellido_materno, apellido_paterno, ci, contrasena, correo, created_at, estado, fecha_nacimiento, foto_perfil, nombres, id_rol, id_unidad_educativa, updated_at, id_usuario) 
    values
        (?, ?, ?, ?, ?, ?, ?, ?, ?, ?, ?, ?, ?, default)
Hibernate: 
    insert 
    into
        estudiante
        (codigo_rude, direccion, nombre_madre, nombre_padre, telefono_madre, telefono_padre, id_usuario, id_estudiante) 
    values
        (?, ?, ?, ?, ?, ?, ?, default)
Hibernate: 
    insert 
    into
        inscripcion
        (id_curso, estado, id_estudiante, fecha_inscripcion, id_gestion, id_inscripcion) 
    values
        (?, ?, ?, ?, ?, default)
Hibernate: 
    select
        tp1_0.id_tipo_pago,
        tp1_0.fecha_limite,
        tp1_0.id_gestion,
        tp1_0.monto_defecto,
        tp1_0.nombre,
        tp1_0.id_unidad_educativa 
    from
        tipo_pago tp1_0
Hibernate: 
    insert 
    into
        cuenta_cobrar
        (estado, id_estudiante, fecha_vencimiento, monto, saldo_pendiente, id_tipo_pago, id_cuenta_cobrar) 
    values
        (?, ?, ?, ?, ?, ?, default)
Hibernate: 
    select
        u1_0.id_usuario,
        u1_0.apellido_materno,
        u1_0.apellido_paterno,
        u1_0.ci,
        u1_0.contrasena,
        u1_0.correo,
        u1_0.created_at,
        u1_0.estado,
        u1_0.fecha_nacimiento,
        u1_0.foto_perfil,
        u1_0.nombres,
        u1_0.id_rol,
        u1_0.id_unidad_educativa,
        u1_0.updated_at 
    from
        usuario u1_0
Hibernate: 
    select
        r1_0.id_rol,
        r1_0.nombre 
    from
        rol r1_0 
    where
        r1_0.id_rol=?
Hibernate: 
    select
        ue1_0.id_unidad_educativa,
        ue1_0.direccion,
        ue1_0.estado,
        ue1_0.logo_url,
        ue1_0.nombre,
        ue1_0.sie 
    from
        unidad_educativa ue1_0 
    where
        ue1_0.id_unidad_educativa=?
Hibernate: 
    select
        r1_0.id_rol,
        r1_0.nombre 
    from
        rol r1_0 
    where
        r1_0.id_rol=?
Hibernate: 
    select
        r1_0.id_rol,
        r1_0.nombre 
    from
        rol r1_0 
    where
        r1_0.id_rol=?
Hibernate: 
    select
        r1_0.id_rol,
        r1_0.nombre 
    from
        rol r1_0 
    where
        r1_0.id_rol=?
Hibernate: 
    insert 
    into
        pago
        (id_cajero, id_cuenta_cobrar, fecha_pago, metodo_pago, monto_pagado, numero_recibo, observaciones, id_pago) 
    values
        (?, ?, ?, ?, ?, ?, ?, default)
Hibernate: 
    select
        u1_0.id_usuario 
    from
        usuario u1_0 
    where
        u1_0.correo=? 
    fetch
        first ? rows only
Hibernate: 
    insert 
    into
        usuario
        (apellido_materno, apellido_paterno, ci, contrasena, correo, created_at, estado, fecha_nacimiento, foto_perfil, nombres, id_rol, id_unidad_educativa, updated_at, id_usuario) 
    values
        (?, ?, ?, ?, ?, ?, ?, ?, ?, ?, ?, ?, ?, default)
Hibernate: 
    insert 
    into
        estudiante
        (codigo_rude, direccion, nombre_madre, nombre_padre, telefono_madre, telefono_padre, id_usuario, id_estudiante) 
    values
        (?, ?, ?, ?, ?, ?, ?, default)
Hibernate: 
    insert 
    into
        inscripcion
        (id_curso, estado, id_estudiante, fecha_inscripcion, id_gestion, id_inscripcion) 
    values
        (?, ?, ?, ?, ?, default)
Hibernate: 
    select
        tp1_0.id_tipo_pago,
        tp1_0.fecha_limite,
        tp1_0.id_gestion,
        tp1_0.monto_defecto,
        tp1_0.nombre,
        tp1_0.id_unidad_educativa 
    from
        tipo_pago tp1_0
Hibernate: 
    insert 
    into
        cuenta_cobrar
        (estado, id_estudiante, fecha_vencimiento, monto, saldo_pendiente, id_tipo_pago, id_cuenta_cobrar) 
    values
        (?, ?, ?, ?, ?, ?, default)
Hibernate: 
    select
        u1_0.id_usuario,
        u1_0.apellido_materno,
        u1_0.apellido_paterno,
        u1_0.ci,
        u1_0.contrasena,
        u1_0.correo,
        u1_0.created_at,
        u1_0.estado,
        u1_0.fecha_nacimiento,
        u1_0.foto_perfil,
        u1_0.nombres,
        u1_0.id_rol,
        u1_0.id_unidad_educativa,
        u1_0.updated_at 
    from
        usuario u1_0
Hibernate: 
    select
        r1_0.id_rol,
        r1_0.nombre 
    from
        rol r1_0 
    where
        r1_0.id_rol=?
Hibernate: 
    select
        ue1_0.id_unidad_educativa,
        ue1_0.direccion,
        ue1_0.estado,
        ue1_0.logo_url,
        ue1_0.nombre,
        ue1_0.sie 
    from
        unidad_educativa ue1_0 
    where
        ue1_0.id_unidad_educativa=?
Hibernate: 
    select
        r1_0.id_rol,
        r1_0.nombre 
    from
        rol r1_0 
    where
        r1_0.id_rol=?
Hibernate: 
    select
        r1_0.id_rol,
        r1_0.nombre 
    from
        rol r1_0 
    where
        r1_0.id_rol=?
Hibernate: 
    select
        r1_0.id_rol,
        r1_0.nombre 
    from
        rol r1_0 
    where
        r1_0.id_rol=?
Hibernate: 
    insert 
    into
        pago
        (id_cajero, id_cuenta_cobrar, fecha_pago, metodo_pago, monto_pagado, numero_recibo, observaciones, id_pago) 
    values
        (?, ?, ?, ?, ?, ?, ?, default)
2025-12-21T23:49:51.182-04:00  INFO 21711 --- [unidad-educativa] [           main] c.unidadeducativa.config.DemoDataSeeder  : Poblando curso: PRIMARIA SEGUNDO A
Hibernate: 
    select
        m1_0.id_materia,
        m1_0.nombre,
        m1_0.id_unidad_educativa 
    from
        materia m1_0
Hibernate: 
    select
        ad1_0.id_asignacion,
        ad1_0.id_curso,
        ad1_0.estado,
        ad1_0.fecha_fin,
        ad1_0.fecha_inicio,
        ad1_0.id_gestion,
        ad1_0.id_materia,
        ad1_0.id_profesor 
    from
        asignacion_docente ad1_0 
    where
        ad1_0.id_profesor=? 
        and ad1_0.id_curso=? 
        and ad1_0.id_materia=?
Hibernate: 
    insert 
    into
        asignacion_docente
        (id_curso, estado, fecha_fin, fecha_inicio, id_gestion, id_materia, id_profesor, id_asignacion) 
    values
        (?, ?, ?, ?, ?, ?, ?, default)
Hibernate: 
    select
        u1_0.id_usuario 
    from
        usuario u1_0 
    where
        u1_0.correo=? 
    fetch
        first ? rows only
Hibernate: 
    insert 
    into
        usuario
        (apellido_materno, apellido_paterno, ci, contrasena, correo, created_at, estado, fecha_nacimiento, foto_perfil, nombres, id_rol, id_unidad_educativa, updated_at, id_usuario) 
    values
        (?, ?, ?, ?, ?, ?, ?, ?, ?, ?, ?, ?, ?, default)
Hibernate: 
    insert 
    into
        estudiante
        (codigo_rude, direccion, nombre_madre, nombre_padre, telefono_madre, telefono_padre, id_usuario, id_estudiante) 
    values
        (?, ?, ?, ?, ?, ?, ?, default)
Hibernate: 
    insert 
    into
        inscripcion
        (id_curso, estado, id_estudiante, fecha_inscripcion, id_gestion, id_inscripcion) 
    values
        (?, ?, ?, ?, ?, default)
Hibernate: 
    select
        tp1_0.id_tipo_pago,
        tp1_0.fecha_limite,
        tp1_0.id_gestion,
        tp1_0.monto_defecto,
        tp1_0.nombre,
        tp1_0.id_unidad_educativa 
    from
        tipo_pago tp1_0
Hibernate: 
    insert 
    into
        cuenta_cobrar
        (estado, id_estudiante, fecha_vencimiento, monto, saldo_pendiente, id_tipo_pago, id_cuenta_cobrar) 
    values
        (?, ?, ?, ?, ?, ?, default)
Hibernate: 
    select
        u1_0.id_usuario,
        u1_0.apellido_materno,
        u1_0.apellido_paterno,
        u1_0.ci,
        u1_0.contrasena,
        u1_0.correo,
        u1_0.created_at,
        u1_0.estado,
        u1_0.fecha_nacimiento,
        u1_0.foto_perfil,
        u1_0.nombres,
        u1_0.id_rol,
        u1_0.id_unidad_educativa,
        u1_0.updated_at 
    from
        usuario u1_0
Hibernate: 
    select
        r1_0.id_rol,
        r1_0.nombre 
    from
        rol r1_0 
    where
        r1_0.id_rol=?
Hibernate: 
    select
        ue1_0.id_unidad_educativa,
        ue1_0.direccion,
        ue1_0.estado,
        ue1_0.logo_url,
        ue1_0.nombre,
        ue1_0.sie 
    from
        unidad_educativa ue1_0 
    where
        ue1_0.id_unidad_educativa=?
Hibernate: 
    select
        r1_0.id_rol,
        r1_0.nombre 
    from
        rol r1_0 
    where
        r1_0.id_rol=?
Hibernate: 
    select
        r1_0.id_rol,
        r1_0.nombre 
    from
        rol r1_0 
    where
        r1_0.id_rol=?
Hibernate: 
    select
        r1_0.id_rol,
        r1_0.nombre 
    from
        rol r1_0 
    where
        r1_0.id_rol=?
Hibernate: 
    insert 
    into
        pago
        (id_cajero, id_cuenta_cobrar, fecha_pago, metodo_pago, monto_pagado, numero_recibo, observaciones, id_pago) 
    values
        (?, ?, ?, ?, ?, ?, ?, default)
Hibernate: 
    select
        u1_0.id_usuario 
    from
        usuario u1_0 
    where
        u1_0.correo=? 
    fetch
        first ? rows only
Hibernate: 
    insert 
    into
        usuario
        (apellido_materno, apellido_paterno, ci, contrasena, correo, created_at, estado, fecha_nacimiento, foto_perfil, nombres, id_rol, id_unidad_educativa, updated_at, id_usuario) 
    values
        (?, ?, ?, ?, ?, ?, ?, ?, ?, ?, ?, ?, ?, default)
Hibernate: 
    insert 
    into
        estudiante
        (codigo_rude, direccion, nombre_madre, nombre_padre, telefono_madre, telefono_padre, id_usuario, id_estudiante) 
    values
        (?, ?, ?, ?, ?, ?, ?, default)
Hibernate: 
    insert 
    into
        inscripcion
        (id_curso, estado, id_estudiante, fecha_inscripcion, id_gestion, id_inscripcion) 
    values
        (?, ?, ?, ?, ?, default)
Hibernate: 
    select
        tp1_0.id_tipo_pago,
        tp1_0.fecha_limite,
        tp1_0.id_gestion,
        tp1_0.monto_defecto,
        tp1_0.nombre,
        tp1_0.id_unidad_educativa 
    from
        tipo_pago tp1_0
Hibernate: 
    insert 
    into
        cuenta_cobrar
        (estado, id_estudiante, fecha_vencimiento, monto, saldo_pendiente, id_tipo_pago, id_cuenta_cobrar) 
    values
        (?, ?, ?, ?, ?, ?, default)
Hibernate: 
    select
        u1_0.id_usuario,
        u1_0.apellido_materno,
        u1_0.apellido_paterno,
        u1_0.ci,
        u1_0.contrasena,
        u1_0.correo,
        u1_0.created_at,
        u1_0.estado,
        u1_0.fecha_nacimiento,
        u1_0.foto_perfil,
        u1_0.nombres,
        u1_0.id_rol,
        u1_0.id_unidad_educativa,
        u1_0.updated_at 
    from
        usuario u1_0
Hibernate: 
    select
        r1_0.id_rol,
        r1_0.nombre 
    from
        rol r1_0 
    where
        r1_0.id_rol=?
Hibernate: 
    select
        ue1_0.id_unidad_educativa,
        ue1_0.direccion,
        ue1_0.estado,
        ue1_0.logo_url,
        ue1_0.nombre,
        ue1_0.sie 
    from
        unidad_educativa ue1_0 
    where
        ue1_0.id_unidad_educativa=?
Hibernate: 
    select
        r1_0.id_rol,
        r1_0.nombre 
    from
        rol r1_0 
    where
        r1_0.id_rol=?
Hibernate: 
    select
        r1_0.id_rol,
        r1_0.nombre 
    from
        rol r1_0 
    where
        r1_0.id_rol=?
Hibernate: 
    select
        r1_0.id_rol,
        r1_0.nombre 
    from
        rol r1_0 
    where
        r1_0.id_rol=?
Hibernate: 
    insert 
    into
        pago
        (id_cajero, id_cuenta_cobrar, fecha_pago, metodo_pago, monto_pagado, numero_recibo, observaciones, id_pago) 
    values
        (?, ?, ?, ?, ?, ?, ?, default)
Hibernate: 
    select
        u1_0.id_usuario 
    from
        usuario u1_0 
    where
        u1_0.correo=? 
    fetch
        first ? rows only
Hibernate: 
    insert 
    into
        usuario
        (apellido_materno, apellido_paterno, ci, contrasena, correo, created_at, estado, fecha_nacimiento, foto_perfil, nombres, id_rol, id_unidad_educativa, updated_at, id_usuario) 
    values
        (?, ?, ?, ?, ?, ?, ?, ?, ?, ?, ?, ?, ?, default)
Hibernate: 
    insert 
    into
        estudiante
        (codigo_rude, direccion, nombre_madre, nombre_padre, telefono_madre, telefono_padre, id_usuario, id_estudiante) 
    values
        (?, ?, ?, ?, ?, ?, ?, default)
Hibernate: 
    insert 
    into
        inscripcion
        (id_curso, estado, id_estudiante, fecha_inscripcion, id_gestion, id_inscripcion) 
    values
        (?, ?, ?, ?, ?, default)
Hibernate: 
    select
        tp1_0.id_tipo_pago,
        tp1_0.fecha_limite,
        tp1_0.id_gestion,
        tp1_0.monto_defecto,
        tp1_0.nombre,
        tp1_0.id_unidad_educativa 
    from
        tipo_pago tp1_0
Hibernate: 
    insert 
    into
        cuenta_cobrar
        (estado, id_estudiante, fecha_vencimiento, monto, saldo_pendiente, id_tipo_pago, id_cuenta_cobrar) 
    values
        (?, ?, ?, ?, ?, ?, default)
Hibernate: 
    select
        u1_0.id_usuario,
        u1_0.apellido_materno,
        u1_0.apellido_paterno,
        u1_0.ci,
        u1_0.contrasena,
        u1_0.correo,
        u1_0.created_at,
        u1_0.estado,
        u1_0.fecha_nacimiento,
        u1_0.foto_perfil,
        u1_0.nombres,
        u1_0.id_rol,
        u1_0.id_unidad_educativa,
        u1_0.updated_at 
    from
        usuario u1_0
Hibernate: 
    select
        r1_0.id_rol,
        r1_0.nombre 
    from
        rol r1_0 
    where
        r1_0.id_rol=?
Hibernate: 
    select
        ue1_0.id_unidad_educativa,
        ue1_0.direccion,
        ue1_0.estado,
        ue1_0.logo_url,
        ue1_0.nombre,
        ue1_0.sie 
    from
        unidad_educativa ue1_0 
    where
        ue1_0.id_unidad_educativa=?
Hibernate: 
    select
        r1_0.id_rol,
        r1_0.nombre 
    from
        rol r1_0 
    where
        r1_0.id_rol=?
Hibernate: 
    select
        r1_0.id_rol,
        r1_0.nombre 
    from
        rol r1_0 
    where
        r1_0.id_rol=?
Hibernate: 
    select
        r1_0.id_rol,
        r1_0.nombre 
    from
        rol r1_0 
    where
        r1_0.id_rol=?
Hibernate: 
    insert 
    into
        pago
        (id_cajero, id_cuenta_cobrar, fecha_pago, metodo_pago, monto_pagado, numero_recibo, observaciones, id_pago) 
    values
        (?, ?, ?, ?, ?, ?, ?, default)
2025-12-21T23:49:51.485-04:00  INFO 21711 --- [unidad-educativa] [           main] c.unidadeducativa.config.DemoDataSeeder  : Poblando curso: SECUNDARIA SEGUNDO A
Hibernate: 
    select
        m1_0.id_materia,
        m1_0.nombre,
        m1_0.id_unidad_educativa 
    from
        materia m1_0
Hibernate: 
    select
        ad1_0.id_asignacion,
        ad1_0.id_curso,
        ad1_0.estado,
        ad1_0.fecha_fin,
        ad1_0.fecha_inicio,
        ad1_0.id_gestion,
        ad1_0.id_materia,
        ad1_0.id_profesor 
    from
        asignacion_docente ad1_0 
    where
        ad1_0.id_profesor=? 
        and ad1_0.id_curso=? 
        and ad1_0.id_materia=?
Hibernate: 
    insert 
    into
        asignacion_docente
        (id_curso, estado, fecha_fin, fecha_inicio, id_gestion, id_materia, id_profesor, id_asignacion) 
    values
        (?, ?, ?, ?, ?, ?, ?, default)
Hibernate: 
    select
        u1_0.id_usuario 
    from
        usuario u1_0 
    where
        u1_0.correo=? 
    fetch
        first ? rows only
Hibernate: 
    insert 
    into
        usuario
        (apellido_materno, apellido_paterno, ci, contrasena, correo, created_at, estado, fecha_nacimiento, foto_perfil, nombres, id_rol, id_unidad_educativa, updated_at, id_usuario) 
    values
        (?, ?, ?, ?, ?, ?, ?, ?, ?, ?, ?, ?, ?, default)
Hibernate: 
    insert 
    into
        estudiante
        (codigo_rude, direccion, nombre_madre, nombre_padre, telefono_madre, telefono_padre, id_usuario, id_estudiante) 
    values
        (?, ?, ?, ?, ?, ?, ?, default)
Hibernate: 
    insert 
    into
        inscripcion
        (id_curso, estado, id_estudiante, fecha_inscripcion, id_gestion, id_inscripcion) 
    values
        (?, ?, ?, ?, ?, default)
Hibernate: 
    select
        tp1_0.id_tipo_pago,
        tp1_0.fecha_limite,
        tp1_0.id_gestion,
        tp1_0.monto_defecto,
        tp1_0.nombre,
        tp1_0.id_unidad_educativa 
    from
        tipo_pago tp1_0
Hibernate: 
    insert 
    into
        cuenta_cobrar
        (estado, id_estudiante, fecha_vencimiento, monto, saldo_pendiente, id_tipo_pago, id_cuenta_cobrar) 
    values
        (?, ?, ?, ?, ?, ?, default)
Hibernate: 
    select
        u1_0.id_usuario,
        u1_0.apellido_materno,
        u1_0.apellido_paterno,
        u1_0.ci,
        u1_0.contrasena,
        u1_0.correo,
        u1_0.created_at,
        u1_0.estado,
        u1_0.fecha_nacimiento,
        u1_0.foto_perfil,
        u1_0.nombres,
        u1_0.id_rol,
        u1_0.id_unidad_educativa,
        u1_0.updated_at 
    from
        usuario u1_0
Hibernate: 
    select
        r1_0.id_rol,
        r1_0.nombre 
    from
        rol r1_0 
    where
        r1_0.id_rol=?
Hibernate: 
    select
        ue1_0.id_unidad_educativa,
        ue1_0.direccion,
        ue1_0.estado,
        ue1_0.logo_url,
        ue1_0.nombre,
        ue1_0.sie 
    from
        unidad_educativa ue1_0 
    where
        ue1_0.id_unidad_educativa=?
Hibernate: 
    select
        r1_0.id_rol,
        r1_0.nombre 
    from
        rol r1_0 
    where
        r1_0.id_rol=?
Hibernate: 
    select
        r1_0.id_rol,
        r1_0.nombre 
    from
        rol r1_0 
    where
        r1_0.id_rol=?
Hibernate: 
    select
        r1_0.id_rol,
        r1_0.nombre 
    from
        rol r1_0 
    where
        r1_0.id_rol=?
Hibernate: 
    insert 
    into
        pago
        (id_cajero, id_cuenta_cobrar, fecha_pago, metodo_pago, monto_pagado, numero_recibo, observaciones, id_pago) 
    values
        (?, ?, ?, ?, ?, ?, ?, default)
Hibernate: 
    select
        u1_0.id_usuario 
    from
        usuario u1_0 
    where
        u1_0.correo=? 
    fetch
        first ? rows only
Hibernate: 
    insert 
    into
        usuario
        (apellido_materno, apellido_paterno, ci, contrasena, correo, created_at, estado, fecha_nacimiento, foto_perfil, nombres, id_rol, id_unidad_educativa, updated_at, id_usuario) 
    values
        (?, ?, ?, ?, ?, ?, ?, ?, ?, ?, ?, ?, ?, default)
Hibernate: 
    insert 
    into
        estudiante
        (codigo_rude, direccion, nombre_madre, nombre_padre, telefono_madre, telefono_padre, id_usuario, id_estudiante) 
    values
        (?, ?, ?, ?, ?, ?, ?, default)
Hibernate: 
    insert 
    into
        inscripcion
        (id_curso, estado, id_estudiante, fecha_inscripcion, id_gestion, id_inscripcion) 
    values
        (?, ?, ?, ?, ?, default)
Hibernate: 
    select
        tp1_0.id_tipo_pago,
        tp1_0.fecha_limite,
        tp1_0.id_gestion,
        tp1_0.monto_defecto,
        tp1_0.nombre,
        tp1_0.id_unidad_educativa 
    from
        tipo_pago tp1_0
Hibernate: 
    insert 
    into
        cuenta_cobrar
        (estado, id_estudiante, fecha_vencimiento, monto, saldo_pendiente, id_tipo_pago, id_cuenta_cobrar) 
    values
        (?, ?, ?, ?, ?, ?, default)
Hibernate: 
    select
        u1_0.id_usuario,
        u1_0.apellido_materno,
        u1_0.apellido_paterno,
        u1_0.ci,
        u1_0.contrasena,
        u1_0.correo,
        u1_0.created_at,
        u1_0.estado,
        u1_0.fecha_nacimiento,
        u1_0.foto_perfil,
        u1_0.nombres,
        u1_0.id_rol,
        u1_0.id_unidad_educativa,
        u1_0.updated_at 
    from
        usuario u1_0
Hibernate: 
    select
        r1_0.id_rol,
        r1_0.nombre 
    from
        rol r1_0 
    where
        r1_0.id_rol=?
Hibernate: 
    select
        ue1_0.id_unidad_educativa,
        ue1_0.direccion,
        ue1_0.estado,
        ue1_0.logo_url,
        ue1_0.nombre,
        ue1_0.sie 
    from
        unidad_educativa ue1_0 
    where
        ue1_0.id_unidad_educativa=?
Hibernate: 
    select
        r1_0.id_rol,
        r1_0.nombre 
    from
        rol r1_0 
    where
        r1_0.id_rol=?
Hibernate: 
    select
        r1_0.id_rol,
        r1_0.nombre 
    from
        rol r1_0 
    where
        r1_0.id_rol=?
Hibernate: 
    select
        r1_0.id_rol,
        r1_0.nombre 
    from
        rol r1_0 
    where
        r1_0.id_rol=?
Hibernate: 
    insert 
    into
        pago
        (id_cajero, id_cuenta_cobrar, fecha_pago, metodo_pago, monto_pagado, numero_recibo, observaciones, id_pago) 
    values
        (?, ?, ?, ?, ?, ?, ?, default)
Hibernate: 
    select
        u1_0.id_usuario 
    from
        usuario u1_0 
    where
        u1_0.correo=? 
    fetch
        first ? rows only
Hibernate: 
    insert 
    into
        usuario
        (apellido_materno, apellido_paterno, ci, contrasena, correo, created_at, estado, fecha_nacimiento, foto_perfil, nombres, id_rol, id_unidad_educativa, updated_at, id_usuario) 
    values
        (?, ?, ?, ?, ?, ?, ?, ?, ?, ?, ?, ?, ?, default)
Hibernate: 
    insert 
    into
        estudiante
        (codigo_rude, direccion, nombre_madre, nombre_padre, telefono_madre, telefono_padre, id_usuario, id_estudiante) 
    values
        (?, ?, ?, ?, ?, ?, ?, default)
Hibernate: 
    insert 
    into
        inscripcion
        (id_curso, estado, id_estudiante, fecha_inscripcion, id_gestion, id_inscripcion) 
    values
        (?, ?, ?, ?, ?, default)
Hibernate: 
    select
        tp1_0.id_tipo_pago,
        tp1_0.fecha_limite,
        tp1_0.id_gestion,
        tp1_0.monto_defecto,
        tp1_0.nombre,
        tp1_0.id_unidad_educativa 
    from
        tipo_pago tp1_0
Hibernate: 
    insert 
    into
        cuenta_cobrar
        (estado, id_estudiante, fecha_vencimiento, monto, saldo_pendiente, id_tipo_pago, id_cuenta_cobrar) 
    values
        (?, ?, ?, ?, ?, ?, default)
Hibernate: 
    select
        u1_0.id_usuario,
        u1_0.apellido_materno,
        u1_0.apellido_paterno,
        u1_0.ci,
        u1_0.contrasena,
        u1_0.correo,
        u1_0.created_at,
        u1_0.estado,
        u1_0.fecha_nacimiento,
        u1_0.foto_perfil,
        u1_0.nombres,
        u1_0.id_rol,
        u1_0.id_unidad_educativa,
        u1_0.updated_at 
    from
        usuario u1_0
Hibernate: 
    select
        r1_0.id_rol,
        r1_0.nombre 
    from
        rol r1_0 
    where
        r1_0.id_rol=?
Hibernate: 
    select
        ue1_0.id_unidad_educativa,
        ue1_0.direccion,
        ue1_0.estado,
        ue1_0.logo_url,
        ue1_0.nombre,
        ue1_0.sie 
    from
        unidad_educativa ue1_0 
    where
        ue1_0.id_unidad_educativa=?
Hibernate: 
    select
        r1_0.id_rol,
        r1_0.nombre 
    from
        rol r1_0 
    where
        r1_0.id_rol=?
Hibernate: 
    select
        r1_0.id_rol,
        r1_0.nombre 
    from
        rol r1_0 
    where
        r1_0.id_rol=?
Hibernate: 
    select
        r1_0.id_rol,
        r1_0.nombre 
    from
        rol r1_0 
    where
        r1_0.id_rol=?
Hibernate: 
    insert 
    into
        pago
        (id_cajero, id_cuenta_cobrar, fecha_pago, metodo_pago, monto_pagado, numero_recibo, observaciones, id_pago) 
    values
        (?, ?, ?, ?, ?, ?, ?, default)
2025-12-21T23:49:51.797-04:00  INFO 21711 --- [unidad-educativa] [           main] c.unidadeducativa.config.DemoDataSeeder  : Poblando curso: PRIMARIA TERCERO A
Hibernate: 
    select
        m1_0.id_materia,
        m1_0.nombre,
        m1_0.id_unidad_educativa 
    from
        materia m1_0
Hibernate: 
    select
        ad1_0.id_asignacion,
        ad1_0.id_curso,
        ad1_0.estado,
        ad1_0.fecha_fin,
        ad1_0.fecha_inicio,
        ad1_0.id_gestion,
        ad1_0.id_materia,
        ad1_0.id_profesor 
    from
        asignacion_docente ad1_0 
    where
        ad1_0.id_profesor=? 
        and ad1_0.id_curso=? 
        and ad1_0.id_materia=?
Hibernate: 
    insert 
    into
        asignacion_docente
        (id_curso, estado, fecha_fin, fecha_inicio, id_gestion, id_materia, id_profesor, id_asignacion) 
    values
        (?, ?, ?, ?, ?, ?, ?, default)
Hibernate: 
    select
        u1_0.id_usuario 
    from
        usuario u1_0 
    where
        u1_0.correo=? 
    fetch
        first ? rows only
Hibernate: 
    insert 
    into
        usuario
        (apellido_materno, apellido_paterno, ci, contrasena, correo, created_at, estado, fecha_nacimiento, foto_perfil, nombres, id_rol, id_unidad_educativa, updated_at, id_usuario) 
    values
        (?, ?, ?, ?, ?, ?, ?, ?, ?, ?, ?, ?, ?, default)
Hibernate: 
    insert 
    into
        estudiante
        (codigo_rude, direccion, nombre_madre, nombre_padre, telefono_madre, telefono_padre, id_usuario, id_estudiante) 
    values
        (?, ?, ?, ?, ?, ?, ?, default)
Hibernate: 
    insert 
    into
        inscripcion
        (id_curso, estado, id_estudiante, fecha_inscripcion, id_gestion, id_inscripcion) 
    values
        (?, ?, ?, ?, ?, default)
Hibernate: 
    select
        tp1_0.id_tipo_pago,
        tp1_0.fecha_limite,
        tp1_0.id_gestion,
        tp1_0.monto_defecto,
        tp1_0.nombre,
        tp1_0.id_unidad_educativa 
    from
        tipo_pago tp1_0
Hibernate: 
    insert 
    into
        cuenta_cobrar
        (estado, id_estudiante, fecha_vencimiento, monto, saldo_pendiente, id_tipo_pago, id_cuenta_cobrar) 
    values
        (?, ?, ?, ?, ?, ?, default)
Hibernate: 
    select
        u1_0.id_usuario,
        u1_0.apellido_materno,
        u1_0.apellido_paterno,
        u1_0.ci,
        u1_0.contrasena,
        u1_0.correo,
        u1_0.created_at,
        u1_0.estado,
        u1_0.fecha_nacimiento,
        u1_0.foto_perfil,
        u1_0.nombres,
        u1_0.id_rol,
        u1_0.id_unidad_educativa,
        u1_0.updated_at 
    from
        usuario u1_0
Hibernate: 
    select
        r1_0.id_rol,
        r1_0.nombre 
    from
        rol r1_0 
    where
        r1_0.id_rol=?
Hibernate: 
    select
        ue1_0.id_unidad_educativa,
        ue1_0.direccion,
        ue1_0.estado,
        ue1_0.logo_url,
        ue1_0.nombre,
        ue1_0.sie 
    from
        unidad_educativa ue1_0 
    where
        ue1_0.id_unidad_educativa=?
Hibernate: 
    select
        r1_0.id_rol,
        r1_0.nombre 
    from
        rol r1_0 
    where
        r1_0.id_rol=?
Hibernate: 
    select
        r1_0.id_rol,
        r1_0.nombre 
    from
        rol r1_0 
    where
        r1_0.id_rol=?
Hibernate: 
    select
        r1_0.id_rol,
        r1_0.nombre 
    from
        rol r1_0 
    where
        r1_0.id_rol=?
Hibernate: 
    insert 
    into
        pago
        (id_cajero, id_cuenta_cobrar, fecha_pago, metodo_pago, monto_pagado, numero_recibo, observaciones, id_pago) 
    values
        (?, ?, ?, ?, ?, ?, ?, default)
Hibernate: 
    select
        u1_0.id_usuario 
    from
        usuario u1_0 
    where
        u1_0.correo=? 
    fetch
        first ? rows only
Hibernate: 
    insert 
    into
        usuario
        (apellido_materno, apellido_paterno, ci, contrasena, correo, created_at, estado, fecha_nacimiento, foto_perfil, nombres, id_rol, id_unidad_educativa, updated_at, id_usuario) 
    values
        (?, ?, ?, ?, ?, ?, ?, ?, ?, ?, ?, ?, ?, default)
Hibernate: 
    insert 
    into
        estudiante
        (codigo_rude, direccion, nombre_madre, nombre_padre, telefono_madre, telefono_padre, id_usuario, id_estudiante) 
    values
        (?, ?, ?, ?, ?, ?, ?, default)
Hibernate: 
    insert 
    into
        inscripcion
        (id_curso, estado, id_estudiante, fecha_inscripcion, id_gestion, id_inscripcion) 
    values
        (?, ?, ?, ?, ?, default)
Hibernate: 
    select
        tp1_0.id_tipo_pago,
        tp1_0.fecha_limite,
        tp1_0.id_gestion,
        tp1_0.monto_defecto,
        tp1_0.nombre,
        tp1_0.id_unidad_educativa 
    from
        tipo_pago tp1_0
Hibernate: 
    insert 
    into
        cuenta_cobrar
        (estado, id_estudiante, fecha_vencimiento, monto, saldo_pendiente, id_tipo_pago, id_cuenta_cobrar) 
    values
        (?, ?, ?, ?, ?, ?, default)
Hibernate: 
    select
        u1_0.id_usuario,
        u1_0.apellido_materno,
        u1_0.apellido_paterno,
        u1_0.ci,
        u1_0.contrasena,
        u1_0.correo,
        u1_0.created_at,
        u1_0.estado,
        u1_0.fecha_nacimiento,
        u1_0.foto_perfil,
        u1_0.nombres,
        u1_0.id_rol,
        u1_0.id_unidad_educativa,
        u1_0.updated_at 
    from
        usuario u1_0
Hibernate: 
    select
        r1_0.id_rol,
        r1_0.nombre 
    from
        rol r1_0 
    where
        r1_0.id_rol=?
Hibernate: 
    select
        ue1_0.id_unidad_educativa,
        ue1_0.direccion,
        ue1_0.estado,
        ue1_0.logo_url,
        ue1_0.nombre,
        ue1_0.sie 
    from
        unidad_educativa ue1_0 
    where
        ue1_0.id_unidad_educativa=?
Hibernate: 
    select
        r1_0.id_rol,
        r1_0.nombre 
    from
        rol r1_0 
    where
        r1_0.id_rol=?
Hibernate: 
    select
        r1_0.id_rol,
        r1_0.nombre 
    from
        rol r1_0 
    where
        r1_0.id_rol=?
Hibernate: 
    select
        r1_0.id_rol,
        r1_0.nombre 
    from
        rol r1_0 
    where
        r1_0.id_rol=?
Hibernate: 
    insert 
    into
        pago
        (id_cajero, id_cuenta_cobrar, fecha_pago, metodo_pago, monto_pagado, numero_recibo, observaciones, id_pago) 
    values
        (?, ?, ?, ?, ?, ?, ?, default)
Hibernate: 
    select
        u1_0.id_usuario 
    from
        usuario u1_0 
    where
        u1_0.correo=? 
    fetch
        first ? rows only
Hibernate: 
    insert 
    into
        usuario
        (apellido_materno, apellido_paterno, ci, contrasena, correo, created_at, estado, fecha_nacimiento, foto_perfil, nombres, id_rol, id_unidad_educativa, updated_at, id_usuario) 
    values
        (?, ?, ?, ?, ?, ?, ?, ?, ?, ?, ?, ?, ?, default)
Hibernate: 
    insert 
    into
        estudiante
        (codigo_rude, direccion, nombre_madre, nombre_padre, telefono_madre, telefono_padre, id_usuario, id_estudiante) 
    values
        (?, ?, ?, ?, ?, ?, ?, default)
Hibernate: 
    insert 
    into
        inscripcion
        (id_curso, estado, id_estudiante, fecha_inscripcion, id_gestion, id_inscripcion) 
    values
        (?, ?, ?, ?, ?, default)
Hibernate: 
    select
        tp1_0.id_tipo_pago,
        tp1_0.fecha_limite,
        tp1_0.id_gestion,
        tp1_0.monto_defecto,
        tp1_0.nombre,
        tp1_0.id_unidad_educativa 
    from
        tipo_pago tp1_0
Hibernate: 
    insert 
    into
        cuenta_cobrar
        (estado, id_estudiante, fecha_vencimiento, monto, saldo_pendiente, id_tipo_pago, id_cuenta_cobrar) 
    values
        (?, ?, ?, ?, ?, ?, default)
Hibernate: 
    select
        u1_0.id_usuario,
        u1_0.apellido_materno,
        u1_0.apellido_paterno,
        u1_0.ci,
        u1_0.contrasena,
        u1_0.correo,
        u1_0.created_at,
        u1_0.estado,
        u1_0.fecha_nacimiento,
        u1_0.foto_perfil,
        u1_0.nombres,
        u1_0.id_rol,
        u1_0.id_unidad_educativa,
        u1_0.updated_at 
    from
        usuario u1_0
Hibernate: 
    select
        r1_0.id_rol,
        r1_0.nombre 
    from
        rol r1_0 
    where
        r1_0.id_rol=?
Hibernate: 
    select
        ue1_0.id_unidad_educativa,
        ue1_0.direccion,
        ue1_0.estado,
        ue1_0.logo_url,
        ue1_0.nombre,
        ue1_0.sie 
    from
        unidad_educativa ue1_0 
    where
        ue1_0.id_unidad_educativa=?
Hibernate: 
    select
        r1_0.id_rol,
        r1_0.nombre 
    from
        rol r1_0 
    where
        r1_0.id_rol=?
Hibernate: 
    select
        r1_0.id_rol,
        r1_0.nombre 
    from
        rol r1_0 
    where
        r1_0.id_rol=?
Hibernate: 
    select
        r1_0.id_rol,
        r1_0.nombre 
    from
        rol r1_0 
    where
        r1_0.id_rol=?
Hibernate: 
    insert 
    into
        pago
        (id_cajero, id_cuenta_cobrar, fecha_pago, metodo_pago, monto_pagado, numero_recibo, observaciones, id_pago) 
    values
        (?, ?, ?, ?, ?, ?, ?, default)
2025-12-21T23:49:52.100-04:00  INFO 21711 --- [unidad-educativa] [           main] c.unidadeducativa.config.DemoDataSeeder  : Poblando curso: SECUNDARIA TERCERO A
Hibernate: 
    select
        m1_0.id_materia,
        m1_0.nombre,
        m1_0.id_unidad_educativa 
    from
        materia m1_0
Hibernate: 
    select
        ad1_0.id_asignacion,
        ad1_0.id_curso,
        ad1_0.estado,
        ad1_0.fecha_fin,
        ad1_0.fecha_inicio,
        ad1_0.id_gestion,
        ad1_0.id_materia,
        ad1_0.id_profesor 
    from
        asignacion_docente ad1_0 
    where
        ad1_0.id_profesor=? 
        and ad1_0.id_curso=? 
        and ad1_0.id_materia=?
Hibernate: 
    insert 
    into
        asignacion_docente
        (id_curso, estado, fecha_fin, fecha_inicio, id_gestion, id_materia, id_profesor, id_asignacion) 
    values
        (?, ?, ?, ?, ?, ?, ?, default)
Hibernate: 
    select
        u1_0.id_usuario 
    from
        usuario u1_0 
    where
        u1_0.correo=? 
    fetch
        first ? rows only
Hibernate: 
    insert 
    into
        usuario
        (apellido_materno, apellido_paterno, ci, contrasena, correo, created_at, estado, fecha_nacimiento, foto_perfil, nombres, id_rol, id_unidad_educativa, updated_at, id_usuario) 
    values
        (?, ?, ?, ?, ?, ?, ?, ?, ?, ?, ?, ?, ?, default)
Hibernate: 
    insert 
    into
        estudiante
        (codigo_rude, direccion, nombre_madre, nombre_padre, telefono_madre, telefono_padre, id_usuario, id_estudiante) 
    values
        (?, ?, ?, ?, ?, ?, ?, default)
Hibernate: 
    insert 
    into
        inscripcion
        (id_curso, estado, id_estudiante, fecha_inscripcion, id_gestion, id_inscripcion) 
    values
        (?, ?, ?, ?, ?, default)
Hibernate: 
    select
        tp1_0.id_tipo_pago,
        tp1_0.fecha_limite,
        tp1_0.id_gestion,
        tp1_0.monto_defecto,
        tp1_0.nombre,
        tp1_0.id_unidad_educativa 
    from
        tipo_pago tp1_0
Hibernate: 
    insert 
    into
        cuenta_cobrar
        (estado, id_estudiante, fecha_vencimiento, monto, saldo_pendiente, id_tipo_pago, id_cuenta_cobrar) 
    values
        (?, ?, ?, ?, ?, ?, default)
Hibernate: 
    select
        u1_0.id_usuario,
        u1_0.apellido_materno,
        u1_0.apellido_paterno,
        u1_0.ci,
        u1_0.contrasena,
        u1_0.correo,
        u1_0.created_at,
        u1_0.estado,
        u1_0.fecha_nacimiento,
        u1_0.foto_perfil,
        u1_0.nombres,
        u1_0.id_rol,
        u1_0.id_unidad_educativa,
        u1_0.updated_at 
    from
        usuario u1_0
Hibernate: 
    select
        r1_0.id_rol,
        r1_0.nombre 
    from
        rol r1_0 
    where
        r1_0.id_rol=?
Hibernate: 
    select
        ue1_0.id_unidad_educativa,
        ue1_0.direccion,
        ue1_0.estado,
        ue1_0.logo_url,
        ue1_0.nombre,
        ue1_0.sie 
    from
        unidad_educativa ue1_0 
    where
        ue1_0.id_unidad_educativa=?
Hibernate: 
    select
        r1_0.id_rol,
        r1_0.nombre 
    from
        rol r1_0 
    where
        r1_0.id_rol=?
Hibernate: 
    select
        r1_0.id_rol,
        r1_0.nombre 
    from
        rol r1_0 
    where
        r1_0.id_rol=?
Hibernate: 
    select
        r1_0.id_rol,
        r1_0.nombre 
    from
        rol r1_0 
    where
        r1_0.id_rol=?
Hibernate: 
    insert 
    into
        pago
        (id_cajero, id_cuenta_cobrar, fecha_pago, metodo_pago, monto_pagado, numero_recibo, observaciones, id_pago) 
    values
        (?, ?, ?, ?, ?, ?, ?, default)
Hibernate: 
    select
        u1_0.id_usuario 
    from
        usuario u1_0 
    where
        u1_0.correo=? 
    fetch
        first ? rows only
Hibernate: 
    insert 
    into
        usuario
        (apellido_materno, apellido_paterno, ci, contrasena, correo, created_at, estado, fecha_nacimiento, foto_perfil, nombres, id_rol, id_unidad_educativa, updated_at, id_usuario) 
    values
        (?, ?, ?, ?, ?, ?, ?, ?, ?, ?, ?, ?, ?, default)
Hibernate: 
    insert 
    into
        estudiante
        (codigo_rude, direccion, nombre_madre, nombre_padre, telefono_madre, telefono_padre, id_usuario, id_estudiante) 
    values
        (?, ?, ?, ?, ?, ?, ?, default)
Hibernate: 
    insert 
    into
        inscripcion
        (id_curso, estado, id_estudiante, fecha_inscripcion, id_gestion, id_inscripcion) 
    values
        (?, ?, ?, ?, ?, default)
Hibernate: 
    select
        tp1_0.id_tipo_pago,
        tp1_0.fecha_limite,
        tp1_0.id_gestion,
        tp1_0.monto_defecto,
        tp1_0.nombre,
        tp1_0.id_unidad_educativa 
    from
        tipo_pago tp1_0
Hibernate: 
    insert 
    into
        cuenta_cobrar
        (estado, id_estudiante, fecha_vencimiento, monto, saldo_pendiente, id_tipo_pago, id_cuenta_cobrar) 
    values
        (?, ?, ?, ?, ?, ?, default)
Hibernate: 
    select
        u1_0.id_usuario,
        u1_0.apellido_materno,
        u1_0.apellido_paterno,
        u1_0.ci,
        u1_0.contrasena,
        u1_0.correo,
        u1_0.created_at,
        u1_0.estado,
        u1_0.fecha_nacimiento,
        u1_0.foto_perfil,
        u1_0.nombres,
        u1_0.id_rol,
        u1_0.id_unidad_educativa,
        u1_0.updated_at 
    from
        usuario u1_0
Hibernate: 
    select
        r1_0.id_rol,
        r1_0.nombre 
    from
        rol r1_0 
    where
        r1_0.id_rol=?
Hibernate: 
    select
        ue1_0.id_unidad_educativa,
        ue1_0.direccion,
        ue1_0.estado,
        ue1_0.logo_url,
        ue1_0.nombre,
        ue1_0.sie 
    from
        unidad_educativa ue1_0 
    where
        ue1_0.id_unidad_educativa=?
Hibernate: 
    select
        r1_0.id_rol,
        r1_0.nombre 
    from
        rol r1_0 
    where
        r1_0.id_rol=?
Hibernate: 
    select
        r1_0.id_rol,
        r1_0.nombre 
    from
        rol r1_0 
    where
        r1_0.id_rol=?
Hibernate: 
    select
        r1_0.id_rol,
        r1_0.nombre 
    from
        rol r1_0 
    where
        r1_0.id_rol=?
Hibernate: 
    insert 
    into
        pago
        (id_cajero, id_cuenta_cobrar, fecha_pago, metodo_pago, monto_pagado, numero_recibo, observaciones, id_pago) 
    values
        (?, ?, ?, ?, ?, ?, ?, default)
Hibernate: 
    select
        u1_0.id_usuario 
    from
        usuario u1_0 
    where
        u1_0.correo=? 
    fetch
        first ? rows only
Hibernate: 
    insert 
    into
        usuario
        (apellido_materno, apellido_paterno, ci, contrasena, correo, created_at, estado, fecha_nacimiento, foto_perfil, nombres, id_rol, id_unidad_educativa, updated_at, id_usuario) 
    values
        (?, ?, ?, ?, ?, ?, ?, ?, ?, ?, ?, ?, ?, default)
Hibernate: 
    insert 
    into
        estudiante
        (codigo_rude, direccion, nombre_madre, nombre_padre, telefono_madre, telefono_padre, id_usuario, id_estudiante) 
    values
        (?, ?, ?, ?, ?, ?, ?, default)
Hibernate: 
    insert 
    into
        inscripcion
        (id_curso, estado, id_estudiante, fecha_inscripcion, id_gestion, id_inscripcion) 
    values
        (?, ?, ?, ?, ?, default)
Hibernate: 
    select
        tp1_0.id_tipo_pago,
        tp1_0.fecha_limite,
        tp1_0.id_gestion,
        tp1_0.monto_defecto,
        tp1_0.nombre,
        tp1_0.id_unidad_educativa 
    from
        tipo_pago tp1_0
Hibernate: 
    insert 
    into
        cuenta_cobrar
        (estado, id_estudiante, fecha_vencimiento, monto, saldo_pendiente, id_tipo_pago, id_cuenta_cobrar) 
    values
        (?, ?, ?, ?, ?, ?, default)
Hibernate: 
    select
        u1_0.id_usuario,
        u1_0.apellido_materno,
        u1_0.apellido_paterno,
        u1_0.ci,
        u1_0.contrasena,
        u1_0.correo,
        u1_0.created_at,
        u1_0.estado,
        u1_0.fecha_nacimiento,
        u1_0.foto_perfil,
        u1_0.nombres,
        u1_0.id_rol,
        u1_0.id_unidad_educativa,
        u1_0.updated_at 
    from
        usuario u1_0
Hibernate: 
    select
        r1_0.id_rol,
        r1_0.nombre 
    from
        rol r1_0 
    where
        r1_0.id_rol=?
Hibernate: 
    select
        ue1_0.id_unidad_educativa,
        ue1_0.direccion,
        ue1_0.estado,
        ue1_0.logo_url,
        ue1_0.nombre,
        ue1_0.sie 
    from
        unidad_educativa ue1_0 
    where
        ue1_0.id_unidad_educativa=?
Hibernate: 
    select
        r1_0.id_rol,
        r1_0.nombre 
    from
        rol r1_0 
    where
        r1_0.id_rol=?
Hibernate: 
    select
        r1_0.id_rol,
        r1_0.nombre 
    from
        rol r1_0 
    where
        r1_0.id_rol=?
Hibernate: 
    select
        r1_0.id_rol,
        r1_0.nombre 
    from
        rol r1_0 
    where
        r1_0.id_rol=?
Hibernate: 
    insert 
    into
        pago
        (id_cajero, id_cuenta_cobrar, fecha_pago, metodo_pago, monto_pagado, numero_recibo, observaciones, id_pago) 
    values
        (?, ?, ?, ?, ?, ?, ?, default)
2025-12-21T23:49:52.396-04:00  INFO 21711 --- [unidad-educativa] [           main] c.unidadeducativa.config.DemoDataSeeder  : Poblando curso: PRIMARIA CUARTO A
Hibernate: 
    select
        m1_0.id_materia,
        m1_0.nombre,
        m1_0.id_unidad_educativa 
    from
        materia m1_0
Hibernate: 
    select
        ad1_0.id_asignacion,
        ad1_0.id_curso,
        ad1_0.estado,
        ad1_0.fecha_fin,
        ad1_0.fecha_inicio,
        ad1_0.id_gestion,
        ad1_0.id_materia,
        ad1_0.id_profesor 
    from
        asignacion_docente ad1_0 
    where
        ad1_0.id_profesor=? 
        and ad1_0.id_curso=? 
        and ad1_0.id_materia=?
Hibernate: 
    insert 
    into
        asignacion_docente
        (id_curso, estado, fecha_fin, fecha_inicio, id_gestion, id_materia, id_profesor, id_asignacion) 
    values
        (?, ?, ?, ?, ?, ?, ?, default)
Hibernate: 
    select
        u1_0.id_usuario 
    from
        usuario u1_0 
    where
        u1_0.correo=? 
    fetch
        first ? rows only
Hibernate: 
    insert 
    into
        usuario
        (apellido_materno, apellido_paterno, ci, contrasena, correo, created_at, estado, fecha_nacimiento, foto_perfil, nombres, id_rol, id_unidad_educativa, updated_at, id_usuario) 
    values
        (?, ?, ?, ?, ?, ?, ?, ?, ?, ?, ?, ?, ?, default)
Hibernate: 
    insert 
    into
        estudiante
        (codigo_rude, direccion, nombre_madre, nombre_padre, telefono_madre, telefono_padre, id_usuario, id_estudiante) 
    values
        (?, ?, ?, ?, ?, ?, ?, default)
Hibernate: 
    insert 
    into
        inscripcion
        (id_curso, estado, id_estudiante, fecha_inscripcion, id_gestion, id_inscripcion) 
    values
        (?, ?, ?, ?, ?, default)
Hibernate: 
    select
        tp1_0.id_tipo_pago,
        tp1_0.fecha_limite,
        tp1_0.id_gestion,
        tp1_0.monto_defecto,
        tp1_0.nombre,
        tp1_0.id_unidad_educativa 
    from
        tipo_pago tp1_0
Hibernate: 
    insert 
    into
        cuenta_cobrar
        (estado, id_estudiante, fecha_vencimiento, monto, saldo_pendiente, id_tipo_pago, id_cuenta_cobrar) 
    values
        (?, ?, ?, ?, ?, ?, default)
Hibernate: 
    select
        u1_0.id_usuario,
        u1_0.apellido_materno,
        u1_0.apellido_paterno,
        u1_0.ci,
        u1_0.contrasena,
        u1_0.correo,
        u1_0.created_at,
        u1_0.estado,
        u1_0.fecha_nacimiento,
        u1_0.foto_perfil,
        u1_0.nombres,
        u1_0.id_rol,
        u1_0.id_unidad_educativa,
        u1_0.updated_at 
    from
        usuario u1_0
Hibernate: 
    select
        r1_0.id_rol,
        r1_0.nombre 
    from
        rol r1_0 
    where
        r1_0.id_rol=?
Hibernate: 
    select
        ue1_0.id_unidad_educativa,
        ue1_0.direccion,
        ue1_0.estado,
        ue1_0.logo_url,
        ue1_0.nombre,
        ue1_0.sie 
    from
        unidad_educativa ue1_0 
    where
        ue1_0.id_unidad_educativa=?
Hibernate: 
    select
        r1_0.id_rol,
        r1_0.nombre 
    from
        rol r1_0 
    where
        r1_0.id_rol=?
Hibernate: 
    select
        r1_0.id_rol,
        r1_0.nombre 
    from
        rol r1_0 
    where
        r1_0.id_rol=?
Hibernate: 
    select
        r1_0.id_rol,
        r1_0.nombre 
    from
        rol r1_0 
    where
        r1_0.id_rol=?
Hibernate: 
    insert 
    into
        pago
        (id_cajero, id_cuenta_cobrar, fecha_pago, metodo_pago, monto_pagado, numero_recibo, observaciones, id_pago) 
    values
        (?, ?, ?, ?, ?, ?, ?, default)
Hibernate: 
    select
        u1_0.id_usuario 
    from
        usuario u1_0 
    where
        u1_0.correo=? 
    fetch
        first ? rows only
Hibernate: 
    insert 
    into
        usuario
        (apellido_materno, apellido_paterno, ci, contrasena, correo, created_at, estado, fecha_nacimiento, foto_perfil, nombres, id_rol, id_unidad_educativa, updated_at, id_usuario) 
    values
        (?, ?, ?, ?, ?, ?, ?, ?, ?, ?, ?, ?, ?, default)
Hibernate: 
    insert 
    into
        estudiante
        (codigo_rude, direccion, nombre_madre, nombre_padre, telefono_madre, telefono_padre, id_usuario, id_estudiante) 
    values
        (?, ?, ?, ?, ?, ?, ?, default)
Hibernate: 
    insert 
    into
        inscripcion
        (id_curso, estado, id_estudiante, fecha_inscripcion, id_gestion, id_inscripcion) 
    values
        (?, ?, ?, ?, ?, default)
Hibernate: 
    select
        tp1_0.id_tipo_pago,
        tp1_0.fecha_limite,
        tp1_0.id_gestion,
        tp1_0.monto_defecto,
        tp1_0.nombre,
        tp1_0.id_unidad_educativa 
    from
        tipo_pago tp1_0
Hibernate: 
    insert 
    into
        cuenta_cobrar
        (estado, id_estudiante, fecha_vencimiento, monto, saldo_pendiente, id_tipo_pago, id_cuenta_cobrar) 
    values
        (?, ?, ?, ?, ?, ?, default)
Hibernate: 
    select
        u1_0.id_usuario,
        u1_0.apellido_materno,
        u1_0.apellido_paterno,
        u1_0.ci,
        u1_0.contrasena,
        u1_0.correo,
        u1_0.created_at,
        u1_0.estado,
        u1_0.fecha_nacimiento,
        u1_0.foto_perfil,
        u1_0.nombres,
        u1_0.id_rol,
        u1_0.id_unidad_educativa,
        u1_0.updated_at 
    from
        usuario u1_0
Hibernate: 
    select
        r1_0.id_rol,
        r1_0.nombre 
    from
        rol r1_0 
    where
        r1_0.id_rol=?
Hibernate: 
    select
        ue1_0.id_unidad_educativa,
        ue1_0.direccion,
        ue1_0.estado,
        ue1_0.logo_url,
        ue1_0.nombre,
        ue1_0.sie 
    from
        unidad_educativa ue1_0 
    where
        ue1_0.id_unidad_educativa=?
Hibernate: 
    select
        r1_0.id_rol,
        r1_0.nombre 
    from
        rol r1_0 
    where
        r1_0.id_rol=?
Hibernate: 
    select
        r1_0.id_rol,
        r1_0.nombre 
    from
        rol r1_0 
    where
        r1_0.id_rol=?
Hibernate: 
    select
        r1_0.id_rol,
        r1_0.nombre 
    from
        rol r1_0 
    where
        r1_0.id_rol=?
Hibernate: 
    insert 
    into
        pago
        (id_cajero, id_cuenta_cobrar, fecha_pago, metodo_pago, monto_pagado, numero_recibo, observaciones, id_pago) 
    values
        (?, ?, ?, ?, ?, ?, ?, default)
Hibernate: 
    select
        u1_0.id_usuario 
    from
        usuario u1_0 
    where
        u1_0.correo=? 
    fetch
        first ? rows only
Hibernate: 
    insert 
    into
        usuario
        (apellido_materno, apellido_paterno, ci, contrasena, correo, created_at, estado, fecha_nacimiento, foto_perfil, nombres, id_rol, id_unidad_educativa, updated_at, id_usuario) 
    values
        (?, ?, ?, ?, ?, ?, ?, ?, ?, ?, ?, ?, ?, default)
Hibernate: 
    insert 
    into
        estudiante
        (codigo_rude, direccion, nombre_madre, nombre_padre, telefono_madre, telefono_padre, id_usuario, id_estudiante) 
    values
        (?, ?, ?, ?, ?, ?, ?, default)
Hibernate: 
    insert 
    into
        inscripcion
        (id_curso, estado, id_estudiante, fecha_inscripcion, id_gestion, id_inscripcion) 
    values
        (?, ?, ?, ?, ?, default)
Hibernate: 
    select
        tp1_0.id_tipo_pago,
        tp1_0.fecha_limite,
        tp1_0.id_gestion,
        tp1_0.monto_defecto,
        tp1_0.nombre,
        tp1_0.id_unidad_educativa 
    from
        tipo_pago tp1_0
Hibernate: 
    insert 
    into
        cuenta_cobrar
        (estado, id_estudiante, fecha_vencimiento, monto, saldo_pendiente, id_tipo_pago, id_cuenta_cobrar) 
    values
        (?, ?, ?, ?, ?, ?, default)
Hibernate: 
    select
        u1_0.id_usuario,
        u1_0.apellido_materno,
        u1_0.apellido_paterno,
        u1_0.ci,
        u1_0.contrasena,
        u1_0.correo,
        u1_0.created_at,
        u1_0.estado,
        u1_0.fecha_nacimiento,
        u1_0.foto_perfil,
        u1_0.nombres,
        u1_0.id_rol,
        u1_0.id_unidad_educativa,
        u1_0.updated_at 
    from
        usuario u1_0
Hibernate: 
    select
        r1_0.id_rol,
        r1_0.nombre 
    from
        rol r1_0 
    where
        r1_0.id_rol=?
Hibernate: 
    select
        ue1_0.id_unidad_educativa,
        ue1_0.direccion,
        ue1_0.estado,
        ue1_0.logo_url,
        ue1_0.nombre,
        ue1_0.sie 
    from
        unidad_educativa ue1_0 
    where
        ue1_0.id_unidad_educativa=?
Hibernate: 
    select
        r1_0.id_rol,
        r1_0.nombre 
    from
        rol r1_0 
    where
        r1_0.id_rol=?
Hibernate: 
    select
        r1_0.id_rol,
        r1_0.nombre 
    from
        rol r1_0 
    where
        r1_0.id_rol=?
Hibernate: 
    select
        r1_0.id_rol,
        r1_0.nombre 
    from
        rol r1_0 
    where
        r1_0.id_rol=?
Hibernate: 
    insert 
    into
        pago
        (id_cajero, id_cuenta_cobrar, fecha_pago, metodo_pago, monto_pagado, numero_recibo, observaciones, id_pago) 
    values
        (?, ?, ?, ?, ?, ?, ?, default)
2025-12-21T23:49:52.692-04:00  INFO 21711 --- [unidad-educativa] [           main] c.unidadeducativa.config.DemoDataSeeder  : Poblando curso: SECUNDARIA CUARTO A
Hibernate: 
    select
        m1_0.id_materia,
        m1_0.nombre,
        m1_0.id_unidad_educativa 
    from
        materia m1_0
Hibernate: 
    select
        ad1_0.id_asignacion,
        ad1_0.id_curso,
        ad1_0.estado,
        ad1_0.fecha_fin,
        ad1_0.fecha_inicio,
        ad1_0.id_gestion,
        ad1_0.id_materia,
        ad1_0.id_profesor 
    from
        asignacion_docente ad1_0 
    where
        ad1_0.id_profesor=? 
        and ad1_0.id_curso=? 
        and ad1_0.id_materia=?
Hibernate: 
    insert 
    into
        asignacion_docente
        (id_curso, estado, fecha_fin, fecha_inicio, id_gestion, id_materia, id_profesor, id_asignacion) 
    values
        (?, ?, ?, ?, ?, ?, ?, default)
Hibernate: 
    select
        u1_0.id_usuario 
    from
        usuario u1_0 
    where
        u1_0.correo=? 
    fetch
        first ? rows only
Hibernate: 
    insert 
    into
        usuario
        (apellido_materno, apellido_paterno, ci, contrasena, correo, created_at, estado, fecha_nacimiento, foto_perfil, nombres, id_rol, id_unidad_educativa, updated_at, id_usuario) 
    values
        (?, ?, ?, ?, ?, ?, ?, ?, ?, ?, ?, ?, ?, default)
Hibernate: 
    insert 
    into
        estudiante
        (codigo_rude, direccion, nombre_madre, nombre_padre, telefono_madre, telefono_padre, id_usuario, id_estudiante) 
    values
        (?, ?, ?, ?, ?, ?, ?, default)
Hibernate: 
    insert 
    into
        inscripcion
        (id_curso, estado, id_estudiante, fecha_inscripcion, id_gestion, id_inscripcion) 
    values
        (?, ?, ?, ?, ?, default)
Hibernate: 
    select
        tp1_0.id_tipo_pago,
        tp1_0.fecha_limite,
        tp1_0.id_gestion,
        tp1_0.monto_defecto,
        tp1_0.nombre,
        tp1_0.id_unidad_educativa 
    from
        tipo_pago tp1_0
Hibernate: 
    insert 
    into
        cuenta_cobrar
        (estado, id_estudiante, fecha_vencimiento, monto, saldo_pendiente, id_tipo_pago, id_cuenta_cobrar) 
    values
        (?, ?, ?, ?, ?, ?, default)
Hibernate: 
    select
        u1_0.id_usuario,
        u1_0.apellido_materno,
        u1_0.apellido_paterno,
        u1_0.ci,
        u1_0.contrasena,
        u1_0.correo,
        u1_0.created_at,
        u1_0.estado,
        u1_0.fecha_nacimiento,
        u1_0.foto_perfil,
        u1_0.nombres,
        u1_0.id_rol,
        u1_0.id_unidad_educativa,
        u1_0.updated_at 
    from
        usuario u1_0
Hibernate: 
    select
        r1_0.id_rol,
        r1_0.nombre 
    from
        rol r1_0 
    where
        r1_0.id_rol=?
Hibernate: 
    select
        ue1_0.id_unidad_educativa,
        ue1_0.direccion,
        ue1_0.estado,
        ue1_0.logo_url,
        ue1_0.nombre,
        ue1_0.sie 
    from
        unidad_educativa ue1_0 
    where
        ue1_0.id_unidad_educativa=?
Hibernate: 
    select
        r1_0.id_rol,
        r1_0.nombre 
    from
        rol r1_0 
    where
        r1_0.id_rol=?
Hibernate: 
    select
        r1_0.id_rol,
        r1_0.nombre 
    from
        rol r1_0 
    where
        r1_0.id_rol=?
Hibernate: 
    select
        r1_0.id_rol,
        r1_0.nombre 
    from
        rol r1_0 
    where
        r1_0.id_rol=?
Hibernate: 
    insert 
    into
        pago
        (id_cajero, id_cuenta_cobrar, fecha_pago, metodo_pago, monto_pagado, numero_recibo, observaciones, id_pago) 
    values
        (?, ?, ?, ?, ?, ?, ?, default)
Hibernate: 
    select
        u1_0.id_usuario 
    from
        usuario u1_0 
    where
        u1_0.correo=? 
    fetch
        first ? rows only
Hibernate: 
    insert 
    into
        usuario
        (apellido_materno, apellido_paterno, ci, contrasena, correo, created_at, estado, fecha_nacimiento, foto_perfil, nombres, id_rol, id_unidad_educativa, updated_at, id_usuario) 
    values
        (?, ?, ?, ?, ?, ?, ?, ?, ?, ?, ?, ?, ?, default)
Hibernate: 
    insert 
    into
        estudiante
        (codigo_rude, direccion, nombre_madre, nombre_padre, telefono_madre, telefono_padre, id_usuario, id_estudiante) 
    values
        (?, ?, ?, ?, ?, ?, ?, default)
Hibernate: 
    insert 
    into
        inscripcion
        (id_curso, estado, id_estudiante, fecha_inscripcion, id_gestion, id_inscripcion) 
    values
        (?, ?, ?, ?, ?, default)
Hibernate: 
    select
        tp1_0.id_tipo_pago,
        tp1_0.fecha_limite,
        tp1_0.id_gestion,
        tp1_0.monto_defecto,
        tp1_0.nombre,
        tp1_0.id_unidad_educativa 
    from
        tipo_pago tp1_0
Hibernate: 
    insert 
    into
        cuenta_cobrar
        (estado, id_estudiante, fecha_vencimiento, monto, saldo_pendiente, id_tipo_pago, id_cuenta_cobrar) 
    values
        (?, ?, ?, ?, ?, ?, default)
Hibernate: 
    select
        u1_0.id_usuario,
        u1_0.apellido_materno,
        u1_0.apellido_paterno,
        u1_0.ci,
        u1_0.contrasena,
        u1_0.correo,
        u1_0.created_at,
        u1_0.estado,
        u1_0.fecha_nacimiento,
        u1_0.foto_perfil,
        u1_0.nombres,
        u1_0.id_rol,
        u1_0.id_unidad_educativa,
        u1_0.updated_at 
    from
        usuario u1_0
Hibernate: 
    select
        r1_0.id_rol,
        r1_0.nombre 
    from
        rol r1_0 
    where
        r1_0.id_rol=?
Hibernate: 
    select
        ue1_0.id_unidad_educativa,
        ue1_0.direccion,
        ue1_0.estado,
        ue1_0.logo_url,
        ue1_0.nombre,
        ue1_0.sie 
    from
        unidad_educativa ue1_0 
    where
        ue1_0.id_unidad_educativa=?
Hibernate: 
    select
        r1_0.id_rol,
        r1_0.nombre 
    from
        rol r1_0 
    where
        r1_0.id_rol=?
Hibernate: 
    select
        r1_0.id_rol,
        r1_0.nombre 
    from
        rol r1_0 
    where
        r1_0.id_rol=?
Hibernate: 
    select
        r1_0.id_rol,
        r1_0.nombre 
    from
        rol r1_0 
    where
        r1_0.id_rol=?
Hibernate: 
    insert 
    into
        pago
        (id_cajero, id_cuenta_cobrar, fecha_pago, metodo_pago, monto_pagado, numero_recibo, observaciones, id_pago) 
    values
        (?, ?, ?, ?, ?, ?, ?, default)
Hibernate: 
    select
        u1_0.id_usuario 
    from
        usuario u1_0 
    where
        u1_0.correo=? 
    fetch
        first ? rows only
Hibernate: 
    insert 
    into
        usuario
        (apellido_materno, apellido_paterno, ci, contrasena, correo, created_at, estado, fecha_nacimiento, foto_perfil, nombres, id_rol, id_unidad_educativa, updated_at, id_usuario) 
    values
        (?, ?, ?, ?, ?, ?, ?, ?, ?, ?, ?, ?, ?, default)
Hibernate: 
    insert 
    into
        estudiante
        (codigo_rude, direccion, nombre_madre, nombre_padre, telefono_madre, telefono_padre, id_usuario, id_estudiante) 
    values
        (?, ?, ?, ?, ?, ?, ?, default)
Hibernate: 
    insert 
    into
        inscripcion
        (id_curso, estado, id_estudiante, fecha_inscripcion, id_gestion, id_inscripcion) 
    values
        (?, ?, ?, ?, ?, default)
Hibernate: 
    select
        tp1_0.id_tipo_pago,
        tp1_0.fecha_limite,
        tp1_0.id_gestion,
        tp1_0.monto_defecto,
        tp1_0.nombre,
        tp1_0.id_unidad_educativa 
    from
        tipo_pago tp1_0
Hibernate: 
    insert 
    into
        cuenta_cobrar
        (estado, id_estudiante, fecha_vencimiento, monto, saldo_pendiente, id_tipo_pago, id_cuenta_cobrar) 
    values
        (?, ?, ?, ?, ?, ?, default)
Hibernate: 
    select
        u1_0.id_usuario,
        u1_0.apellido_materno,
        u1_0.apellido_paterno,
        u1_0.ci,
        u1_0.contrasena,
        u1_0.correo,
        u1_0.created_at,
        u1_0.estado,
        u1_0.fecha_nacimiento,
        u1_0.foto_perfil,
        u1_0.nombres,
        u1_0.id_rol,
        u1_0.id_unidad_educativa,
        u1_0.updated_at 
    from
        usuario u1_0
Hibernate: 
    select
        r1_0.id_rol,
        r1_0.nombre 
    from
        rol r1_0 
    where
        r1_0.id_rol=?
Hibernate: 
    select
        ue1_0.id_unidad_educativa,
        ue1_0.direccion,
        ue1_0.estado,
        ue1_0.logo_url,
        ue1_0.nombre,
        ue1_0.sie 
    from
        unidad_educativa ue1_0 
    where
        ue1_0.id_unidad_educativa=?
Hibernate: 
    select
        r1_0.id_rol,
        r1_0.nombre 
    from
        rol r1_0 
    where
        r1_0.id_rol=?
Hibernate: 
    select
        r1_0.id_rol,
        r1_0.nombre 
    from
        rol r1_0 
    where
        r1_0.id_rol=?
Hibernate: 
    select
        r1_0.id_rol,
        r1_0.nombre 
    from
        rol r1_0 
    where
        r1_0.id_rol=?
Hibernate: 
    insert 
    into
        pago
        (id_cajero, id_cuenta_cobrar, fecha_pago, metodo_pago, monto_pagado, numero_recibo, observaciones, id_pago) 
    values
        (?, ?, ?, ?, ?, ?, ?, default)
2025-12-21T23:49:52.987-04:00  INFO 21711 --- [unidad-educativa] [           main] c.unidadeducativa.config.DemoDataSeeder  : Poblando curso: PRIMARIA QUINTO A
Hibernate: 
    select
        m1_0.id_materia,
        m1_0.nombre,
        m1_0.id_unidad_educativa 
    from
        materia m1_0
Hibernate: 
    select
        ad1_0.id_asignacion,
        ad1_0.id_curso,
        ad1_0.estado,
        ad1_0.fecha_fin,
        ad1_0.fecha_inicio,
        ad1_0.id_gestion,
        ad1_0.id_materia,
        ad1_0.id_profesor 
    from
        asignacion_docente ad1_0 
    where
        ad1_0.id_profesor=? 
        and ad1_0.id_curso=? 
        and ad1_0.id_materia=?
Hibernate: 
    insert 
    into
        asignacion_docente
        (id_curso, estado, fecha_fin, fecha_inicio, id_gestion, id_materia, id_profesor, id_asignacion) 
    values
        (?, ?, ?, ?, ?, ?, ?, default)
Hibernate: 
    select
        u1_0.id_usuario 
    from
        usuario u1_0 
    where
        u1_0.correo=? 
    fetch
        first ? rows only
Hibernate: 
    insert 
    into
        usuario
        (apellido_materno, apellido_paterno, ci, contrasena, correo, created_at, estado, fecha_nacimiento, foto_perfil, nombres, id_rol, id_unidad_educativa, updated_at, id_usuario) 
    values
        (?, ?, ?, ?, ?, ?, ?, ?, ?, ?, ?, ?, ?, default)
Hibernate: 
    insert 
    into
        estudiante
        (codigo_rude, direccion, nombre_madre, nombre_padre, telefono_madre, telefono_padre, id_usuario, id_estudiante) 
    values
        (?, ?, ?, ?, ?, ?, ?, default)
Hibernate: 
    insert 
    into
        inscripcion
        (id_curso, estado, id_estudiante, fecha_inscripcion, id_gestion, id_inscripcion) 
    values
        (?, ?, ?, ?, ?, default)
Hibernate: 
    select
        tp1_0.id_tipo_pago,
        tp1_0.fecha_limite,
        tp1_0.id_gestion,
        tp1_0.monto_defecto,
        tp1_0.nombre,
        tp1_0.id_unidad_educativa 
    from
        tipo_pago tp1_0
Hibernate: 
    insert 
    into
        cuenta_cobrar
        (estado, id_estudiante, fecha_vencimiento, monto, saldo_pendiente, id_tipo_pago, id_cuenta_cobrar) 
    values
        (?, ?, ?, ?, ?, ?, default)
Hibernate: 
    select
        u1_0.id_usuario,
        u1_0.apellido_materno,
        u1_0.apellido_paterno,
        u1_0.ci,
        u1_0.contrasena,
        u1_0.correo,
        u1_0.created_at,
        u1_0.estado,
        u1_0.fecha_nacimiento,
        u1_0.foto_perfil,
        u1_0.nombres,
        u1_0.id_rol,
        u1_0.id_unidad_educativa,
        u1_0.updated_at 
    from
        usuario u1_0
Hibernate: 
    select
        r1_0.id_rol,
        r1_0.nombre 
    from
        rol r1_0 
    where
        r1_0.id_rol=?
Hibernate: 
    select
        ue1_0.id_unidad_educativa,
        ue1_0.direccion,
        ue1_0.estado,
        ue1_0.logo_url,
        ue1_0.nombre,
        ue1_0.sie 
    from
        unidad_educativa ue1_0 
    where
        ue1_0.id_unidad_educativa=?
Hibernate: 
    select
        r1_0.id_rol,
        r1_0.nombre 
    from
        rol r1_0 
    where
        r1_0.id_rol=?
Hibernate: 
    select
        r1_0.id_rol,
        r1_0.nombre 
    from
        rol r1_0 
    where
        r1_0.id_rol=?
Hibernate: 
    select
        r1_0.id_rol,
        r1_0.nombre 
    from
        rol r1_0 
    where
        r1_0.id_rol=?
Hibernate: 
    insert 
    into
        pago
        (id_cajero, id_cuenta_cobrar, fecha_pago, metodo_pago, monto_pagado, numero_recibo, observaciones, id_pago) 
    values
        (?, ?, ?, ?, ?, ?, ?, default)
Hibernate: 
    select
        u1_0.id_usuario 
    from
        usuario u1_0 
    where
        u1_0.correo=? 
    fetch
        first ? rows only
Hibernate: 
    insert 
    into
        usuario
        (apellido_materno, apellido_paterno, ci, contrasena, correo, created_at, estado, fecha_nacimiento, foto_perfil, nombres, id_rol, id_unidad_educativa, updated_at, id_usuario) 
    values
        (?, ?, ?, ?, ?, ?, ?, ?, ?, ?, ?, ?, ?, default)
Hibernate: 
    insert 
    into
        estudiante
        (codigo_rude, direccion, nombre_madre, nombre_padre, telefono_madre, telefono_padre, id_usuario, id_estudiante) 
    values
        (?, ?, ?, ?, ?, ?, ?, default)
Hibernate: 
    insert 
    into
        inscripcion
        (id_curso, estado, id_estudiante, fecha_inscripcion, id_gestion, id_inscripcion) 
    values
        (?, ?, ?, ?, ?, default)
Hibernate: 
    select
        tp1_0.id_tipo_pago,
        tp1_0.fecha_limite,
        tp1_0.id_gestion,
        tp1_0.monto_defecto,
        tp1_0.nombre,
        tp1_0.id_unidad_educativa 
    from
        tipo_pago tp1_0
Hibernate: 
    insert 
    into
        cuenta_cobrar
        (estado, id_estudiante, fecha_vencimiento, monto, saldo_pendiente, id_tipo_pago, id_cuenta_cobrar) 
    values
        (?, ?, ?, ?, ?, ?, default)
Hibernate: 
    select
        u1_0.id_usuario,
        u1_0.apellido_materno,
        u1_0.apellido_paterno,
        u1_0.ci,
        u1_0.contrasena,
        u1_0.correo,
        u1_0.created_at,
        u1_0.estado,
        u1_0.fecha_nacimiento,
        u1_0.foto_perfil,
        u1_0.nombres,
        u1_0.id_rol,
        u1_0.id_unidad_educativa,
        u1_0.updated_at 
    from
        usuario u1_0
Hibernate: 
    select
        r1_0.id_rol,
        r1_0.nombre 
    from
        rol r1_0 
    where
        r1_0.id_rol=?
Hibernate: 
    select
        ue1_0.id_unidad_educativa,
        ue1_0.direccion,
        ue1_0.estado,
        ue1_0.logo_url,
        ue1_0.nombre,
        ue1_0.sie 
    from
        unidad_educativa ue1_0 
    where
        ue1_0.id_unidad_educativa=?
Hibernate: 
    select
        r1_0.id_rol,
        r1_0.nombre 
    from
        rol r1_0 
    where
        r1_0.id_rol=?
Hibernate: 
    select
        r1_0.id_rol,
        r1_0.nombre 
    from
        rol r1_0 
    where
        r1_0.id_rol=?
Hibernate: 
    select
        r1_0.id_rol,
        r1_0.nombre 
    from
        rol r1_0 
    where
        r1_0.id_rol=?
Hibernate: 
    insert 
    into
        pago
        (id_cajero, id_cuenta_cobrar, fecha_pago, metodo_pago, monto_pagado, numero_recibo, observaciones, id_pago) 
    values
        (?, ?, ?, ?, ?, ?, ?, default)
Hibernate: 
    select
        u1_0.id_usuario 
    from
        usuario u1_0 
    where
        u1_0.correo=? 
    fetch
        first ? rows only
Hibernate: 
    insert 
    into
        usuario
        (apellido_materno, apellido_paterno, ci, contrasena, correo, created_at, estado, fecha_nacimiento, foto_perfil, nombres, id_rol, id_unidad_educativa, updated_at, id_usuario) 
    values
        (?, ?, ?, ?, ?, ?, ?, ?, ?, ?, ?, ?, ?, default)
Hibernate: 
    insert 
    into
        estudiante
        (codigo_rude, direccion, nombre_madre, nombre_padre, telefono_madre, telefono_padre, id_usuario, id_estudiante) 
    values
        (?, ?, ?, ?, ?, ?, ?, default)
Hibernate: 
    insert 
    into
        inscripcion
        (id_curso, estado, id_estudiante, fecha_inscripcion, id_gestion, id_inscripcion) 
    values
        (?, ?, ?, ?, ?, default)
Hibernate: 
    select
        tp1_0.id_tipo_pago,
        tp1_0.fecha_limite,
        tp1_0.id_gestion,
        tp1_0.monto_defecto,
        tp1_0.nombre,
        tp1_0.id_unidad_educativa 
    from
        tipo_pago tp1_0
Hibernate: 
    insert 
    into
        cuenta_cobrar
        (estado, id_estudiante, fecha_vencimiento, monto, saldo_pendiente, id_tipo_pago, id_cuenta_cobrar) 
    values
        (?, ?, ?, ?, ?, ?, default)
Hibernate: 
    select
        u1_0.id_usuario,
        u1_0.apellido_materno,
        u1_0.apellido_paterno,
        u1_0.ci,
        u1_0.contrasena,
        u1_0.correo,
        u1_0.created_at,
        u1_0.estado,
        u1_0.fecha_nacimiento,
        u1_0.foto_perfil,
        u1_0.nombres,
        u1_0.id_rol,
        u1_0.id_unidad_educativa,
        u1_0.updated_at 
    from
        usuario u1_0
Hibernate: 
    select
        r1_0.id_rol,
        r1_0.nombre 
    from
        rol r1_0 
    where
        r1_0.id_rol=?
Hibernate: 
    select
        ue1_0.id_unidad_educativa,
        ue1_0.direccion,
        ue1_0.estado,
        ue1_0.logo_url,
        ue1_0.nombre,
        ue1_0.sie 
    from
        unidad_educativa ue1_0 
    where
        ue1_0.id_unidad_educativa=?
Hibernate: 
    select
        r1_0.id_rol,
        r1_0.nombre 
    from
        rol r1_0 
    where
        r1_0.id_rol=?
Hibernate: 
    select
        r1_0.id_rol,
        r1_0.nombre 
    from
        rol r1_0 
    where
        r1_0.id_rol=?
Hibernate: 
    select
        r1_0.id_rol,
        r1_0.nombre 
    from
        rol r1_0 
    where
        r1_0.id_rol=?
Hibernate: 
    insert 
    into
        pago
        (id_cajero, id_cuenta_cobrar, fecha_pago, metodo_pago, monto_pagado, numero_recibo, observaciones, id_pago) 
    values
        (?, ?, ?, ?, ?, ?, ?, default)
2025-12-21T23:49:53.278-04:00  INFO 21711 --- [unidad-educativa] [           main] c.unidadeducativa.config.DemoDataSeeder  : Poblando curso: SECUNDARIA QUINTO A
Hibernate: 
    select
        m1_0.id_materia,
        m1_0.nombre,
        m1_0.id_unidad_educativa 
    from
        materia m1_0
Hibernate: 
    select
        ad1_0.id_asignacion,
        ad1_0.id_curso,
        ad1_0.estado,
        ad1_0.fecha_fin,
        ad1_0.fecha_inicio,
        ad1_0.id_gestion,
        ad1_0.id_materia,
        ad1_0.id_profesor 
    from
        asignacion_docente ad1_0 
    where
        ad1_0.id_profesor=? 
        and ad1_0.id_curso=? 
        and ad1_0.id_materia=?
Hibernate: 
    insert 
    into
        asignacion_docente
        (id_curso, estado, fecha_fin, fecha_inicio, id_gestion, id_materia, id_profesor, id_asignacion) 
    values
        (?, ?, ?, ?, ?, ?, ?, default)
Hibernate: 
    select
        u1_0.id_usuario 
    from
        usuario u1_0 
    where
        u1_0.correo=? 
    fetch
        first ? rows only
Hibernate: 
    insert 
    into
        usuario
        (apellido_materno, apellido_paterno, ci, contrasena, correo, created_at, estado, fecha_nacimiento, foto_perfil, nombres, id_rol, id_unidad_educativa, updated_at, id_usuario) 
    values
        (?, ?, ?, ?, ?, ?, ?, ?, ?, ?, ?, ?, ?, default)
Hibernate: 
    insert 
    into
        estudiante
        (codigo_rude, direccion, nombre_madre, nombre_padre, telefono_madre, telefono_padre, id_usuario, id_estudiante) 
    values
        (?, ?, ?, ?, ?, ?, ?, default)
Hibernate: 
    insert 
    into
        inscripcion
        (id_curso, estado, id_estudiante, fecha_inscripcion, id_gestion, id_inscripcion) 
    values
        (?, ?, ?, ?, ?, default)
Hibernate: 
    select
        tp1_0.id_tipo_pago,
        tp1_0.fecha_limite,
        tp1_0.id_gestion,
        tp1_0.monto_defecto,
        tp1_0.nombre,
        tp1_0.id_unidad_educativa 
    from
        tipo_pago tp1_0
Hibernate: 
    insert 
    into
        cuenta_cobrar
        (estado, id_estudiante, fecha_vencimiento, monto, saldo_pendiente, id_tipo_pago, id_cuenta_cobrar) 
    values
        (?, ?, ?, ?, ?, ?, default)
Hibernate: 
    select
        u1_0.id_usuario,
        u1_0.apellido_materno,
        u1_0.apellido_paterno,
        u1_0.ci,
        u1_0.contrasena,
        u1_0.correo,
        u1_0.created_at,
        u1_0.estado,
        u1_0.fecha_nacimiento,
        u1_0.foto_perfil,
        u1_0.nombres,
        u1_0.id_rol,
        u1_0.id_unidad_educativa,
        u1_0.updated_at 
    from
        usuario u1_0
Hibernate: 
    select
        r1_0.id_rol,
        r1_0.nombre 
    from
        rol r1_0 
    where
        r1_0.id_rol=?
Hibernate: 
    select
        ue1_0.id_unidad_educativa,
        ue1_0.direccion,
        ue1_0.estado,
        ue1_0.logo_url,
        ue1_0.nombre,
        ue1_0.sie 
    from
        unidad_educativa ue1_0 
    where
        ue1_0.id_unidad_educativa=?
Hibernate: 
    select
        r1_0.id_rol,
        r1_0.nombre 
    from
        rol r1_0 
    where
        r1_0.id_rol=?
Hibernate: 
    select
        r1_0.id_rol,
        r1_0.nombre 
    from
        rol r1_0 
    where
        r1_0.id_rol=?
Hibernate: 
    select
        r1_0.id_rol,
        r1_0.nombre 
    from
        rol r1_0 
    where
        r1_0.id_rol=?
Hibernate: 
    insert 
    into
        pago
        (id_cajero, id_cuenta_cobrar, fecha_pago, metodo_pago, monto_pagado, numero_recibo, observaciones, id_pago) 
    values
        (?, ?, ?, ?, ?, ?, ?, default)
Hibernate: 
    select
        u1_0.id_usuario 
    from
        usuario u1_0 
    where
        u1_0.correo=? 
    fetch
        first ? rows only
Hibernate: 
    insert 
    into
        usuario
        (apellido_materno, apellido_paterno, ci, contrasena, correo, created_at, estado, fecha_nacimiento, foto_perfil, nombres, id_rol, id_unidad_educativa, updated_at, id_usuario) 
    values
        (?, ?, ?, ?, ?, ?, ?, ?, ?, ?, ?, ?, ?, default)
Hibernate: 
    insert 
    into
        estudiante
        (codigo_rude, direccion, nombre_madre, nombre_padre, telefono_madre, telefono_padre, id_usuario, id_estudiante) 
    values
        (?, ?, ?, ?, ?, ?, ?, default)
Hibernate: 
    insert 
    into
        inscripcion
        (id_curso, estado, id_estudiante, fecha_inscripcion, id_gestion, id_inscripcion) 
    values
        (?, ?, ?, ?, ?, default)
Hibernate: 
    select
        tp1_0.id_tipo_pago,
        tp1_0.fecha_limite,
        tp1_0.id_gestion,
        tp1_0.monto_defecto,
        tp1_0.nombre,
        tp1_0.id_unidad_educativa 
    from
        tipo_pago tp1_0
Hibernate: 
    insert 
    into
        cuenta_cobrar
        (estado, id_estudiante, fecha_vencimiento, monto, saldo_pendiente, id_tipo_pago, id_cuenta_cobrar) 
    values
        (?, ?, ?, ?, ?, ?, default)
Hibernate: 
    select
        u1_0.id_usuario,
        u1_0.apellido_materno,
        u1_0.apellido_paterno,
        u1_0.ci,
        u1_0.contrasena,
        u1_0.correo,
        u1_0.created_at,
        u1_0.estado,
        u1_0.fecha_nacimiento,
        u1_0.foto_perfil,
        u1_0.nombres,
        u1_0.id_rol,
        u1_0.id_unidad_educativa,
        u1_0.updated_at 
    from
        usuario u1_0
Hibernate: 
    select
        r1_0.id_rol,
        r1_0.nombre 
    from
        rol r1_0 
    where
        r1_0.id_rol=?
Hibernate: 
    select
        ue1_0.id_unidad_educativa,
        ue1_0.direccion,
        ue1_0.estado,
        ue1_0.logo_url,
        ue1_0.nombre,
        ue1_0.sie 
    from
        unidad_educativa ue1_0 
    where
        ue1_0.id_unidad_educativa=?
Hibernate: 
    select
        r1_0.id_rol,
        r1_0.nombre 
    from
        rol r1_0 
    where
        r1_0.id_rol=?
Hibernate: 
    select
        r1_0.id_rol,
        r1_0.nombre 
    from
        rol r1_0 
    where
        r1_0.id_rol=?
Hibernate: 
    select
        r1_0.id_rol,
        r1_0.nombre 
    from
        rol r1_0 
    where
        r1_0.id_rol=?
Hibernate: 
    insert 
    into
        pago
        (id_cajero, id_cuenta_cobrar, fecha_pago, metodo_pago, monto_pagado, numero_recibo, observaciones, id_pago) 
    values
        (?, ?, ?, ?, ?, ?, ?, default)
Hibernate: 
    select
        u1_0.id_usuario 
    from
        usuario u1_0 
    where
        u1_0.correo=? 
    fetch
        first ? rows only
Hibernate: 
    insert 
    into
        usuario
        (apellido_materno, apellido_paterno, ci, contrasena, correo, created_at, estado, fecha_nacimiento, foto_perfil, nombres, id_rol, id_unidad_educativa, updated_at, id_usuario) 
    values
        (?, ?, ?, ?, ?, ?, ?, ?, ?, ?, ?, ?, ?, default)
Hibernate: 
    insert 
    into
        estudiante
        (codigo_rude, direccion, nombre_madre, nombre_padre, telefono_madre, telefono_padre, id_usuario, id_estudiante) 
    values
        (?, ?, ?, ?, ?, ?, ?, default)
Hibernate: 
    insert 
    into
        inscripcion
        (id_curso, estado, id_estudiante, fecha_inscripcion, id_gestion, id_inscripcion) 
    values
        (?, ?, ?, ?, ?, default)
Hibernate: 
    select
        tp1_0.id_tipo_pago,
        tp1_0.fecha_limite,
        tp1_0.id_gestion,
        tp1_0.monto_defecto,
        tp1_0.nombre,
        tp1_0.id_unidad_educativa 
    from
        tipo_pago tp1_0
Hibernate: 
    insert 
    into
        cuenta_cobrar
        (estado, id_estudiante, fecha_vencimiento, monto, saldo_pendiente, id_tipo_pago, id_cuenta_cobrar) 
    values
        (?, ?, ?, ?, ?, ?, default)
Hibernate: 
    select
        u1_0.id_usuario,
        u1_0.apellido_materno,
        u1_0.apellido_paterno,
        u1_0.ci,
        u1_0.contrasena,
        u1_0.correo,
        u1_0.created_at,
        u1_0.estado,
        u1_0.fecha_nacimiento,
        u1_0.foto_perfil,
        u1_0.nombres,
        u1_0.id_rol,
        u1_0.id_unidad_educativa,
        u1_0.updated_at 
    from
        usuario u1_0
Hibernate: 
    select
        r1_0.id_rol,
        r1_0.nombre 
    from
        rol r1_0 
    where
        r1_0.id_rol=?
Hibernate: 
    select
        ue1_0.id_unidad_educativa,
        ue1_0.direccion,
        ue1_0.estado,
        ue1_0.logo_url,
        ue1_0.nombre,
        ue1_0.sie 
    from
        unidad_educativa ue1_0 
    where
        ue1_0.id_unidad_educativa=?
Hibernate: 
    select
        r1_0.id_rol,
        r1_0.nombre 
    from
        rol r1_0 
    where
        r1_0.id_rol=?
Hibernate: 
    select
        r1_0.id_rol,
        r1_0.nombre 
    from
        rol r1_0 
    where
        r1_0.id_rol=?
Hibernate: 
    select
        r1_0.id_rol,
        r1_0.nombre 
    from
        rol r1_0 
    where
        r1_0.id_rol=?
Hibernate: 
    insert 
    into
        pago
        (id_cajero, id_cuenta_cobrar, fecha_pago, metodo_pago, monto_pagado, numero_recibo, observaciones, id_pago) 
    values
        (?, ?, ?, ?, ?, ?, ?, default)
2025-12-21T23:49:53.570-04:00  INFO 21711 --- [unidad-educativa] [           main] c.unidadeducativa.config.DemoDataSeeder  : Poblando curso: PRIMARIA SEXTO A
Hibernate: 
    select
        m1_0.id_materia,
        m1_0.nombre,
        m1_0.id_unidad_educativa 
    from
        materia m1_0
Hibernate: 
    select
        ad1_0.id_asignacion,
        ad1_0.id_curso,
        ad1_0.estado,
        ad1_0.fecha_fin,
        ad1_0.fecha_inicio,
        ad1_0.id_gestion,
        ad1_0.id_materia,
        ad1_0.id_profesor 
    from
        asignacion_docente ad1_0 
    where
        ad1_0.id_profesor=? 
        and ad1_0.id_curso=? 
        and ad1_0.id_materia=?
Hibernate: 
    insert 
    into
        asignacion_docente
        (id_curso, estado, fecha_fin, fecha_inicio, id_gestion, id_materia, id_profesor, id_asignacion) 
    values
        (?, ?, ?, ?, ?, ?, ?, default)
Hibernate: 
    select
        u1_0.id_usuario 
    from
        usuario u1_0 
    where
        u1_0.correo=? 
    fetch
        first ? rows only
Hibernate: 
    insert 
    into
        usuario
        (apellido_materno, apellido_paterno, ci, contrasena, correo, created_at, estado, fecha_nacimiento, foto_perfil, nombres, id_rol, id_unidad_educativa, updated_at, id_usuario) 
    values
        (?, ?, ?, ?, ?, ?, ?, ?, ?, ?, ?, ?, ?, default)
Hibernate: 
    insert 
    into
        estudiante
        (codigo_rude, direccion, nombre_madre, nombre_padre, telefono_madre, telefono_padre, id_usuario, id_estudiante) 
    values
        (?, ?, ?, ?, ?, ?, ?, default)
Hibernate: 
    insert 
    into
        inscripcion
        (id_curso, estado, id_estudiante, fecha_inscripcion, id_gestion, id_inscripcion) 
    values
        (?, ?, ?, ?, ?, default)
Hibernate: 
    select
        tp1_0.id_tipo_pago,
        tp1_0.fecha_limite,
        tp1_0.id_gestion,
        tp1_0.monto_defecto,
        tp1_0.nombre,
        tp1_0.id_unidad_educativa 
    from
        tipo_pago tp1_0
Hibernate: 
    insert 
    into
        cuenta_cobrar
        (estado, id_estudiante, fecha_vencimiento, monto, saldo_pendiente, id_tipo_pago, id_cuenta_cobrar) 
    values
        (?, ?, ?, ?, ?, ?, default)
Hibernate: 
    select
        u1_0.id_usuario,
        u1_0.apellido_materno,
        u1_0.apellido_paterno,
        u1_0.ci,
        u1_0.contrasena,
        u1_0.correo,
        u1_0.created_at,
        u1_0.estado,
        u1_0.fecha_nacimiento,
        u1_0.foto_perfil,
        u1_0.nombres,
        u1_0.id_rol,
        u1_0.id_unidad_educativa,
        u1_0.updated_at 
    from
        usuario u1_0
Hibernate: 
    select
        r1_0.id_rol,
        r1_0.nombre 
    from
        rol r1_0 
    where
        r1_0.id_rol=?
Hibernate: 
    select
        ue1_0.id_unidad_educativa,
        ue1_0.direccion,
        ue1_0.estado,
        ue1_0.logo_url,
        ue1_0.nombre,
        ue1_0.sie 
    from
        unidad_educativa ue1_0 
    where
        ue1_0.id_unidad_educativa=?
Hibernate: 
    select
        r1_0.id_rol,
        r1_0.nombre 
    from
        rol r1_0 
    where
        r1_0.id_rol=?
Hibernate: 
    select
        r1_0.id_rol,
        r1_0.nombre 
    from
        rol r1_0 
    where
        r1_0.id_rol=?
Hibernate: 
    select
        r1_0.id_rol,
        r1_0.nombre 
    from
        rol r1_0 
    where
        r1_0.id_rol=?
Hibernate: 
    insert 
    into
        pago
        (id_cajero, id_cuenta_cobrar, fecha_pago, metodo_pago, monto_pagado, numero_recibo, observaciones, id_pago) 
    values
        (?, ?, ?, ?, ?, ?, ?, default)
Hibernate: 
    select
        u1_0.id_usuario 
    from
        usuario u1_0 
    where
        u1_0.correo=? 
    fetch
        first ? rows only
Hibernate: 
    insert 
    into
        usuario
        (apellido_materno, apellido_paterno, ci, contrasena, correo, created_at, estado, fecha_nacimiento, foto_perfil, nombres, id_rol, id_unidad_educativa, updated_at, id_usuario) 
    values
        (?, ?, ?, ?, ?, ?, ?, ?, ?, ?, ?, ?, ?, default)
Hibernate: 
    insert 
    into
        estudiante
        (codigo_rude, direccion, nombre_madre, nombre_padre, telefono_madre, telefono_padre, id_usuario, id_estudiante) 
    values
        (?, ?, ?, ?, ?, ?, ?, default)
Hibernate: 
    insert 
    into
        inscripcion
        (id_curso, estado, id_estudiante, fecha_inscripcion, id_gestion, id_inscripcion) 
    values
        (?, ?, ?, ?, ?, default)
Hibernate: 
    select
        tp1_0.id_tipo_pago,
        tp1_0.fecha_limite,
        tp1_0.id_gestion,
        tp1_0.monto_defecto,
        tp1_0.nombre,
        tp1_0.id_unidad_educativa 
    from
        tipo_pago tp1_0
Hibernate: 
    insert 
    into
        cuenta_cobrar
        (estado, id_estudiante, fecha_vencimiento, monto, saldo_pendiente, id_tipo_pago, id_cuenta_cobrar) 
    values
        (?, ?, ?, ?, ?, ?, default)
Hibernate: 
    select
        u1_0.id_usuario,
        u1_0.apellido_materno,
        u1_0.apellido_paterno,
        u1_0.ci,
        u1_0.contrasena,
        u1_0.correo,
        u1_0.created_at,
        u1_0.estado,
        u1_0.fecha_nacimiento,
        u1_0.foto_perfil,
        u1_0.nombres,
        u1_0.id_rol,
        u1_0.id_unidad_educativa,
        u1_0.updated_at 
    from
        usuario u1_0
Hibernate: 
    select
        r1_0.id_rol,
        r1_0.nombre 
    from
        rol r1_0 
    where
        r1_0.id_rol=?
Hibernate: 
    select
        ue1_0.id_unidad_educativa,
        ue1_0.direccion,
        ue1_0.estado,
        ue1_0.logo_url,
        ue1_0.nombre,
        ue1_0.sie 
    from
        unidad_educativa ue1_0 
    where
        ue1_0.id_unidad_educativa=?
Hibernate: 
    select
        r1_0.id_rol,
        r1_0.nombre 
    from
        rol r1_0 
    where
        r1_0.id_rol=?
Hibernate: 
    select
        r1_0.id_rol,
        r1_0.nombre 
    from
        rol r1_0 
    where
        r1_0.id_rol=?
Hibernate: 
    select
        r1_0.id_rol,
        r1_0.nombre 
    from
        rol r1_0 
    where
        r1_0.id_rol=?
Hibernate: 
    insert 
    into
        pago
        (id_cajero, id_cuenta_cobrar, fecha_pago, metodo_pago, monto_pagado, numero_recibo, observaciones, id_pago) 
    values
        (?, ?, ?, ?, ?, ?, ?, default)
Hibernate: 
    select
        u1_0.id_usuario 
    from
        usuario u1_0 
    where
        u1_0.correo=? 
    fetch
        first ? rows only
Hibernate: 
    insert 
    into
        usuario
        (apellido_materno, apellido_paterno, ci, contrasena, correo, created_at, estado, fecha_nacimiento, foto_perfil, nombres, id_rol, id_unidad_educativa, updated_at, id_usuario) 
    values
        (?, ?, ?, ?, ?, ?, ?, ?, ?, ?, ?, ?, ?, default)
Hibernate: 
    insert 
    into
        estudiante
        (codigo_rude, direccion, nombre_madre, nombre_padre, telefono_madre, telefono_padre, id_usuario, id_estudiante) 
    values
        (?, ?, ?, ?, ?, ?, ?, default)
Hibernate: 
    insert 
    into
        inscripcion
        (id_curso, estado, id_estudiante, fecha_inscripcion, id_gestion, id_inscripcion) 
    values
        (?, ?, ?, ?, ?, default)
Hibernate: 
    select
        tp1_0.id_tipo_pago,
        tp1_0.fecha_limite,
        tp1_0.id_gestion,
        tp1_0.monto_defecto,
        tp1_0.nombre,
        tp1_0.id_unidad_educativa 
    from
        tipo_pago tp1_0
Hibernate: 
    insert 
    into
        cuenta_cobrar
        (estado, id_estudiante, fecha_vencimiento, monto, saldo_pendiente, id_tipo_pago, id_cuenta_cobrar) 
    values
        (?, ?, ?, ?, ?, ?, default)
Hibernate: 
    select
        u1_0.id_usuario,
        u1_0.apellido_materno,
        u1_0.apellido_paterno,
        u1_0.ci,
        u1_0.contrasena,
        u1_0.correo,
        u1_0.created_at,
        u1_0.estado,
        u1_0.fecha_nacimiento,
        u1_0.foto_perfil,
        u1_0.nombres,
        u1_0.id_rol,
        u1_0.id_unidad_educativa,
        u1_0.updated_at 
    from
        usuario u1_0
Hibernate: 
    select
        r1_0.id_rol,
        r1_0.nombre 
    from
        rol r1_0 
    where
        r1_0.id_rol=?
Hibernate: 
    select
        ue1_0.id_unidad_educativa,
        ue1_0.direccion,
        ue1_0.estado,
        ue1_0.logo_url,
        ue1_0.nombre,
        ue1_0.sie 
    from
        unidad_educativa ue1_0 
    where
        ue1_0.id_unidad_educativa=?
Hibernate: 
    select
        r1_0.id_rol,
        r1_0.nombre 
    from
        rol r1_0 
    where
        r1_0.id_rol=?
Hibernate: 
    select
        r1_0.id_rol,
        r1_0.nombre 
    from
        rol r1_0 
    where
        r1_0.id_rol=?
Hibernate: 
    select
        r1_0.id_rol,
        r1_0.nombre 
    from
        rol r1_0 
    where
        r1_0.id_rol=?
Hibernate: 
    insert 
    into
        pago
        (id_cajero, id_cuenta_cobrar, fecha_pago, metodo_pago, monto_pagado, numero_recibo, observaciones, id_pago) 
    values
        (?, ?, ?, ?, ?, ?, ?, default)
2025-12-21T23:49:53.865-04:00  INFO 21711 --- [unidad-educativa] [           main] c.unidadeducativa.config.DemoDataSeeder  : Poblando curso: SECUNDARIA SEXTO A
Hibernate: 
    select
        m1_0.id_materia,
        m1_0.nombre,
        m1_0.id_unidad_educativa 
    from
        materia m1_0
Hibernate: 
    select
        ad1_0.id_asignacion,
        ad1_0.id_curso,
        ad1_0.estado,
        ad1_0.fecha_fin,
        ad1_0.fecha_inicio,
        ad1_0.id_gestion,
        ad1_0.id_materia,
        ad1_0.id_profesor 
    from
        asignacion_docente ad1_0 
    where
        ad1_0.id_profesor=? 
        and ad1_0.id_curso=? 
        and ad1_0.id_materia=?
Hibernate: 
    insert 
    into
        asignacion_docente
        (id_curso, estado, fecha_fin, fecha_inicio, id_gestion, id_materia, id_profesor, id_asignacion) 
    values
        (?, ?, ?, ?, ?, ?, ?, default)
Hibernate: 
    select
        u1_0.id_usuario 
    from
        usuario u1_0 
    where
        u1_0.correo=? 
    fetch
        first ? rows only
Hibernate: 
    insert 
    into
        usuario
        (apellido_materno, apellido_paterno, ci, contrasena, correo, created_at, estado, fecha_nacimiento, foto_perfil, nombres, id_rol, id_unidad_educativa, updated_at, id_usuario) 
    values
        (?, ?, ?, ?, ?, ?, ?, ?, ?, ?, ?, ?, ?, default)
Hibernate: 
    insert 
    into
        estudiante
        (codigo_rude, direccion, nombre_madre, nombre_padre, telefono_madre, telefono_padre, id_usuario, id_estudiante) 
    values
        (?, ?, ?, ?, ?, ?, ?, default)
Hibernate: 
    insert 
    into
        inscripcion
        (id_curso, estado, id_estudiante, fecha_inscripcion, id_gestion, id_inscripcion) 
    values
        (?, ?, ?, ?, ?, default)
Hibernate: 
    select
        tp1_0.id_tipo_pago,
        tp1_0.fecha_limite,
        tp1_0.id_gestion,
        tp1_0.monto_defecto,
        tp1_0.nombre,
        tp1_0.id_unidad_educativa 
    from
        tipo_pago tp1_0
Hibernate: 
    insert 
    into
        cuenta_cobrar
        (estado, id_estudiante, fecha_vencimiento, monto, saldo_pendiente, id_tipo_pago, id_cuenta_cobrar) 
    values
        (?, ?, ?, ?, ?, ?, default)
Hibernate: 
    select
        u1_0.id_usuario,
        u1_0.apellido_materno,
        u1_0.apellido_paterno,
        u1_0.ci,
        u1_0.contrasena,
        u1_0.correo,
        u1_0.created_at,
        u1_0.estado,
        u1_0.fecha_nacimiento,
        u1_0.foto_perfil,
        u1_0.nombres,
        u1_0.id_rol,
        u1_0.id_unidad_educativa,
        u1_0.updated_at 
    from
        usuario u1_0
Hibernate: 
    select
        r1_0.id_rol,
        r1_0.nombre 
    from
        rol r1_0 
    where
        r1_0.id_rol=?
Hibernate: 
    select
        ue1_0.id_unidad_educativa,
        ue1_0.direccion,
        ue1_0.estado,
        ue1_0.logo_url,
        ue1_0.nombre,
        ue1_0.sie 
    from
        unidad_educativa ue1_0 
    where
        ue1_0.id_unidad_educativa=?
Hibernate: 
    select
        r1_0.id_rol,
        r1_0.nombre 
    from
        rol r1_0 
    where
        r1_0.id_rol=?
Hibernate: 
    select
        r1_0.id_rol,
        r1_0.nombre 
    from
        rol r1_0 
    where
        r1_0.id_rol=?
Hibernate: 
    select
        r1_0.id_rol,
        r1_0.nombre 
    from
        rol r1_0 
    where
        r1_0.id_rol=?
Hibernate: 
    insert 
    into
        pago
        (id_cajero, id_cuenta_cobrar, fecha_pago, metodo_pago, monto_pagado, numero_recibo, observaciones, id_pago) 
    values
        (?, ?, ?, ?, ?, ?, ?, default)
Hibernate: 
    select
        u1_0.id_usuario 
    from
        usuario u1_0 
    where
        u1_0.correo=? 
    fetch
        first ? rows only
Hibernate: 
    insert 
    into
        usuario
        (apellido_materno, apellido_paterno, ci, contrasena, correo, created_at, estado, fecha_nacimiento, foto_perfil, nombres, id_rol, id_unidad_educativa, updated_at, id_usuario) 
    values
        (?, ?, ?, ?, ?, ?, ?, ?, ?, ?, ?, ?, ?, default)
Hibernate: 
    insert 
    into
        estudiante
        (codigo_rude, direccion, nombre_madre, nombre_padre, telefono_madre, telefono_padre, id_usuario, id_estudiante) 
    values
        (?, ?, ?, ?, ?, ?, ?, default)
Hibernate: 
    insert 
    into
        inscripcion
        (id_curso, estado, id_estudiante, fecha_inscripcion, id_gestion, id_inscripcion) 
    values
        (?, ?, ?, ?, ?, default)
Hibernate: 
    select
        tp1_0.id_tipo_pago,
        tp1_0.fecha_limite,
        tp1_0.id_gestion,
        tp1_0.monto_defecto,
        tp1_0.nombre,
        tp1_0.id_unidad_educativa 
    from
        tipo_pago tp1_0
Hibernate: 
    insert 
    into
        cuenta_cobrar
        (estado, id_estudiante, fecha_vencimiento, monto, saldo_pendiente, id_tipo_pago, id_cuenta_cobrar) 
    values
        (?, ?, ?, ?, ?, ?, default)
Hibernate: 
    select
        u1_0.id_usuario,
        u1_0.apellido_materno,
        u1_0.apellido_paterno,
        u1_0.ci,
        u1_0.contrasena,
        u1_0.correo,
        u1_0.created_at,
        u1_0.estado,
        u1_0.fecha_nacimiento,
        u1_0.foto_perfil,
        u1_0.nombres,
        u1_0.id_rol,
        u1_0.id_unidad_educativa,
        u1_0.updated_at 
    from
        usuario u1_0
Hibernate: 
    select
        r1_0.id_rol,
        r1_0.nombre 
    from
        rol r1_0 
    where
        r1_0.id_rol=?
Hibernate: 
    select
        ue1_0.id_unidad_educativa,
        ue1_0.direccion,
        ue1_0.estado,
        ue1_0.logo_url,
        ue1_0.nombre,
        ue1_0.sie 
    from
        unidad_educativa ue1_0 
    where
        ue1_0.id_unidad_educativa=?
Hibernate: 
    select
        r1_0.id_rol,
        r1_0.nombre 
    from
        rol r1_0 
    where
        r1_0.id_rol=?
Hibernate: 
    select
        r1_0.id_rol,
        r1_0.nombre 
    from
        rol r1_0 
    where
        r1_0.id_rol=?
Hibernate: 
    select
        r1_0.id_rol,
        r1_0.nombre 
    from
        rol r1_0 
    where
        r1_0.id_rol=?
Hibernate: 
    insert 
    into
        pago
        (id_cajero, id_cuenta_cobrar, fecha_pago, metodo_pago, monto_pagado, numero_recibo, observaciones, id_pago) 
    values
        (?, ?, ?, ?, ?, ?, ?, default)
Hibernate: 
    select
        u1_0.id_usuario 
    from
        usuario u1_0 
    where
        u1_0.correo=? 
    fetch
        first ? rows only
Hibernate: 
    insert 
    into
        usuario
        (apellido_materno, apellido_paterno, ci, contrasena, correo, created_at, estado, fecha_nacimiento, foto_perfil, nombres, id_rol, id_unidad_educativa, updated_at, id_usuario) 
    values
        (?, ?, ?, ?, ?, ?, ?, ?, ?, ?, ?, ?, ?, default)
Hibernate: 
    insert 
    into
        estudiante
        (codigo_rude, direccion, nombre_madre, nombre_padre, telefono_madre, telefono_padre, id_usuario, id_estudiante) 
    values
        (?, ?, ?, ?, ?, ?, ?, default)
Hibernate: 
    insert 
    into
        inscripcion
        (id_curso, estado, id_estudiante, fecha_inscripcion, id_gestion, id_inscripcion) 
    values
        (?, ?, ?, ?, ?, default)
Hibernate: 
    select
        tp1_0.id_tipo_pago,
        tp1_0.fecha_limite,
        tp1_0.id_gestion,
        tp1_0.monto_defecto,
        tp1_0.nombre,
        tp1_0.id_unidad_educativa 
    from
        tipo_pago tp1_0
Hibernate: 
    insert 
    into
        cuenta_cobrar
        (estado, id_estudiante, fecha_vencimiento, monto, saldo_pendiente, id_tipo_pago, id_cuenta_cobrar) 
    values
        (?, ?, ?, ?, ?, ?, default)
Hibernate: 
    select
        u1_0.id_usuario,
        u1_0.apellido_materno,
        u1_0.apellido_paterno,
        u1_0.ci,
        u1_0.contrasena,
        u1_0.correo,
        u1_0.created_at,
        u1_0.estado,
        u1_0.fecha_nacimiento,
        u1_0.foto_perfil,
        u1_0.nombres,
        u1_0.id_rol,
        u1_0.id_unidad_educativa,
        u1_0.updated_at 
    from
        usuario u1_0
Hibernate: 
    select
        r1_0.id_rol,
        r1_0.nombre 
    from
        rol r1_0 
    where
        r1_0.id_rol=?
Hibernate: 
    select
        ue1_0.id_unidad_educativa,
        ue1_0.direccion,
        ue1_0.estado,
        ue1_0.logo_url,
        ue1_0.nombre,
        ue1_0.sie 
    from
        unidad_educativa ue1_0 
    where
        ue1_0.id_unidad_educativa=?
Hibernate: 
    select
        r1_0.id_rol,
        r1_0.nombre 
    from
        rol r1_0 
    where
        r1_0.id_rol=?
Hibernate: 
    select
        r1_0.id_rol,
        r1_0.nombre 
    from
        rol r1_0 
    where
        r1_0.id_rol=?
Hibernate: 
    select
        r1_0.id_rol,
        r1_0.nombre 
    from
        rol r1_0 
    where
        r1_0.id_rol=?
Hibernate: 
    insert 
    into
        pago
        (id_cajero, id_cuenta_cobrar, fecha_pago, metodo_pago, monto_pagado, numero_recibo, observaciones, id_pago) 
    values
        (?, ?, ?, ?, ?, ?, ?, default)
2025-12-21T23:49:54.155-04:00  INFO 21711 --- [unidad-educativa] [           main] c.unidadeducativa.config.DemoDataSeeder  : SEEDING FINALIZADO.
Mockito is currently self-attaching to enable the inline-mock-maker. This will no longer work in future releases of the JDK. Please add Mockito as an agent to your build as described in Mockito's documentation: https://javadoc.io/doc/org.mockito/mockito-core/latest/org.mockito/org/mockito/Mockito.html#0.3
OpenJDK 64-Bit Server VM warning: Sharing is only supported for boot loader classes because bootstrap classpath has been appended
WARNING: A Java agent has been loaded dynamically (/Users/amilcaryujra/.m2/repository/net/bytebuddy/byte-buddy-agent/1.17.6/byte-buddy-agent-1.17.6.jar)
WARNING: If a serviceability tool is in use, please run with -XX:+EnableDynamicAgentLoading to hide this warning
WARNING: If a serviceability tool is not in use, please run with -Djdk.instrument.traceUsage for more information
WARNING: Dynamic loading of agents will be disallowed by default in a future release
2025-12-21T23:49:54.816-04:00 DEBUG 21711 --- [unidad-educativa] [           main] o.s.security.web.FilterChainProxy        : Securing POST /api/auth/register-school
2025-12-21T23:49:54.822-04:00 DEBUG 21711 --- [unidad-educativa] [           main] o.s.s.w.a.AnonymousAuthenticationFilter  : Set SecurityContextHolder to anonymous SecurityContext
2025-12-21T23:49:54.824-04:00 DEBUG 21711 --- [unidad-educativa] [           main] o.s.security.web.FilterChainProxy        : Secured POST /api/auth/register-school
Hibernate: 
    select
        ue1_0.id_unidad_educativa 
    from
        unidad_educativa ue1_0 
    where
        ue1_0.sie=? 
    fetch
        first ? rows only
Hibernate: 
    select
        u1_0.id_usuario 
    from
        usuario u1_0 
    where
        u1_0.correo=? 
    fetch
        first ? rows only
Hibernate: 
    insert 
    into
        unidad_educativa
        (direccion, estado, logo_url, nombre, sie, id_unidad_educativa) 
    values
        (?, ?, ?, ?, ?, default)
Hibernate: 
    select
        r1_0.id_rol,
        r1_0.nombre 
    from
        rol r1_0 
    where
        r1_0.nombre=?
Hibernate: 
    insert 
    into
        usuario
        (apellido_materno, apellido_paterno, ci, contrasena, correo, created_at, estado, fecha_nacimiento, foto_perfil, nombres, id_rol, id_unidad_educativa, updated_at, id_usuario) 
    values
        (?, ?, ?, ?, ?, ?, ?, ?, ?, ?, ?, ?, ?, default)
Hibernate: 
    insert 
    into
        director
        (telefono, id_usuario, id_director) 
    values
        (?, ?, default)
2025-12-21T23:49:54.996-04:00  INFO 21711 --- [unidad-educativa] [           main] c.u.i.s.SchoolInitializationService      : Iniciando configuración automática para Unidad Educativa: Test School f7f3d12a
Hibernate: 
    select
        ga1_0.id_gestion,
        ga1_0.anio,
        ga1_0.estado,
        ga1_0.id_unidad_educativa 
    from
        gestion_academica ga1_0 
    left join
        unidad_educativa ue1_0 
            on ue1_0.id_unidad_educativa=ga1_0.id_unidad_educativa 
    where
        ga1_0.anio=? 
        and ue1_0.id_unidad_educativa=?
Hibernate: 
    insert 
    into
        gestion_academica
        (anio, estado, id_unidad_educativa, id_gestion) 
    values
        (?, ?, ?, default)
Hibernate: 
    select
        g1_0.id_grado,
        g1_0.nivel,
        g1_0.nombre 
    from
        grado g1_0 
    where
        g1_0.nombre=? 
        and g1_0.nivel=?
Hibernate: 
    select
        m1_0.id_materia,
        m1_0.nombre,
        m1_0.id_unidad_educativa 
    from
        materia m1_0 
    left join
        unidad_educativa ue1_0 
            on ue1_0.id_unidad_educativa=m1_0.id_unidad_educativa 
    where
        ue1_0.id_unidad_educativa=?
Hibernate: 
    insert 
    into
        materia
        (nombre, id_unidad_educativa, id_materia) 
    values
        (?, ?, default)
Hibernate: 
    select
        gm1_0.id_grado_materia 
    from
        grado_materia gm1_0 
    where
        gm1_0.id_grado=? 
        and gm1_0.id_materia=? 
        and gm1_0.id_gestion=? 
    fetch
        first ? rows only
Hibernate: 
    insert 
    into
        grado_materia
        (id_gestion, id_grado, id_materia, id_grado_materia) 
    values
        (?, ?, ?, default)
Hibernate: 
    select
        m1_0.id_materia,
        m1_0.nombre,
        m1_0.id_unidad_educativa 
    from
        materia m1_0 
    left join
        unidad_educativa ue1_0 
            on ue1_0.id_unidad_educativa=m1_0.id_unidad_educativa 
    where
        ue1_0.id_unidad_educativa=?
Hibernate: 
    insert 
    into
        materia
        (nombre, id_unidad_educativa, id_materia) 
    values
        (?, ?, default)
Hibernate: 
    select
        gm1_0.id_grado_materia 
    from
        grado_materia gm1_0 
    where
        gm1_0.id_grado=? 
        and gm1_0.id_materia=? 
        and gm1_0.id_gestion=? 
    fetch
        first ? rows only
Hibernate: 
    insert 
    into
        grado_materia
        (id_gestion, id_grado, id_materia, id_grado_materia) 
    values
        (?, ?, ?, default)
Hibernate: 
    select
        m1_0.id_materia,
        m1_0.nombre,
        m1_0.id_unidad_educativa 
    from
        materia m1_0 
    left join
        unidad_educativa ue1_0 
            on ue1_0.id_unidad_educativa=m1_0.id_unidad_educativa 
    where
        ue1_0.id_unidad_educativa=?
Hibernate: 
    insert 
    into
        materia
        (nombre, id_unidad_educativa, id_materia) 
    values
        (?, ?, default)
Hibernate: 
    select
        gm1_0.id_grado_materia 
    from
        grado_materia gm1_0 
    where
        gm1_0.id_grado=? 
        and gm1_0.id_materia=? 
        and gm1_0.id_gestion=? 
    fetch
        first ? rows only
Hibernate: 
    insert 
    into
        grado_materia
        (id_gestion, id_grado, id_materia, id_grado_materia) 
    values
        (?, ?, ?, default)
Hibernate: 
    select
        m1_0.id_materia,
        m1_0.nombre,
        m1_0.id_unidad_educativa 
    from
        materia m1_0 
    left join
        unidad_educativa ue1_0 
            on ue1_0.id_unidad_educativa=m1_0.id_unidad_educativa 
    where
        ue1_0.id_unidad_educativa=?
Hibernate: 
    insert 
    into
        materia
        (nombre, id_unidad_educativa, id_materia) 
    values
        (?, ?, default)
Hibernate: 
    select
        gm1_0.id_grado_materia 
    from
        grado_materia gm1_0 
    where
        gm1_0.id_grado=? 
        and gm1_0.id_materia=? 
        and gm1_0.id_gestion=? 
    fetch
        first ? rows only
Hibernate: 
    insert 
    into
        grado_materia
        (id_gestion, id_grado, id_materia, id_grado_materia) 
    values
        (?, ?, ?, default)
Hibernate: 
    select
        m1_0.id_materia,
        m1_0.nombre,
        m1_0.id_unidad_educativa 
    from
        materia m1_0 
    left join
        unidad_educativa ue1_0 
            on ue1_0.id_unidad_educativa=m1_0.id_unidad_educativa 
    where
        ue1_0.id_unidad_educativa=?
Hibernate: 
    insert 
    into
        materia
        (nombre, id_unidad_educativa, id_materia) 
    values
        (?, ?, default)
Hibernate: 
    select
        gm1_0.id_grado_materia 
    from
        grado_materia gm1_0 
    where
        gm1_0.id_grado=? 
        and gm1_0.id_materia=? 
        and gm1_0.id_gestion=? 
    fetch
        first ? rows only
Hibernate: 
    insert 
    into
        grado_materia
        (id_gestion, id_grado, id_materia, id_grado_materia) 
    values
        (?, ?, ?, default)
Hibernate: 
    select
        m1_0.id_materia,
        m1_0.nombre,
        m1_0.id_unidad_educativa 
    from
        materia m1_0 
    left join
        unidad_educativa ue1_0 
            on ue1_0.id_unidad_educativa=m1_0.id_unidad_educativa 
    where
        ue1_0.id_unidad_educativa=?
Hibernate: 
    insert 
    into
        materia
        (nombre, id_unidad_educativa, id_materia) 
    values
        (?, ?, default)
Hibernate: 
    select
        gm1_0.id_grado_materia 
    from
        grado_materia gm1_0 
    where
        gm1_0.id_grado=? 
        and gm1_0.id_materia=? 
        and gm1_0.id_gestion=? 
    fetch
        first ? rows only
Hibernate: 
    insert 
    into
        grado_materia
        (id_gestion, id_grado, id_materia, id_grado_materia) 
    values
        (?, ?, ?, default)
Hibernate: 
    select
        m1_0.id_materia,
        m1_0.nombre,
        m1_0.id_unidad_educativa 
    from
        materia m1_0 
    left join
        unidad_educativa ue1_0 
            on ue1_0.id_unidad_educativa=m1_0.id_unidad_educativa 
    where
        ue1_0.id_unidad_educativa=?
Hibernate: 
    insert 
    into
        materia
        (nombre, id_unidad_educativa, id_materia) 
    values
        (?, ?, default)
Hibernate: 
    select
        gm1_0.id_grado_materia 
    from
        grado_materia gm1_0 
    where
        gm1_0.id_grado=? 
        and gm1_0.id_materia=? 
        and gm1_0.id_gestion=? 
    fetch
        first ? rows only
Hibernate: 
    insert 
    into
        grado_materia
        (id_gestion, id_grado, id_materia, id_grado_materia) 
    values
        (?, ?, ?, default)
Hibernate: 
    select
        m1_0.id_materia,
        m1_0.nombre,
        m1_0.id_unidad_educativa 
    from
        materia m1_0 
    left join
        unidad_educativa ue1_0 
            on ue1_0.id_unidad_educativa=m1_0.id_unidad_educativa 
    where
        ue1_0.id_unidad_educativa=?
Hibernate: 
    insert 
    into
        materia
        (nombre, id_unidad_educativa, id_materia) 
    values
        (?, ?, default)
Hibernate: 
    select
        gm1_0.id_grado_materia 
    from
        grado_materia gm1_0 
    where
        gm1_0.id_grado=? 
        and gm1_0.id_materia=? 
        and gm1_0.id_gestion=? 
    fetch
        first ? rows only
Hibernate: 
    insert 
    into
        grado_materia
        (id_gestion, id_grado, id_materia, id_grado_materia) 
    values
        (?, ?, ?, default)
Hibernate: 
    select
        m1_0.id_materia,
        m1_0.nombre,
        m1_0.id_unidad_educativa 
    from
        materia m1_0 
    left join
        unidad_educativa ue1_0 
            on ue1_0.id_unidad_educativa=m1_0.id_unidad_educativa 
    where
        ue1_0.id_unidad_educativa=?
Hibernate: 
    insert 
    into
        materia
        (nombre, id_unidad_educativa, id_materia) 
    values
        (?, ?, default)
Hibernate: 
    select
        gm1_0.id_grado_materia 
    from
        grado_materia gm1_0 
    where
        gm1_0.id_grado=? 
        and gm1_0.id_materia=? 
        and gm1_0.id_gestion=? 
    fetch
        first ? rows only
Hibernate: 
    insert 
    into
        grado_materia
        (id_gestion, id_grado, id_materia, id_grado_materia) 
    values
        (?, ?, ?, default)
Hibernate: 
    select
        g1_0.id_grado,
        g1_0.nivel,
        g1_0.nombre 
    from
        grado g1_0 
    where
        g1_0.nombre=? 
        and g1_0.nivel=?
Hibernate: 
    select
        m1_0.id_materia,
        m1_0.nombre,
        m1_0.id_unidad_educativa 
    from
        materia m1_0 
    left join
        unidad_educativa ue1_0 
            on ue1_0.id_unidad_educativa=m1_0.id_unidad_educativa 
    where
        ue1_0.id_unidad_educativa=?
Hibernate: 
    insert 
    into
        materia
        (nombre, id_unidad_educativa, id_materia) 
    values
        (?, ?, default)
Hibernate: 
    select
        gm1_0.id_grado_materia 
    from
        grado_materia gm1_0 
    where
        gm1_0.id_grado=? 
        and gm1_0.id_materia=? 
        and gm1_0.id_gestion=? 
    fetch
        first ? rows only
Hibernate: 
    insert 
    into
        grado_materia
        (id_gestion, id_grado, id_materia, id_grado_materia) 
    values
        (?, ?, ?, default)
Hibernate: 
    select
        m1_0.id_materia,
        m1_0.nombre,
        m1_0.id_unidad_educativa 
    from
        materia m1_0 
    left join
        unidad_educativa ue1_0 
            on ue1_0.id_unidad_educativa=m1_0.id_unidad_educativa 
    where
        ue1_0.id_unidad_educativa=?
Hibernate: 
    insert 
    into
        materia
        (nombre, id_unidad_educativa, id_materia) 
    values
        (?, ?, default)
Hibernate: 
    select
        gm1_0.id_grado_materia 
    from
        grado_materia gm1_0 
    where
        gm1_0.id_grado=? 
        and gm1_0.id_materia=? 
        and gm1_0.id_gestion=? 
    fetch
        first ? rows only
Hibernate: 
    insert 
    into
        grado_materia
        (id_gestion, id_grado, id_materia, id_grado_materia) 
    values
        (?, ?, ?, default)
Hibernate: 
    select
        m1_0.id_materia,
        m1_0.nombre,
        m1_0.id_unidad_educativa 
    from
        materia m1_0 
    left join
        unidad_educativa ue1_0 
            on ue1_0.id_unidad_educativa=m1_0.id_unidad_educativa 
    where
        ue1_0.id_unidad_educativa=?
Hibernate: 
    insert 
    into
        materia
        (nombre, id_unidad_educativa, id_materia) 
    values
        (?, ?, default)
Hibernate: 
    select
        gm1_0.id_grado_materia 
    from
        grado_materia gm1_0 
    where
        gm1_0.id_grado=? 
        and gm1_0.id_materia=? 
        and gm1_0.id_gestion=? 
    fetch
        first ? rows only
Hibernate: 
    insert 
    into
        grado_materia
        (id_gestion, id_grado, id_materia, id_grado_materia) 
    values
        (?, ?, ?, default)
Hibernate: 
    select
        m1_0.id_materia,
        m1_0.nombre,
        m1_0.id_unidad_educativa 
    from
        materia m1_0 
    left join
        unidad_educativa ue1_0 
            on ue1_0.id_unidad_educativa=m1_0.id_unidad_educativa 
    where
        ue1_0.id_unidad_educativa=?
Hibernate: 
    select
        gm1_0.id_grado_materia 
    from
        grado_materia gm1_0 
    where
        gm1_0.id_grado=? 
        and gm1_0.id_materia=? 
        and gm1_0.id_gestion=? 
    fetch
        first ? rows only
Hibernate: 
    insert 
    into
        grado_materia
        (id_gestion, id_grado, id_materia, id_grado_materia) 
    values
        (?, ?, ?, default)
Hibernate: 
    select
        m1_0.id_materia,
        m1_0.nombre,
        m1_0.id_unidad_educativa 
    from
        materia m1_0 
    left join
        unidad_educativa ue1_0 
            on ue1_0.id_unidad_educativa=m1_0.id_unidad_educativa 
    where
        ue1_0.id_unidad_educativa=?
Hibernate: 
    select
        gm1_0.id_grado_materia 
    from
        grado_materia gm1_0 
    where
        gm1_0.id_grado=? 
        and gm1_0.id_materia=? 
        and gm1_0.id_gestion=? 
    fetch
        first ? rows only
Hibernate: 
    insert 
    into
        grado_materia
        (id_gestion, id_grado, id_materia, id_grado_materia) 
    values
        (?, ?, ?, default)
Hibernate: 
    select
        m1_0.id_materia,
        m1_0.nombre,
        m1_0.id_unidad_educativa 
    from
        materia m1_0 
    left join
        unidad_educativa ue1_0 
            on ue1_0.id_unidad_educativa=m1_0.id_unidad_educativa 
    where
        ue1_0.id_unidad_educativa=?
Hibernate: 
    select
        gm1_0.id_grado_materia 
    from
        grado_materia gm1_0 
    where
        gm1_0.id_grado=? 
        and gm1_0.id_materia=? 
        and gm1_0.id_gestion=? 
    fetch
        first ? rows only
Hibernate: 
    insert 
    into
        grado_materia
        (id_gestion, id_grado, id_materia, id_grado_materia) 
    values
        (?, ?, ?, default)
Hibernate: 
    select
        m1_0.id_materia,
        m1_0.nombre,
        m1_0.id_unidad_educativa 
    from
        materia m1_0 
    left join
        unidad_educativa ue1_0 
            on ue1_0.id_unidad_educativa=m1_0.id_unidad_educativa 
    where
        ue1_0.id_unidad_educativa=?
Hibernate: 
    select
        gm1_0.id_grado_materia 
    from
        grado_materia gm1_0 
    where
        gm1_0.id_grado=? 
        and gm1_0.id_materia=? 
        and gm1_0.id_gestion=? 
    fetch
        first ? rows only
Hibernate: 
    insert 
    into
        grado_materia
        (id_gestion, id_grado, id_materia, id_grado_materia) 
    values
        (?, ?, ?, default)
Hibernate: 
    select
        m1_0.id_materia,
        m1_0.nombre,
        m1_0.id_unidad_educativa 
    from
        materia m1_0 
    left join
        unidad_educativa ue1_0 
            on ue1_0.id_unidad_educativa=m1_0.id_unidad_educativa 
    where
        ue1_0.id_unidad_educativa=?
Hibernate: 
    insert 
    into
        materia
        (nombre, id_unidad_educativa, id_materia) 
    values
        (?, ?, default)
Hibernate: 
    select
        gm1_0.id_grado_materia 
    from
        grado_materia gm1_0 
    where
        gm1_0.id_grado=? 
        and gm1_0.id_materia=? 
        and gm1_0.id_gestion=? 
    fetch
        first ? rows only
Hibernate: 
    insert 
    into
        grado_materia
        (id_gestion, id_grado, id_materia, id_grado_materia) 
    values
        (?, ?, ?, default)
Hibernate: 
    select
        m1_0.id_materia,
        m1_0.nombre,
        m1_0.id_unidad_educativa 
    from
        materia m1_0 
    left join
        unidad_educativa ue1_0 
            on ue1_0.id_unidad_educativa=m1_0.id_unidad_educativa 
    where
        ue1_0.id_unidad_educativa=?
Hibernate: 
    insert 
    into
        materia
        (nombre, id_unidad_educativa, id_materia) 
    values
        (?, ?, default)
Hibernate: 
    select
        gm1_0.id_grado_materia 
    from
        grado_materia gm1_0 
    where
        gm1_0.id_grado=? 
        and gm1_0.id_materia=? 
        and gm1_0.id_gestion=? 
    fetch
        first ? rows only
Hibernate: 
    insert 
    into
        grado_materia
        (id_gestion, id_grado, id_materia, id_grado_materia) 
    values
        (?, ?, ?, default)
Hibernate: 
    select
        m1_0.id_materia,
        m1_0.nombre,
        m1_0.id_unidad_educativa 
    from
        materia m1_0 
    left join
        unidad_educativa ue1_0 
            on ue1_0.id_unidad_educativa=m1_0.id_unidad_educativa 
    where
        ue1_0.id_unidad_educativa=?
Hibernate: 
    select
        gm1_0.id_grado_materia 
    from
        grado_materia gm1_0 
    where
        gm1_0.id_grado=? 
        and gm1_0.id_materia=? 
        and gm1_0.id_gestion=? 
    fetch
        first ? rows only
Hibernate: 
    insert 
    into
        grado_materia
        (id_gestion, id_grado, id_materia, id_grado_materia) 
    values
        (?, ?, ?, default)
Hibernate: 
    select
        m1_0.id_materia,
        m1_0.nombre,
        m1_0.id_unidad_educativa 
    from
        materia m1_0 
    left join
        unidad_educativa ue1_0 
            on ue1_0.id_unidad_educativa=m1_0.id_unidad_educativa 
    where
        ue1_0.id_unidad_educativa=?
Hibernate: 
    insert 
    into
        materia
        (nombre, id_unidad_educativa, id_materia) 
    values
        (?, ?, default)
Hibernate: 
    select
        gm1_0.id_grado_materia 
    from
        grado_materia gm1_0 
    where
        gm1_0.id_grado=? 
        and gm1_0.id_materia=? 
        and gm1_0.id_gestion=? 
    fetch
        first ? rows only
Hibernate: 
    insert 
    into
        grado_materia
        (id_gestion, id_grado, id_materia, id_grado_materia) 
    values
        (?, ?, ?, default)
Hibernate: 
    select
        g1_0.id_grado,
        g1_0.nivel,
        g1_0.nombre 
    from
        grado g1_0 
    where
        g1_0.nombre=? 
        and g1_0.nivel=?
Hibernate: 
    select
        m1_0.id_materia,
        m1_0.nombre,
        m1_0.id_unidad_educativa 
    from
        materia m1_0 
    left join
        unidad_educativa ue1_0 
            on ue1_0.id_unidad_educativa=m1_0.id_unidad_educativa 
    where
        ue1_0.id_unidad_educativa=?
Hibernate: 
    select
        gm1_0.id_grado_materia 
    from
        grado_materia gm1_0 
    where
        gm1_0.id_grado=? 
        and gm1_0.id_materia=? 
        and gm1_0.id_gestion=? 
    fetch
        first ? rows only
Hibernate: 
    insert 
    into
        grado_materia
        (id_gestion, id_grado, id_materia, id_grado_materia) 
    values
        (?, ?, ?, default)
Hibernate: 
    select
        m1_0.id_materia,
        m1_0.nombre,
        m1_0.id_unidad_educativa 
    from
        materia m1_0 
    left join
        unidad_educativa ue1_0 
            on ue1_0.id_unidad_educativa=m1_0.id_unidad_educativa 
    where
        ue1_0.id_unidad_educativa=?
Hibernate: 
    select
        gm1_0.id_grado_materia 
    from
        grado_materia gm1_0 
    where
        gm1_0.id_grado=? 
        and gm1_0.id_materia=? 
        and gm1_0.id_gestion=? 
    fetch
        first ? rows only
Hibernate: 
    insert 
    into
        grado_materia
        (id_gestion, id_grado, id_materia, id_grado_materia) 
    values
        (?, ?, ?, default)
Hibernate: 
    select
        m1_0.id_materia,
        m1_0.nombre,
        m1_0.id_unidad_educativa 
    from
        materia m1_0 
    left join
        unidad_educativa ue1_0 
            on ue1_0.id_unidad_educativa=m1_0.id_unidad_educativa 
    where
        ue1_0.id_unidad_educativa=?
Hibernate: 
    select
        gm1_0.id_grado_materia 
    from
        grado_materia gm1_0 
    where
        gm1_0.id_grado=? 
        and gm1_0.id_materia=? 
        and gm1_0.id_gestion=? 
    fetch
        first ? rows only
Hibernate: 
    insert 
    into
        grado_materia
        (id_gestion, id_grado, id_materia, id_grado_materia) 
    values
        (?, ?, ?, default)
Hibernate: 
    select
        m1_0.id_materia,
        m1_0.nombre,
        m1_0.id_unidad_educativa 
    from
        materia m1_0 
    left join
        unidad_educativa ue1_0 
            on ue1_0.id_unidad_educativa=m1_0.id_unidad_educativa 
    where
        ue1_0.id_unidad_educativa=?
Hibernate: 
    select
        gm1_0.id_grado_materia 
    from
        grado_materia gm1_0 
    where
        gm1_0.id_grado=? 
        and gm1_0.id_materia=? 
        and gm1_0.id_gestion=? 
    fetch
        first ? rows only
Hibernate: 
    insert 
    into
        grado_materia
        (id_gestion, id_grado, id_materia, id_grado_materia) 
    values
        (?, ?, ?, default)
Hibernate: 
    select
        m1_0.id_materia,
        m1_0.nombre,
        m1_0.id_unidad_educativa 
    from
        materia m1_0 
    left join
        unidad_educativa ue1_0 
            on ue1_0.id_unidad_educativa=m1_0.id_unidad_educativa 
    where
        ue1_0.id_unidad_educativa=?
Hibernate: 
    select
        gm1_0.id_grado_materia 
    from
        grado_materia gm1_0 
    where
        gm1_0.id_grado=? 
        and gm1_0.id_materia=? 
        and gm1_0.id_gestion=? 
    fetch
        first ? rows only
Hibernate: 
    insert 
    into
        grado_materia
        (id_gestion, id_grado, id_materia, id_grado_materia) 
    values
        (?, ?, ?, default)
Hibernate: 
    select
        m1_0.id_materia,
        m1_0.nombre,
        m1_0.id_unidad_educativa 
    from
        materia m1_0 
    left join
        unidad_educativa ue1_0 
            on ue1_0.id_unidad_educativa=m1_0.id_unidad_educativa 
    where
        ue1_0.id_unidad_educativa=?
Hibernate: 
    select
        gm1_0.id_grado_materia 
    from
        grado_materia gm1_0 
    where
        gm1_0.id_grado=? 
        and gm1_0.id_materia=? 
        and gm1_0.id_gestion=? 
    fetch
        first ? rows only
Hibernate: 
    insert 
    into
        grado_materia
        (id_gestion, id_grado, id_materia, id_grado_materia) 
    values
        (?, ?, ?, default)
Hibernate: 
    select
        m1_0.id_materia,
        m1_0.nombre,
        m1_0.id_unidad_educativa 
    from
        materia m1_0 
    left join
        unidad_educativa ue1_0 
            on ue1_0.id_unidad_educativa=m1_0.id_unidad_educativa 
    where
        ue1_0.id_unidad_educativa=?
Hibernate: 
    select
        gm1_0.id_grado_materia 
    from
        grado_materia gm1_0 
    where
        gm1_0.id_grado=? 
        and gm1_0.id_materia=? 
        and gm1_0.id_gestion=? 
    fetch
        first ? rows only
Hibernate: 
    insert 
    into
        grado_materia
        (id_gestion, id_grado, id_materia, id_grado_materia) 
    values
        (?, ?, ?, default)
Hibernate: 
    select
        m1_0.id_materia,
        m1_0.nombre,
        m1_0.id_unidad_educativa 
    from
        materia m1_0 
    left join
        unidad_educativa ue1_0 
            on ue1_0.id_unidad_educativa=m1_0.id_unidad_educativa 
    where
        ue1_0.id_unidad_educativa=?
Hibernate: 
    select
        gm1_0.id_grado_materia 
    from
        grado_materia gm1_0 
    where
        gm1_0.id_grado=? 
        and gm1_0.id_materia=? 
        and gm1_0.id_gestion=? 
    fetch
        first ? rows only
Hibernate: 
    insert 
    into
        grado_materia
        (id_gestion, id_grado, id_materia, id_grado_materia) 
    values
        (?, ?, ?, default)
Hibernate: 
    select
        m1_0.id_materia,
        m1_0.nombre,
        m1_0.id_unidad_educativa 
    from
        materia m1_0 
    left join
        unidad_educativa ue1_0 
            on ue1_0.id_unidad_educativa=m1_0.id_unidad_educativa 
    where
        ue1_0.id_unidad_educativa=?
Hibernate: 
    select
        gm1_0.id_grado_materia 
    from
        grado_materia gm1_0 
    where
        gm1_0.id_grado=? 
        and gm1_0.id_materia=? 
        and gm1_0.id_gestion=? 
    fetch
        first ? rows only
Hibernate: 
    insert 
    into
        grado_materia
        (id_gestion, id_grado, id_materia, id_grado_materia) 
    values
        (?, ?, ?, default)
Hibernate: 
    select
        g1_0.id_grado,
        g1_0.nivel,
        g1_0.nombre 
    from
        grado g1_0 
    where
        g1_0.nombre=? 
        and g1_0.nivel=?
Hibernate: 
    select
        m1_0.id_materia,
        m1_0.nombre,
        m1_0.id_unidad_educativa 
    from
        materia m1_0 
    left join
        unidad_educativa ue1_0 
            on ue1_0.id_unidad_educativa=m1_0.id_unidad_educativa 
    where
        ue1_0.id_unidad_educativa=?
Hibernate: 
    select
        gm1_0.id_grado_materia 
    from
        grado_materia gm1_0 
    where
        gm1_0.id_grado=? 
        and gm1_0.id_materia=? 
        and gm1_0.id_gestion=? 
    fetch
        first ? rows only
Hibernate: 
    insert 
    into
        grado_materia
        (id_gestion, id_grado, id_materia, id_grado_materia) 
    values
        (?, ?, ?, default)
Hibernate: 
    select
        m1_0.id_materia,
        m1_0.nombre,
        m1_0.id_unidad_educativa 
    from
        materia m1_0 
    left join
        unidad_educativa ue1_0 
            on ue1_0.id_unidad_educativa=m1_0.id_unidad_educativa 
    where
        ue1_0.id_unidad_educativa=?
Hibernate: 
    select
        gm1_0.id_grado_materia 
    from
        grado_materia gm1_0 
    where
        gm1_0.id_grado=? 
        and gm1_0.id_materia=? 
        and gm1_0.id_gestion=? 
    fetch
        first ? rows only
Hibernate: 
    insert 
    into
        grado_materia
        (id_gestion, id_grado, id_materia, id_grado_materia) 
    values
        (?, ?, ?, default)
Hibernate: 
    select
        m1_0.id_materia,
        m1_0.nombre,
        m1_0.id_unidad_educativa 
    from
        materia m1_0 
    left join
        unidad_educativa ue1_0 
            on ue1_0.id_unidad_educativa=m1_0.id_unidad_educativa 
    where
        ue1_0.id_unidad_educativa=?
Hibernate: 
    select
        gm1_0.id_grado_materia 
    from
        grado_materia gm1_0 
    where
        gm1_0.id_grado=? 
        and gm1_0.id_materia=? 
        and gm1_0.id_gestion=? 
    fetch
        first ? rows only
Hibernate: 
    insert 
    into
        grado_materia
        (id_gestion, id_grado, id_materia, id_grado_materia) 
    values
        (?, ?, ?, default)
Hibernate: 
    select
        m1_0.id_materia,
        m1_0.nombre,
        m1_0.id_unidad_educativa 
    from
        materia m1_0 
    left join
        unidad_educativa ue1_0 
            on ue1_0.id_unidad_educativa=m1_0.id_unidad_educativa 
    where
        ue1_0.id_unidad_educativa=?
Hibernate: 
    select
        gm1_0.id_grado_materia 
    from
        grado_materia gm1_0 
    where
        gm1_0.id_grado=? 
        and gm1_0.id_materia=? 
        and gm1_0.id_gestion=? 
    fetch
        first ? rows only
Hibernate: 
    insert 
    into
        grado_materia
        (id_gestion, id_grado, id_materia, id_grado_materia) 
    values
        (?, ?, ?, default)
Hibernate: 
    select
        m1_0.id_materia,
        m1_0.nombre,
        m1_0.id_unidad_educativa 
    from
        materia m1_0 
    left join
        unidad_educativa ue1_0 
            on ue1_0.id_unidad_educativa=m1_0.id_unidad_educativa 
    where
        ue1_0.id_unidad_educativa=?
Hibernate: 
    select
        gm1_0.id_grado_materia 
    from
        grado_materia gm1_0 
    where
        gm1_0.id_grado=? 
        and gm1_0.id_materia=? 
        and gm1_0.id_gestion=? 
    fetch
        first ? rows only
Hibernate: 
    insert 
    into
        grado_materia
        (id_gestion, id_grado, id_materia, id_grado_materia) 
    values
        (?, ?, ?, default)
Hibernate: 
    select
        m1_0.id_materia,
        m1_0.nombre,
        m1_0.id_unidad_educativa 
    from
        materia m1_0 
    left join
        unidad_educativa ue1_0 
            on ue1_0.id_unidad_educativa=m1_0.id_unidad_educativa 
    where
        ue1_0.id_unidad_educativa=?
Hibernate: 
    select
        gm1_0.id_grado_materia 
    from
        grado_materia gm1_0 
    where
        gm1_0.id_grado=? 
        and gm1_0.id_materia=? 
        and gm1_0.id_gestion=? 
    fetch
        first ? rows only
Hibernate: 
    insert 
    into
        grado_materia
        (id_gestion, id_grado, id_materia, id_grado_materia) 
    values
        (?, ?, ?, default)
Hibernate: 
    select
        m1_0.id_materia,
        m1_0.nombre,
        m1_0.id_unidad_educativa 
    from
        materia m1_0 
    left join
        unidad_educativa ue1_0 
            on ue1_0.id_unidad_educativa=m1_0.id_unidad_educativa 
    where
        ue1_0.id_unidad_educativa=?
Hibernate: 
    select
        gm1_0.id_grado_materia 
    from
        grado_materia gm1_0 
    where
        gm1_0.id_grado=? 
        and gm1_0.id_materia=? 
        and gm1_0.id_gestion=? 
    fetch
        first ? rows only
Hibernate: 
    insert 
    into
        grado_materia
        (id_gestion, id_grado, id_materia, id_grado_materia) 
    values
        (?, ?, ?, default)
Hibernate: 
    select
        m1_0.id_materia,
        m1_0.nombre,
        m1_0.id_unidad_educativa 
    from
        materia m1_0 
    left join
        unidad_educativa ue1_0 
            on ue1_0.id_unidad_educativa=m1_0.id_unidad_educativa 
    where
        ue1_0.id_unidad_educativa=?
Hibernate: 
    select
        gm1_0.id_grado_materia 
    from
        grado_materia gm1_0 
    where
        gm1_0.id_grado=? 
        and gm1_0.id_materia=? 
        and gm1_0.id_gestion=? 
    fetch
        first ? rows only
Hibernate: 
    insert 
    into
        grado_materia
        (id_gestion, id_grado, id_materia, id_grado_materia) 
    values
        (?, ?, ?, default)
Hibernate: 
    select
        m1_0.id_materia,
        m1_0.nombre,
        m1_0.id_unidad_educativa 
    from
        materia m1_0 
    left join
        unidad_educativa ue1_0 
            on ue1_0.id_unidad_educativa=m1_0.id_unidad_educativa 
    where
        ue1_0.id_unidad_educativa=?
Hibernate: 
    select
        gm1_0.id_grado_materia 
    from
        grado_materia gm1_0 
    where
        gm1_0.id_grado=? 
        and gm1_0.id_materia=? 
        and gm1_0.id_gestion=? 
    fetch
        first ? rows only
Hibernate: 
    insert 
    into
        grado_materia
        (id_gestion, id_grado, id_materia, id_grado_materia) 
    values
        (?, ?, ?, default)
Hibernate: 
    select
        m1_0.id_materia,
        m1_0.nombre,
        m1_0.id_unidad_educativa 
    from
        materia m1_0 
    left join
        unidad_educativa ue1_0 
            on ue1_0.id_unidad_educativa=m1_0.id_unidad_educativa 
    where
        ue1_0.id_unidad_educativa=?
Hibernate: 
    select
        gm1_0.id_grado_materia 
    from
        grado_materia gm1_0 
    where
        gm1_0.id_grado=? 
        and gm1_0.id_materia=? 
        and gm1_0.id_gestion=? 
    fetch
        first ? rows only
Hibernate: 
    insert 
    into
        grado_materia
        (id_gestion, id_grado, id_materia, id_grado_materia) 
    values
        (?, ?, ?, default)
Hibernate: 
    select
        m1_0.id_materia,
        m1_0.nombre,
        m1_0.id_unidad_educativa 
    from
        materia m1_0 
    left join
        unidad_educativa ue1_0 
            on ue1_0.id_unidad_educativa=m1_0.id_unidad_educativa 
    where
        ue1_0.id_unidad_educativa=?
Hibernate: 
    select
        gm1_0.id_grado_materia 
    from
        grado_materia gm1_0 
    where
        gm1_0.id_grado=? 
        and gm1_0.id_materia=? 
        and gm1_0.id_gestion=? 
    fetch
        first ? rows only
Hibernate: 
    insert 
    into
        grado_materia
        (id_gestion, id_grado, id_materia, id_grado_materia) 
    values
        (?, ?, ?, default)
Hibernate: 
    select
        g1_0.id_grado,
        g1_0.nivel,
        g1_0.nombre 
    from
        grado g1_0 
    where
        g1_0.nombre=? 
        and g1_0.nivel=?
Hibernate: 
    select
        m1_0.id_materia,
        m1_0.nombre,
        m1_0.id_unidad_educativa 
    from
        materia m1_0 
    left join
        unidad_educativa ue1_0 
            on ue1_0.id_unidad_educativa=m1_0.id_unidad_educativa 
    where
        ue1_0.id_unidad_educativa=?
Hibernate: 
    select
        gm1_0.id_grado_materia 
    from
        grado_materia gm1_0 
    where
        gm1_0.id_grado=? 
        and gm1_0.id_materia=? 
        and gm1_0.id_gestion=? 
    fetch
        first ? rows only
Hibernate: 
    insert 
    into
        grado_materia
        (id_gestion, id_grado, id_materia, id_grado_materia) 
    values
        (?, ?, ?, default)
Hibernate: 
    select
        m1_0.id_materia,
        m1_0.nombre,
        m1_0.id_unidad_educativa 
    from
        materia m1_0 
    left join
        unidad_educativa ue1_0 
            on ue1_0.id_unidad_educativa=m1_0.id_unidad_educativa 
    where
        ue1_0.id_unidad_educativa=?
Hibernate: 
    select
        gm1_0.id_grado_materia 
    from
        grado_materia gm1_0 
    where
        gm1_0.id_grado=? 
        and gm1_0.id_materia=? 
        and gm1_0.id_gestion=? 
    fetch
        first ? rows only
Hibernate: 
    insert 
    into
        grado_materia
        (id_gestion, id_grado, id_materia, id_grado_materia) 
    values
        (?, ?, ?, default)
Hibernate: 
    select
        m1_0.id_materia,
        m1_0.nombre,
        m1_0.id_unidad_educativa 
    from
        materia m1_0 
    left join
        unidad_educativa ue1_0 
            on ue1_0.id_unidad_educativa=m1_0.id_unidad_educativa 
    where
        ue1_0.id_unidad_educativa=?
Hibernate: 
    select
        gm1_0.id_grado_materia 
    from
        grado_materia gm1_0 
    where
        gm1_0.id_grado=? 
        and gm1_0.id_materia=? 
        and gm1_0.id_gestion=? 
    fetch
        first ? rows only
Hibernate: 
    insert 
    into
        grado_materia
        (id_gestion, id_grado, id_materia, id_grado_materia) 
    values
        (?, ?, ?, default)
Hibernate: 
    select
        m1_0.id_materia,
        m1_0.nombre,
        m1_0.id_unidad_educativa 
    from
        materia m1_0 
    left join
        unidad_educativa ue1_0 
            on ue1_0.id_unidad_educativa=m1_0.id_unidad_educativa 
    where
        ue1_0.id_unidad_educativa=?
Hibernate: 
    select
        gm1_0.id_grado_materia 
    from
        grado_materia gm1_0 
    where
        gm1_0.id_grado=? 
        and gm1_0.id_materia=? 
        and gm1_0.id_gestion=? 
    fetch
        first ? rows only
Hibernate: 
    insert 
    into
        grado_materia
        (id_gestion, id_grado, id_materia, id_grado_materia) 
    values
        (?, ?, ?, default)
Hibernate: 
    select
        m1_0.id_materia,
        m1_0.nombre,
        m1_0.id_unidad_educativa 
    from
        materia m1_0 
    left join
        unidad_educativa ue1_0 
            on ue1_0.id_unidad_educativa=m1_0.id_unidad_educativa 
    where
        ue1_0.id_unidad_educativa=?
Hibernate: 
    select
        gm1_0.id_grado_materia 
    from
        grado_materia gm1_0 
    where
        gm1_0.id_grado=? 
        and gm1_0.id_materia=? 
        and gm1_0.id_gestion=? 
    fetch
        first ? rows only
Hibernate: 
    insert 
    into
        grado_materia
        (id_gestion, id_grado, id_materia, id_grado_materia) 
    values
        (?, ?, ?, default)
Hibernate: 
    select
        m1_0.id_materia,
        m1_0.nombre,
        m1_0.id_unidad_educativa 
    from
        materia m1_0 
    left join
        unidad_educativa ue1_0 
            on ue1_0.id_unidad_educativa=m1_0.id_unidad_educativa 
    where
        ue1_0.id_unidad_educativa=?
Hibernate: 
    select
        gm1_0.id_grado_materia 
    from
        grado_materia gm1_0 
    where
        gm1_0.id_grado=? 
        and gm1_0.id_materia=? 
        and gm1_0.id_gestion=? 
    fetch
        first ? rows only
Hibernate: 
    insert 
    into
        grado_materia
        (id_gestion, id_grado, id_materia, id_grado_materia) 
    values
        (?, ?, ?, default)
Hibernate: 
    select
        m1_0.id_materia,
        m1_0.nombre,
        m1_0.id_unidad_educativa 
    from
        materia m1_0 
    left join
        unidad_educativa ue1_0 
            on ue1_0.id_unidad_educativa=m1_0.id_unidad_educativa 
    where
        ue1_0.id_unidad_educativa=?
Hibernate: 
    select
        gm1_0.id_grado_materia 
    from
        grado_materia gm1_0 
    where
        gm1_0.id_grado=? 
        and gm1_0.id_materia=? 
        and gm1_0.id_gestion=? 
    fetch
        first ? rows only
Hibernate: 
    insert 
    into
        grado_materia
        (id_gestion, id_grado, id_materia, id_grado_materia) 
    values
        (?, ?, ?, default)
Hibernate: 
    select
        m1_0.id_materia,
        m1_0.nombre,
        m1_0.id_unidad_educativa 
    from
        materia m1_0 
    left join
        unidad_educativa ue1_0 
            on ue1_0.id_unidad_educativa=m1_0.id_unidad_educativa 
    where
        ue1_0.id_unidad_educativa=?
Hibernate: 
    select
        gm1_0.id_grado_materia 
    from
        grado_materia gm1_0 
    where
        gm1_0.id_grado=? 
        and gm1_0.id_materia=? 
        and gm1_0.id_gestion=? 
    fetch
        first ? rows only
Hibernate: 
    insert 
    into
        grado_materia
        (id_gestion, id_grado, id_materia, id_grado_materia) 
    values
        (?, ?, ?, default)
Hibernate: 
    select
        m1_0.id_materia,
        m1_0.nombre,
        m1_0.id_unidad_educativa 
    from
        materia m1_0 
    left join
        unidad_educativa ue1_0 
            on ue1_0.id_unidad_educativa=m1_0.id_unidad_educativa 
    where
        ue1_0.id_unidad_educativa=?
Hibernate: 
    select
        gm1_0.id_grado_materia 
    from
        grado_materia gm1_0 
    where
        gm1_0.id_grado=? 
        and gm1_0.id_materia=? 
        and gm1_0.id_gestion=? 
    fetch
        first ? rows only
Hibernate: 
    insert 
    into
        grado_materia
        (id_gestion, id_grado, id_materia, id_grado_materia) 
    values
        (?, ?, ?, default)
Hibernate: 
    select
        g1_0.id_grado,
        g1_0.nivel,
        g1_0.nombre 
    from
        grado g1_0 
    where
        g1_0.nombre=? 
        and g1_0.nivel=?
Hibernate: 
    select
        m1_0.id_materia,
        m1_0.nombre,
        m1_0.id_unidad_educativa 
    from
        materia m1_0 
    left join
        unidad_educativa ue1_0 
            on ue1_0.id_unidad_educativa=m1_0.id_unidad_educativa 
    where
        ue1_0.id_unidad_educativa=?
Hibernate: 
    select
        gm1_0.id_grado_materia 
    from
        grado_materia gm1_0 
    where
        gm1_0.id_grado=? 
        and gm1_0.id_materia=? 
        and gm1_0.id_gestion=? 
    fetch
        first ? rows only
Hibernate: 
    insert 
    into
        grado_materia
        (id_gestion, id_grado, id_materia, id_grado_materia) 
    values
        (?, ?, ?, default)
Hibernate: 
    select
        m1_0.id_materia,
        m1_0.nombre,
        m1_0.id_unidad_educativa 
    from
        materia m1_0 
    left join
        unidad_educativa ue1_0 
            on ue1_0.id_unidad_educativa=m1_0.id_unidad_educativa 
    where
        ue1_0.id_unidad_educativa=?
Hibernate: 
    insert 
    into
        materia
        (nombre, id_unidad_educativa, id_materia) 
    values
        (?, ?, default)
Hibernate: 
    select
        gm1_0.id_grado_materia 
    from
        grado_materia gm1_0 
    where
        gm1_0.id_grado=? 
        and gm1_0.id_materia=? 
        and gm1_0.id_gestion=? 
    fetch
        first ? rows only
Hibernate: 
    insert 
    into
        grado_materia
        (id_gestion, id_grado, id_materia, id_grado_materia) 
    values
        (?, ?, ?, default)
Hibernate: 
    select
        m1_0.id_materia,
        m1_0.nombre,
        m1_0.id_unidad_educativa 
    from
        materia m1_0 
    left join
        unidad_educativa ue1_0 
            on ue1_0.id_unidad_educativa=m1_0.id_unidad_educativa 
    where
        ue1_0.id_unidad_educativa=?
Hibernate: 
    insert 
    into
        materia
        (nombre, id_unidad_educativa, id_materia) 
    values
        (?, ?, default)
Hibernate: 
    select
        gm1_0.id_grado_materia 
    from
        grado_materia gm1_0 
    where
        gm1_0.id_grado=? 
        and gm1_0.id_materia=? 
        and gm1_0.id_gestion=? 
    fetch
        first ? rows only
Hibernate: 
    insert 
    into
        grado_materia
        (id_gestion, id_grado, id_materia, id_grado_materia) 
    values
        (?, ?, ?, default)
Hibernate: 
    select
        m1_0.id_materia,
        m1_0.nombre,
        m1_0.id_unidad_educativa 
    from
        materia m1_0 
    left join
        unidad_educativa ue1_0 
            on ue1_0.id_unidad_educativa=m1_0.id_unidad_educativa 
    where
        ue1_0.id_unidad_educativa=?
Hibernate: 
    select
        gm1_0.id_grado_materia 
    from
        grado_materia gm1_0 
    where
        gm1_0.id_grado=? 
        and gm1_0.id_materia=? 
        and gm1_0.id_gestion=? 
    fetch
        first ? rows only
Hibernate: 
    insert 
    into
        grado_materia
        (id_gestion, id_grado, id_materia, id_grado_materia) 
    values
        (?, ?, ?, default)
Hibernate: 
    select
        m1_0.id_materia,
        m1_0.nombre,
        m1_0.id_unidad_educativa 
    from
        materia m1_0 
    left join
        unidad_educativa ue1_0 
            on ue1_0.id_unidad_educativa=m1_0.id_unidad_educativa 
    where
        ue1_0.id_unidad_educativa=?
Hibernate: 
    select
        gm1_0.id_grado_materia 
    from
        grado_materia gm1_0 
    where
        gm1_0.id_grado=? 
        and gm1_0.id_materia=? 
        and gm1_0.id_gestion=? 
    fetch
        first ? rows only
Hibernate: 
    insert 
    into
        grado_materia
        (id_gestion, id_grado, id_materia, id_grado_materia) 
    values
        (?, ?, ?, default)
Hibernate: 
    select
        m1_0.id_materia,
        m1_0.nombre,
        m1_0.id_unidad_educativa 
    from
        materia m1_0 
    left join
        unidad_educativa ue1_0 
            on ue1_0.id_unidad_educativa=m1_0.id_unidad_educativa 
    where
        ue1_0.id_unidad_educativa=?
Hibernate: 
    select
        gm1_0.id_grado_materia 
    from
        grado_materia gm1_0 
    where
        gm1_0.id_grado=? 
        and gm1_0.id_materia=? 
        and gm1_0.id_gestion=? 
    fetch
        first ? rows only
Hibernate: 
    insert 
    into
        grado_materia
        (id_gestion, id_grado, id_materia, id_grado_materia) 
    values
        (?, ?, ?, default)
Hibernate: 
    select
        m1_0.id_materia,
        m1_0.nombre,
        m1_0.id_unidad_educativa 
    from
        materia m1_0 
    left join
        unidad_educativa ue1_0 
            on ue1_0.id_unidad_educativa=m1_0.id_unidad_educativa 
    where
        ue1_0.id_unidad_educativa=?
Hibernate: 
    select
        gm1_0.id_grado_materia 
    from
        grado_materia gm1_0 
    where
        gm1_0.id_grado=? 
        and gm1_0.id_materia=? 
        and gm1_0.id_gestion=? 
    fetch
        first ? rows only
Hibernate: 
    insert 
    into
        grado_materia
        (id_gestion, id_grado, id_materia, id_grado_materia) 
    values
        (?, ?, ?, default)
Hibernate: 
    select
        m1_0.id_materia,
        m1_0.nombre,
        m1_0.id_unidad_educativa 
    from
        materia m1_0 
    left join
        unidad_educativa ue1_0 
            on ue1_0.id_unidad_educativa=m1_0.id_unidad_educativa 
    where
        ue1_0.id_unidad_educativa=?
Hibernate: 
    select
        gm1_0.id_grado_materia 
    from
        grado_materia gm1_0 
    where
        gm1_0.id_grado=? 
        and gm1_0.id_materia=? 
        and gm1_0.id_gestion=? 
    fetch
        first ? rows only
Hibernate: 
    insert 
    into
        grado_materia
        (id_gestion, id_grado, id_materia, id_grado_materia) 
    values
        (?, ?, ?, default)
Hibernate: 
    select
        m1_0.id_materia,
        m1_0.nombre,
        m1_0.id_unidad_educativa 
    from
        materia m1_0 
    left join
        unidad_educativa ue1_0 
            on ue1_0.id_unidad_educativa=m1_0.id_unidad_educativa 
    where
        ue1_0.id_unidad_educativa=?
Hibernate: 
    select
        gm1_0.id_grado_materia 
    from
        grado_materia gm1_0 
    where
        gm1_0.id_grado=? 
        and gm1_0.id_materia=? 
        and gm1_0.id_gestion=? 
    fetch
        first ? rows only
Hibernate: 
    insert 
    into
        grado_materia
        (id_gestion, id_grado, id_materia, id_grado_materia) 
    values
        (?, ?, ?, default)
Hibernate: 
    select
        m1_0.id_materia,
        m1_0.nombre,
        m1_0.id_unidad_educativa 
    from
        materia m1_0 
    left join
        unidad_educativa ue1_0 
            on ue1_0.id_unidad_educativa=m1_0.id_unidad_educativa 
    where
        ue1_0.id_unidad_educativa=?
Hibernate: 
    select
        gm1_0.id_grado_materia 
    from
        grado_materia gm1_0 
    where
        gm1_0.id_grado=? 
        and gm1_0.id_materia=? 
        and gm1_0.id_gestion=? 
    fetch
        first ? rows only
Hibernate: 
    insert 
    into
        grado_materia
        (id_gestion, id_grado, id_materia, id_grado_materia) 
    values
        (?, ?, ?, default)
Hibernate: 
    select
        m1_0.id_materia,
        m1_0.nombre,
        m1_0.id_unidad_educativa 
    from
        materia m1_0 
    left join
        unidad_educativa ue1_0 
            on ue1_0.id_unidad_educativa=m1_0.id_unidad_educativa 
    where
        ue1_0.id_unidad_educativa=?
Hibernate: 
    select
        gm1_0.id_grado_materia 
    from
        grado_materia gm1_0 
    where
        gm1_0.id_grado=? 
        and gm1_0.id_materia=? 
        and gm1_0.id_gestion=? 
    fetch
        first ? rows only
Hibernate: 
    insert 
    into
        grado_materia
        (id_gestion, id_grado, id_materia, id_grado_materia) 
    values
        (?, ?, ?, default)
Hibernate: 
    select
        m1_0.id_materia,
        m1_0.nombre,
        m1_0.id_unidad_educativa 
    from
        materia m1_0 
    left join
        unidad_educativa ue1_0 
            on ue1_0.id_unidad_educativa=m1_0.id_unidad_educativa 
    where
        ue1_0.id_unidad_educativa=?
Hibernate: 
    select
        gm1_0.id_grado_materia 
    from
        grado_materia gm1_0 
    where
        gm1_0.id_grado=? 
        and gm1_0.id_materia=? 
        and gm1_0.id_gestion=? 
    fetch
        first ? rows only
Hibernate: 
    insert 
    into
        grado_materia
        (id_gestion, id_grado, id_materia, id_grado_materia) 
    values
        (?, ?, ?, default)
Hibernate: 
    select
        m1_0.id_materia,
        m1_0.nombre,
        m1_0.id_unidad_educativa 
    from
        materia m1_0 
    left join
        unidad_educativa ue1_0 
            on ue1_0.id_unidad_educativa=m1_0.id_unidad_educativa 
    where
        ue1_0.id_unidad_educativa=?
Hibernate: 
    insert 
    into
        materia
        (nombre, id_unidad_educativa, id_materia) 
    values
        (?, ?, default)
Hibernate: 
    select
        gm1_0.id_grado_materia 
    from
        grado_materia gm1_0 
    where
        gm1_0.id_grado=? 
        and gm1_0.id_materia=? 
        and gm1_0.id_gestion=? 
    fetch
        first ? rows only
Hibernate: 
    insert 
    into
        grado_materia
        (id_gestion, id_grado, id_materia, id_grado_materia) 
    values
        (?, ?, ?, default)
Hibernate: 
    select
        g1_0.id_grado,
        g1_0.nivel,
        g1_0.nombre 
    from
        grado g1_0 
    where
        g1_0.nombre=? 
        and g1_0.nivel=?
Hibernate: 
    select
        m1_0.id_materia,
        m1_0.nombre,
        m1_0.id_unidad_educativa 
    from
        materia m1_0 
    left join
        unidad_educativa ue1_0 
            on ue1_0.id_unidad_educativa=m1_0.id_unidad_educativa 
    where
        ue1_0.id_unidad_educativa=?
Hibernate: 
    select
        gm1_0.id_grado_materia 
    from
        grado_materia gm1_0 
    where
        gm1_0.id_grado=? 
        and gm1_0.id_materia=? 
        and gm1_0.id_gestion=? 
    fetch
        first ? rows only
Hibernate: 
    insert 
    into
        grado_materia
        (id_gestion, id_grado, id_materia, id_grado_materia) 
    values
        (?, ?, ?, default)
Hibernate: 
    select
        m1_0.id_materia,
        m1_0.nombre,
        m1_0.id_unidad_educativa 
    from
        materia m1_0 
    left join
        unidad_educativa ue1_0 
            on ue1_0.id_unidad_educativa=m1_0.id_unidad_educativa 
    where
        ue1_0.id_unidad_educativa=?
Hibernate: 
    select
        gm1_0.id_grado_materia 
    from
        grado_materia gm1_0 
    where
        gm1_0.id_grado=? 
        and gm1_0.id_materia=? 
        and gm1_0.id_gestion=? 
    fetch
        first ? rows only
Hibernate: 
    insert 
    into
        grado_materia
        (id_gestion, id_grado, id_materia, id_grado_materia) 
    values
        (?, ?, ?, default)
Hibernate: 
    select
        m1_0.id_materia,
        m1_0.nombre,
        m1_0.id_unidad_educativa 
    from
        materia m1_0 
    left join
        unidad_educativa ue1_0 
            on ue1_0.id_unidad_educativa=m1_0.id_unidad_educativa 
    where
        ue1_0.id_unidad_educativa=?
Hibernate: 
    select
        gm1_0.id_grado_materia 
    from
        grado_materia gm1_0 
    where
        gm1_0.id_grado=? 
        and gm1_0.id_materia=? 
        and gm1_0.id_gestion=? 
    fetch
        first ? rows only
Hibernate: 
    insert 
    into
        grado_materia
        (id_gestion, id_grado, id_materia, id_grado_materia) 
    values
        (?, ?, ?, default)
Hibernate: 
    select
        m1_0.id_materia,
        m1_0.nombre,
        m1_0.id_unidad_educativa 
    from
        materia m1_0 
    left join
        unidad_educativa ue1_0 
            on ue1_0.id_unidad_educativa=m1_0.id_unidad_educativa 
    where
        ue1_0.id_unidad_educativa=?
Hibernate: 
    select
        gm1_0.id_grado_materia 
    from
        grado_materia gm1_0 
    where
        gm1_0.id_grado=? 
        and gm1_0.id_materia=? 
        and gm1_0.id_gestion=? 
    fetch
        first ? rows only
Hibernate: 
    insert 
    into
        grado_materia
        (id_gestion, id_grado, id_materia, id_grado_materia) 
    values
        (?, ?, ?, default)
Hibernate: 
    select
        m1_0.id_materia,
        m1_0.nombre,
        m1_0.id_unidad_educativa 
    from
        materia m1_0 
    left join
        unidad_educativa ue1_0 
            on ue1_0.id_unidad_educativa=m1_0.id_unidad_educativa 
    where
        ue1_0.id_unidad_educativa=?
Hibernate: 
    select
        gm1_0.id_grado_materia 
    from
        grado_materia gm1_0 
    where
        gm1_0.id_grado=? 
        and gm1_0.id_materia=? 
        and gm1_0.id_gestion=? 
    fetch
        first ? rows only
Hibernate: 
    insert 
    into
        grado_materia
        (id_gestion, id_grado, id_materia, id_grado_materia) 
    values
        (?, ?, ?, default)
Hibernate: 
    select
        m1_0.id_materia,
        m1_0.nombre,
        m1_0.id_unidad_educativa 
    from
        materia m1_0 
    left join
        unidad_educativa ue1_0 
            on ue1_0.id_unidad_educativa=m1_0.id_unidad_educativa 
    where
        ue1_0.id_unidad_educativa=?
Hibernate: 
    select
        gm1_0.id_grado_materia 
    from
        grado_materia gm1_0 
    where
        gm1_0.id_grado=? 
        and gm1_0.id_materia=? 
        and gm1_0.id_gestion=? 
    fetch
        first ? rows only
Hibernate: 
    insert 
    into
        grado_materia
        (id_gestion, id_grado, id_materia, id_grado_materia) 
    values
        (?, ?, ?, default)
Hibernate: 
    select
        m1_0.id_materia,
        m1_0.nombre,
        m1_0.id_unidad_educativa 
    from
        materia m1_0 
    left join
        unidad_educativa ue1_0 
            on ue1_0.id_unidad_educativa=m1_0.id_unidad_educativa 
    where
        ue1_0.id_unidad_educativa=?
Hibernate: 
    select
        gm1_0.id_grado_materia 
    from
        grado_materia gm1_0 
    where
        gm1_0.id_grado=? 
        and gm1_0.id_materia=? 
        and gm1_0.id_gestion=? 
    fetch
        first ? rows only
Hibernate: 
    insert 
    into
        grado_materia
        (id_gestion, id_grado, id_materia, id_grado_materia) 
    values
        (?, ?, ?, default)
Hibernate: 
    select
        m1_0.id_materia,
        m1_0.nombre,
        m1_0.id_unidad_educativa 
    from
        materia m1_0 
    left join
        unidad_educativa ue1_0 
            on ue1_0.id_unidad_educativa=m1_0.id_unidad_educativa 
    where
        ue1_0.id_unidad_educativa=?
Hibernate: 
    select
        gm1_0.id_grado_materia 
    from
        grado_materia gm1_0 
    where
        gm1_0.id_grado=? 
        and gm1_0.id_materia=? 
        and gm1_0.id_gestion=? 
    fetch
        first ? rows only
Hibernate: 
    insert 
    into
        grado_materia
        (id_gestion, id_grado, id_materia, id_grado_materia) 
    values
        (?, ?, ?, default)
Hibernate: 
    select
        m1_0.id_materia,
        m1_0.nombre,
        m1_0.id_unidad_educativa 
    from
        materia m1_0 
    left join
        unidad_educativa ue1_0 
            on ue1_0.id_unidad_educativa=m1_0.id_unidad_educativa 
    where
        ue1_0.id_unidad_educativa=?
Hibernate: 
    select
        gm1_0.id_grado_materia 
    from
        grado_materia gm1_0 
    where
        gm1_0.id_grado=? 
        and gm1_0.id_materia=? 
        and gm1_0.id_gestion=? 
    fetch
        first ? rows only
Hibernate: 
    insert 
    into
        grado_materia
        (id_gestion, id_grado, id_materia, id_grado_materia) 
    values
        (?, ?, ?, default)
Hibernate: 
    select
        g1_0.id_grado,
        g1_0.nivel,
        g1_0.nombre 
    from
        grado g1_0 
    where
        g1_0.nombre=? 
        and g1_0.nivel=?
Hibernate: 
    select
        m1_0.id_materia,
        m1_0.nombre,
        m1_0.id_unidad_educativa 
    from
        materia m1_0 
    left join
        unidad_educativa ue1_0 
            on ue1_0.id_unidad_educativa=m1_0.id_unidad_educativa 
    where
        ue1_0.id_unidad_educativa=?
Hibernate: 
    select
        gm1_0.id_grado_materia 
    from
        grado_materia gm1_0 
    where
        gm1_0.id_grado=? 
        and gm1_0.id_materia=? 
        and gm1_0.id_gestion=? 
    fetch
        first ? rows only
Hibernate: 
    insert 
    into
        grado_materia
        (id_gestion, id_grado, id_materia, id_grado_materia) 
    values
        (?, ?, ?, default)
Hibernate: 
    select
        m1_0.id_materia,
        m1_0.nombre,
        m1_0.id_unidad_educativa 
    from
        materia m1_0 
    left join
        unidad_educativa ue1_0 
            on ue1_0.id_unidad_educativa=m1_0.id_unidad_educativa 
    where
        ue1_0.id_unidad_educativa=?
Hibernate: 
    select
        gm1_0.id_grado_materia 
    from
        grado_materia gm1_0 
    where
        gm1_0.id_grado=? 
        and gm1_0.id_materia=? 
        and gm1_0.id_gestion=? 
    fetch
        first ? rows only
Hibernate: 
    insert 
    into
        grado_materia
        (id_gestion, id_grado, id_materia, id_grado_materia) 
    values
        (?, ?, ?, default)
Hibernate: 
    select
        m1_0.id_materia,
        m1_0.nombre,
        m1_0.id_unidad_educativa 
    from
        materia m1_0 
    left join
        unidad_educativa ue1_0 
            on ue1_0.id_unidad_educativa=m1_0.id_unidad_educativa 
    where
        ue1_0.id_unidad_educativa=?
Hibernate: 
    select
        gm1_0.id_grado_materia 
    from
        grado_materia gm1_0 
    where
        gm1_0.id_grado=? 
        and gm1_0.id_materia=? 
        and gm1_0.id_gestion=? 
    fetch
        first ? rows only
Hibernate: 
    insert 
    into
        grado_materia
        (id_gestion, id_grado, id_materia, id_grado_materia) 
    values
        (?, ?, ?, default)
Hibernate: 
    select
        m1_0.id_materia,
        m1_0.nombre,
        m1_0.id_unidad_educativa 
    from
        materia m1_0 
    left join
        unidad_educativa ue1_0 
            on ue1_0.id_unidad_educativa=m1_0.id_unidad_educativa 
    where
        ue1_0.id_unidad_educativa=?
Hibernate: 
    select
        gm1_0.id_grado_materia 
    from
        grado_materia gm1_0 
    where
        gm1_0.id_grado=? 
        and gm1_0.id_materia=? 
        and gm1_0.id_gestion=? 
    fetch
        first ? rows only
Hibernate: 
    insert 
    into
        grado_materia
        (id_gestion, id_grado, id_materia, id_grado_materia) 
    values
        (?, ?, ?, default)
Hibernate: 
    select
        m1_0.id_materia,
        m1_0.nombre,
        m1_0.id_unidad_educativa 
    from
        materia m1_0 
    left join
        unidad_educativa ue1_0 
            on ue1_0.id_unidad_educativa=m1_0.id_unidad_educativa 
    where
        ue1_0.id_unidad_educativa=?
Hibernate: 
    select
        gm1_0.id_grado_materia 
    from
        grado_materia gm1_0 
    where
        gm1_0.id_grado=? 
        and gm1_0.id_materia=? 
        and gm1_0.id_gestion=? 
    fetch
        first ? rows only
Hibernate: 
    insert 
    into
        grado_materia
        (id_gestion, id_grado, id_materia, id_grado_materia) 
    values
        (?, ?, ?, default)
Hibernate: 
    select
        m1_0.id_materia,
        m1_0.nombre,
        m1_0.id_unidad_educativa 
    from
        materia m1_0 
    left join
        unidad_educativa ue1_0 
            on ue1_0.id_unidad_educativa=m1_0.id_unidad_educativa 
    where
        ue1_0.id_unidad_educativa=?
Hibernate: 
    select
        gm1_0.id_grado_materia 
    from
        grado_materia gm1_0 
    where
        gm1_0.id_grado=? 
        and gm1_0.id_materia=? 
        and gm1_0.id_gestion=? 
    fetch
        first ? rows only
Hibernate: 
    insert 
    into
        grado_materia
        (id_gestion, id_grado, id_materia, id_grado_materia) 
    values
        (?, ?, ?, default)
Hibernate: 
    select
        m1_0.id_materia,
        m1_0.nombre,
        m1_0.id_unidad_educativa 
    from
        materia m1_0 
    left join
        unidad_educativa ue1_0 
            on ue1_0.id_unidad_educativa=m1_0.id_unidad_educativa 
    where
        ue1_0.id_unidad_educativa=?
Hibernate: 
    select
        gm1_0.id_grado_materia 
    from
        grado_materia gm1_0 
    where
        gm1_0.id_grado=? 
        and gm1_0.id_materia=? 
        and gm1_0.id_gestion=? 
    fetch
        first ? rows only
Hibernate: 
    insert 
    into
        grado_materia
        (id_gestion, id_grado, id_materia, id_grado_materia) 
    values
        (?, ?, ?, default)
Hibernate: 
    select
        m1_0.id_materia,
        m1_0.nombre,
        m1_0.id_unidad_educativa 
    from
        materia m1_0 
    left join
        unidad_educativa ue1_0 
            on ue1_0.id_unidad_educativa=m1_0.id_unidad_educativa 
    where
        ue1_0.id_unidad_educativa=?
Hibernate: 
    select
        gm1_0.id_grado_materia 
    from
        grado_materia gm1_0 
    where
        gm1_0.id_grado=? 
        and gm1_0.id_materia=? 
        and gm1_0.id_gestion=? 
    fetch
        first ? rows only
Hibernate: 
    insert 
    into
        grado_materia
        (id_gestion, id_grado, id_materia, id_grado_materia) 
    values
        (?, ?, ?, default)
Hibernate: 
    select
        m1_0.id_materia,
        m1_0.nombre,
        m1_0.id_unidad_educativa 
    from
        materia m1_0 
    left join
        unidad_educativa ue1_0 
            on ue1_0.id_unidad_educativa=m1_0.id_unidad_educativa 
    where
        ue1_0.id_unidad_educativa=?
Hibernate: 
    select
        gm1_0.id_grado_materia 
    from
        grado_materia gm1_0 
    where
        gm1_0.id_grado=? 
        and gm1_0.id_materia=? 
        and gm1_0.id_gestion=? 
    fetch
        first ? rows only
Hibernate: 
    insert 
    into
        grado_materia
        (id_gestion, id_grado, id_materia, id_grado_materia) 
    values
        (?, ?, ?, default)
Hibernate: 
    select
        m1_0.id_materia,
        m1_0.nombre,
        m1_0.id_unidad_educativa 
    from
        materia m1_0 
    left join
        unidad_educativa ue1_0 
            on ue1_0.id_unidad_educativa=m1_0.id_unidad_educativa 
    where
        ue1_0.id_unidad_educativa=?
Hibernate: 
    select
        gm1_0.id_grado_materia 
    from
        grado_materia gm1_0 
    where
        gm1_0.id_grado=? 
        and gm1_0.id_materia=? 
        and gm1_0.id_gestion=? 
    fetch
        first ? rows only
Hibernate: 
    insert 
    into
        grado_materia
        (id_gestion, id_grado, id_materia, id_grado_materia) 
    values
        (?, ?, ?, default)
Hibernate: 
    select
        m1_0.id_materia,
        m1_0.nombre,
        m1_0.id_unidad_educativa 
    from
        materia m1_0 
    left join
        unidad_educativa ue1_0 
            on ue1_0.id_unidad_educativa=m1_0.id_unidad_educativa 
    where
        ue1_0.id_unidad_educativa=?
Hibernate: 
    select
        gm1_0.id_grado_materia 
    from
        grado_materia gm1_0 
    where
        gm1_0.id_grado=? 
        and gm1_0.id_materia=? 
        and gm1_0.id_gestion=? 
    fetch
        first ? rows only
Hibernate: 
    insert 
    into
        grado_materia
        (id_gestion, id_grado, id_materia, id_grado_materia) 
    values
        (?, ?, ?, default)
Hibernate: 
    select
        m1_0.id_materia,
        m1_0.nombre,
        m1_0.id_unidad_educativa 
    from
        materia m1_0 
    left join
        unidad_educativa ue1_0 
            on ue1_0.id_unidad_educativa=m1_0.id_unidad_educativa 
    where
        ue1_0.id_unidad_educativa=?
Hibernate: 
    select
        gm1_0.id_grado_materia 
    from
        grado_materia gm1_0 
    where
        gm1_0.id_grado=? 
        and gm1_0.id_materia=? 
        and gm1_0.id_gestion=? 
    fetch
        first ? rows only
Hibernate: 
    insert 
    into
        grado_materia
        (id_gestion, id_grado, id_materia, id_grado_materia) 
    values
        (?, ?, ?, default)
Hibernate: 
    select
        m1_0.id_materia,
        m1_0.nombre,
        m1_0.id_unidad_educativa 
    from
        materia m1_0 
    left join
        unidad_educativa ue1_0 
            on ue1_0.id_unidad_educativa=m1_0.id_unidad_educativa 
    where
        ue1_0.id_unidad_educativa=?
Hibernate: 
    select
        gm1_0.id_grado_materia 
    from
        grado_materia gm1_0 
    where
        gm1_0.id_grado=? 
        and gm1_0.id_materia=? 
        and gm1_0.id_gestion=? 
    fetch
        first ? rows only
Hibernate: 
    insert 
    into
        grado_materia
        (id_gestion, id_grado, id_materia, id_grado_materia) 
    values
        (?, ?, ?, default)
Hibernate: 
    select
        g1_0.id_grado,
        g1_0.nivel,
        g1_0.nombre 
    from
        grado g1_0 
    where
        g1_0.nombre=? 
        and g1_0.nivel=?
Hibernate: 
    select
        m1_0.id_materia,
        m1_0.nombre,
        m1_0.id_unidad_educativa 
    from
        materia m1_0 
    left join
        unidad_educativa ue1_0 
            on ue1_0.id_unidad_educativa=m1_0.id_unidad_educativa 
    where
        ue1_0.id_unidad_educativa=?
Hibernate: 
    select
        gm1_0.id_grado_materia 
    from
        grado_materia gm1_0 
    where
        gm1_0.id_grado=? 
        and gm1_0.id_materia=? 
        and gm1_0.id_gestion=? 
    fetch
        first ? rows only
Hibernate: 
    insert 
    into
        grado_materia
        (id_gestion, id_grado, id_materia, id_grado_materia) 
    values
        (?, ?, ?, default)
Hibernate: 
    select
        m1_0.id_materia,
        m1_0.nombre,
        m1_0.id_unidad_educativa 
    from
        materia m1_0 
    left join
        unidad_educativa ue1_0 
            on ue1_0.id_unidad_educativa=m1_0.id_unidad_educativa 
    where
        ue1_0.id_unidad_educativa=?
Hibernate: 
    select
        gm1_0.id_grado_materia 
    from
        grado_materia gm1_0 
    where
        gm1_0.id_grado=? 
        and gm1_0.id_materia=? 
        and gm1_0.id_gestion=? 
    fetch
        first ? rows only
Hibernate: 
    insert 
    into
        grado_materia
        (id_gestion, id_grado, id_materia, id_grado_materia) 
    values
        (?, ?, ?, default)
Hibernate: 
    select
        m1_0.id_materia,
        m1_0.nombre,
        m1_0.id_unidad_educativa 
    from
        materia m1_0 
    left join
        unidad_educativa ue1_0 
            on ue1_0.id_unidad_educativa=m1_0.id_unidad_educativa 
    where
        ue1_0.id_unidad_educativa=?
Hibernate: 
    select
        gm1_0.id_grado_materia 
    from
        grado_materia gm1_0 
    where
        gm1_0.id_grado=? 
        and gm1_0.id_materia=? 
        and gm1_0.id_gestion=? 
    fetch
        first ? rows only
Hibernate: 
    insert 
    into
        grado_materia
        (id_gestion, id_grado, id_materia, id_grado_materia) 
    values
        (?, ?, ?, default)
Hibernate: 
    select
        m1_0.id_materia,
        m1_0.nombre,
        m1_0.id_unidad_educativa 
    from
        materia m1_0 
    left join
        unidad_educativa ue1_0 
            on ue1_0.id_unidad_educativa=m1_0.id_unidad_educativa 
    where
        ue1_0.id_unidad_educativa=?
Hibernate: 
    select
        gm1_0.id_grado_materia 
    from
        grado_materia gm1_0 
    where
        gm1_0.id_grado=? 
        and gm1_0.id_materia=? 
        and gm1_0.id_gestion=? 
    fetch
        first ? rows only
Hibernate: 
    insert 
    into
        grado_materia
        (id_gestion, id_grado, id_materia, id_grado_materia) 
    values
        (?, ?, ?, default)
Hibernate: 
    select
        m1_0.id_materia,
        m1_0.nombre,
        m1_0.id_unidad_educativa 
    from
        materia m1_0 
    left join
        unidad_educativa ue1_0 
            on ue1_0.id_unidad_educativa=m1_0.id_unidad_educativa 
    where
        ue1_0.id_unidad_educativa=?
Hibernate: 
    select
        gm1_0.id_grado_materia 
    from
        grado_materia gm1_0 
    where
        gm1_0.id_grado=? 
        and gm1_0.id_materia=? 
        and gm1_0.id_gestion=? 
    fetch
        first ? rows only
Hibernate: 
    insert 
    into
        grado_materia
        (id_gestion, id_grado, id_materia, id_grado_materia) 
    values
        (?, ?, ?, default)
Hibernate: 
    select
        m1_0.id_materia,
        m1_0.nombre,
        m1_0.id_unidad_educativa 
    from
        materia m1_0 
    left join
        unidad_educativa ue1_0 
            on ue1_0.id_unidad_educativa=m1_0.id_unidad_educativa 
    where
        ue1_0.id_unidad_educativa=?
Hibernate: 
    select
        gm1_0.id_grado_materia 
    from
        grado_materia gm1_0 
    where
        gm1_0.id_grado=? 
        and gm1_0.id_materia=? 
        and gm1_0.id_gestion=? 
    fetch
        first ? rows only
Hibernate: 
    insert 
    into
        grado_materia
        (id_gestion, id_grado, id_materia, id_grado_materia) 
    values
        (?, ?, ?, default)
Hibernate: 
    select
        m1_0.id_materia,
        m1_0.nombre,
        m1_0.id_unidad_educativa 
    from
        materia m1_0 
    left join
        unidad_educativa ue1_0 
            on ue1_0.id_unidad_educativa=m1_0.id_unidad_educativa 
    where
        ue1_0.id_unidad_educativa=?
Hibernate: 
    select
        gm1_0.id_grado_materia 
    from
        grado_materia gm1_0 
    where
        gm1_0.id_grado=? 
        and gm1_0.id_materia=? 
        and gm1_0.id_gestion=? 
    fetch
        first ? rows only
Hibernate: 
    insert 
    into
        grado_materia
        (id_gestion, id_grado, id_materia, id_grado_materia) 
    values
        (?, ?, ?, default)
Hibernate: 
    select
        m1_0.id_materia,
        m1_0.nombre,
        m1_0.id_unidad_educativa 
    from
        materia m1_0 
    left join
        unidad_educativa ue1_0 
            on ue1_0.id_unidad_educativa=m1_0.id_unidad_educativa 
    where
        ue1_0.id_unidad_educativa=?
Hibernate: 
    select
        gm1_0.id_grado_materia 
    from
        grado_materia gm1_0 
    where
        gm1_0.id_grado=? 
        and gm1_0.id_materia=? 
        and gm1_0.id_gestion=? 
    fetch
        first ? rows only
Hibernate: 
    insert 
    into
        grado_materia
        (id_gestion, id_grado, id_materia, id_grado_materia) 
    values
        (?, ?, ?, default)
Hibernate: 
    select
        m1_0.id_materia,
        m1_0.nombre,
        m1_0.id_unidad_educativa 
    from
        materia m1_0 
    left join
        unidad_educativa ue1_0 
            on ue1_0.id_unidad_educativa=m1_0.id_unidad_educativa 
    where
        ue1_0.id_unidad_educativa=?
Hibernate: 
    select
        gm1_0.id_grado_materia 
    from
        grado_materia gm1_0 
    where
        gm1_0.id_grado=? 
        and gm1_0.id_materia=? 
        and gm1_0.id_gestion=? 
    fetch
        first ? rows only
Hibernate: 
    insert 
    into
        grado_materia
        (id_gestion, id_grado, id_materia, id_grado_materia) 
    values
        (?, ?, ?, default)
Hibernate: 
    select
        g1_0.id_grado,
        g1_0.nivel,
        g1_0.nombre 
    from
        grado g1_0 
    where
        g1_0.nombre=? 
        and g1_0.nivel=?
Hibernate: 
    select
        m1_0.id_materia,
        m1_0.nombre,
        m1_0.id_unidad_educativa 
    from
        materia m1_0 
    left join
        unidad_educativa ue1_0 
            on ue1_0.id_unidad_educativa=m1_0.id_unidad_educativa 
    where
        ue1_0.id_unidad_educativa=?
Hibernate: 
    select
        gm1_0.id_grado_materia 
    from
        grado_materia gm1_0 
    where
        gm1_0.id_grado=? 
        and gm1_0.id_materia=? 
        and gm1_0.id_gestion=? 
    fetch
        first ? rows only
Hibernate: 
    insert 
    into
        grado_materia
        (id_gestion, id_grado, id_materia, id_grado_materia) 
    values
        (?, ?, ?, default)
Hibernate: 
    select
        m1_0.id_materia,
        m1_0.nombre,
        m1_0.id_unidad_educativa 
    from
        materia m1_0 
    left join
        unidad_educativa ue1_0 
            on ue1_0.id_unidad_educativa=m1_0.id_unidad_educativa 
    where
        ue1_0.id_unidad_educativa=?
Hibernate: 
    select
        gm1_0.id_grado_materia 
    from
        grado_materia gm1_0 
    where
        gm1_0.id_grado=? 
        and gm1_0.id_materia=? 
        and gm1_0.id_gestion=? 
    fetch
        first ? rows only
Hibernate: 
    insert 
    into
        grado_materia
        (id_gestion, id_grado, id_materia, id_grado_materia) 
    values
        (?, ?, ?, default)
Hibernate: 
    select
        m1_0.id_materia,
        m1_0.nombre,
        m1_0.id_unidad_educativa 
    from
        materia m1_0 
    left join
        unidad_educativa ue1_0 
            on ue1_0.id_unidad_educativa=m1_0.id_unidad_educativa 
    where
        ue1_0.id_unidad_educativa=?
Hibernate: 
    select
        gm1_0.id_grado_materia 
    from
        grado_materia gm1_0 
    where
        gm1_0.id_grado=? 
        and gm1_0.id_materia=? 
        and gm1_0.id_gestion=? 
    fetch
        first ? rows only
Hibernate: 
    insert 
    into
        grado_materia
        (id_gestion, id_grado, id_materia, id_grado_materia) 
    values
        (?, ?, ?, default)
Hibernate: 
    select
        m1_0.id_materia,
        m1_0.nombre,
        m1_0.id_unidad_educativa 
    from
        materia m1_0 
    left join
        unidad_educativa ue1_0 
            on ue1_0.id_unidad_educativa=m1_0.id_unidad_educativa 
    where
        ue1_0.id_unidad_educativa=?
Hibernate: 
    select
        gm1_0.id_grado_materia 
    from
        grado_materia gm1_0 
    where
        gm1_0.id_grado=? 
        and gm1_0.id_materia=? 
        and gm1_0.id_gestion=? 
    fetch
        first ? rows only
Hibernate: 
    insert 
    into
        grado_materia
        (id_gestion, id_grado, id_materia, id_grado_materia) 
    values
        (?, ?, ?, default)
Hibernate: 
    select
        m1_0.id_materia,
        m1_0.nombre,
        m1_0.id_unidad_educativa 
    from
        materia m1_0 
    left join
        unidad_educativa ue1_0 
            on ue1_0.id_unidad_educativa=m1_0.id_unidad_educativa 
    where
        ue1_0.id_unidad_educativa=?
Hibernate: 
    select
        gm1_0.id_grado_materia 
    from
        grado_materia gm1_0 
    where
        gm1_0.id_grado=? 
        and gm1_0.id_materia=? 
        and gm1_0.id_gestion=? 
    fetch
        first ? rows only
Hibernate: 
    insert 
    into
        grado_materia
        (id_gestion, id_grado, id_materia, id_grado_materia) 
    values
        (?, ?, ?, default)
Hibernate: 
    select
        m1_0.id_materia,
        m1_0.nombre,
        m1_0.id_unidad_educativa 
    from
        materia m1_0 
    left join
        unidad_educativa ue1_0 
            on ue1_0.id_unidad_educativa=m1_0.id_unidad_educativa 
    where
        ue1_0.id_unidad_educativa=?
Hibernate: 
    select
        gm1_0.id_grado_materia 
    from
        grado_materia gm1_0 
    where
        gm1_0.id_grado=? 
        and gm1_0.id_materia=? 
        and gm1_0.id_gestion=? 
    fetch
        first ? rows only
Hibernate: 
    insert 
    into
        grado_materia
        (id_gestion, id_grado, id_materia, id_grado_materia) 
    values
        (?, ?, ?, default)
Hibernate: 
    select
        m1_0.id_materia,
        m1_0.nombre,
        m1_0.id_unidad_educativa 
    from
        materia m1_0 
    left join
        unidad_educativa ue1_0 
            on ue1_0.id_unidad_educativa=m1_0.id_unidad_educativa 
    where
        ue1_0.id_unidad_educativa=?
Hibernate: 
    select
        gm1_0.id_grado_materia 
    from
        grado_materia gm1_0 
    where
        gm1_0.id_grado=? 
        and gm1_0.id_materia=? 
        and gm1_0.id_gestion=? 
    fetch
        first ? rows only
Hibernate: 
    insert 
    into
        grado_materia
        (id_gestion, id_grado, id_materia, id_grado_materia) 
    values
        (?, ?, ?, default)
Hibernate: 
    select
        m1_0.id_materia,
        m1_0.nombre,
        m1_0.id_unidad_educativa 
    from
        materia m1_0 
    left join
        unidad_educativa ue1_0 
            on ue1_0.id_unidad_educativa=m1_0.id_unidad_educativa 
    where
        ue1_0.id_unidad_educativa=?
Hibernate: 
    select
        gm1_0.id_grado_materia 
    from
        grado_materia gm1_0 
    where
        gm1_0.id_grado=? 
        and gm1_0.id_materia=? 
        and gm1_0.id_gestion=? 
    fetch
        first ? rows only
Hibernate: 
    insert 
    into
        grado_materia
        (id_gestion, id_grado, id_materia, id_grado_materia) 
    values
        (?, ?, ?, default)
Hibernate: 
    select
        m1_0.id_materia,
        m1_0.nombre,
        m1_0.id_unidad_educativa 
    from
        materia m1_0 
    left join
        unidad_educativa ue1_0 
            on ue1_0.id_unidad_educativa=m1_0.id_unidad_educativa 
    where
        ue1_0.id_unidad_educativa=?
Hibernate: 
    select
        gm1_0.id_grado_materia 
    from
        grado_materia gm1_0 
    where
        gm1_0.id_grado=? 
        and gm1_0.id_materia=? 
        and gm1_0.id_gestion=? 
    fetch
        first ? rows only
Hibernate: 
    insert 
    into
        grado_materia
        (id_gestion, id_grado, id_materia, id_grado_materia) 
    values
        (?, ?, ?, default)
Hibernate: 
    select
        m1_0.id_materia,
        m1_0.nombre,
        m1_0.id_unidad_educativa 
    from
        materia m1_0 
    left join
        unidad_educativa ue1_0 
            on ue1_0.id_unidad_educativa=m1_0.id_unidad_educativa 
    where
        ue1_0.id_unidad_educativa=?
Hibernate: 
    select
        gm1_0.id_grado_materia 
    from
        grado_materia gm1_0 
    where
        gm1_0.id_grado=? 
        and gm1_0.id_materia=? 
        and gm1_0.id_gestion=? 
    fetch
        first ? rows only
Hibernate: 
    insert 
    into
        grado_materia
        (id_gestion, id_grado, id_materia, id_grado_materia) 
    values
        (?, ?, ?, default)
Hibernate: 
    select
        m1_0.id_materia,
        m1_0.nombre,
        m1_0.id_unidad_educativa 
    from
        materia m1_0 
    left join
        unidad_educativa ue1_0 
            on ue1_0.id_unidad_educativa=m1_0.id_unidad_educativa 
    where
        ue1_0.id_unidad_educativa=?
Hibernate: 
    select
        gm1_0.id_grado_materia 
    from
        grado_materia gm1_0 
    where
        gm1_0.id_grado=? 
        and gm1_0.id_materia=? 
        and gm1_0.id_gestion=? 
    fetch
        first ? rows only
Hibernate: 
    insert 
    into
        grado_materia
        (id_gestion, id_grado, id_materia, id_grado_materia) 
    values
        (?, ?, ?, default)
Hibernate: 
    select
        m1_0.id_materia,
        m1_0.nombre,
        m1_0.id_unidad_educativa 
    from
        materia m1_0 
    left join
        unidad_educativa ue1_0 
            on ue1_0.id_unidad_educativa=m1_0.id_unidad_educativa 
    where
        ue1_0.id_unidad_educativa=?
Hibernate: 
    select
        gm1_0.id_grado_materia 
    from
        grado_materia gm1_0 
    where
        gm1_0.id_grado=? 
        and gm1_0.id_materia=? 
        and gm1_0.id_gestion=? 
    fetch
        first ? rows only
Hibernate: 
    insert 
    into
        grado_materia
        (id_gestion, id_grado, id_materia, id_grado_materia) 
    values
        (?, ?, ?, default)
Hibernate: 
    select
        m1_0.id_materia,
        m1_0.nombre,
        m1_0.id_unidad_educativa 
    from
        materia m1_0 
    left join
        unidad_educativa ue1_0 
            on ue1_0.id_unidad_educativa=m1_0.id_unidad_educativa 
    where
        ue1_0.id_unidad_educativa=?
Hibernate: 
    select
        gm1_0.id_grado_materia 
    from
        grado_materia gm1_0 
    where
        gm1_0.id_grado=? 
        and gm1_0.id_materia=? 
        and gm1_0.id_gestion=? 
    fetch
        first ? rows only
Hibernate: 
    insert 
    into
        grado_materia
        (id_gestion, id_grado, id_materia, id_grado_materia) 
    values
        (?, ?, ?, default)
Hibernate: 
    select
        g1_0.id_grado,
        g1_0.nivel,
        g1_0.nombre 
    from
        grado g1_0 
    where
        g1_0.nombre=? 
        and g1_0.nivel=?
Hibernate: 
    select
        m1_0.id_materia,
        m1_0.nombre,
        m1_0.id_unidad_educativa 
    from
        materia m1_0 
    left join
        unidad_educativa ue1_0 
            on ue1_0.id_unidad_educativa=m1_0.id_unidad_educativa 
    where
        ue1_0.id_unidad_educativa=?
Hibernate: 
    select
        gm1_0.id_grado_materia 
    from
        grado_materia gm1_0 
    where
        gm1_0.id_grado=? 
        and gm1_0.id_materia=? 
        and gm1_0.id_gestion=? 
    fetch
        first ? rows only
Hibernate: 
    insert 
    into
        grado_materia
        (id_gestion, id_grado, id_materia, id_grado_materia) 
    values
        (?, ?, ?, default)
Hibernate: 
    select
        m1_0.id_materia,
        m1_0.nombre,
        m1_0.id_unidad_educativa 
    from
        materia m1_0 
    left join
        unidad_educativa ue1_0 
            on ue1_0.id_unidad_educativa=m1_0.id_unidad_educativa 
    where
        ue1_0.id_unidad_educativa=?
Hibernate: 
    select
        gm1_0.id_grado_materia 
    from
        grado_materia gm1_0 
    where
        gm1_0.id_grado=? 
        and gm1_0.id_materia=? 
        and gm1_0.id_gestion=? 
    fetch
        first ? rows only
Hibernate: 
    insert 
    into
        grado_materia
        (id_gestion, id_grado, id_materia, id_grado_materia) 
    values
        (?, ?, ?, default)
Hibernate: 
    select
        m1_0.id_materia,
        m1_0.nombre,
        m1_0.id_unidad_educativa 
    from
        materia m1_0 
    left join
        unidad_educativa ue1_0 
            on ue1_0.id_unidad_educativa=m1_0.id_unidad_educativa 
    where
        ue1_0.id_unidad_educativa=?
Hibernate: 
    select
        gm1_0.id_grado_materia 
    from
        grado_materia gm1_0 
    where
        gm1_0.id_grado=? 
        and gm1_0.id_materia=? 
        and gm1_0.id_gestion=? 
    fetch
        first ? rows only
Hibernate: 
    insert 
    into
        grado_materia
        (id_gestion, id_grado, id_materia, id_grado_materia) 
    values
        (?, ?, ?, default)
Hibernate: 
    select
        m1_0.id_materia,
        m1_0.nombre,
        m1_0.id_unidad_educativa 
    from
        materia m1_0 
    left join
        unidad_educativa ue1_0 
            on ue1_0.id_unidad_educativa=m1_0.id_unidad_educativa 
    where
        ue1_0.id_unidad_educativa=?
Hibernate: 
    select
        gm1_0.id_grado_materia 
    from
        grado_materia gm1_0 
    where
        gm1_0.id_grado=? 
        and gm1_0.id_materia=? 
        and gm1_0.id_gestion=? 
    fetch
        first ? rows only
Hibernate: 
    insert 
    into
        grado_materia
        (id_gestion, id_grado, id_materia, id_grado_materia) 
    values
        (?, ?, ?, default)
Hibernate: 
    select
        m1_0.id_materia,
        m1_0.nombre,
        m1_0.id_unidad_educativa 
    from
        materia m1_0 
    left join
        unidad_educativa ue1_0 
            on ue1_0.id_unidad_educativa=m1_0.id_unidad_educativa 
    where
        ue1_0.id_unidad_educativa=?
Hibernate: 
    select
        gm1_0.id_grado_materia 
    from
        grado_materia gm1_0 
    where
        gm1_0.id_grado=? 
        and gm1_0.id_materia=? 
        and gm1_0.id_gestion=? 
    fetch
        first ? rows only
Hibernate: 
    insert 
    into
        grado_materia
        (id_gestion, id_grado, id_materia, id_grado_materia) 
    values
        (?, ?, ?, default)
Hibernate: 
    select
        m1_0.id_materia,
        m1_0.nombre,
        m1_0.id_unidad_educativa 
    from
        materia m1_0 
    left join
        unidad_educativa ue1_0 
            on ue1_0.id_unidad_educativa=m1_0.id_unidad_educativa 
    where
        ue1_0.id_unidad_educativa=?
Hibernate: 
    select
        gm1_0.id_grado_materia 
    from
        grado_materia gm1_0 
    where
        gm1_0.id_grado=? 
        and gm1_0.id_materia=? 
        and gm1_0.id_gestion=? 
    fetch
        first ? rows only
Hibernate: 
    insert 
    into
        grado_materia
        (id_gestion, id_grado, id_materia, id_grado_materia) 
    values
        (?, ?, ?, default)
Hibernate: 
    select
        m1_0.id_materia,
        m1_0.nombre,
        m1_0.id_unidad_educativa 
    from
        materia m1_0 
    left join
        unidad_educativa ue1_0 
            on ue1_0.id_unidad_educativa=m1_0.id_unidad_educativa 
    where
        ue1_0.id_unidad_educativa=?
Hibernate: 
    select
        gm1_0.id_grado_materia 
    from
        grado_materia gm1_0 
    where
        gm1_0.id_grado=? 
        and gm1_0.id_materia=? 
        and gm1_0.id_gestion=? 
    fetch
        first ? rows only
Hibernate: 
    insert 
    into
        grado_materia
        (id_gestion, id_grado, id_materia, id_grado_materia) 
    values
        (?, ?, ?, default)
Hibernate: 
    select
        m1_0.id_materia,
        m1_0.nombre,
        m1_0.id_unidad_educativa 
    from
        materia m1_0 
    left join
        unidad_educativa ue1_0 
            on ue1_0.id_unidad_educativa=m1_0.id_unidad_educativa 
    where
        ue1_0.id_unidad_educativa=?
Hibernate: 
    select
        gm1_0.id_grado_materia 
    from
        grado_materia gm1_0 
    where
        gm1_0.id_grado=? 
        and gm1_0.id_materia=? 
        and gm1_0.id_gestion=? 
    fetch
        first ? rows only
Hibernate: 
    insert 
    into
        grado_materia
        (id_gestion, id_grado, id_materia, id_grado_materia) 
    values
        (?, ?, ?, default)
Hibernate: 
    select
        m1_0.id_materia,
        m1_0.nombre,
        m1_0.id_unidad_educativa 
    from
        materia m1_0 
    left join
        unidad_educativa ue1_0 
            on ue1_0.id_unidad_educativa=m1_0.id_unidad_educativa 
    where
        ue1_0.id_unidad_educativa=?
Hibernate: 
    select
        gm1_0.id_grado_materia 
    from
        grado_materia gm1_0 
    where
        gm1_0.id_grado=? 
        and gm1_0.id_materia=? 
        and gm1_0.id_gestion=? 
    fetch
        first ? rows only
Hibernate: 
    insert 
    into
        grado_materia
        (id_gestion, id_grado, id_materia, id_grado_materia) 
    values
        (?, ?, ?, default)
Hibernate: 
    select
        g1_0.id_grado,
        g1_0.nivel,
        g1_0.nombre 
    from
        grado g1_0 
    where
        g1_0.nombre=? 
        and g1_0.nivel=?
Hibernate: 
    select
        m1_0.id_materia,
        m1_0.nombre,
        m1_0.id_unidad_educativa 
    from
        materia m1_0 
    left join
        unidad_educativa ue1_0 
            on ue1_0.id_unidad_educativa=m1_0.id_unidad_educativa 
    where
        ue1_0.id_unidad_educativa=?
Hibernate: 
    select
        gm1_0.id_grado_materia 
    from
        grado_materia gm1_0 
    where
        gm1_0.id_grado=? 
        and gm1_0.id_materia=? 
        and gm1_0.id_gestion=? 
    fetch
        first ? rows only
Hibernate: 
    insert 
    into
        grado_materia
        (id_gestion, id_grado, id_materia, id_grado_materia) 
    values
        (?, ?, ?, default)
Hibernate: 
    select
        m1_0.id_materia,
        m1_0.nombre,
        m1_0.id_unidad_educativa 
    from
        materia m1_0 
    left join
        unidad_educativa ue1_0 
            on ue1_0.id_unidad_educativa=m1_0.id_unidad_educativa 
    where
        ue1_0.id_unidad_educativa=?
Hibernate: 
    select
        gm1_0.id_grado_materia 
    from
        grado_materia gm1_0 
    where
        gm1_0.id_grado=? 
        and gm1_0.id_materia=? 
        and gm1_0.id_gestion=? 
    fetch
        first ? rows only
Hibernate: 
    insert 
    into
        grado_materia
        (id_gestion, id_grado, id_materia, id_grado_materia) 
    values
        (?, ?, ?, default)
Hibernate: 
    select
        m1_0.id_materia,
        m1_0.nombre,
        m1_0.id_unidad_educativa 
    from
        materia m1_0 
    left join
        unidad_educativa ue1_0 
            on ue1_0.id_unidad_educativa=m1_0.id_unidad_educativa 
    where
        ue1_0.id_unidad_educativa=?
Hibernate: 
    select
        gm1_0.id_grado_materia 
    from
        grado_materia gm1_0 
    where
        gm1_0.id_grado=? 
        and gm1_0.id_materia=? 
        and gm1_0.id_gestion=? 
    fetch
        first ? rows only
Hibernate: 
    insert 
    into
        grado_materia
        (id_gestion, id_grado, id_materia, id_grado_materia) 
    values
        (?, ?, ?, default)
Hibernate: 
    select
        m1_0.id_materia,
        m1_0.nombre,
        m1_0.id_unidad_educativa 
    from
        materia m1_0 
    left join
        unidad_educativa ue1_0 
            on ue1_0.id_unidad_educativa=m1_0.id_unidad_educativa 
    where
        ue1_0.id_unidad_educativa=?
Hibernate: 
    select
        gm1_0.id_grado_materia 
    from
        grado_materia gm1_0 
    where
        gm1_0.id_grado=? 
        and gm1_0.id_materia=? 
        and gm1_0.id_gestion=? 
    fetch
        first ? rows only
Hibernate: 
    insert 
    into
        grado_materia
        (id_gestion, id_grado, id_materia, id_grado_materia) 
    values
        (?, ?, ?, default)
Hibernate: 
    select
        m1_0.id_materia,
        m1_0.nombre,
        m1_0.id_unidad_educativa 
    from
        materia m1_0 
    left join
        unidad_educativa ue1_0 
            on ue1_0.id_unidad_educativa=m1_0.id_unidad_educativa 
    where
        ue1_0.id_unidad_educativa=?
Hibernate: 
    select
        gm1_0.id_grado_materia 
    from
        grado_materia gm1_0 
    where
        gm1_0.id_grado=? 
        and gm1_0.id_materia=? 
        and gm1_0.id_gestion=? 
    fetch
        first ? rows only
Hibernate: 
    insert 
    into
        grado_materia
        (id_gestion, id_grado, id_materia, id_grado_materia) 
    values
        (?, ?, ?, default)
Hibernate: 
    select
        m1_0.id_materia,
        m1_0.nombre,
        m1_0.id_unidad_educativa 
    from
        materia m1_0 
    left join
        unidad_educativa ue1_0 
            on ue1_0.id_unidad_educativa=m1_0.id_unidad_educativa 
    where
        ue1_0.id_unidad_educativa=?
Hibernate: 
    select
        gm1_0.id_grado_materia 
    from
        grado_materia gm1_0 
    where
        gm1_0.id_grado=? 
        and gm1_0.id_materia=? 
        and gm1_0.id_gestion=? 
    fetch
        first ? rows only
Hibernate: 
    insert 
    into
        grado_materia
        (id_gestion, id_grado, id_materia, id_grado_materia) 
    values
        (?, ?, ?, default)
Hibernate: 
    select
        m1_0.id_materia,
        m1_0.nombre,
        m1_0.id_unidad_educativa 
    from
        materia m1_0 
    left join
        unidad_educativa ue1_0 
            on ue1_0.id_unidad_educativa=m1_0.id_unidad_educativa 
    where
        ue1_0.id_unidad_educativa=?
Hibernate: 
    select
        gm1_0.id_grado_materia 
    from
        grado_materia gm1_0 
    where
        gm1_0.id_grado=? 
        and gm1_0.id_materia=? 
        and gm1_0.id_gestion=? 
    fetch
        first ? rows only
Hibernate: 
    insert 
    into
        grado_materia
        (id_gestion, id_grado, id_materia, id_grado_materia) 
    values
        (?, ?, ?, default)
Hibernate: 
    select
        m1_0.id_materia,
        m1_0.nombre,
        m1_0.id_unidad_educativa 
    from
        materia m1_0 
    left join
        unidad_educativa ue1_0 
            on ue1_0.id_unidad_educativa=m1_0.id_unidad_educativa 
    where
        ue1_0.id_unidad_educativa=?
Hibernate: 
    select
        gm1_0.id_grado_materia 
    from
        grado_materia gm1_0 
    where
        gm1_0.id_grado=? 
        and gm1_0.id_materia=? 
        and gm1_0.id_gestion=? 
    fetch
        first ? rows only
Hibernate: 
    insert 
    into
        grado_materia
        (id_gestion, id_grado, id_materia, id_grado_materia) 
    values
        (?, ?, ?, default)
Hibernate: 
    select
        m1_0.id_materia,
        m1_0.nombre,
        m1_0.id_unidad_educativa 
    from
        materia m1_0 
    left join
        unidad_educativa ue1_0 
            on ue1_0.id_unidad_educativa=m1_0.id_unidad_educativa 
    where
        ue1_0.id_unidad_educativa=?
Hibernate: 
    select
        gm1_0.id_grado_materia 
    from
        grado_materia gm1_0 
    where
        gm1_0.id_grado=? 
        and gm1_0.id_materia=? 
        and gm1_0.id_gestion=? 
    fetch
        first ? rows only
Hibernate: 
    insert 
    into
        grado_materia
        (id_gestion, id_grado, id_materia, id_grado_materia) 
    values
        (?, ?, ?, default)
Hibernate: 
    select
        m1_0.id_materia,
        m1_0.nombre,
        m1_0.id_unidad_educativa 
    from
        materia m1_0 
    left join
        unidad_educativa ue1_0 
            on ue1_0.id_unidad_educativa=m1_0.id_unidad_educativa 
    where
        ue1_0.id_unidad_educativa=?
Hibernate: 
    select
        gm1_0.id_grado_materia 
    from
        grado_materia gm1_0 
    where
        gm1_0.id_grado=? 
        and gm1_0.id_materia=? 
        and gm1_0.id_gestion=? 
    fetch
        first ? rows only
Hibernate: 
    insert 
    into
        grado_materia
        (id_gestion, id_grado, id_materia, id_grado_materia) 
    values
        (?, ?, ?, default)
Hibernate: 
    select
        m1_0.id_materia,
        m1_0.nombre,
        m1_0.id_unidad_educativa 
    from
        materia m1_0 
    left join
        unidad_educativa ue1_0 
            on ue1_0.id_unidad_educativa=m1_0.id_unidad_educativa 
    where
        ue1_0.id_unidad_educativa=?
Hibernate: 
    select
        gm1_0.id_grado_materia 
    from
        grado_materia gm1_0 
    where
        gm1_0.id_grado=? 
        and gm1_0.id_materia=? 
        and gm1_0.id_gestion=? 
    fetch
        first ? rows only
Hibernate: 
    insert 
    into
        grado_materia
        (id_gestion, id_grado, id_materia, id_grado_materia) 
    values
        (?, ?, ?, default)
Hibernate: 
    select
        m1_0.id_materia,
        m1_0.nombre,
        m1_0.id_unidad_educativa 
    from
        materia m1_0 
    left join
        unidad_educativa ue1_0 
            on ue1_0.id_unidad_educativa=m1_0.id_unidad_educativa 
    where
        ue1_0.id_unidad_educativa=?
Hibernate: 
    select
        gm1_0.id_grado_materia 
    from
        grado_materia gm1_0 
    where
        gm1_0.id_grado=? 
        and gm1_0.id_materia=? 
        and gm1_0.id_gestion=? 
    fetch
        first ? rows only
Hibernate: 
    insert 
    into
        grado_materia
        (id_gestion, id_grado, id_materia, id_grado_materia) 
    values
        (?, ?, ?, default)
Hibernate: 
    select
        m1_0.id_materia,
        m1_0.nombre,
        m1_0.id_unidad_educativa 
    from
        materia m1_0 
    left join
        unidad_educativa ue1_0 
            on ue1_0.id_unidad_educativa=m1_0.id_unidad_educativa 
    where
        ue1_0.id_unidad_educativa=?
Hibernate: 
    select
        gm1_0.id_grado_materia 
    from
        grado_materia gm1_0 
    where
        gm1_0.id_grado=? 
        and gm1_0.id_materia=? 
        and gm1_0.id_gestion=? 
    fetch
        first ? rows only
Hibernate: 
    insert 
    into
        grado_materia
        (id_gestion, id_grado, id_materia, id_grado_materia) 
    values
        (?, ?, ?, default)
2025-12-21T23:49:55.299-04:00  INFO 21711 --- [unidad-educativa] [           main] c.u.i.s.SchoolInitializationService      : Configuración completada para UE: Test School f7f3d12a
Hibernate: 
    select
        u1_0.id_usuario,
        u1_0.apellido_materno,
        u1_0.apellido_paterno,
        u1_0.ci,
        u1_0.contrasena,
        u1_0.correo,
        u1_0.created_at,
        u1_0.estado,
        u1_0.fecha_nacimiento,
        u1_0.foto_perfil,
        u1_0.nombres,
        u1_0.id_rol,
        u1_0.id_unidad_educativa,
        u1_0.updated_at 
    from
        usuario u1_0 
    where
        u1_0.correo=?
2025-12-21T23:49:55.474-04:00 DEBUG 21711 --- [unidad-educativa] [           main] o.s.s.a.dao.DaoAuthenticationProvider    : Authenticated user
Hibernate: 
    select
        u1_0.id_usuario,
        u1_0.apellido_materno,
        u1_0.apellido_paterno,
        u1_0.ci,
        u1_0.contrasena,
        u1_0.correo,
        u1_0.created_at,
        u1_0.estado,
        u1_0.fecha_nacimiento,
        u1_0.foto_perfil,
        u1_0.nombres,
        u1_0.id_rol,
        u1_0.id_unidad_educativa,
        u1_0.updated_at 
    from
        usuario u1_0 
    where
        u1_0.correo=?
Hibernate: 
    select
        u1_0.id_usuario,
        u1_0.apellido_materno,
        u1_0.apellido_paterno,
        u1_0.ci,
        u1_0.contrasena,
        u1_0.correo,
        u1_0.created_at,
        u1_0.estado,
        u1_0.fecha_nacimiento,
        u1_0.foto_perfil,
        u1_0.nombres,
        u1_0.id_rol,
        u1_0.id_unidad_educativa,
        u1_0.updated_at 
    from
        usuario u1_0 
    where
        u1_0.correo=?
2025-12-21T23:49:55.545-04:00 DEBUG 21711 --- [unidad-educativa] [           main] o.s.security.web.FilterChainProxy        : Securing POST /api/auth/login
2025-12-21T23:49:55.546-04:00 DEBUG 21711 --- [unidad-educativa] [           main] o.s.s.w.a.AnonymousAuthenticationFilter  : Set SecurityContextHolder to anonymous SecurityContext
2025-12-21T23:49:55.546-04:00 DEBUG 21711 --- [unidad-educativa] [           main] o.s.security.web.FilterChainProxy        : Secured POST /api/auth/login
Hibernate: 
    select
        u1_0.id_usuario,
        u1_0.apellido_materno,
        u1_0.apellido_paterno,
        u1_0.ci,
        u1_0.contrasena,
        u1_0.correo,
        u1_0.created_at,
        u1_0.estado,
        u1_0.fecha_nacimiento,
        u1_0.foto_perfil,
        u1_0.nombres,
        u1_0.id_rol,
        u1_0.id_unidad_educativa,
        u1_0.updated_at 
    from
        usuario u1_0 
    where
        u1_0.correo=?
2025-12-21T23:49:55.633-04:00 DEBUG 21711 --- [unidad-educativa] [           main] o.s.s.a.dao.DaoAuthenticationProvider    : Authenticated user
Hibernate: 
    select
        u1_0.id_usuario,
        u1_0.apellido_materno,
        u1_0.apellido_paterno,
        u1_0.ci,
        u1_0.contrasena,
        u1_0.correo,
        u1_0.created_at,
        u1_0.estado,
        u1_0.fecha_nacimiento,
        u1_0.foto_perfil,
        u1_0.nombres,
        u1_0.id_rol,
        u1_0.id_unidad_educativa,
        u1_0.updated_at 
    from
        usuario u1_0 
    where
        u1_0.correo=?
Hibernate: 
    select
        u1_0.id_usuario,
        u1_0.apellido_materno,
        u1_0.apellido_paterno,
        u1_0.ci,
        u1_0.contrasena,
        u1_0.correo,
        u1_0.created_at,
        u1_0.estado,
        u1_0.fecha_nacimiento,
        u1_0.foto_perfil,
        u1_0.nombres,
        u1_0.id_rol,
        u1_0.id_unidad_educativa,
        u1_0.updated_at 
    from
        usuario u1_0 
    where
        u1_0.correo=?
Hibernate: 
    select
        u1_0.id_usuario,
        u1_0.apellido_materno,
        u1_0.apellido_paterno,
        u1_0.ci,
        u1_0.contrasena,
        u1_0.correo,
        u1_0.created_at,
        u1_0.estado,
        u1_0.fecha_nacimiento,
        u1_0.foto_perfil,
        u1_0.nombres,
        u1_0.id_rol,
        u1_0.id_unidad_educativa,
        u1_0.updated_at 
    from
        usuario u1_0 
    where
        u1_0.correo=?
2025-12-21T23:49:55.706-04:00 DEBUG 21711 --- [unidad-educativa] [           main] o.s.security.web.FilterChainProxy        : Securing POST /api/auth/login
2025-12-21T23:49:55.706-04:00 DEBUG 21711 --- [unidad-educativa] [           main] o.s.s.w.a.AnonymousAuthenticationFilter  : Set SecurityContextHolder to anonymous SecurityContext
2025-12-21T23:49:55.706-04:00 DEBUG 21711 --- [unidad-educativa] [           main] o.s.security.web.FilterChainProxy        : Secured POST /api/auth/login
Hibernate: 
    select
        u1_0.id_usuario,
        u1_0.apellido_materno,
        u1_0.apellido_paterno,
        u1_0.ci,
        u1_0.contrasena,
        u1_0.correo,
        u1_0.created_at,
        u1_0.estado,
        u1_0.fecha_nacimiento,
        u1_0.foto_perfil,
        u1_0.nombres,
        u1_0.id_rol,
        u1_0.id_unidad_educativa,
        u1_0.updated_at 
    from
        usuario u1_0 
    where
        u1_0.correo=?
2025-12-21T23:49:55.792-04:00 DEBUG 21711 --- [unidad-educativa] [           main] o.s.s.a.dao.DaoAuthenticationProvider    : Failed to find user 'nonexistent@gmail.com'
2025-12-21T23:49:55.795-04:00 DEBUG 21711 --- [unidad-educativa] [           main] o.s.s.authentication.ProviderManager     : Authentication failed with provider DaoAuthenticationProvider since Bad credentials
2025-12-21T23:49:55.808-04:00 DEBUG 21711 --- [unidad-educativa] [           main] o.s.security.web.FilterChainProxy        : Securing POST /api/auth/register-school
2025-12-21T23:49:55.808-04:00 DEBUG 21711 --- [unidad-educativa] [           main] o.s.s.w.a.AnonymousAuthenticationFilter  : Set SecurityContextHolder to anonymous SecurityContext
2025-12-21T23:49:55.808-04:00 DEBUG 21711 --- [unidad-educativa] [           main] o.s.security.web.FilterChainProxy        : Secured POST /api/auth/register-school
Hibernate: 
    select
        ue1_0.id_unidad_educativa 
    from
        unidad_educativa ue1_0 
    where
        ue1_0.sie=? 
    fetch
        first ? rows only
Hibernate: 
    select
        u1_0.id_usuario 
    from
        usuario u1_0 
    where
        u1_0.correo=? 
    fetch
        first ? rows only
Hibernate: 
    insert 
    into
        unidad_educativa
        (direccion, estado, logo_url, nombre, sie, id_unidad_educativa) 
    values
        (?, ?, ?, ?, ?, default)
Hibernate: 
    select
        r1_0.id_rol,
        r1_0.nombre 
    from
        rol r1_0 
    where
        r1_0.nombre=?
Hibernate: 
    insert 
    into
        usuario
        (apellido_materno, apellido_paterno, ci, contrasena, correo, created_at, estado, fecha_nacimiento, foto_perfil, nombres, id_rol, id_unidad_educativa, updated_at, id_usuario) 
    values
        (?, ?, ?, ?, ?, ?, ?, ?, ?, ?, ?, ?, ?, default)
Hibernate: 
    insert 
    into
        director
        (telefono, id_usuario, id_director) 
    values
        (?, ?, default)
2025-12-21T23:49:55.898-04:00  INFO 21711 --- [unidad-educativa] [           main] c.u.i.s.SchoolInitializationService      : Iniciando configuración automática para Unidad Educativa: Test School e1628c5a
Hibernate: 
    select
        ga1_0.id_gestion,
        ga1_0.anio,
        ga1_0.estado,
        ga1_0.id_unidad_educativa 
    from
        gestion_academica ga1_0 
    left join
        unidad_educativa ue1_0 
            on ue1_0.id_unidad_educativa=ga1_0.id_unidad_educativa 
    where
        ga1_0.anio=? 
        and ue1_0.id_unidad_educativa=?
Hibernate: 
    insert 
    into
        gestion_academica
        (anio, estado, id_unidad_educativa, id_gestion) 
    values
        (?, ?, ?, default)
Hibernate: 
    select
        g1_0.id_grado,
        g1_0.nivel,
        g1_0.nombre 
    from
        grado g1_0 
    where
        g1_0.nombre=? 
        and g1_0.nivel=?
Hibernate: 
    select
        m1_0.id_materia,
        m1_0.nombre,
        m1_0.id_unidad_educativa 
    from
        materia m1_0 
    left join
        unidad_educativa ue1_0 
            on ue1_0.id_unidad_educativa=m1_0.id_unidad_educativa 
    where
        ue1_0.id_unidad_educativa=?
Hibernate: 
    insert 
    into
        materia
        (nombre, id_unidad_educativa, id_materia) 
    values
        (?, ?, default)
Hibernate: 
    select
        gm1_0.id_grado_materia 
    from
        grado_materia gm1_0 
    where
        gm1_0.id_grado=? 
        and gm1_0.id_materia=? 
        and gm1_0.id_gestion=? 
    fetch
        first ? rows only
Hibernate: 
    insert 
    into
        grado_materia
        (id_gestion, id_grado, id_materia, id_grado_materia) 
    values
        (?, ?, ?, default)
Hibernate: 
    select
        m1_0.id_materia,
        m1_0.nombre,
        m1_0.id_unidad_educativa 
    from
        materia m1_0 
    left join
        unidad_educativa ue1_0 
            on ue1_0.id_unidad_educativa=m1_0.id_unidad_educativa 
    where
        ue1_0.id_unidad_educativa=?
Hibernate: 
    insert 
    into
        materia
        (nombre, id_unidad_educativa, id_materia) 
    values
        (?, ?, default)
Hibernate: 
    select
        gm1_0.id_grado_materia 
    from
        grado_materia gm1_0 
    where
        gm1_0.id_grado=? 
        and gm1_0.id_materia=? 
        and gm1_0.id_gestion=? 
    fetch
        first ? rows only
Hibernate: 
    insert 
    into
        grado_materia
        (id_gestion, id_grado, id_materia, id_grado_materia) 
    values
        (?, ?, ?, default)
Hibernate: 
    select
        m1_0.id_materia,
        m1_0.nombre,
        m1_0.id_unidad_educativa 
    from
        materia m1_0 
    left join
        unidad_educativa ue1_0 
            on ue1_0.id_unidad_educativa=m1_0.id_unidad_educativa 
    where
        ue1_0.id_unidad_educativa=?
Hibernate: 
    insert 
    into
        materia
        (nombre, id_unidad_educativa, id_materia) 
    values
        (?, ?, default)
Hibernate: 
    select
        gm1_0.id_grado_materia 
    from
        grado_materia gm1_0 
    where
        gm1_0.id_grado=? 
        and gm1_0.id_materia=? 
        and gm1_0.id_gestion=? 
    fetch
        first ? rows only
Hibernate: 
    insert 
    into
        grado_materia
        (id_gestion, id_grado, id_materia, id_grado_materia) 
    values
        (?, ?, ?, default)
Hibernate: 
    select
        m1_0.id_materia,
        m1_0.nombre,
        m1_0.id_unidad_educativa 
    from
        materia m1_0 
    left join
        unidad_educativa ue1_0 
            on ue1_0.id_unidad_educativa=m1_0.id_unidad_educativa 
    where
        ue1_0.id_unidad_educativa=?
Hibernate: 
    insert 
    into
        materia
        (nombre, id_unidad_educativa, id_materia) 
    values
        (?, ?, default)
Hibernate: 
    select
        gm1_0.id_grado_materia 
    from
        grado_materia gm1_0 
    where
        gm1_0.id_grado=? 
        and gm1_0.id_materia=? 
        and gm1_0.id_gestion=? 
    fetch
        first ? rows only
Hibernate: 
    insert 
    into
        grado_materia
        (id_gestion, id_grado, id_materia, id_grado_materia) 
    values
        (?, ?, ?, default)
Hibernate: 
    select
        m1_0.id_materia,
        m1_0.nombre,
        m1_0.id_unidad_educativa 
    from
        materia m1_0 
    left join
        unidad_educativa ue1_0 
            on ue1_0.id_unidad_educativa=m1_0.id_unidad_educativa 
    where
        ue1_0.id_unidad_educativa=?
Hibernate: 
    insert 
    into
        materia
        (nombre, id_unidad_educativa, id_materia) 
    values
        (?, ?, default)
Hibernate: 
    select
        gm1_0.id_grado_materia 
    from
        grado_materia gm1_0 
    where
        gm1_0.id_grado=? 
        and gm1_0.id_materia=? 
        and gm1_0.id_gestion=? 
    fetch
        first ? rows only
Hibernate: 
    insert 
    into
        grado_materia
        (id_gestion, id_grado, id_materia, id_grado_materia) 
    values
        (?, ?, ?, default)
Hibernate: 
    select
        m1_0.id_materia,
        m1_0.nombre,
        m1_0.id_unidad_educativa 
    from
        materia m1_0 
    left join
        unidad_educativa ue1_0 
            on ue1_0.id_unidad_educativa=m1_0.id_unidad_educativa 
    where
        ue1_0.id_unidad_educativa=?
Hibernate: 
    insert 
    into
        materia
        (nombre, id_unidad_educativa, id_materia) 
    values
        (?, ?, default)
Hibernate: 
    select
        gm1_0.id_grado_materia 
    from
        grado_materia gm1_0 
    where
        gm1_0.id_grado=? 
        and gm1_0.id_materia=? 
        and gm1_0.id_gestion=? 
    fetch
        first ? rows only
Hibernate: 
    insert 
    into
        grado_materia
        (id_gestion, id_grado, id_materia, id_grado_materia) 
    values
        (?, ?, ?, default)
Hibernate: 
    select
        m1_0.id_materia,
        m1_0.nombre,
        m1_0.id_unidad_educativa 
    from
        materia m1_0 
    left join
        unidad_educativa ue1_0 
            on ue1_0.id_unidad_educativa=m1_0.id_unidad_educativa 
    where
        ue1_0.id_unidad_educativa=?
Hibernate: 
    insert 
    into
        materia
        (nombre, id_unidad_educativa, id_materia) 
    values
        (?, ?, default)
Hibernate: 
    select
        gm1_0.id_grado_materia 
    from
        grado_materia gm1_0 
    where
        gm1_0.id_grado=? 
        and gm1_0.id_materia=? 
        and gm1_0.id_gestion=? 
    fetch
        first ? rows only
Hibernate: 
    insert 
    into
        grado_materia
        (id_gestion, id_grado, id_materia, id_grado_materia) 
    values
        (?, ?, ?, default)
Hibernate: 
    select
        m1_0.id_materia,
        m1_0.nombre,
        m1_0.id_unidad_educativa 
    from
        materia m1_0 
    left join
        unidad_educativa ue1_0 
            on ue1_0.id_unidad_educativa=m1_0.id_unidad_educativa 
    where
        ue1_0.id_unidad_educativa=?
Hibernate: 
    insert 
    into
        materia
        (nombre, id_unidad_educativa, id_materia) 
    values
        (?, ?, default)
Hibernate: 
    select
        gm1_0.id_grado_materia 
    from
        grado_materia gm1_0 
    where
        gm1_0.id_grado=? 
        and gm1_0.id_materia=? 
        and gm1_0.id_gestion=? 
    fetch
        first ? rows only
Hibernate: 
    insert 
    into
        grado_materia
        (id_gestion, id_grado, id_materia, id_grado_materia) 
    values
        (?, ?, ?, default)
Hibernate: 
    select
        m1_0.id_materia,
        m1_0.nombre,
        m1_0.id_unidad_educativa 
    from
        materia m1_0 
    left join
        unidad_educativa ue1_0 
            on ue1_0.id_unidad_educativa=m1_0.id_unidad_educativa 
    where
        ue1_0.id_unidad_educativa=?
Hibernate: 
    insert 
    into
        materia
        (nombre, id_unidad_educativa, id_materia) 
    values
        (?, ?, default)
Hibernate: 
    select
        gm1_0.id_grado_materia 
    from
        grado_materia gm1_0 
    where
        gm1_0.id_grado=? 
        and gm1_0.id_materia=? 
        and gm1_0.id_gestion=? 
    fetch
        first ? rows only
Hibernate: 
    insert 
    into
        grado_materia
        (id_gestion, id_grado, id_materia, id_grado_materia) 
    values
        (?, ?, ?, default)
Hibernate: 
    select
        g1_0.id_grado,
        g1_0.nivel,
        g1_0.nombre 
    from
        grado g1_0 
    where
        g1_0.nombre=? 
        and g1_0.nivel=?
Hibernate: 
    select
        m1_0.id_materia,
        m1_0.nombre,
        m1_0.id_unidad_educativa 
    from
        materia m1_0 
    left join
        unidad_educativa ue1_0 
            on ue1_0.id_unidad_educativa=m1_0.id_unidad_educativa 
    where
        ue1_0.id_unidad_educativa=?
Hibernate: 
    insert 
    into
        materia
        (nombre, id_unidad_educativa, id_materia) 
    values
        (?, ?, default)
Hibernate: 
    select
        gm1_0.id_grado_materia 
    from
        grado_materia gm1_0 
    where
        gm1_0.id_grado=? 
        and gm1_0.id_materia=? 
        and gm1_0.id_gestion=? 
    fetch
        first ? rows only
Hibernate: 
    insert 
    into
        grado_materia
        (id_gestion, id_grado, id_materia, id_grado_materia) 
    values
        (?, ?, ?, default)
Hibernate: 
    select
        m1_0.id_materia,
        m1_0.nombre,
        m1_0.id_unidad_educativa 
    from
        materia m1_0 
    left join
        unidad_educativa ue1_0 
            on ue1_0.id_unidad_educativa=m1_0.id_unidad_educativa 
    where
        ue1_0.id_unidad_educativa=?
Hibernate: 
    insert 
    into
        materia
        (nombre, id_unidad_educativa, id_materia) 
    values
        (?, ?, default)
Hibernate: 
    select
        gm1_0.id_grado_materia 
    from
        grado_materia gm1_0 
    where
        gm1_0.id_grado=? 
        and gm1_0.id_materia=? 
        and gm1_0.id_gestion=? 
    fetch
        first ? rows only
Hibernate: 
    insert 
    into
        grado_materia
        (id_gestion, id_grado, id_materia, id_grado_materia) 
    values
        (?, ?, ?, default)
Hibernate: 
    select
        m1_0.id_materia,
        m1_0.nombre,
        m1_0.id_unidad_educativa 
    from
        materia m1_0 
    left join
        unidad_educativa ue1_0 
            on ue1_0.id_unidad_educativa=m1_0.id_unidad_educativa 
    where
        ue1_0.id_unidad_educativa=?
Hibernate: 
    insert 
    into
        materia
        (nombre, id_unidad_educativa, id_materia) 
    values
        (?, ?, default)
Hibernate: 
    select
        gm1_0.id_grado_materia 
    from
        grado_materia gm1_0 
    where
        gm1_0.id_grado=? 
        and gm1_0.id_materia=? 
        and gm1_0.id_gestion=? 
    fetch
        first ? rows only
Hibernate: 
    insert 
    into
        grado_materia
        (id_gestion, id_grado, id_materia, id_grado_materia) 
    values
        (?, ?, ?, default)
Hibernate: 
    select
        m1_0.id_materia,
        m1_0.nombre,
        m1_0.id_unidad_educativa 
    from
        materia m1_0 
    left join
        unidad_educativa ue1_0 
            on ue1_0.id_unidad_educativa=m1_0.id_unidad_educativa 
    where
        ue1_0.id_unidad_educativa=?
Hibernate: 
    select
        gm1_0.id_grado_materia 
    from
        grado_materia gm1_0 
    where
        gm1_0.id_grado=? 
        and gm1_0.id_materia=? 
        and gm1_0.id_gestion=? 
    fetch
        first ? rows only
Hibernate: 
    insert 
    into
        grado_materia
        (id_gestion, id_grado, id_materia, id_grado_materia) 
    values
        (?, ?, ?, default)
Hibernate: 
    select
        m1_0.id_materia,
        m1_0.nombre,
        m1_0.id_unidad_educativa 
    from
        materia m1_0 
    left join
        unidad_educativa ue1_0 
            on ue1_0.id_unidad_educativa=m1_0.id_unidad_educativa 
    where
        ue1_0.id_unidad_educativa=?
Hibernate: 
    select
        gm1_0.id_grado_materia 
    from
        grado_materia gm1_0 
    where
        gm1_0.id_grado=? 
        and gm1_0.id_materia=? 
        and gm1_0.id_gestion=? 
    fetch
        first ? rows only
Hibernate: 
    insert 
    into
        grado_materia
        (id_gestion, id_grado, id_materia, id_grado_materia) 
    values
        (?, ?, ?, default)
Hibernate: 
    select
        m1_0.id_materia,
        m1_0.nombre,
        m1_0.id_unidad_educativa 
    from
        materia m1_0 
    left join
        unidad_educativa ue1_0 
            on ue1_0.id_unidad_educativa=m1_0.id_unidad_educativa 
    where
        ue1_0.id_unidad_educativa=?
Hibernate: 
    select
        gm1_0.id_grado_materia 
    from
        grado_materia gm1_0 
    where
        gm1_0.id_grado=? 
        and gm1_0.id_materia=? 
        and gm1_0.id_gestion=? 
    fetch
        first ? rows only
Hibernate: 
    insert 
    into
        grado_materia
        (id_gestion, id_grado, id_materia, id_grado_materia) 
    values
        (?, ?, ?, default)
Hibernate: 
    select
        m1_0.id_materia,
        m1_0.nombre,
        m1_0.id_unidad_educativa 
    from
        materia m1_0 
    left join
        unidad_educativa ue1_0 
            on ue1_0.id_unidad_educativa=m1_0.id_unidad_educativa 
    where
        ue1_0.id_unidad_educativa=?
Hibernate: 
    select
        gm1_0.id_grado_materia 
    from
        grado_materia gm1_0 
    where
        gm1_0.id_grado=? 
        and gm1_0.id_materia=? 
        and gm1_0.id_gestion=? 
    fetch
        first ? rows only
Hibernate: 
    insert 
    into
        grado_materia
        (id_gestion, id_grado, id_materia, id_grado_materia) 
    values
        (?, ?, ?, default)
Hibernate: 
    select
        m1_0.id_materia,
        m1_0.nombre,
        m1_0.id_unidad_educativa 
    from
        materia m1_0 
    left join
        unidad_educativa ue1_0 
            on ue1_0.id_unidad_educativa=m1_0.id_unidad_educativa 
    where
        ue1_0.id_unidad_educativa=?
Hibernate: 
    insert 
    into
        materia
        (nombre, id_unidad_educativa, id_materia) 
    values
        (?, ?, default)
Hibernate: 
    select
        gm1_0.id_grado_materia 
    from
        grado_materia gm1_0 
    where
        gm1_0.id_grado=? 
        and gm1_0.id_materia=? 
        and gm1_0.id_gestion=? 
    fetch
        first ? rows only
Hibernate: 
    insert 
    into
        grado_materia
        (id_gestion, id_grado, id_materia, id_grado_materia) 
    values
        (?, ?, ?, default)
Hibernate: 
    select
        m1_0.id_materia,
        m1_0.nombre,
        m1_0.id_unidad_educativa 
    from
        materia m1_0 
    left join
        unidad_educativa ue1_0 
            on ue1_0.id_unidad_educativa=m1_0.id_unidad_educativa 
    where
        ue1_0.id_unidad_educativa=?
Hibernate: 
    insert 
    into
        materia
        (nombre, id_unidad_educativa, id_materia) 
    values
        (?, ?, default)
Hibernate: 
    select
        gm1_0.id_grado_materia 
    from
        grado_materia gm1_0 
    where
        gm1_0.id_grado=? 
        and gm1_0.id_materia=? 
        and gm1_0.id_gestion=? 
    fetch
        first ? rows only
Hibernate: 
    insert 
    into
        grado_materia
        (id_gestion, id_grado, id_materia, id_grado_materia) 
    values
        (?, ?, ?, default)
Hibernate: 
    select
        m1_0.id_materia,
        m1_0.nombre,
        m1_0.id_unidad_educativa 
    from
        materia m1_0 
    left join
        unidad_educativa ue1_0 
            on ue1_0.id_unidad_educativa=m1_0.id_unidad_educativa 
    where
        ue1_0.id_unidad_educativa=?
Hibernate: 
    select
        gm1_0.id_grado_materia 
    from
        grado_materia gm1_0 
    where
        gm1_0.id_grado=? 
        and gm1_0.id_materia=? 
        and gm1_0.id_gestion=? 
    fetch
        first ? rows only
Hibernate: 
    insert 
    into
        grado_materia
        (id_gestion, id_grado, id_materia, id_grado_materia) 
    values
        (?, ?, ?, default)
Hibernate: 
    select
        m1_0.id_materia,
        m1_0.nombre,
        m1_0.id_unidad_educativa 
    from
        materia m1_0 
    left join
        unidad_educativa ue1_0 
            on ue1_0.id_unidad_educativa=m1_0.id_unidad_educativa 
    where
        ue1_0.id_unidad_educativa=?
Hibernate: 
    insert 
    into
        materia
        (nombre, id_unidad_educativa, id_materia) 
    values
        (?, ?, default)
Hibernate: 
    select
        gm1_0.id_grado_materia 
    from
        grado_materia gm1_0 
    where
        gm1_0.id_grado=? 
        and gm1_0.id_materia=? 
        and gm1_0.id_gestion=? 
    fetch
        first ? rows only
Hibernate: 
    insert 
    into
        grado_materia
        (id_gestion, id_grado, id_materia, id_grado_materia) 
    values
        (?, ?, ?, default)
Hibernate: 
    select
        g1_0.id_grado,
        g1_0.nivel,
        g1_0.nombre 
    from
        grado g1_0 
    where
        g1_0.nombre=? 
        and g1_0.nivel=?
Hibernate: 
    select
        m1_0.id_materia,
        m1_0.nombre,
        m1_0.id_unidad_educativa 
    from
        materia m1_0 
    left join
        unidad_educativa ue1_0 
            on ue1_0.id_unidad_educativa=m1_0.id_unidad_educativa 
    where
        ue1_0.id_unidad_educativa=?
Hibernate: 
    select
        gm1_0.id_grado_materia 
    from
        grado_materia gm1_0 
    where
        gm1_0.id_grado=? 
        and gm1_0.id_materia=? 
        and gm1_0.id_gestion=? 
    fetch
        first ? rows only
Hibernate: 
    insert 
    into
        grado_materia
        (id_gestion, id_grado, id_materia, id_grado_materia) 
    values
        (?, ?, ?, default)
Hibernate: 
    select
        m1_0.id_materia,
        m1_0.nombre,
        m1_0.id_unidad_educativa 
    from
        materia m1_0 
    left join
        unidad_educativa ue1_0 
            on ue1_0.id_unidad_educativa=m1_0.id_unidad_educativa 
    where
        ue1_0.id_unidad_educativa=?
Hibernate: 
    select
        gm1_0.id_grado_materia 
    from
        grado_materia gm1_0 
    where
        gm1_0.id_grado=? 
        and gm1_0.id_materia=? 
        and gm1_0.id_gestion=? 
    fetch
        first ? rows only
Hibernate: 
    insert 
    into
        grado_materia
        (id_gestion, id_grado, id_materia, id_grado_materia) 
    values
        (?, ?, ?, default)
Hibernate: 
    select
        m1_0.id_materia,
        m1_0.nombre,
        m1_0.id_unidad_educativa 
    from
        materia m1_0 
    left join
        unidad_educativa ue1_0 
            on ue1_0.id_unidad_educativa=m1_0.id_unidad_educativa 
    where
        ue1_0.id_unidad_educativa=?
Hibernate: 
    select
        gm1_0.id_grado_materia 
    from
        grado_materia gm1_0 
    where
        gm1_0.id_grado=? 
        and gm1_0.id_materia=? 
        and gm1_0.id_gestion=? 
    fetch
        first ? rows only
Hibernate: 
    insert 
    into
        grado_materia
        (id_gestion, id_grado, id_materia, id_grado_materia) 
    values
        (?, ?, ?, default)
Hibernate: 
    select
        m1_0.id_materia,
        m1_0.nombre,
        m1_0.id_unidad_educativa 
    from
        materia m1_0 
    left join
        unidad_educativa ue1_0 
            on ue1_0.id_unidad_educativa=m1_0.id_unidad_educativa 
    where
        ue1_0.id_unidad_educativa=?
Hibernate: 
    select
        gm1_0.id_grado_materia 
    from
        grado_materia gm1_0 
    where
        gm1_0.id_grado=? 
        and gm1_0.id_materia=? 
        and gm1_0.id_gestion=? 
    fetch
        first ? rows only
Hibernate: 
    insert 
    into
        grado_materia
        (id_gestion, id_grado, id_materia, id_grado_materia) 
    values
        (?, ?, ?, default)
Hibernate: 
    select
        m1_0.id_materia,
        m1_0.nombre,
        m1_0.id_unidad_educativa 
    from
        materia m1_0 
    left join
        unidad_educativa ue1_0 
            on ue1_0.id_unidad_educativa=m1_0.id_unidad_educativa 
    where
        ue1_0.id_unidad_educativa=?
Hibernate: 
    select
        gm1_0.id_grado_materia 
    from
        grado_materia gm1_0 
    where
        gm1_0.id_grado=? 
        and gm1_0.id_materia=? 
        and gm1_0.id_gestion=? 
    fetch
        first ? rows only
Hibernate: 
    insert 
    into
        grado_materia
        (id_gestion, id_grado, id_materia, id_grado_materia) 
    values
        (?, ?, ?, default)
Hibernate: 
    select
        m1_0.id_materia,
        m1_0.nombre,
        m1_0.id_unidad_educativa 
    from
        materia m1_0 
    left join
        unidad_educativa ue1_0 
            on ue1_0.id_unidad_educativa=m1_0.id_unidad_educativa 
    where
        ue1_0.id_unidad_educativa=?
Hibernate: 
    select
        gm1_0.id_grado_materia 
    from
        grado_materia gm1_0 
    where
        gm1_0.id_grado=? 
        and gm1_0.id_materia=? 
        and gm1_0.id_gestion=? 
    fetch
        first ? rows only
Hibernate: 
    insert 
    into
        grado_materia
        (id_gestion, id_grado, id_materia, id_grado_materia) 
    values
        (?, ?, ?, default)
Hibernate: 
    select
        m1_0.id_materia,
        m1_0.nombre,
        m1_0.id_unidad_educativa 
    from
        materia m1_0 
    left join
        unidad_educativa ue1_0 
            on ue1_0.id_unidad_educativa=m1_0.id_unidad_educativa 
    where
        ue1_0.id_unidad_educativa=?
Hibernate: 
    select
        gm1_0.id_grado_materia 
    from
        grado_materia gm1_0 
    where
        gm1_0.id_grado=? 
        and gm1_0.id_materia=? 
        and gm1_0.id_gestion=? 
    fetch
        first ? rows only
Hibernate: 
    insert 
    into
        grado_materia
        (id_gestion, id_grado, id_materia, id_grado_materia) 
    values
        (?, ?, ?, default)
Hibernate: 
    select
        m1_0.id_materia,
        m1_0.nombre,
        m1_0.id_unidad_educativa 
    from
        materia m1_0 
    left join
        unidad_educativa ue1_0 
            on ue1_0.id_unidad_educativa=m1_0.id_unidad_educativa 
    where
        ue1_0.id_unidad_educativa=?
Hibernate: 
    select
        gm1_0.id_grado_materia 
    from
        grado_materia gm1_0 
    where
        gm1_0.id_grado=? 
        and gm1_0.id_materia=? 
        and gm1_0.id_gestion=? 
    fetch
        first ? rows only
Hibernate: 
    insert 
    into
        grado_materia
        (id_gestion, id_grado, id_materia, id_grado_materia) 
    values
        (?, ?, ?, default)
Hibernate: 
    select
        m1_0.id_materia,
        m1_0.nombre,
        m1_0.id_unidad_educativa 
    from
        materia m1_0 
    left join
        unidad_educativa ue1_0 
            on ue1_0.id_unidad_educativa=m1_0.id_unidad_educativa 
    where
        ue1_0.id_unidad_educativa=?
Hibernate: 
    select
        gm1_0.id_grado_materia 
    from
        grado_materia gm1_0 
    where
        gm1_0.id_grado=? 
        and gm1_0.id_materia=? 
        and gm1_0.id_gestion=? 
    fetch
        first ? rows only
Hibernate: 
    insert 
    into
        grado_materia
        (id_gestion, id_grado, id_materia, id_grado_materia) 
    values
        (?, ?, ?, default)
Hibernate: 
    select
        g1_0.id_grado,
        g1_0.nivel,
        g1_0.nombre 
    from
        grado g1_0 
    where
        g1_0.nombre=? 
        and g1_0.nivel=?
Hibernate: 
    select
        m1_0.id_materia,
        m1_0.nombre,
        m1_0.id_unidad_educativa 
    from
        materia m1_0 
    left join
        unidad_educativa ue1_0 
            on ue1_0.id_unidad_educativa=m1_0.id_unidad_educativa 
    where
        ue1_0.id_unidad_educativa=?
Hibernate: 
    select
        gm1_0.id_grado_materia 
    from
        grado_materia gm1_0 
    where
        gm1_0.id_grado=? 
        and gm1_0.id_materia=? 
        and gm1_0.id_gestion=? 
    fetch
        first ? rows only
Hibernate: 
    insert 
    into
        grado_materia
        (id_gestion, id_grado, id_materia, id_grado_materia) 
    values
        (?, ?, ?, default)
Hibernate: 
    select
        m1_0.id_materia,
        m1_0.nombre,
        m1_0.id_unidad_educativa 
    from
        materia m1_0 
    left join
        unidad_educativa ue1_0 
            on ue1_0.id_unidad_educativa=m1_0.id_unidad_educativa 
    where
        ue1_0.id_unidad_educativa=?
Hibernate: 
    select
        gm1_0.id_grado_materia 
    from
        grado_materia gm1_0 
    where
        gm1_0.id_grado=? 
        and gm1_0.id_materia=? 
        and gm1_0.id_gestion=? 
    fetch
        first ? rows only
Hibernate: 
    insert 
    into
        grado_materia
        (id_gestion, id_grado, id_materia, id_grado_materia) 
    values
        (?, ?, ?, default)
Hibernate: 
    select
        m1_0.id_materia,
        m1_0.nombre,
        m1_0.id_unidad_educativa 
    from
        materia m1_0 
    left join
        unidad_educativa ue1_0 
            on ue1_0.id_unidad_educativa=m1_0.id_unidad_educativa 
    where
        ue1_0.id_unidad_educativa=?
Hibernate: 
    select
        gm1_0.id_grado_materia 
    from
        grado_materia gm1_0 
    where
        gm1_0.id_grado=? 
        and gm1_0.id_materia=? 
        and gm1_0.id_gestion=? 
    fetch
        first ? rows only
Hibernate: 
    insert 
    into
        grado_materia
        (id_gestion, id_grado, id_materia, id_grado_materia) 
    values
        (?, ?, ?, default)
Hibernate: 
    select
        m1_0.id_materia,
        m1_0.nombre,
        m1_0.id_unidad_educativa 
    from
        materia m1_0 
    left join
        unidad_educativa ue1_0 
            on ue1_0.id_unidad_educativa=m1_0.id_unidad_educativa 
    where
        ue1_0.id_unidad_educativa=?
Hibernate: 
    select
        gm1_0.id_grado_materia 
    from
        grado_materia gm1_0 
    where
        gm1_0.id_grado=? 
        and gm1_0.id_materia=? 
        and gm1_0.id_gestion=? 
    fetch
        first ? rows only
Hibernate: 
    insert 
    into
        grado_materia
        (id_gestion, id_grado, id_materia, id_grado_materia) 
    values
        (?, ?, ?, default)
Hibernate: 
    select
        m1_0.id_materia,
        m1_0.nombre,
        m1_0.id_unidad_educativa 
    from
        materia m1_0 
    left join
        unidad_educativa ue1_0 
            on ue1_0.id_unidad_educativa=m1_0.id_unidad_educativa 
    where
        ue1_0.id_unidad_educativa=?
Hibernate: 
    select
        gm1_0.id_grado_materia 
    from
        grado_materia gm1_0 
    where
        gm1_0.id_grado=? 
        and gm1_0.id_materia=? 
        and gm1_0.id_gestion=? 
    fetch
        first ? rows only
Hibernate: 
    insert 
    into
        grado_materia
        (id_gestion, id_grado, id_materia, id_grado_materia) 
    values
        (?, ?, ?, default)
Hibernate: 
    select
        m1_0.id_materia,
        m1_0.nombre,
        m1_0.id_unidad_educativa 
    from
        materia m1_0 
    left join
        unidad_educativa ue1_0 
            on ue1_0.id_unidad_educativa=m1_0.id_unidad_educativa 
    where
        ue1_0.id_unidad_educativa=?
Hibernate: 
    select
        gm1_0.id_grado_materia 
    from
        grado_materia gm1_0 
    where
        gm1_0.id_grado=? 
        and gm1_0.id_materia=? 
        and gm1_0.id_gestion=? 
    fetch
        first ? rows only
Hibernate: 
    insert 
    into
        grado_materia
        (id_gestion, id_grado, id_materia, id_grado_materia) 
    values
        (?, ?, ?, default)
Hibernate: 
    select
        m1_0.id_materia,
        m1_0.nombre,
        m1_0.id_unidad_educativa 
    from
        materia m1_0 
    left join
        unidad_educativa ue1_0 
            on ue1_0.id_unidad_educativa=m1_0.id_unidad_educativa 
    where
        ue1_0.id_unidad_educativa=?
Hibernate: 
    select
        gm1_0.id_grado_materia 
    from
        grado_materia gm1_0 
    where
        gm1_0.id_grado=? 
        and gm1_0.id_materia=? 
        and gm1_0.id_gestion=? 
    fetch
        first ? rows only
Hibernate: 
    insert 
    into
        grado_materia
        (id_gestion, id_grado, id_materia, id_grado_materia) 
    values
        (?, ?, ?, default)
Hibernate: 
    select
        m1_0.id_materia,
        m1_0.nombre,
        m1_0.id_unidad_educativa 
    from
        materia m1_0 
    left join
        unidad_educativa ue1_0 
            on ue1_0.id_unidad_educativa=m1_0.id_unidad_educativa 
    where
        ue1_0.id_unidad_educativa=?
Hibernate: 
    select
        gm1_0.id_grado_materia 
    from
        grado_materia gm1_0 
    where
        gm1_0.id_grado=? 
        and gm1_0.id_materia=? 
        and gm1_0.id_gestion=? 
    fetch
        first ? rows only
Hibernate: 
    insert 
    into
        grado_materia
        (id_gestion, id_grado, id_materia, id_grado_materia) 
    values
        (?, ?, ?, default)
Hibernate: 
    select
        m1_0.id_materia,
        m1_0.nombre,
        m1_0.id_unidad_educativa 
    from
        materia m1_0 
    left join
        unidad_educativa ue1_0 
            on ue1_0.id_unidad_educativa=m1_0.id_unidad_educativa 
    where
        ue1_0.id_unidad_educativa=?
Hibernate: 
    select
        gm1_0.id_grado_materia 
    from
        grado_materia gm1_0 
    where
        gm1_0.id_grado=? 
        and gm1_0.id_materia=? 
        and gm1_0.id_gestion=? 
    fetch
        first ? rows only
Hibernate: 
    insert 
    into
        grado_materia
        (id_gestion, id_grado, id_materia, id_grado_materia) 
    values
        (?, ?, ?, default)
Hibernate: 
    select
        m1_0.id_materia,
        m1_0.nombre,
        m1_0.id_unidad_educativa 
    from
        materia m1_0 
    left join
        unidad_educativa ue1_0 
            on ue1_0.id_unidad_educativa=m1_0.id_unidad_educativa 
    where
        ue1_0.id_unidad_educativa=?
Hibernate: 
    select
        gm1_0.id_grado_materia 
    from
        grado_materia gm1_0 
    where
        gm1_0.id_grado=? 
        and gm1_0.id_materia=? 
        and gm1_0.id_gestion=? 
    fetch
        first ? rows only
Hibernate: 
    insert 
    into
        grado_materia
        (id_gestion, id_grado, id_materia, id_grado_materia) 
    values
        (?, ?, ?, default)
Hibernate: 
    select
        m1_0.id_materia,
        m1_0.nombre,
        m1_0.id_unidad_educativa 
    from
        materia m1_0 
    left join
        unidad_educativa ue1_0 
            on ue1_0.id_unidad_educativa=m1_0.id_unidad_educativa 
    where
        ue1_0.id_unidad_educativa=?
Hibernate: 
    select
        gm1_0.id_grado_materia 
    from
        grado_materia gm1_0 
    where
        gm1_0.id_grado=? 
        and gm1_0.id_materia=? 
        and gm1_0.id_gestion=? 
    fetch
        first ? rows only
Hibernate: 
    insert 
    into
        grado_materia
        (id_gestion, id_grado, id_materia, id_grado_materia) 
    values
        (?, ?, ?, default)
Hibernate: 
    select
        g1_0.id_grado,
        g1_0.nivel,
        g1_0.nombre 
    from
        grado g1_0 
    where
        g1_0.nombre=? 
        and g1_0.nivel=?
Hibernate: 
    select
        m1_0.id_materia,
        m1_0.nombre,
        m1_0.id_unidad_educativa 
    from
        materia m1_0 
    left join
        unidad_educativa ue1_0 
            on ue1_0.id_unidad_educativa=m1_0.id_unidad_educativa 
    where
        ue1_0.id_unidad_educativa=?
Hibernate: 
    select
        gm1_0.id_grado_materia 
    from
        grado_materia gm1_0 
    where
        gm1_0.id_grado=? 
        and gm1_0.id_materia=? 
        and gm1_0.id_gestion=? 
    fetch
        first ? rows only
Hibernate: 
    insert 
    into
        grado_materia
        (id_gestion, id_grado, id_materia, id_grado_materia) 
    values
        (?, ?, ?, default)
Hibernate: 
    select
        m1_0.id_materia,
        m1_0.nombre,
        m1_0.id_unidad_educativa 
    from
        materia m1_0 
    left join
        unidad_educativa ue1_0 
            on ue1_0.id_unidad_educativa=m1_0.id_unidad_educativa 
    where
        ue1_0.id_unidad_educativa=?
Hibernate: 
    select
        gm1_0.id_grado_materia 
    from
        grado_materia gm1_0 
    where
        gm1_0.id_grado=? 
        and gm1_0.id_materia=? 
        and gm1_0.id_gestion=? 
    fetch
        first ? rows only
Hibernate: 
    insert 
    into
        grado_materia
        (id_gestion, id_grado, id_materia, id_grado_materia) 
    values
        (?, ?, ?, default)
Hibernate: 
    select
        m1_0.id_materia,
        m1_0.nombre,
        m1_0.id_unidad_educativa 
    from
        materia m1_0 
    left join
        unidad_educativa ue1_0 
            on ue1_0.id_unidad_educativa=m1_0.id_unidad_educativa 
    where
        ue1_0.id_unidad_educativa=?
Hibernate: 
    select
        gm1_0.id_grado_materia 
    from
        grado_materia gm1_0 
    where
        gm1_0.id_grado=? 
        and gm1_0.id_materia=? 
        and gm1_0.id_gestion=? 
    fetch
        first ? rows only
Hibernate: 
    insert 
    into
        grado_materia
        (id_gestion, id_grado, id_materia, id_grado_materia) 
    values
        (?, ?, ?, default)
Hibernate: 
    select
        m1_0.id_materia,
        m1_0.nombre,
        m1_0.id_unidad_educativa 
    from
        materia m1_0 
    left join
        unidad_educativa ue1_0 
            on ue1_0.id_unidad_educativa=m1_0.id_unidad_educativa 
    where
        ue1_0.id_unidad_educativa=?
Hibernate: 
    select
        gm1_0.id_grado_materia 
    from
        grado_materia gm1_0 
    where
        gm1_0.id_grado=? 
        and gm1_0.id_materia=? 
        and gm1_0.id_gestion=? 
    fetch
        first ? rows only
Hibernate: 
    insert 
    into
        grado_materia
        (id_gestion, id_grado, id_materia, id_grado_materia) 
    values
        (?, ?, ?, default)
Hibernate: 
    select
        m1_0.id_materia,
        m1_0.nombre,
        m1_0.id_unidad_educativa 
    from
        materia m1_0 
    left join
        unidad_educativa ue1_0 
            on ue1_0.id_unidad_educativa=m1_0.id_unidad_educativa 
    where
        ue1_0.id_unidad_educativa=?
Hibernate: 
    select
        gm1_0.id_grado_materia 
    from
        grado_materia gm1_0 
    where
        gm1_0.id_grado=? 
        and gm1_0.id_materia=? 
        and gm1_0.id_gestion=? 
    fetch
        first ? rows only
Hibernate: 
    insert 
    into
        grado_materia
        (id_gestion, id_grado, id_materia, id_grado_materia) 
    values
        (?, ?, ?, default)
Hibernate: 
    select
        m1_0.id_materia,
        m1_0.nombre,
        m1_0.id_unidad_educativa 
    from
        materia m1_0 
    left join
        unidad_educativa ue1_0 
            on ue1_0.id_unidad_educativa=m1_0.id_unidad_educativa 
    where
        ue1_0.id_unidad_educativa=?
Hibernate: 
    select
        gm1_0.id_grado_materia 
    from
        grado_materia gm1_0 
    where
        gm1_0.id_grado=? 
        and gm1_0.id_materia=? 
        and gm1_0.id_gestion=? 
    fetch
        first ? rows only
Hibernate: 
    insert 
    into
        grado_materia
        (id_gestion, id_grado, id_materia, id_grado_materia) 
    values
        (?, ?, ?, default)
Hibernate: 
    select
        m1_0.id_materia,
        m1_0.nombre,
        m1_0.id_unidad_educativa 
    from
        materia m1_0 
    left join
        unidad_educativa ue1_0 
            on ue1_0.id_unidad_educativa=m1_0.id_unidad_educativa 
    where
        ue1_0.id_unidad_educativa=?
Hibernate: 
    select
        gm1_0.id_grado_materia 
    from
        grado_materia gm1_0 
    where
        gm1_0.id_grado=? 
        and gm1_0.id_materia=? 
        and gm1_0.id_gestion=? 
    fetch
        first ? rows only
Hibernate: 
    insert 
    into
        grado_materia
        (id_gestion, id_grado, id_materia, id_grado_materia) 
    values
        (?, ?, ?, default)
Hibernate: 
    select
        m1_0.id_materia,
        m1_0.nombre,
        m1_0.id_unidad_educativa 
    from
        materia m1_0 
    left join
        unidad_educativa ue1_0 
            on ue1_0.id_unidad_educativa=m1_0.id_unidad_educativa 
    where
        ue1_0.id_unidad_educativa=?
Hibernate: 
    select
        gm1_0.id_grado_materia 
    from
        grado_materia gm1_0 
    where
        gm1_0.id_grado=? 
        and gm1_0.id_materia=? 
        and gm1_0.id_gestion=? 
    fetch
        first ? rows only
Hibernate: 
    insert 
    into
        grado_materia
        (id_gestion, id_grado, id_materia, id_grado_materia) 
    values
        (?, ?, ?, default)
Hibernate: 
    select
        m1_0.id_materia,
        m1_0.nombre,
        m1_0.id_unidad_educativa 
    from
        materia m1_0 
    left join
        unidad_educativa ue1_0 
            on ue1_0.id_unidad_educativa=m1_0.id_unidad_educativa 
    where
        ue1_0.id_unidad_educativa=?
Hibernate: 
    select
        gm1_0.id_grado_materia 
    from
        grado_materia gm1_0 
    where
        gm1_0.id_grado=? 
        and gm1_0.id_materia=? 
        and gm1_0.id_gestion=? 
    fetch
        first ? rows only
Hibernate: 
    insert 
    into
        grado_materia
        (id_gestion, id_grado, id_materia, id_grado_materia) 
    values
        (?, ?, ?, default)
Hibernate: 
    select
        g1_0.id_grado,
        g1_0.nivel,
        g1_0.nombre 
    from
        grado g1_0 
    where
        g1_0.nombre=? 
        and g1_0.nivel=?
Hibernate: 
    select
        m1_0.id_materia,
        m1_0.nombre,
        m1_0.id_unidad_educativa 
    from
        materia m1_0 
    left join
        unidad_educativa ue1_0 
            on ue1_0.id_unidad_educativa=m1_0.id_unidad_educativa 
    where
        ue1_0.id_unidad_educativa=?
Hibernate: 
    select
        gm1_0.id_grado_materia 
    from
        grado_materia gm1_0 
    where
        gm1_0.id_grado=? 
        and gm1_0.id_materia=? 
        and gm1_0.id_gestion=? 
    fetch
        first ? rows only
Hibernate: 
    insert 
    into
        grado_materia
        (id_gestion, id_grado, id_materia, id_grado_materia) 
    values
        (?, ?, ?, default)
Hibernate: 
    select
        m1_0.id_materia,
        m1_0.nombre,
        m1_0.id_unidad_educativa 
    from
        materia m1_0 
    left join
        unidad_educativa ue1_0 
            on ue1_0.id_unidad_educativa=m1_0.id_unidad_educativa 
    where
        ue1_0.id_unidad_educativa=?
Hibernate: 
    insert 
    into
        materia
        (nombre, id_unidad_educativa, id_materia) 
    values
        (?, ?, default)
Hibernate: 
    select
        gm1_0.id_grado_materia 
    from
        grado_materia gm1_0 
    where
        gm1_0.id_grado=? 
        and gm1_0.id_materia=? 
        and gm1_0.id_gestion=? 
    fetch
        first ? rows only
Hibernate: 
    insert 
    into
        grado_materia
        (id_gestion, id_grado, id_materia, id_grado_materia) 
    values
        (?, ?, ?, default)
Hibernate: 
    select
        m1_0.id_materia,
        m1_0.nombre,
        m1_0.id_unidad_educativa 
    from
        materia m1_0 
    left join
        unidad_educativa ue1_0 
            on ue1_0.id_unidad_educativa=m1_0.id_unidad_educativa 
    where
        ue1_0.id_unidad_educativa=?
Hibernate: 
    insert 
    into
        materia
        (nombre, id_unidad_educativa, id_materia) 
    values
        (?, ?, default)
Hibernate: 
    select
        gm1_0.id_grado_materia 
    from
        grado_materia gm1_0 
    where
        gm1_0.id_grado=? 
        and gm1_0.id_materia=? 
        and gm1_0.id_gestion=? 
    fetch
        first ? rows only
Hibernate: 
    insert 
    into
        grado_materia
        (id_gestion, id_grado, id_materia, id_grado_materia) 
    values
        (?, ?, ?, default)
Hibernate: 
    select
        m1_0.id_materia,
        m1_0.nombre,
        m1_0.id_unidad_educativa 
    from
        materia m1_0 
    left join
        unidad_educativa ue1_0 
            on ue1_0.id_unidad_educativa=m1_0.id_unidad_educativa 
    where
        ue1_0.id_unidad_educativa=?
Hibernate: 
    select
        gm1_0.id_grado_materia 
    from
        grado_materia gm1_0 
    where
        gm1_0.id_grado=? 
        and gm1_0.id_materia=? 
        and gm1_0.id_gestion=? 
    fetch
        first ? rows only
Hibernate: 
    insert 
    into
        grado_materia
        (id_gestion, id_grado, id_materia, id_grado_materia) 
    values
        (?, ?, ?, default)
Hibernate: 
    select
        m1_0.id_materia,
        m1_0.nombre,
        m1_0.id_unidad_educativa 
    from
        materia m1_0 
    left join
        unidad_educativa ue1_0 
            on ue1_0.id_unidad_educativa=m1_0.id_unidad_educativa 
    where
        ue1_0.id_unidad_educativa=?
Hibernate: 
    select
        gm1_0.id_grado_materia 
    from
        grado_materia gm1_0 
    where
        gm1_0.id_grado=? 
        and gm1_0.id_materia=? 
        and gm1_0.id_gestion=? 
    fetch
        first ? rows only
Hibernate: 
    insert 
    into
        grado_materia
        (id_gestion, id_grado, id_materia, id_grado_materia) 
    values
        (?, ?, ?, default)
Hibernate: 
    select
        m1_0.id_materia,
        m1_0.nombre,
        m1_0.id_unidad_educativa 
    from
        materia m1_0 
    left join
        unidad_educativa ue1_0 
            on ue1_0.id_unidad_educativa=m1_0.id_unidad_educativa 
    where
        ue1_0.id_unidad_educativa=?
Hibernate: 
    select
        gm1_0.id_grado_materia 
    from
        grado_materia gm1_0 
    where
        gm1_0.id_grado=? 
        and gm1_0.id_materia=? 
        and gm1_0.id_gestion=? 
    fetch
        first ? rows only
Hibernate: 
    insert 
    into
        grado_materia
        (id_gestion, id_grado, id_materia, id_grado_materia) 
    values
        (?, ?, ?, default)
Hibernate: 
    select
        m1_0.id_materia,
        m1_0.nombre,
        m1_0.id_unidad_educativa 
    from
        materia m1_0 
    left join
        unidad_educativa ue1_0 
            on ue1_0.id_unidad_educativa=m1_0.id_unidad_educativa 
    where
        ue1_0.id_unidad_educativa=?
Hibernate: 
    select
        gm1_0.id_grado_materia 
    from
        grado_materia gm1_0 
    where
        gm1_0.id_grado=? 
        and gm1_0.id_materia=? 
        and gm1_0.id_gestion=? 
    fetch
        first ? rows only
Hibernate: 
    insert 
    into
        grado_materia
        (id_gestion, id_grado, id_materia, id_grado_materia) 
    values
        (?, ?, ?, default)
Hibernate: 
    select
        m1_0.id_materia,
        m1_0.nombre,
        m1_0.id_unidad_educativa 
    from
        materia m1_0 
    left join
        unidad_educativa ue1_0 
            on ue1_0.id_unidad_educativa=m1_0.id_unidad_educativa 
    where
        ue1_0.id_unidad_educativa=?
Hibernate: 
    select
        gm1_0.id_grado_materia 
    from
        grado_materia gm1_0 
    where
        gm1_0.id_grado=? 
        and gm1_0.id_materia=? 
        and gm1_0.id_gestion=? 
    fetch
        first ? rows only
Hibernate: 
    insert 
    into
        grado_materia
        (id_gestion, id_grado, id_materia, id_grado_materia) 
    values
        (?, ?, ?, default)
Hibernate: 
    select
        m1_0.id_materia,
        m1_0.nombre,
        m1_0.id_unidad_educativa 
    from
        materia m1_0 
    left join
        unidad_educativa ue1_0 
            on ue1_0.id_unidad_educativa=m1_0.id_unidad_educativa 
    where
        ue1_0.id_unidad_educativa=?
Hibernate: 
    select
        gm1_0.id_grado_materia 
    from
        grado_materia gm1_0 
    where
        gm1_0.id_grado=? 
        and gm1_0.id_materia=? 
        and gm1_0.id_gestion=? 
    fetch
        first ? rows only
Hibernate: 
    insert 
    into
        grado_materia
        (id_gestion, id_grado, id_materia, id_grado_materia) 
    values
        (?, ?, ?, default)
Hibernate: 
    select
        m1_0.id_materia,
        m1_0.nombre,
        m1_0.id_unidad_educativa 
    from
        materia m1_0 
    left join
        unidad_educativa ue1_0 
            on ue1_0.id_unidad_educativa=m1_0.id_unidad_educativa 
    where
        ue1_0.id_unidad_educativa=?
Hibernate: 
    select
        gm1_0.id_grado_materia 
    from
        grado_materia gm1_0 
    where
        gm1_0.id_grado=? 
        and gm1_0.id_materia=? 
        and gm1_0.id_gestion=? 
    fetch
        first ? rows only
Hibernate: 
    insert 
    into
        grado_materia
        (id_gestion, id_grado, id_materia, id_grado_materia) 
    values
        (?, ?, ?, default)
Hibernate: 
    select
        m1_0.id_materia,
        m1_0.nombre,
        m1_0.id_unidad_educativa 
    from
        materia m1_0 
    left join
        unidad_educativa ue1_0 
            on ue1_0.id_unidad_educativa=m1_0.id_unidad_educativa 
    where
        ue1_0.id_unidad_educativa=?
Hibernate: 
    select
        gm1_0.id_grado_materia 
    from
        grado_materia gm1_0 
    where
        gm1_0.id_grado=? 
        and gm1_0.id_materia=? 
        and gm1_0.id_gestion=? 
    fetch
        first ? rows only
Hibernate: 
    insert 
    into
        grado_materia
        (id_gestion, id_grado, id_materia, id_grado_materia) 
    values
        (?, ?, ?, default)
Hibernate: 
    select
        m1_0.id_materia,
        m1_0.nombre,
        m1_0.id_unidad_educativa 
    from
        materia m1_0 
    left join
        unidad_educativa ue1_0 
            on ue1_0.id_unidad_educativa=m1_0.id_unidad_educativa 
    where
        ue1_0.id_unidad_educativa=?
Hibernate: 
    select
        gm1_0.id_grado_materia 
    from
        grado_materia gm1_0 
    where
        gm1_0.id_grado=? 
        and gm1_0.id_materia=? 
        and gm1_0.id_gestion=? 
    fetch
        first ? rows only
Hibernate: 
    insert 
    into
        grado_materia
        (id_gestion, id_grado, id_materia, id_grado_materia) 
    values
        (?, ?, ?, default)
Hibernate: 
    select
        m1_0.id_materia,
        m1_0.nombre,
        m1_0.id_unidad_educativa 
    from
        materia m1_0 
    left join
        unidad_educativa ue1_0 
            on ue1_0.id_unidad_educativa=m1_0.id_unidad_educativa 
    where
        ue1_0.id_unidad_educativa=?
Hibernate: 
    insert 
    into
        materia
        (nombre, id_unidad_educativa, id_materia) 
    values
        (?, ?, default)
Hibernate: 
    select
        gm1_0.id_grado_materia 
    from
        grado_materia gm1_0 
    where
        gm1_0.id_grado=? 
        and gm1_0.id_materia=? 
        and gm1_0.id_gestion=? 
    fetch
        first ? rows only
Hibernate: 
    insert 
    into
        grado_materia
        (id_gestion, id_grado, id_materia, id_grado_materia) 
    values
        (?, ?, ?, default)
Hibernate: 
    select
        g1_0.id_grado,
        g1_0.nivel,
        g1_0.nombre 
    from
        grado g1_0 
    where
        g1_0.nombre=? 
        and g1_0.nivel=?
Hibernate: 
    select
        m1_0.id_materia,
        m1_0.nombre,
        m1_0.id_unidad_educativa 
    from
        materia m1_0 
    left join
        unidad_educativa ue1_0 
            on ue1_0.id_unidad_educativa=m1_0.id_unidad_educativa 
    where
        ue1_0.id_unidad_educativa=?
Hibernate: 
    select
        gm1_0.id_grado_materia 
    from
        grado_materia gm1_0 
    where
        gm1_0.id_grado=? 
        and gm1_0.id_materia=? 
        and gm1_0.id_gestion=? 
    fetch
        first ? rows only
Hibernate: 
    insert 
    into
        grado_materia
        (id_gestion, id_grado, id_materia, id_grado_materia) 
    values
        (?, ?, ?, default)
Hibernate: 
    select
        m1_0.id_materia,
        m1_0.nombre,
        m1_0.id_unidad_educativa 
    from
        materia m1_0 
    left join
        unidad_educativa ue1_0 
            on ue1_0.id_unidad_educativa=m1_0.id_unidad_educativa 
    where
        ue1_0.id_unidad_educativa=?
Hibernate: 
    select
        gm1_0.id_grado_materia 
    from
        grado_materia gm1_0 
    where
        gm1_0.id_grado=? 
        and gm1_0.id_materia=? 
        and gm1_0.id_gestion=? 
    fetch
        first ? rows only
Hibernate: 
    insert 
    into
        grado_materia
        (id_gestion, id_grado, id_materia, id_grado_materia) 
    values
        (?, ?, ?, default)
Hibernate: 
    select
        m1_0.id_materia,
        m1_0.nombre,
        m1_0.id_unidad_educativa 
    from
        materia m1_0 
    left join
        unidad_educativa ue1_0 
            on ue1_0.id_unidad_educativa=m1_0.id_unidad_educativa 
    where
        ue1_0.id_unidad_educativa=?
Hibernate: 
    select
        gm1_0.id_grado_materia 
    from
        grado_materia gm1_0 
    where
        gm1_0.id_grado=? 
        and gm1_0.id_materia=? 
        and gm1_0.id_gestion=? 
    fetch
        first ? rows only
Hibernate: 
    insert 
    into
        grado_materia
        (id_gestion, id_grado, id_materia, id_grado_materia) 
    values
        (?, ?, ?, default)
Hibernate: 
    select
        m1_0.id_materia,
        m1_0.nombre,
        m1_0.id_unidad_educativa 
    from
        materia m1_0 
    left join
        unidad_educativa ue1_0 
            on ue1_0.id_unidad_educativa=m1_0.id_unidad_educativa 
    where
        ue1_0.id_unidad_educativa=?
Hibernate: 
    select
        gm1_0.id_grado_materia 
    from
        grado_materia gm1_0 
    where
        gm1_0.id_grado=? 
        and gm1_0.id_materia=? 
        and gm1_0.id_gestion=? 
    fetch
        first ? rows only
Hibernate: 
    insert 
    into
        grado_materia
        (id_gestion, id_grado, id_materia, id_grado_materia) 
    values
        (?, ?, ?, default)
Hibernate: 
    select
        m1_0.id_materia,
        m1_0.nombre,
        m1_0.id_unidad_educativa 
    from
        materia m1_0 
    left join
        unidad_educativa ue1_0 
            on ue1_0.id_unidad_educativa=m1_0.id_unidad_educativa 
    where
        ue1_0.id_unidad_educativa=?
Hibernate: 
    select
        gm1_0.id_grado_materia 
    from
        grado_materia gm1_0 
    where
        gm1_0.id_grado=? 
        and gm1_0.id_materia=? 
        and gm1_0.id_gestion=? 
    fetch
        first ? rows only
Hibernate: 
    insert 
    into
        grado_materia
        (id_gestion, id_grado, id_materia, id_grado_materia) 
    values
        (?, ?, ?, default)
Hibernate: 
    select
        m1_0.id_materia,
        m1_0.nombre,
        m1_0.id_unidad_educativa 
    from
        materia m1_0 
    left join
        unidad_educativa ue1_0 
            on ue1_0.id_unidad_educativa=m1_0.id_unidad_educativa 
    where
        ue1_0.id_unidad_educativa=?
Hibernate: 
    select
        gm1_0.id_grado_materia 
    from
        grado_materia gm1_0 
    where
        gm1_0.id_grado=? 
        and gm1_0.id_materia=? 
        and gm1_0.id_gestion=? 
    fetch
        first ? rows only
Hibernate: 
    insert 
    into
        grado_materia
        (id_gestion, id_grado, id_materia, id_grado_materia) 
    values
        (?, ?, ?, default)
Hibernate: 
    select
        m1_0.id_materia,
        m1_0.nombre,
        m1_0.id_unidad_educativa 
    from
        materia m1_0 
    left join
        unidad_educativa ue1_0 
            on ue1_0.id_unidad_educativa=m1_0.id_unidad_educativa 
    where
        ue1_0.id_unidad_educativa=?
Hibernate: 
    select
        gm1_0.id_grado_materia 
    from
        grado_materia gm1_0 
    where
        gm1_0.id_grado=? 
        and gm1_0.id_materia=? 
        and gm1_0.id_gestion=? 
    fetch
        first ? rows only
Hibernate: 
    insert 
    into
        grado_materia
        (id_gestion, id_grado, id_materia, id_grado_materia) 
    values
        (?, ?, ?, default)
Hibernate: 
    select
        m1_0.id_materia,
        m1_0.nombre,
        m1_0.id_unidad_educativa 
    from
        materia m1_0 
    left join
        unidad_educativa ue1_0 
            on ue1_0.id_unidad_educativa=m1_0.id_unidad_educativa 
    where
        ue1_0.id_unidad_educativa=?
Hibernate: 
    select
        gm1_0.id_grado_materia 
    from
        grado_materia gm1_0 
    where
        gm1_0.id_grado=? 
        and gm1_0.id_materia=? 
        and gm1_0.id_gestion=? 
    fetch
        first ? rows only
Hibernate: 
    insert 
    into
        grado_materia
        (id_gestion, id_grado, id_materia, id_grado_materia) 
    values
        (?, ?, ?, default)
Hibernate: 
    select
        m1_0.id_materia,
        m1_0.nombre,
        m1_0.id_unidad_educativa 
    from
        materia m1_0 
    left join
        unidad_educativa ue1_0 
            on ue1_0.id_unidad_educativa=m1_0.id_unidad_educativa 
    where
        ue1_0.id_unidad_educativa=?
Hibernate: 
    select
        gm1_0.id_grado_materia 
    from
        grado_materia gm1_0 
    where
        gm1_0.id_grado=? 
        and gm1_0.id_materia=? 
        and gm1_0.id_gestion=? 
    fetch
        first ? rows only
Hibernate: 
    insert 
    into
        grado_materia
        (id_gestion, id_grado, id_materia, id_grado_materia) 
    values
        (?, ?, ?, default)
Hibernate: 
    select
        g1_0.id_grado,
        g1_0.nivel,
        g1_0.nombre 
    from
        grado g1_0 
    where
        g1_0.nombre=? 
        and g1_0.nivel=?
Hibernate: 
    select
        m1_0.id_materia,
        m1_0.nombre,
        m1_0.id_unidad_educativa 
    from
        materia m1_0 
    left join
        unidad_educativa ue1_0 
            on ue1_0.id_unidad_educativa=m1_0.id_unidad_educativa 
    where
        ue1_0.id_unidad_educativa=?
Hibernate: 
    select
        gm1_0.id_grado_materia 
    from
        grado_materia gm1_0 
    where
        gm1_0.id_grado=? 
        and gm1_0.id_materia=? 
        and gm1_0.id_gestion=? 
    fetch
        first ? rows only
Hibernate: 
    insert 
    into
        grado_materia
        (id_gestion, id_grado, id_materia, id_grado_materia) 
    values
        (?, ?, ?, default)
Hibernate: 
    select
        m1_0.id_materia,
        m1_0.nombre,
        m1_0.id_unidad_educativa 
    from
        materia m1_0 
    left join
        unidad_educativa ue1_0 
            on ue1_0.id_unidad_educativa=m1_0.id_unidad_educativa 
    where
        ue1_0.id_unidad_educativa=?
Hibernate: 
    select
        gm1_0.id_grado_materia 
    from
        grado_materia gm1_0 
    where
        gm1_0.id_grado=? 
        and gm1_0.id_materia=? 
        and gm1_0.id_gestion=? 
    fetch
        first ? rows only
Hibernate: 
    insert 
    into
        grado_materia
        (id_gestion, id_grado, id_materia, id_grado_materia) 
    values
        (?, ?, ?, default)
Hibernate: 
    select
        m1_0.id_materia,
        m1_0.nombre,
        m1_0.id_unidad_educativa 
    from
        materia m1_0 
    left join
        unidad_educativa ue1_0 
            on ue1_0.id_unidad_educativa=m1_0.id_unidad_educativa 
    where
        ue1_0.id_unidad_educativa=?
Hibernate: 
    select
        gm1_0.id_grado_materia 
    from
        grado_materia gm1_0 
    where
        gm1_0.id_grado=? 
        and gm1_0.id_materia=? 
        and gm1_0.id_gestion=? 
    fetch
        first ? rows only
Hibernate: 
    insert 
    into
        grado_materia
        (id_gestion, id_grado, id_materia, id_grado_materia) 
    values
        (?, ?, ?, default)
Hibernate: 
    select
        m1_0.id_materia,
        m1_0.nombre,
        m1_0.id_unidad_educativa 
    from
        materia m1_0 
    left join
        unidad_educativa ue1_0 
            on ue1_0.id_unidad_educativa=m1_0.id_unidad_educativa 
    where
        ue1_0.id_unidad_educativa=?
Hibernate: 
    select
        gm1_0.id_grado_materia 
    from
        grado_materia gm1_0 
    where
        gm1_0.id_grado=? 
        and gm1_0.id_materia=? 
        and gm1_0.id_gestion=? 
    fetch
        first ? rows only
Hibernate: 
    insert 
    into
        grado_materia
        (id_gestion, id_grado, id_materia, id_grado_materia) 
    values
        (?, ?, ?, default)
Hibernate: 
    select
        m1_0.id_materia,
        m1_0.nombre,
        m1_0.id_unidad_educativa 
    from
        materia m1_0 
    left join
        unidad_educativa ue1_0 
            on ue1_0.id_unidad_educativa=m1_0.id_unidad_educativa 
    where
        ue1_0.id_unidad_educativa=?
Hibernate: 
    select
        gm1_0.id_grado_materia 
    from
        grado_materia gm1_0 
    where
        gm1_0.id_grado=? 
        and gm1_0.id_materia=? 
        and gm1_0.id_gestion=? 
    fetch
        first ? rows only
Hibernate: 
    insert 
    into
        grado_materia
        (id_gestion, id_grado, id_materia, id_grado_materia) 
    values
        (?, ?, ?, default)
Hibernate: 
    select
        m1_0.id_materia,
        m1_0.nombre,
        m1_0.id_unidad_educativa 
    from
        materia m1_0 
    left join
        unidad_educativa ue1_0 
            on ue1_0.id_unidad_educativa=m1_0.id_unidad_educativa 
    where
        ue1_0.id_unidad_educativa=?
Hibernate: 
    select
        gm1_0.id_grado_materia 
    from
        grado_materia gm1_0 
    where
        gm1_0.id_grado=? 
        and gm1_0.id_materia=? 
        and gm1_0.id_gestion=? 
    fetch
        first ? rows only
Hibernate: 
    insert 
    into
        grado_materia
        (id_gestion, id_grado, id_materia, id_grado_materia) 
    values
        (?, ?, ?, default)
Hibernate: 
    select
        m1_0.id_materia,
        m1_0.nombre,
        m1_0.id_unidad_educativa 
    from
        materia m1_0 
    left join
        unidad_educativa ue1_0 
            on ue1_0.id_unidad_educativa=m1_0.id_unidad_educativa 
    where
        ue1_0.id_unidad_educativa=?
Hibernate: 
    select
        gm1_0.id_grado_materia 
    from
        grado_materia gm1_0 
    where
        gm1_0.id_grado=? 
        and gm1_0.id_materia=? 
        and gm1_0.id_gestion=? 
    fetch
        first ? rows only
Hibernate: 
    insert 
    into
        grado_materia
        (id_gestion, id_grado, id_materia, id_grado_materia) 
    values
        (?, ?, ?, default)
Hibernate: 
    select
        m1_0.id_materia,
        m1_0.nombre,
        m1_0.id_unidad_educativa 
    from
        materia m1_0 
    left join
        unidad_educativa ue1_0 
            on ue1_0.id_unidad_educativa=m1_0.id_unidad_educativa 
    where
        ue1_0.id_unidad_educativa=?
Hibernate: 
    select
        gm1_0.id_grado_materia 
    from
        grado_materia gm1_0 
    where
        gm1_0.id_grado=? 
        and gm1_0.id_materia=? 
        and gm1_0.id_gestion=? 
    fetch
        first ? rows only
Hibernate: 
    insert 
    into
        grado_materia
        (id_gestion, id_grado, id_materia, id_grado_materia) 
    values
        (?, ?, ?, default)
Hibernate: 
    select
        m1_0.id_materia,
        m1_0.nombre,
        m1_0.id_unidad_educativa 
    from
        materia m1_0 
    left join
        unidad_educativa ue1_0 
            on ue1_0.id_unidad_educativa=m1_0.id_unidad_educativa 
    where
        ue1_0.id_unidad_educativa=?
Hibernate: 
    select
        gm1_0.id_grado_materia 
    from
        grado_materia gm1_0 
    where
        gm1_0.id_grado=? 
        and gm1_0.id_materia=? 
        and gm1_0.id_gestion=? 
    fetch
        first ? rows only
Hibernate: 
    insert 
    into
        grado_materia
        (id_gestion, id_grado, id_materia, id_grado_materia) 
    values
        (?, ?, ?, default)
Hibernate: 
    select
        m1_0.id_materia,
        m1_0.nombre,
        m1_0.id_unidad_educativa 
    from
        materia m1_0 
    left join
        unidad_educativa ue1_0 
            on ue1_0.id_unidad_educativa=m1_0.id_unidad_educativa 
    where
        ue1_0.id_unidad_educativa=?
Hibernate: 
    select
        gm1_0.id_grado_materia 
    from
        grado_materia gm1_0 
    where
        gm1_0.id_grado=? 
        and gm1_0.id_materia=? 
        and gm1_0.id_gestion=? 
    fetch
        first ? rows only
Hibernate: 
    insert 
    into
        grado_materia
        (id_gestion, id_grado, id_materia, id_grado_materia) 
    values
        (?, ?, ?, default)
Hibernate: 
    select
        m1_0.id_materia,
        m1_0.nombre,
        m1_0.id_unidad_educativa 
    from
        materia m1_0 
    left join
        unidad_educativa ue1_0 
            on ue1_0.id_unidad_educativa=m1_0.id_unidad_educativa 
    where
        ue1_0.id_unidad_educativa=?
Hibernate: 
    select
        gm1_0.id_grado_materia 
    from
        grado_materia gm1_0 
    where
        gm1_0.id_grado=? 
        and gm1_0.id_materia=? 
        and gm1_0.id_gestion=? 
    fetch
        first ? rows only
Hibernate: 
    insert 
    into
        grado_materia
        (id_gestion, id_grado, id_materia, id_grado_materia) 
    values
        (?, ?, ?, default)
Hibernate: 
    select
        m1_0.id_materia,
        m1_0.nombre,
        m1_0.id_unidad_educativa 
    from
        materia m1_0 
    left join
        unidad_educativa ue1_0 
            on ue1_0.id_unidad_educativa=m1_0.id_unidad_educativa 
    where
        ue1_0.id_unidad_educativa=?
Hibernate: 
    select
        gm1_0.id_grado_materia 
    from
        grado_materia gm1_0 
    where
        gm1_0.id_grado=? 
        and gm1_0.id_materia=? 
        and gm1_0.id_gestion=? 
    fetch
        first ? rows only
Hibernate: 
    insert 
    into
        grado_materia
        (id_gestion, id_grado, id_materia, id_grado_materia) 
    values
        (?, ?, ?, default)
Hibernate: 
    select
        m1_0.id_materia,
        m1_0.nombre,
        m1_0.id_unidad_educativa 
    from
        materia m1_0 
    left join
        unidad_educativa ue1_0 
            on ue1_0.id_unidad_educativa=m1_0.id_unidad_educativa 
    where
        ue1_0.id_unidad_educativa=?
Hibernate: 
    select
        gm1_0.id_grado_materia 
    from
        grado_materia gm1_0 
    where
        gm1_0.id_grado=? 
        and gm1_0.id_materia=? 
        and gm1_0.id_gestion=? 
    fetch
        first ? rows only
Hibernate: 
    insert 
    into
        grado_materia
        (id_gestion, id_grado, id_materia, id_grado_materia) 
    values
        (?, ?, ?, default)
Hibernate: 
    select
        g1_0.id_grado,
        g1_0.nivel,
        g1_0.nombre 
    from
        grado g1_0 
    where
        g1_0.nombre=? 
        and g1_0.nivel=?
Hibernate: 
    select
        m1_0.id_materia,
        m1_0.nombre,
        m1_0.id_unidad_educativa 
    from
        materia m1_0 
    left join
        unidad_educativa ue1_0 
            on ue1_0.id_unidad_educativa=m1_0.id_unidad_educativa 
    where
        ue1_0.id_unidad_educativa=?
Hibernate: 
    select
        gm1_0.id_grado_materia 
    from
        grado_materia gm1_0 
    where
        gm1_0.id_grado=? 
        and gm1_0.id_materia=? 
        and gm1_0.id_gestion=? 
    fetch
        first ? rows only
Hibernate: 
    insert 
    into
        grado_materia
        (id_gestion, id_grado, id_materia, id_grado_materia) 
    values
        (?, ?, ?, default)
Hibernate: 
    select
        m1_0.id_materia,
        m1_0.nombre,
        m1_0.id_unidad_educativa 
    from
        materia m1_0 
    left join
        unidad_educativa ue1_0 
            on ue1_0.id_unidad_educativa=m1_0.id_unidad_educativa 
    where
        ue1_0.id_unidad_educativa=?
Hibernate: 
    select
        gm1_0.id_grado_materia 
    from
        grado_materia gm1_0 
    where
        gm1_0.id_grado=? 
        and gm1_0.id_materia=? 
        and gm1_0.id_gestion=? 
    fetch
        first ? rows only
Hibernate: 
    insert 
    into
        grado_materia
        (id_gestion, id_grado, id_materia, id_grado_materia) 
    values
        (?, ?, ?, default)
Hibernate: 
    select
        m1_0.id_materia,
        m1_0.nombre,
        m1_0.id_unidad_educativa 
    from
        materia m1_0 
    left join
        unidad_educativa ue1_0 
            on ue1_0.id_unidad_educativa=m1_0.id_unidad_educativa 
    where
        ue1_0.id_unidad_educativa=?
Hibernate: 
    select
        gm1_0.id_grado_materia 
    from
        grado_materia gm1_0 
    where
        gm1_0.id_grado=? 
        and gm1_0.id_materia=? 
        and gm1_0.id_gestion=? 
    fetch
        first ? rows only
Hibernate: 
    insert 
    into
        grado_materia
        (id_gestion, id_grado, id_materia, id_grado_materia) 
    values
        (?, ?, ?, default)
Hibernate: 
    select
        m1_0.id_materia,
        m1_0.nombre,
        m1_0.id_unidad_educativa 
    from
        materia m1_0 
    left join
        unidad_educativa ue1_0 
            on ue1_0.id_unidad_educativa=m1_0.id_unidad_educativa 
    where
        ue1_0.id_unidad_educativa=?
Hibernate: 
    select
        gm1_0.id_grado_materia 
    from
        grado_materia gm1_0 
    where
        gm1_0.id_grado=? 
        and gm1_0.id_materia=? 
        and gm1_0.id_gestion=? 
    fetch
        first ? rows only
Hibernate: 
    insert 
    into
        grado_materia
        (id_gestion, id_grado, id_materia, id_grado_materia) 
    values
        (?, ?, ?, default)
Hibernate: 
    select
        m1_0.id_materia,
        m1_0.nombre,
        m1_0.id_unidad_educativa 
    from
        materia m1_0 
    left join
        unidad_educativa ue1_0 
            on ue1_0.id_unidad_educativa=m1_0.id_unidad_educativa 
    where
        ue1_0.id_unidad_educativa=?
Hibernate: 
    select
        gm1_0.id_grado_materia 
    from
        grado_materia gm1_0 
    where
        gm1_0.id_grado=? 
        and gm1_0.id_materia=? 
        and gm1_0.id_gestion=? 
    fetch
        first ? rows only
Hibernate: 
    insert 
    into
        grado_materia
        (id_gestion, id_grado, id_materia, id_grado_materia) 
    values
        (?, ?, ?, default)
Hibernate: 
    select
        m1_0.id_materia,
        m1_0.nombre,
        m1_0.id_unidad_educativa 
    from
        materia m1_0 
    left join
        unidad_educativa ue1_0 
            on ue1_0.id_unidad_educativa=m1_0.id_unidad_educativa 
    where
        ue1_0.id_unidad_educativa=?
Hibernate: 
    select
        gm1_0.id_grado_materia 
    from
        grado_materia gm1_0 
    where
        gm1_0.id_grado=? 
        and gm1_0.id_materia=? 
        and gm1_0.id_gestion=? 
    fetch
        first ? rows only
Hibernate: 
    insert 
    into
        grado_materia
        (id_gestion, id_grado, id_materia, id_grado_materia) 
    values
        (?, ?, ?, default)
Hibernate: 
    select
        m1_0.id_materia,
        m1_0.nombre,
        m1_0.id_unidad_educativa 
    from
        materia m1_0 
    left join
        unidad_educativa ue1_0 
            on ue1_0.id_unidad_educativa=m1_0.id_unidad_educativa 
    where
        ue1_0.id_unidad_educativa=?
Hibernate: 
    select
        gm1_0.id_grado_materia 
    from
        grado_materia gm1_0 
    where
        gm1_0.id_grado=? 
        and gm1_0.id_materia=? 
        and gm1_0.id_gestion=? 
    fetch
        first ? rows only
Hibernate: 
    insert 
    into
        grado_materia
        (id_gestion, id_grado, id_materia, id_grado_materia) 
    values
        (?, ?, ?, default)
Hibernate: 
    select
        m1_0.id_materia,
        m1_0.nombre,
        m1_0.id_unidad_educativa 
    from
        materia m1_0 
    left join
        unidad_educativa ue1_0 
            on ue1_0.id_unidad_educativa=m1_0.id_unidad_educativa 
    where
        ue1_0.id_unidad_educativa=?
Hibernate: 
    select
        gm1_0.id_grado_materia 
    from
        grado_materia gm1_0 
    where
        gm1_0.id_grado=? 
        and gm1_0.id_materia=? 
        and gm1_0.id_gestion=? 
    fetch
        first ? rows only
Hibernate: 
    insert 
    into
        grado_materia
        (id_gestion, id_grado, id_materia, id_grado_materia) 
    values
        (?, ?, ?, default)
Hibernate: 
    select
        m1_0.id_materia,
        m1_0.nombre,
        m1_0.id_unidad_educativa 
    from
        materia m1_0 
    left join
        unidad_educativa ue1_0 
            on ue1_0.id_unidad_educativa=m1_0.id_unidad_educativa 
    where
        ue1_0.id_unidad_educativa=?
Hibernate: 
    select
        gm1_0.id_grado_materia 
    from
        grado_materia gm1_0 
    where
        gm1_0.id_grado=? 
        and gm1_0.id_materia=? 
        and gm1_0.id_gestion=? 
    fetch
        first ? rows only
Hibernate: 
    insert 
    into
        grado_materia
        (id_gestion, id_grado, id_materia, id_grado_materia) 
    values
        (?, ?, ?, default)
Hibernate: 
    select
        g1_0.id_grado,
        g1_0.nivel,
        g1_0.nombre 
    from
        grado g1_0 
    where
        g1_0.nombre=? 
        and g1_0.nivel=?
Hibernate: 
    select
        m1_0.id_materia,
        m1_0.nombre,
        m1_0.id_unidad_educativa 
    from
        materia m1_0 
    left join
        unidad_educativa ue1_0 
            on ue1_0.id_unidad_educativa=m1_0.id_unidad_educativa 
    where
        ue1_0.id_unidad_educativa=?
Hibernate: 
    select
        gm1_0.id_grado_materia 
    from
        grado_materia gm1_0 
    where
        gm1_0.id_grado=? 
        and gm1_0.id_materia=? 
        and gm1_0.id_gestion=? 
    fetch
        first ? rows only
Hibernate: 
    insert 
    into
        grado_materia
        (id_gestion, id_grado, id_materia, id_grado_materia) 
    values
        (?, ?, ?, default)
Hibernate: 
    select
        m1_0.id_materia,
        m1_0.nombre,
        m1_0.id_unidad_educativa 
    from
        materia m1_0 
    left join
        unidad_educativa ue1_0 
            on ue1_0.id_unidad_educativa=m1_0.id_unidad_educativa 
    where
        ue1_0.id_unidad_educativa=?
Hibernate: 
    select
        gm1_0.id_grado_materia 
    from
        grado_materia gm1_0 
    where
        gm1_0.id_grado=? 
        and gm1_0.id_materia=? 
        and gm1_0.id_gestion=? 
    fetch
        first ? rows only
Hibernate: 
    insert 
    into
        grado_materia
        (id_gestion, id_grado, id_materia, id_grado_materia) 
    values
        (?, ?, ?, default)
Hibernate: 
    select
        m1_0.id_materia,
        m1_0.nombre,
        m1_0.id_unidad_educativa 
    from
        materia m1_0 
    left join
        unidad_educativa ue1_0 
            on ue1_0.id_unidad_educativa=m1_0.id_unidad_educativa 
    where
        ue1_0.id_unidad_educativa=?
Hibernate: 
    select
        gm1_0.id_grado_materia 
    from
        grado_materia gm1_0 
    where
        gm1_0.id_grado=? 
        and gm1_0.id_materia=? 
        and gm1_0.id_gestion=? 
    fetch
        first ? rows only
Hibernate: 
    insert 
    into
        grado_materia
        (id_gestion, id_grado, id_materia, id_grado_materia) 
    values
        (?, ?, ?, default)
Hibernate: 
    select
        m1_0.id_materia,
        m1_0.nombre,
        m1_0.id_unidad_educativa 
    from
        materia m1_0 
    left join
        unidad_educativa ue1_0 
            on ue1_0.id_unidad_educativa=m1_0.id_unidad_educativa 
    where
        ue1_0.id_unidad_educativa=?
Hibernate: 
    select
        gm1_0.id_grado_materia 
    from
        grado_materia gm1_0 
    where
        gm1_0.id_grado=? 
        and gm1_0.id_materia=? 
        and gm1_0.id_gestion=? 
    fetch
        first ? rows only
Hibernate: 
    insert 
    into
        grado_materia
        (id_gestion, id_grado, id_materia, id_grado_materia) 
    values
        (?, ?, ?, default)
Hibernate: 
    select
        m1_0.id_materia,
        m1_0.nombre,
        m1_0.id_unidad_educativa 
    from
        materia m1_0 
    left join
        unidad_educativa ue1_0 
            on ue1_0.id_unidad_educativa=m1_0.id_unidad_educativa 
    where
        ue1_0.id_unidad_educativa=?
Hibernate: 
    select
        gm1_0.id_grado_materia 
    from
        grado_materia gm1_0 
    where
        gm1_0.id_grado=? 
        and gm1_0.id_materia=? 
        and gm1_0.id_gestion=? 
    fetch
        first ? rows only
Hibernate: 
    insert 
    into
        grado_materia
        (id_gestion, id_grado, id_materia, id_grado_materia) 
    values
        (?, ?, ?, default)
Hibernate: 
    select
        m1_0.id_materia,
        m1_0.nombre,
        m1_0.id_unidad_educativa 
    from
        materia m1_0 
    left join
        unidad_educativa ue1_0 
            on ue1_0.id_unidad_educativa=m1_0.id_unidad_educativa 
    where
        ue1_0.id_unidad_educativa=?
Hibernate: 
    select
        gm1_0.id_grado_materia 
    from
        grado_materia gm1_0 
    where
        gm1_0.id_grado=? 
        and gm1_0.id_materia=? 
        and gm1_0.id_gestion=? 
    fetch
        first ? rows only
Hibernate: 
    insert 
    into
        grado_materia
        (id_gestion, id_grado, id_materia, id_grado_materia) 
    values
        (?, ?, ?, default)
Hibernate: 
    select
        m1_0.id_materia,
        m1_0.nombre,
        m1_0.id_unidad_educativa 
    from
        materia m1_0 
    left join
        unidad_educativa ue1_0 
            on ue1_0.id_unidad_educativa=m1_0.id_unidad_educativa 
    where
        ue1_0.id_unidad_educativa=?
Hibernate: 
    select
        gm1_0.id_grado_materia 
    from
        grado_materia gm1_0 
    where
        gm1_0.id_grado=? 
        and gm1_0.id_materia=? 
        and gm1_0.id_gestion=? 
    fetch
        first ? rows only
Hibernate: 
    insert 
    into
        grado_materia
        (id_gestion, id_grado, id_materia, id_grado_materia) 
    values
        (?, ?, ?, default)
Hibernate: 
    select
        m1_0.id_materia,
        m1_0.nombre,
        m1_0.id_unidad_educativa 
    from
        materia m1_0 
    left join
        unidad_educativa ue1_0 
            on ue1_0.id_unidad_educativa=m1_0.id_unidad_educativa 
    where
        ue1_0.id_unidad_educativa=?
Hibernate: 
    select
        gm1_0.id_grado_materia 
    from
        grado_materia gm1_0 
    where
        gm1_0.id_grado=? 
        and gm1_0.id_materia=? 
        and gm1_0.id_gestion=? 
    fetch
        first ? rows only
Hibernate: 
    insert 
    into
        grado_materia
        (id_gestion, id_grado, id_materia, id_grado_materia) 
    values
        (?, ?, ?, default)
Hibernate: 
    select
        m1_0.id_materia,
        m1_0.nombre,
        m1_0.id_unidad_educativa 
    from
        materia m1_0 
    left join
        unidad_educativa ue1_0 
            on ue1_0.id_unidad_educativa=m1_0.id_unidad_educativa 
    where
        ue1_0.id_unidad_educativa=?
Hibernate: 
    select
        gm1_0.id_grado_materia 
    from
        grado_materia gm1_0 
    where
        gm1_0.id_grado=? 
        and gm1_0.id_materia=? 
        and gm1_0.id_gestion=? 
    fetch
        first ? rows only
Hibernate: 
    insert 
    into
        grado_materia
        (id_gestion, id_grado, id_materia, id_grado_materia) 
    values
        (?, ?, ?, default)
Hibernate: 
    select
        m1_0.id_materia,
        m1_0.nombre,
        m1_0.id_unidad_educativa 
    from
        materia m1_0 
    left join
        unidad_educativa ue1_0 
            on ue1_0.id_unidad_educativa=m1_0.id_unidad_educativa 
    where
        ue1_0.id_unidad_educativa=?
Hibernate: 
    select
        gm1_0.id_grado_materia 
    from
        grado_materia gm1_0 
    where
        gm1_0.id_grado=? 
        and gm1_0.id_materia=? 
        and gm1_0.id_gestion=? 
    fetch
        first ? rows only
Hibernate: 
    insert 
    into
        grado_materia
        (id_gestion, id_grado, id_materia, id_grado_materia) 
    values
        (?, ?, ?, default)
Hibernate: 
    select
        m1_0.id_materia,
        m1_0.nombre,
        m1_0.id_unidad_educativa 
    from
        materia m1_0 
    left join
        unidad_educativa ue1_0 
            on ue1_0.id_unidad_educativa=m1_0.id_unidad_educativa 
    where
        ue1_0.id_unidad_educativa=?
Hibernate: 
    select
        gm1_0.id_grado_materia 
    from
        grado_materia gm1_0 
    where
        gm1_0.id_grado=? 
        and gm1_0.id_materia=? 
        and gm1_0.id_gestion=? 
    fetch
        first ? rows only
Hibernate: 
    insert 
    into
        grado_materia
        (id_gestion, id_grado, id_materia, id_grado_materia) 
    values
        (?, ?, ?, default)
Hibernate: 
    select
        m1_0.id_materia,
        m1_0.nombre,
        m1_0.id_unidad_educativa 
    from
        materia m1_0 
    left join
        unidad_educativa ue1_0 
            on ue1_0.id_unidad_educativa=m1_0.id_unidad_educativa 
    where
        ue1_0.id_unidad_educativa=?
Hibernate: 
    select
        gm1_0.id_grado_materia 
    from
        grado_materia gm1_0 
    where
        gm1_0.id_grado=? 
        and gm1_0.id_materia=? 
        and gm1_0.id_gestion=? 
    fetch
        first ? rows only
Hibernate: 
    insert 
    into
        grado_materia
        (id_gestion, id_grado, id_materia, id_grado_materia) 
    values
        (?, ?, ?, default)
Hibernate: 
    select
        m1_0.id_materia,
        m1_0.nombre,
        m1_0.id_unidad_educativa 
    from
        materia m1_0 
    left join
        unidad_educativa ue1_0 
            on ue1_0.id_unidad_educativa=m1_0.id_unidad_educativa 
    where
        ue1_0.id_unidad_educativa=?
Hibernate: 
    select
        gm1_0.id_grado_materia 
    from
        grado_materia gm1_0 
    where
        gm1_0.id_grado=? 
        and gm1_0.id_materia=? 
        and gm1_0.id_gestion=? 
    fetch
        first ? rows only
Hibernate: 
    insert 
    into
        grado_materia
        (id_gestion, id_grado, id_materia, id_grado_materia) 
    values
        (?, ?, ?, default)
Hibernate: 
    select
        g1_0.id_grado,
        g1_0.nivel,
        g1_0.nombre 
    from
        grado g1_0 
    where
        g1_0.nombre=? 
        and g1_0.nivel=?
Hibernate: 
    select
        m1_0.id_materia,
        m1_0.nombre,
        m1_0.id_unidad_educativa 
    from
        materia m1_0 
    left join
        unidad_educativa ue1_0 
            on ue1_0.id_unidad_educativa=m1_0.id_unidad_educativa 
    where
        ue1_0.id_unidad_educativa=?
Hibernate: 
    select
        gm1_0.id_grado_materia 
    from
        grado_materia gm1_0 
    where
        gm1_0.id_grado=? 
        and gm1_0.id_materia=? 
        and gm1_0.id_gestion=? 
    fetch
        first ? rows only
Hibernate: 
    insert 
    into
        grado_materia
        (id_gestion, id_grado, id_materia, id_grado_materia) 
    values
        (?, ?, ?, default)
Hibernate: 
    select
        m1_0.id_materia,
        m1_0.nombre,
        m1_0.id_unidad_educativa 
    from
        materia m1_0 
    left join
        unidad_educativa ue1_0 
            on ue1_0.id_unidad_educativa=m1_0.id_unidad_educativa 
    where
        ue1_0.id_unidad_educativa=?
Hibernate: 
    select
        gm1_0.id_grado_materia 
    from
        grado_materia gm1_0 
    where
        gm1_0.id_grado=? 
        and gm1_0.id_materia=? 
        and gm1_0.id_gestion=? 
    fetch
        first ? rows only
Hibernate: 
    insert 
    into
        grado_materia
        (id_gestion, id_grado, id_materia, id_grado_materia) 
    values
        (?, ?, ?, default)
Hibernate: 
    select
        m1_0.id_materia,
        m1_0.nombre,
        m1_0.id_unidad_educativa 
    from
        materia m1_0 
    left join
        unidad_educativa ue1_0 
            on ue1_0.id_unidad_educativa=m1_0.id_unidad_educativa 
    where
        ue1_0.id_unidad_educativa=?
Hibernate: 
    select
        gm1_0.id_grado_materia 
    from
        grado_materia gm1_0 
    where
        gm1_0.id_grado=? 
        and gm1_0.id_materia=? 
        and gm1_0.id_gestion=? 
    fetch
        first ? rows only
Hibernate: 
    insert 
    into
        grado_materia
        (id_gestion, id_grado, id_materia, id_grado_materia) 
    values
        (?, ?, ?, default)
Hibernate: 
    select
        m1_0.id_materia,
        m1_0.nombre,
        m1_0.id_unidad_educativa 
    from
        materia m1_0 
    left join
        unidad_educativa ue1_0 
            on ue1_0.id_unidad_educativa=m1_0.id_unidad_educativa 
    where
        ue1_0.id_unidad_educativa=?
Hibernate: 
    select
        gm1_0.id_grado_materia 
    from
        grado_materia gm1_0 
    where
        gm1_0.id_grado=? 
        and gm1_0.id_materia=? 
        and gm1_0.id_gestion=? 
    fetch
        first ? rows only
Hibernate: 
    insert 
    into
        grado_materia
        (id_gestion, id_grado, id_materia, id_grado_materia) 
    values
        (?, ?, ?, default)
Hibernate: 
    select
        m1_0.id_materia,
        m1_0.nombre,
        m1_0.id_unidad_educativa 
    from
        materia m1_0 
    left join
        unidad_educativa ue1_0 
            on ue1_0.id_unidad_educativa=m1_0.id_unidad_educativa 
    where
        ue1_0.id_unidad_educativa=?
Hibernate: 
    select
        gm1_0.id_grado_materia 
    from
        grado_materia gm1_0 
    where
        gm1_0.id_grado=? 
        and gm1_0.id_materia=? 
        and gm1_0.id_gestion=? 
    fetch
        first ? rows only
Hibernate: 
    insert 
    into
        grado_materia
        (id_gestion, id_grado, id_materia, id_grado_materia) 
    values
        (?, ?, ?, default)
Hibernate: 
    select
        m1_0.id_materia,
        m1_0.nombre,
        m1_0.id_unidad_educativa 
    from
        materia m1_0 
    left join
        unidad_educativa ue1_0 
            on ue1_0.id_unidad_educativa=m1_0.id_unidad_educativa 
    where
        ue1_0.id_unidad_educativa=?
Hibernate: 
    select
        gm1_0.id_grado_materia 
    from
        grado_materia gm1_0 
    where
        gm1_0.id_grado=? 
        and gm1_0.id_materia=? 
        and gm1_0.id_gestion=? 
    fetch
        first ? rows only
Hibernate: 
    insert 
    into
        grado_materia
        (id_gestion, id_grado, id_materia, id_grado_materia) 
    values
        (?, ?, ?, default)
Hibernate: 
    select
        m1_0.id_materia,
        m1_0.nombre,
        m1_0.id_unidad_educativa 
    from
        materia m1_0 
    left join
        unidad_educativa ue1_0 
            on ue1_0.id_unidad_educativa=m1_0.id_unidad_educativa 
    where
        ue1_0.id_unidad_educativa=?
Hibernate: 
    select
        gm1_0.id_grado_materia 
    from
        grado_materia gm1_0 
    where
        gm1_0.id_grado=? 
        and gm1_0.id_materia=? 
        and gm1_0.id_gestion=? 
    fetch
        first ? rows only
Hibernate: 
    insert 
    into
        grado_materia
        (id_gestion, id_grado, id_materia, id_grado_materia) 
    values
        (?, ?, ?, default)
Hibernate: 
    select
        m1_0.id_materia,
        m1_0.nombre,
        m1_0.id_unidad_educativa 
    from
        materia m1_0 
    left join
        unidad_educativa ue1_0 
            on ue1_0.id_unidad_educativa=m1_0.id_unidad_educativa 
    where
        ue1_0.id_unidad_educativa=?
Hibernate: 
    select
        gm1_0.id_grado_materia 
    from
        grado_materia gm1_0 
    where
        gm1_0.id_grado=? 
        and gm1_0.id_materia=? 
        and gm1_0.id_gestion=? 
    fetch
        first ? rows only
Hibernate: 
    insert 
    into
        grado_materia
        (id_gestion, id_grado, id_materia, id_grado_materia) 
    values
        (?, ?, ?, default)
Hibernate: 
    select
        m1_0.id_materia,
        m1_0.nombre,
        m1_0.id_unidad_educativa 
    from
        materia m1_0 
    left join
        unidad_educativa ue1_0 
            on ue1_0.id_unidad_educativa=m1_0.id_unidad_educativa 
    where
        ue1_0.id_unidad_educativa=?
Hibernate: 
    select
        gm1_0.id_grado_materia 
    from
        grado_materia gm1_0 
    where
        gm1_0.id_grado=? 
        and gm1_0.id_materia=? 
        and gm1_0.id_gestion=? 
    fetch
        first ? rows only
Hibernate: 
    insert 
    into
        grado_materia
        (id_gestion, id_grado, id_materia, id_grado_materia) 
    values
        (?, ?, ?, default)
Hibernate: 
    select
        g1_0.id_grado,
        g1_0.nivel,
        g1_0.nombre 
    from
        grado g1_0 
    where
        g1_0.nombre=? 
        and g1_0.nivel=?
Hibernate: 
    select
        m1_0.id_materia,
        m1_0.nombre,
        m1_0.id_unidad_educativa 
    from
        materia m1_0 
    left join
        unidad_educativa ue1_0 
            on ue1_0.id_unidad_educativa=m1_0.id_unidad_educativa 
    where
        ue1_0.id_unidad_educativa=?
Hibernate: 
    select
        gm1_0.id_grado_materia 
    from
        grado_materia gm1_0 
    where
        gm1_0.id_grado=? 
        and gm1_0.id_materia=? 
        and gm1_0.id_gestion=? 
    fetch
        first ? rows only
Hibernate: 
    insert 
    into
        grado_materia
        (id_gestion, id_grado, id_materia, id_grado_materia) 
    values
        (?, ?, ?, default)
Hibernate: 
    select
        m1_0.id_materia,
        m1_0.nombre,
        m1_0.id_unidad_educativa 
    from
        materia m1_0 
    left join
        unidad_educativa ue1_0 
            on ue1_0.id_unidad_educativa=m1_0.id_unidad_educativa 
    where
        ue1_0.id_unidad_educativa=?
Hibernate: 
    select
        gm1_0.id_grado_materia 
    from
        grado_materia gm1_0 
    where
        gm1_0.id_grado=? 
        and gm1_0.id_materia=? 
        and gm1_0.id_gestion=? 
    fetch
        first ? rows only
Hibernate: 
    insert 
    into
        grado_materia
        (id_gestion, id_grado, id_materia, id_grado_materia) 
    values
        (?, ?, ?, default)
Hibernate: 
    select
        m1_0.id_materia,
        m1_0.nombre,
        m1_0.id_unidad_educativa 
    from
        materia m1_0 
    left join
        unidad_educativa ue1_0 
            on ue1_0.id_unidad_educativa=m1_0.id_unidad_educativa 
    where
        ue1_0.id_unidad_educativa=?
Hibernate: 
    select
        gm1_0.id_grado_materia 
    from
        grado_materia gm1_0 
    where
        gm1_0.id_grado=? 
        and gm1_0.id_materia=? 
        and gm1_0.id_gestion=? 
    fetch
        first ? rows only
Hibernate: 
    insert 
    into
        grado_materia
        (id_gestion, id_grado, id_materia, id_grado_materia) 
    values
        (?, ?, ?, default)
Hibernate: 
    select
        m1_0.id_materia,
        m1_0.nombre,
        m1_0.id_unidad_educativa 
    from
        materia m1_0 
    left join
        unidad_educativa ue1_0 
            on ue1_0.id_unidad_educativa=m1_0.id_unidad_educativa 
    where
        ue1_0.id_unidad_educativa=?
Hibernate: 
    select
        gm1_0.id_grado_materia 
    from
        grado_materia gm1_0 
    where
        gm1_0.id_grado=? 
        and gm1_0.id_materia=? 
        and gm1_0.id_gestion=? 
    fetch
        first ? rows only
Hibernate: 
    insert 
    into
        grado_materia
        (id_gestion, id_grado, id_materia, id_grado_materia) 
    values
        (?, ?, ?, default)
Hibernate: 
    select
        m1_0.id_materia,
        m1_0.nombre,
        m1_0.id_unidad_educativa 
    from
        materia m1_0 
    left join
        unidad_educativa ue1_0 
            on ue1_0.id_unidad_educativa=m1_0.id_unidad_educativa 
    where
        ue1_0.id_unidad_educativa=?
Hibernate: 
    select
        gm1_0.id_grado_materia 
    from
        grado_materia gm1_0 
    where
        gm1_0.id_grado=? 
        and gm1_0.id_materia=? 
        and gm1_0.id_gestion=? 
    fetch
        first ? rows only
Hibernate: 
    insert 
    into
        grado_materia
        (id_gestion, id_grado, id_materia, id_grado_materia) 
    values
        (?, ?, ?, default)
Hibernate: 
    select
        m1_0.id_materia,
        m1_0.nombre,
        m1_0.id_unidad_educativa 
    from
        materia m1_0 
    left join
        unidad_educativa ue1_0 
            on ue1_0.id_unidad_educativa=m1_0.id_unidad_educativa 
    where
        ue1_0.id_unidad_educativa=?
Hibernate: 
    select
        gm1_0.id_grado_materia 
    from
        grado_materia gm1_0 
    where
        gm1_0.id_grado=? 
        and gm1_0.id_materia=? 
        and gm1_0.id_gestion=? 
    fetch
        first ? rows only
Hibernate: 
    insert 
    into
        grado_materia
        (id_gestion, id_grado, id_materia, id_grado_materia) 
    values
        (?, ?, ?, default)
Hibernate: 
    select
        m1_0.id_materia,
        m1_0.nombre,
        m1_0.id_unidad_educativa 
    from
        materia m1_0 
    left join
        unidad_educativa ue1_0 
            on ue1_0.id_unidad_educativa=m1_0.id_unidad_educativa 
    where
        ue1_0.id_unidad_educativa=?
Hibernate: 
    select
        gm1_0.id_grado_materia 
    from
        grado_materia gm1_0 
    where
        gm1_0.id_grado=? 
        and gm1_0.id_materia=? 
        and gm1_0.id_gestion=? 
    fetch
        first ? rows only
Hibernate: 
    insert 
    into
        grado_materia
        (id_gestion, id_grado, id_materia, id_grado_materia) 
    values
        (?, ?, ?, default)
Hibernate: 
    select
        m1_0.id_materia,
        m1_0.nombre,
        m1_0.id_unidad_educativa 
    from
        materia m1_0 
    left join
        unidad_educativa ue1_0 
            on ue1_0.id_unidad_educativa=m1_0.id_unidad_educativa 
    where
        ue1_0.id_unidad_educativa=?
Hibernate: 
    select
        gm1_0.id_grado_materia 
    from
        grado_materia gm1_0 
    where
        gm1_0.id_grado=? 
        and gm1_0.id_materia=? 
        and gm1_0.id_gestion=? 
    fetch
        first ? rows only
Hibernate: 
    insert 
    into
        grado_materia
        (id_gestion, id_grado, id_materia, id_grado_materia) 
    values
        (?, ?, ?, default)
Hibernate: 
    select
        m1_0.id_materia,
        m1_0.nombre,
        m1_0.id_unidad_educativa 
    from
        materia m1_0 
    left join
        unidad_educativa ue1_0 
            on ue1_0.id_unidad_educativa=m1_0.id_unidad_educativa 
    where
        ue1_0.id_unidad_educativa=?
Hibernate: 
    select
        gm1_0.id_grado_materia 
    from
        grado_materia gm1_0 
    where
        gm1_0.id_grado=? 
        and gm1_0.id_materia=? 
        and gm1_0.id_gestion=? 
    fetch
        first ? rows only
Hibernate: 
    insert 
    into
        grado_materia
        (id_gestion, id_grado, id_materia, id_grado_materia) 
    values
        (?, ?, ?, default)
Hibernate: 
    select
        m1_0.id_materia,
        m1_0.nombre,
        m1_0.id_unidad_educativa 
    from
        materia m1_0 
    left join
        unidad_educativa ue1_0 
            on ue1_0.id_unidad_educativa=m1_0.id_unidad_educativa 
    where
        ue1_0.id_unidad_educativa=?
Hibernate: 
    select
        gm1_0.id_grado_materia 
    from
        grado_materia gm1_0 
    where
        gm1_0.id_grado=? 
        and gm1_0.id_materia=? 
        and gm1_0.id_gestion=? 
    fetch
        first ? rows only
Hibernate: 
    insert 
    into
        grado_materia
        (id_gestion, id_grado, id_materia, id_grado_materia) 
    values
        (?, ?, ?, default)
Hibernate: 
    select
        m1_0.id_materia,
        m1_0.nombre,
        m1_0.id_unidad_educativa 
    from
        materia m1_0 
    left join
        unidad_educativa ue1_0 
            on ue1_0.id_unidad_educativa=m1_0.id_unidad_educativa 
    where
        ue1_0.id_unidad_educativa=?
Hibernate: 
    select
        gm1_0.id_grado_materia 
    from
        grado_materia gm1_0 
    where
        gm1_0.id_grado=? 
        and gm1_0.id_materia=? 
        and gm1_0.id_gestion=? 
    fetch
        first ? rows only
Hibernate: 
    insert 
    into
        grado_materia
        (id_gestion, id_grado, id_materia, id_grado_materia) 
    values
        (?, ?, ?, default)
Hibernate: 
    select
        m1_0.id_materia,
        m1_0.nombre,
        m1_0.id_unidad_educativa 
    from
        materia m1_0 
    left join
        unidad_educativa ue1_0 
            on ue1_0.id_unidad_educativa=m1_0.id_unidad_educativa 
    where
        ue1_0.id_unidad_educativa=?
Hibernate: 
    select
        gm1_0.id_grado_materia 
    from
        grado_materia gm1_0 
    where
        gm1_0.id_grado=? 
        and gm1_0.id_materia=? 
        and gm1_0.id_gestion=? 
    fetch
        first ? rows only
Hibernate: 
    insert 
    into
        grado_materia
        (id_gestion, id_grado, id_materia, id_grado_materia) 
    values
        (?, ?, ?, default)
Hibernate: 
    select
        m1_0.id_materia,
        m1_0.nombre,
        m1_0.id_unidad_educativa 
    from
        materia m1_0 
    left join
        unidad_educativa ue1_0 
            on ue1_0.id_unidad_educativa=m1_0.id_unidad_educativa 
    where
        ue1_0.id_unidad_educativa=?
Hibernate: 
    select
        gm1_0.id_grado_materia 
    from
        grado_materia gm1_0 
    where
        gm1_0.id_grado=? 
        and gm1_0.id_materia=? 
        and gm1_0.id_gestion=? 
    fetch
        first ? rows only
Hibernate: 
    insert 
    into
        grado_materia
        (id_gestion, id_grado, id_materia, id_grado_materia) 
    values
        (?, ?, ?, default)
2025-12-21T23:49:56.128-04:00  INFO 21711 --- [unidad-educativa] [           main] c.u.i.s.SchoolInitializationService      : Configuración completada para UE: Test School e1628c5a
Hibernate: 
    select
        u1_0.id_usuario,
        u1_0.apellido_materno,
        u1_0.apellido_paterno,
        u1_0.ci,
        u1_0.contrasena,
        u1_0.correo,
        u1_0.created_at,
        u1_0.estado,
        u1_0.fecha_nacimiento,
        u1_0.foto_perfil,
        u1_0.nombres,
        u1_0.id_rol,
        u1_0.id_unidad_educativa,
        u1_0.updated_at 
    from
        usuario u1_0 
    where
        u1_0.correo=?
2025-12-21T23:49:56.212-04:00 DEBUG 21711 --- [unidad-educativa] [           main] o.s.s.a.dao.DaoAuthenticationProvider    : Authenticated user
Hibernate: 
    select
        u1_0.id_usuario,
        u1_0.apellido_materno,
        u1_0.apellido_paterno,
        u1_0.ci,
        u1_0.contrasena,
        u1_0.correo,
        u1_0.created_at,
        u1_0.estado,
        u1_0.fecha_nacimiento,
        u1_0.foto_perfil,
        u1_0.nombres,
        u1_0.id_rol,
        u1_0.id_unidad_educativa,
        u1_0.updated_at 
    from
        usuario u1_0 
    where
        u1_0.correo=?
Hibernate: 
    select
        u1_0.id_usuario,
        u1_0.apellido_materno,
        u1_0.apellido_paterno,
        u1_0.ci,
        u1_0.contrasena,
        u1_0.correo,
        u1_0.created_at,
        u1_0.estado,
        u1_0.fecha_nacimiento,
        u1_0.foto_perfil,
        u1_0.nombres,
        u1_0.id_rol,
        u1_0.id_unidad_educativa,
        u1_0.updated_at 
    from
        usuario u1_0 
    where
        u1_0.correo=?

MockHttpServletRequest:
      HTTP Method = POST
      Request URI = /api/auth/register-school
       Parameters = {}
          Headers = [Content-Type:"application/json;charset=UTF-8", Content-Length:"271"]
             Body = {"nombreInstitucion":"Test School e1628c5a","sie":"1234e1628c5a","direccion":"Test Address e1628c5a","logoUrl":null,"nombreDirector":"Test","apellidoDirector":"Director","ciDirector":"77e1628c5a","correoDirector":"director-e1628c5a@gmail.com","passwordDirector":"123456"}
    Session Attrs = {}

Handler:
             Type = com.unidadeducativa.auth.controller.AuthController
           Method = com.unidadeducativa.auth.controller.AuthController#registerSchool(RegistroInstitucionRequest)

Async:
    Async started = false
     Async result = null

Resolved Exception:
             Type = null

ModelAndView:
        View name = null
             View = null
            Model = null

FlashMap:
       Attributes = null

MockHttpServletResponse:
           Status = 200
    Error message = null
          Headers = [Vary:"Origin", "Access-Control-Request-Method", "Access-Control-Request-Headers", Content-Type:"application/json", X-Content-Type-Options:"nosniff", X-XSS-Protection:"0", Cache-Control:"no-cache, no-store, max-age=0, must-revalidate", Pragma:"no-cache", Expires:"0", X-Frame-Options:"DENY"]
     Content type = application/json
             Body = {"token":"eyJhbGciOiJIUzI1NiJ9.eyJzdWIiOiJkaXJlY3Rvci1lMTYyOGM1YUBnbWFpbC5jb20iLCJyb2xlIjoiRElSRUNUT1IiLCJpYXQiOjE3NjYzNzUzOTYsImV4cCI6MTc2NjQ2MTc5Nn0.vJLi-BB2IXovJ6soBTvocYAId6j-0xW7Y1VARxSk9XU","nombreCompleto":"Test Director","correo":"director-e1628c5a@gmail.com","rol":"DIRECTOR"}
    Forwarded URL = null
   Redirected URL = null
          Cookies = []
[INFO] Tests run: 3, Failures: 0, Errors: 0, Skipped: 0, Time elapsed: 16.88 s -- in com.unidadeducativa.auth.AuthControllerTest
[INFO] Running com.unidadeducativa.finanzas.PagoControllerTest
2025-12-21T23:49:56.232-04:00  INFO 21711 --- [unidad-educativa] [           main] t.c.s.AnnotationConfigContextLoaderUtils : Could not detect default configuration classes for test class [com.unidadeducativa.finanzas.PagoControllerTest]: PagoControllerTest does not declare any static, non-private, non-final, nested classes annotated with @Configuration.
2025-12-21T23:49:56.264-04:00  INFO 21711 --- [unidad-educativa] [           main] .b.t.c.SpringBootTestContextBootstrapper : Found @SpringBootConfiguration com.unidadeducativa.UnidadEducativaApplication for test class com.unidadeducativa.finanzas.PagoControllerTest
2025-12-21T23:49:56.274-04:00 DEBUG 21711 --- [unidad-educativa] [           main] o.s.security.web.FilterChainProxy        : Securing POST /api/auth/login
2025-12-21T23:49:56.274-04:00 DEBUG 21711 --- [unidad-educativa] [           main] o.s.s.w.a.AnonymousAuthenticationFilter  : Set SecurityContextHolder to anonymous SecurityContext
2025-12-21T23:49:56.274-04:00 DEBUG 21711 --- [unidad-educativa] [           main] o.s.security.web.FilterChainProxy        : Secured POST /api/auth/login
Hibernate: 
    select
        u1_0.id_usuario,
        u1_0.apellido_materno,
        u1_0.apellido_paterno,
        u1_0.ci,
        u1_0.contrasena,
        u1_0.correo,
        u1_0.created_at,
        u1_0.estado,
        u1_0.fecha_nacimiento,
        u1_0.foto_perfil,
        u1_0.nombres,
        u1_0.id_rol,
        u1_0.id_unidad_educativa,
        u1_0.updated_at 
    from
        usuario u1_0 
    where
        u1_0.correo=?
Hibernate: 
    select
        r1_0.id_rol,
        r1_0.nombre 
    from
        rol r1_0 
    where
        r1_0.id_rol=?
Hibernate: 
    select
        ue1_0.id_unidad_educativa,
        ue1_0.direccion,
        ue1_0.estado,
        ue1_0.logo_url,
        ue1_0.nombre,
        ue1_0.sie 
    from
        unidad_educativa ue1_0 
    where
        ue1_0.id_unidad_educativa=?
2025-12-21T23:49:56.365-04:00 DEBUG 21711 --- [unidad-educativa] [           main] o.s.s.a.dao.DaoAuthenticationProvider    : Authenticated user
Hibernate: 
    select
        u1_0.id_usuario,
        u1_0.apellido_materno,
        u1_0.apellido_paterno,
        u1_0.ci,
        u1_0.contrasena,
        u1_0.correo,
        u1_0.created_at,
        u1_0.estado,
        u1_0.fecha_nacimiento,
        u1_0.foto_perfil,
        u1_0.nombres,
        u1_0.id_rol,
        u1_0.id_unidad_educativa,
        u1_0.updated_at 
    from
        usuario u1_0 
    where
        u1_0.correo=?
Hibernate: 
    select
        u1_0.id_usuario,
        u1_0.apellido_materno,
        u1_0.apellido_paterno,
        u1_0.ci,
        u1_0.contrasena,
        u1_0.correo,
        u1_0.created_at,
        u1_0.estado,
        u1_0.fecha_nacimiento,
        u1_0.foto_perfil,
        u1_0.nombres,
        u1_0.id_rol,
        u1_0.id_unidad_educativa,
        u1_0.updated_at 
    from
        usuario u1_0 
    where
        u1_0.correo=?
Hibernate: 
    select
        u1_0.id_usuario,
        u1_0.apellido_materno,
        u1_0.apellido_paterno,
        u1_0.ci,
        u1_0.contrasena,
        u1_0.correo,
        u1_0.created_at,
        u1_0.estado,
        u1_0.fecha_nacimiento,
        u1_0.foto_perfil,
        u1_0.nombres,
        u1_0.id_rol,
        u1_0.id_unidad_educativa,
        u1_0.updated_at 
    from
        usuario u1_0 
    where
        u1_0.correo=?
2025-12-21T23:49:56.372-04:00 DEBUG 21711 --- [unidad-educativa] [           main] o.s.security.web.FilterChainProxy        : Securing GET /api/finanzas/pagos
Hibernate: 
    select
        u1_0.id_usuario,
        u1_0.apellido_materno,
        u1_0.apellido_paterno,
        u1_0.ci,
        u1_0.contrasena,
        u1_0.correo,
        u1_0.created_at,
        u1_0.estado,
        u1_0.fecha_nacimiento,
        u1_0.foto_perfil,
        u1_0.nombres,
        u1_0.id_rol,
        u1_0.id_unidad_educativa,
        u1_0.updated_at 
    from
        usuario u1_0 
    where
        u1_0.correo=?
2025-12-21T23:49:56.390-04:00 DEBUG 21711 --- [unidad-educativa] [           main] o.s.security.web.FilterChainProxy        : Secured GET /api/finanzas/pagos
Hibernate: 
    select
        p1_0.id_pago,
        p1_0.id_cajero,
        p1_0.id_cuenta_cobrar,
        p1_0.fecha_pago,
        p1_0.metodo_pago,
        p1_0.monto_pagado,
        p1_0.numero_recibo,
        p1_0.observaciones 
    from
        pago p1_0
Hibernate: 
    select
        cc1_0.id_cuenta_cobrar,
        cc1_0.estado,
        cc1_0.id_estudiante,
        cc1_0.fecha_vencimiento,
        cc1_0.monto,
        cc1_0.saldo_pendiente,
        cc1_0.id_tipo_pago 
    from
        cuenta_cobrar cc1_0 
    where
        cc1_0.id_cuenta_cobrar=?
Hibernate: 
    select
        tp1_0.id_tipo_pago,
        tp1_0.fecha_limite,
        tp1_0.id_gestion,
        tp1_0.monto_defecto,
        tp1_0.nombre,
        tp1_0.id_unidad_educativa 
    from
        tipo_pago tp1_0 
    where
        tp1_0.id_tipo_pago=?
Hibernate: 
    select
        cc1_0.id_cuenta_cobrar,
        cc1_0.estado,
        cc1_0.id_estudiante,
        cc1_0.fecha_vencimiento,
        cc1_0.monto,
        cc1_0.saldo_pendiente,
        cc1_0.id_tipo_pago 
    from
        cuenta_cobrar cc1_0 
    where
        cc1_0.id_cuenta_cobrar=?
Hibernate: 
    select
        cc1_0.id_cuenta_cobrar,
        cc1_0.estado,
        cc1_0.id_estudiante,
        cc1_0.fecha_vencimiento,
        cc1_0.monto,
        cc1_0.saldo_pendiente,
        cc1_0.id_tipo_pago 
    from
        cuenta_cobrar cc1_0 
    where
        cc1_0.id_cuenta_cobrar=?
Hibernate: 
    select
        cc1_0.id_cuenta_cobrar,
        cc1_0.estado,
        cc1_0.id_estudiante,
        cc1_0.fecha_vencimiento,
        cc1_0.monto,
        cc1_0.saldo_pendiente,
        cc1_0.id_tipo_pago 
    from
        cuenta_cobrar cc1_0 
    where
        cc1_0.id_cuenta_cobrar=?
Hibernate: 
    select
        cc1_0.id_cuenta_cobrar,
        cc1_0.estado,
        cc1_0.id_estudiante,
        cc1_0.fecha_vencimiento,
        cc1_0.monto,
        cc1_0.saldo_pendiente,
        cc1_0.id_tipo_pago 
    from
        cuenta_cobrar cc1_0 
    where
        cc1_0.id_cuenta_cobrar=?
Hibernate: 
    select
        cc1_0.id_cuenta_cobrar,
        cc1_0.estado,
        cc1_0.id_estudiante,
        cc1_0.fecha_vencimiento,
        cc1_0.monto,
        cc1_0.saldo_pendiente,
        cc1_0.id_tipo_pago 
    from
        cuenta_cobrar cc1_0 
    where
        cc1_0.id_cuenta_cobrar=?
Hibernate: 
    select
        cc1_0.id_cuenta_cobrar,
        cc1_0.estado,
        cc1_0.id_estudiante,
        cc1_0.fecha_vencimiento,
        cc1_0.monto,
        cc1_0.saldo_pendiente,
        cc1_0.id_tipo_pago 
    from
        cuenta_cobrar cc1_0 
    where
        cc1_0.id_cuenta_cobrar=?
Hibernate: 
    select
        cc1_0.id_cuenta_cobrar,
        cc1_0.estado,
        cc1_0.id_estudiante,
        cc1_0.fecha_vencimiento,
        cc1_0.monto,
        cc1_0.saldo_pendiente,
        cc1_0.id_tipo_pago 
    from
        cuenta_cobrar cc1_0 
    where
        cc1_0.id_cuenta_cobrar=?
Hibernate: 
    select
        cc1_0.id_cuenta_cobrar,
        cc1_0.estado,
        cc1_0.id_estudiante,
        cc1_0.fecha_vencimiento,
        cc1_0.monto,
        cc1_0.saldo_pendiente,
        cc1_0.id_tipo_pago 
    from
        cuenta_cobrar cc1_0 
    where
        cc1_0.id_cuenta_cobrar=?
Hibernate: 
    select
        cc1_0.id_cuenta_cobrar,
        cc1_0.estado,
        cc1_0.id_estudiante,
        cc1_0.fecha_vencimiento,
        cc1_0.monto,
        cc1_0.saldo_pendiente,
        cc1_0.id_tipo_pago 
    from
        cuenta_cobrar cc1_0 
    where
        cc1_0.id_cuenta_cobrar=?
Hibernate: 
    select
        cc1_0.id_cuenta_cobrar,
        cc1_0.estado,
        cc1_0.id_estudiante,
        cc1_0.fecha_vencimiento,
        cc1_0.monto,
        cc1_0.saldo_pendiente,
        cc1_0.id_tipo_pago 
    from
        cuenta_cobrar cc1_0 
    where
        cc1_0.id_cuenta_cobrar=?
Hibernate: 
    select
        cc1_0.id_cuenta_cobrar,
        cc1_0.estado,
        cc1_0.id_estudiante,
        cc1_0.fecha_vencimiento,
        cc1_0.monto,
        cc1_0.saldo_pendiente,
        cc1_0.id_tipo_pago 
    from
        cuenta_cobrar cc1_0 
    where
        cc1_0.id_cuenta_cobrar=?
Hibernate: 
    select
        cc1_0.id_cuenta_cobrar,
        cc1_0.estado,
        cc1_0.id_estudiante,
        cc1_0.fecha_vencimiento,
        cc1_0.monto,
        cc1_0.saldo_pendiente,
        cc1_0.id_tipo_pago 
    from
        cuenta_cobrar cc1_0 
    where
        cc1_0.id_cuenta_cobrar=?
Hibernate: 
    select
        cc1_0.id_cuenta_cobrar,
        cc1_0.estado,
        cc1_0.id_estudiante,
        cc1_0.fecha_vencimiento,
        cc1_0.monto,
        cc1_0.saldo_pendiente,
        cc1_0.id_tipo_pago 
    from
        cuenta_cobrar cc1_0 
    where
        cc1_0.id_cuenta_cobrar=?
Hibernate: 
    select
        cc1_0.id_cuenta_cobrar,
        cc1_0.estado,
        cc1_0.id_estudiante,
        cc1_0.fecha_vencimiento,
        cc1_0.monto,
        cc1_0.saldo_pendiente,
        cc1_0.id_tipo_pago 
    from
        cuenta_cobrar cc1_0 
    where
        cc1_0.id_cuenta_cobrar=?
Hibernate: 
    select
        cc1_0.id_cuenta_cobrar,
        cc1_0.estado,
        cc1_0.id_estudiante,
        cc1_0.fecha_vencimiento,
        cc1_0.monto,
        cc1_0.saldo_pendiente,
        cc1_0.id_tipo_pago 
    from
        cuenta_cobrar cc1_0 
    where
        cc1_0.id_cuenta_cobrar=?
Hibernate: 
    select
        cc1_0.id_cuenta_cobrar,
        cc1_0.estado,
        cc1_0.id_estudiante,
        cc1_0.fecha_vencimiento,
        cc1_0.monto,
        cc1_0.saldo_pendiente,
        cc1_0.id_tipo_pago 
    from
        cuenta_cobrar cc1_0 
    where
        cc1_0.id_cuenta_cobrar=?
Hibernate: 
    select
        cc1_0.id_cuenta_cobrar,
        cc1_0.estado,
        cc1_0.id_estudiante,
        cc1_0.fecha_vencimiento,
        cc1_0.monto,
        cc1_0.saldo_pendiente,
        cc1_0.id_tipo_pago 
    from
        cuenta_cobrar cc1_0 
    where
        cc1_0.id_cuenta_cobrar=?
Hibernate: 
    select
        cc1_0.id_cuenta_cobrar,
        cc1_0.estado,
        cc1_0.id_estudiante,
        cc1_0.fecha_vencimiento,
        cc1_0.monto,
        cc1_0.saldo_pendiente,
        cc1_0.id_tipo_pago 
    from
        cuenta_cobrar cc1_0 
    where
        cc1_0.id_cuenta_cobrar=?
Hibernate: 
    select
        cc1_0.id_cuenta_cobrar,
        cc1_0.estado,
        cc1_0.id_estudiante,
        cc1_0.fecha_vencimiento,
        cc1_0.monto,
        cc1_0.saldo_pendiente,
        cc1_0.id_tipo_pago 
    from
        cuenta_cobrar cc1_0 
    where
        cc1_0.id_cuenta_cobrar=?
Hibernate: 
    select
        cc1_0.id_cuenta_cobrar,
        cc1_0.estado,
        cc1_0.id_estudiante,
        cc1_0.fecha_vencimiento,
        cc1_0.monto,
        cc1_0.saldo_pendiente,
        cc1_0.id_tipo_pago 
    from
        cuenta_cobrar cc1_0 
    where
        cc1_0.id_cuenta_cobrar=?
Hibernate: 
    select
        cc1_0.id_cuenta_cobrar,
        cc1_0.estado,
        cc1_0.id_estudiante,
        cc1_0.fecha_vencimiento,
        cc1_0.monto,
        cc1_0.saldo_pendiente,
        cc1_0.id_tipo_pago 
    from
        cuenta_cobrar cc1_0 
    where
        cc1_0.id_cuenta_cobrar=?
Hibernate: 
    select
        cc1_0.id_cuenta_cobrar,
        cc1_0.estado,
        cc1_0.id_estudiante,
        cc1_0.fecha_vencimiento,
        cc1_0.monto,
        cc1_0.saldo_pendiente,
        cc1_0.id_tipo_pago 
    from
        cuenta_cobrar cc1_0 
    where
        cc1_0.id_cuenta_cobrar=?
Hibernate: 
    select
        cc1_0.id_cuenta_cobrar,
        cc1_0.estado,
        cc1_0.id_estudiante,
        cc1_0.fecha_vencimiento,
        cc1_0.monto,
        cc1_0.saldo_pendiente,
        cc1_0.id_tipo_pago 
    from
        cuenta_cobrar cc1_0 
    where
        cc1_0.id_cuenta_cobrar=?
Hibernate: 
    select
        cc1_0.id_cuenta_cobrar,
        cc1_0.estado,
        cc1_0.id_estudiante,
        cc1_0.fecha_vencimiento,
        cc1_0.monto,
        cc1_0.saldo_pendiente,
        cc1_0.id_tipo_pago 
    from
        cuenta_cobrar cc1_0 
    where
        cc1_0.id_cuenta_cobrar=?
Hibernate: 
    select
        cc1_0.id_cuenta_cobrar,
        cc1_0.estado,
        cc1_0.id_estudiante,
        cc1_0.fecha_vencimiento,
        cc1_0.monto,
        cc1_0.saldo_pendiente,
        cc1_0.id_tipo_pago 
    from
        cuenta_cobrar cc1_0 
    where
        cc1_0.id_cuenta_cobrar=?
Hibernate: 
    select
        cc1_0.id_cuenta_cobrar,
        cc1_0.estado,
        cc1_0.id_estudiante,
        cc1_0.fecha_vencimiento,
        cc1_0.monto,
        cc1_0.saldo_pendiente,
        cc1_0.id_tipo_pago 
    from
        cuenta_cobrar cc1_0 
    where
        cc1_0.id_cuenta_cobrar=?
Hibernate: 
    select
        cc1_0.id_cuenta_cobrar,
        cc1_0.estado,
        cc1_0.id_estudiante,
        cc1_0.fecha_vencimiento,
        cc1_0.monto,
        cc1_0.saldo_pendiente,
        cc1_0.id_tipo_pago 
    from
        cuenta_cobrar cc1_0 
    where
        cc1_0.id_cuenta_cobrar=?
Hibernate: 
    select
        cc1_0.id_cuenta_cobrar,
        cc1_0.estado,
        cc1_0.id_estudiante,
        cc1_0.fecha_vencimiento,
        cc1_0.monto,
        cc1_0.saldo_pendiente,
        cc1_0.id_tipo_pago 
    from
        cuenta_cobrar cc1_0 
    where
        cc1_0.id_cuenta_cobrar=?
Hibernate: 
    select
        cc1_0.id_cuenta_cobrar,
        cc1_0.estado,
        cc1_0.id_estudiante,
        cc1_0.fecha_vencimiento,
        cc1_0.monto,
        cc1_0.saldo_pendiente,
        cc1_0.id_tipo_pago 
    from
        cuenta_cobrar cc1_0 
    where
        cc1_0.id_cuenta_cobrar=?
Hibernate: 
    select
        cc1_0.id_cuenta_cobrar,
        cc1_0.estado,
        cc1_0.id_estudiante,
        cc1_0.fecha_vencimiento,
        cc1_0.monto,
        cc1_0.saldo_pendiente,
        cc1_0.id_tipo_pago 
    from
        cuenta_cobrar cc1_0 
    where
        cc1_0.id_cuenta_cobrar=?
Hibernate: 
    select
        cc1_0.id_cuenta_cobrar,
        cc1_0.estado,
        cc1_0.id_estudiante,
        cc1_0.fecha_vencimiento,
        cc1_0.monto,
        cc1_0.saldo_pendiente,
        cc1_0.id_tipo_pago 
    from
        cuenta_cobrar cc1_0 
    where
        cc1_0.id_cuenta_cobrar=?
Hibernate: 
    select
        cc1_0.id_cuenta_cobrar,
        cc1_0.estado,
        cc1_0.id_estudiante,
        cc1_0.fecha_vencimiento,
        cc1_0.monto,
        cc1_0.saldo_pendiente,
        cc1_0.id_tipo_pago 
    from
        cuenta_cobrar cc1_0 
    where
        cc1_0.id_cuenta_cobrar=?
Hibernate: 
    select
        cc1_0.id_cuenta_cobrar,
        cc1_0.estado,
        cc1_0.id_estudiante,
        cc1_0.fecha_vencimiento,
        cc1_0.monto,
        cc1_0.saldo_pendiente,
        cc1_0.id_tipo_pago 
    from
        cuenta_cobrar cc1_0 
    where
        cc1_0.id_cuenta_cobrar=?
Hibernate: 
    select
        cc1_0.id_cuenta_cobrar,
        cc1_0.estado,
        cc1_0.id_estudiante,
        cc1_0.fecha_vencimiento,
        cc1_0.monto,
        cc1_0.saldo_pendiente,
        cc1_0.id_tipo_pago 
    from
        cuenta_cobrar cc1_0 
    where
        cc1_0.id_cuenta_cobrar=?
Hibernate: 
    select
        cc1_0.id_cuenta_cobrar,
        cc1_0.estado,
        cc1_0.id_estudiante,
        cc1_0.fecha_vencimiento,
        cc1_0.monto,
        cc1_0.saldo_pendiente,
        cc1_0.id_tipo_pago 
    from
        cuenta_cobrar cc1_0 
    where
        cc1_0.id_cuenta_cobrar=?
[INFO] Tests run: 1, Failures: 0, Errors: 0, Skipped: 0, Time elapsed: 0.187 s -- in com.unidadeducativa.finanzas.PagoControllerTest
[INFO] Running com.unidadeducativa.finanzas.service.impl.PagoServiceImplTest
[INFO] Tests run: 3, Failures: 0, Errors: 0, Skipped: 0, Time elapsed: 0.427 s -- in com.unidadeducativa.finanzas.service.impl.PagoServiceImplTest
[INFO] Running com.unidadeducativa.UnidadEducativaApplicationTests
2025-12-21T23:49:56.854-04:00  INFO 21711 --- [unidad-educativa] [           main] t.c.s.AnnotationConfigContextLoaderUtils : Could not detect default configuration classes for test class [com.unidadeducativa.UnidadEducativaApplicationTests]: UnidadEducativaApplicationTests does not declare any static, non-private, non-final, nested classes annotated with @Configuration.
2025-12-21T23:49:56.871-04:00  INFO 21711 --- [unidad-educativa] [           main] .b.t.c.SpringBootTestContextBootstrapper : Found @SpringBootConfiguration com.unidadeducativa.UnidadEducativaApplication for test class com.unidadeducativa.UnidadEducativaApplicationTests
2025-12-21T23:49:56.875-04:00  INFO 21711 --- [unidad-educativa] [           main] o.s.b.d.r.RestartApplicationListener     : Restart disabled due to context in which it is running

  .   ____          _            __ _ _
 /\\ / ___'_ __ _ _(_)_ __  __ _ \ \ \ \
( ( )\___ | '_ | '_| | '_ \/ _` | \ \ \ \
 \\/  ___)| |_)| | | | | || (_| |  ) ) ) )
  '  |____| .__|_| |_|_| |_\__, | / / / /
 =========|_|==============|___/=/_/_/_/

 :: Spring Boot ::                (v3.5.3)

2025-12-21T23:49:56.894-04:00  INFO 21711 --- [unidad-educativa] [           main] c.u.UnidadEducativaApplicationTests      : Starting UnidadEducativaApplicationTests using Java 24 with PID 21711 (started by amilcaryujra in /Users/amilcaryujra/Desktop/UMSA/Proyecto Personal/sistema/backend)
2025-12-21T23:49:56.894-04:00 DEBUG 21711 --- [unidad-educativa] [           main] c.u.UnidadEducativaApplicationTests      : Running with Spring Boot v3.5.3, Spring v6.2.8
2025-12-21T23:49:56.894-04:00  INFO 21711 --- [unidad-educativa] [           main] c.u.UnidadEducativaApplicationTests      : The following 1 profile is active: "dev"
2025-12-21T23:49:57.179-04:00  INFO 21711 --- [unidad-educativa] [           main] .s.d.r.c.RepositoryConfigurationDelegate : Bootstrapping Spring Data JPA repositories in DEFAULT mode.
2025-12-21T23:49:57.245-04:00  INFO 21711 --- [unidad-educativa] [           main] .s.d.r.c.RepositoryConfigurationDelegate : Finished Spring Data repository scanning in 64 ms. Found 24 JPA repository interfaces.
2025-12-21T23:49:57.360-04:00  INFO 21711 --- [unidad-educativa] [           main] o.hibernate.jpa.internal.util.LogHelper  : HHH000204: Processing PersistenceUnitInfo [name: default]
2025-12-21T23:49:57.362-04:00  INFO 21711 --- [unidad-educativa] [           main] o.h.c.internal.RegionFactoryInitiator    : HHH000026: Second-level cache disabled
2025-12-21T23:49:57.369-04:00  INFO 21711 --- [unidad-educativa] [           main] o.s.o.j.p.SpringPersistenceUnitInfo      : No LoadTimeWeaver setup: ignoring JPA class transformer
2025-12-21T23:49:57.370-04:00  INFO 21711 --- [unidad-educativa] [           main] com.zaxxer.hikari.HikariDataSource       : HikariPool-2 - Starting...
2025-12-21T23:49:57.497-04:00  INFO 21711 --- [unidad-educativa] [           main] com.zaxxer.hikari.pool.HikariPool        : HikariPool-2 - Added connection org.postgresql.jdbc.PgConnection@4037f80d
2025-12-21T23:49:57.497-04:00  INFO 21711 --- [unidad-educativa] [           main] com.zaxxer.hikari.HikariDataSource       : HikariPool-2 - Start completed.
2025-12-21T23:49:57.510-04:00  WARN 21711 --- [unidad-educativa] [           main] org.hibernate.orm.deprecation            : HHH90000025: PostgreSQLDialect does not need to be specified explicitly using 'hibernate.dialect' (remove the property setting and it will be selected by default)
2025-12-21T23:49:57.513-04:00  INFO 21711 --- [unidad-educativa] [           main] org.hibernate.orm.connections.pooling    : HHH10001005: Database info:
	Database JDBC URL [Connecting through datasource 'HikariDataSource (HikariPool-2)']
	Database driver: undefined/unknown
	Database version: 16.9
	Autocommit mode: undefined/unknown
	Isolation level: undefined/unknown
	Minimum pool size: undefined/unknown
	Maximum pool size: undefined/unknown
2025-12-21T23:49:57.675-04:00  INFO 21711 --- [unidad-educativa] [           main] o.h.e.t.j.p.i.JtaPlatformInitiator       : HHH000489: No JTA platform available (set 'hibernate.transaction.jta.platform' to enable JTA platform integration)
2025-12-21T23:49:59.583-04:00  INFO 21711 --- [unidad-educativa] [           main] j.LocalContainerEntityManagerFactoryBean : Initialized JPA EntityManagerFactory for persistence unit 'default'
Hibernate: 
    select
        count(*) 
    from
        configuracion_paralelo cp1_0
2025-12-21T23:49:59.797-04:00  INFO 21711 --- [unidad-educativa] [           main] r$InitializeUserDetailsManagerConfigurer : Global AuthenticationManager configured with UserDetailsService bean with name customUserDetailsService
2025-12-21T23:49:59.926-04:00  WARN 21711 --- [unidad-educativa] [           main] JpaBaseConfiguration$JpaWebConfiguration : spring.jpa.open-in-view is enabled by default. Therefore, database queries may be performed during view rendering. Explicitly configure spring.jpa.open-in-view to disable this warning
2025-12-21T23:50:00.055-04:00 DEBUG 21711 --- [unidad-educativa] [           main] o.s.s.web.DefaultSecurityFilterChain     : Will secure any request with filters: DisableEncodeUrlFilter, WebAsyncManagerIntegrationFilter, SecurityContextHolderFilter, HeaderWriterFilter, CorsFilter, LogoutFilter, JwtAuthenticationFilter, RequestCacheAwareFilter, SecurityContextHolderAwareRequestFilter, AnonymousAuthenticationFilter, SessionManagementFilter, ExceptionTranslationFilter, AuthorizationFilter
2025-12-21T23:50:00.159-04:00  INFO 21711 --- [unidad-educativa] [           main] c.u.UnidadEducativaApplicationTests      : Started UnidadEducativaApplicationTests in 3.285 seconds (process running for 21.468)
2025-12-21T23:50:00.159-04:00  INFO 21711 --- [unidad-educativa] [           main] c.u.config.DataInitializer               : Inicializando datos base...
2025-12-21T23:50:00.160-04:00  INFO 21711 --- [unidad-educativa] [           main] c.u.config.DataInitializer               : Inicializando datos base...
2025-12-21T23:50:00.218-04:00  WARN 21711 --- [unidad-educativa] [           main] c.u.config.DataInitializer               : Migration SQL failed (might be harmless if first run): Executing an update/delete query
jakarta.persistence.TransactionRequiredException: Executing an update/delete query
	at org.hibernate.internal.AbstractSharedSessionContract.checkTransactionNeededForUpdateOperation(AbstractSharedSessionContract.java:560)
	at org.hibernate.query.spi.AbstractQuery.executeUpdate(AbstractQuery.java:647)
	at java.base/jdk.internal.reflect.DirectMethodHandleAccessor.invoke(DirectMethodHandleAccessor.java:104)
	at java.base/java.lang.reflect.Method.invoke(Method.java:565)
	at org.springframework.orm.jpa.SharedEntityManagerCreator$DeferredQueryInvocationHandler.invoke(SharedEntityManagerCreator.java:419)
	at jdk.proxy2/jdk.proxy2.$Proxy247.executeUpdate(Unknown Source)
	at com.unidadeducativa.config.DataInitializer.run(DataInitializer.java:103)
	at org.springframework.boot.SpringApplication.lambda$callRunner$5(SpringApplication.java:788)
	at org.springframework.util.function.ThrowingConsumer$1.acceptWithException(ThrowingConsumer.java:82)
	at org.springframework.util.function.ThrowingConsumer.accept(ThrowingConsumer.java:60)
	at org.springframework.util.function.ThrowingConsumer$1.accept(ThrowingConsumer.java:86)
	at org.springframework.boot.SpringApplication.callRunner(SpringApplication.java:796)
	at org.springframework.boot.SpringApplication.callRunner(SpringApplication.java:787)
	at org.springframework.boot.SpringApplication.lambda$callRunners$3(SpringApplication.java:772)
	at java.base/java.util.stream.ForEachOps$ForEachOp$OfRef.accept(ForEachOps.java:186)
	at java.base/java.util.stream.SortedOps$SizedRefSortingSink.end(SortedOps.java:357)
	at java.base/java.util.stream.AbstractPipeline.copyInto(AbstractPipeline.java:571)
	at java.base/java.util.stream.AbstractPipeline.wrapAndCopyInto(AbstractPipeline.java:560)
	at java.base/java.util.stream.ForEachOps$ForEachOp.evaluateSequential(ForEachOps.java:153)
	at java.base/java.util.stream.ForEachOps$ForEachOp$OfRef.evaluateSequential(ForEachOps.java:176)
	at java.base/java.util.stream.AbstractPipeline.evaluate(AbstractPipeline.java:265)
	at java.base/java.util.stream.ReferencePipeline.forEach(ReferencePipeline.java:636)
	at org.springframework.boot.SpringApplication.callRunners(SpringApplication.java:772)
	at org.springframework.boot.SpringApplication.run(SpringApplication.java:325)
	at org.springframework.boot.test.context.SpringBootContextLoader.lambda$loadContext$3(SpringBootContextLoader.java:144)
	at org.springframework.util.function.ThrowingSupplier.get(ThrowingSupplier.java:58)
	at org.springframework.util.function.ThrowingSupplier.get(ThrowingSupplier.java:46)
	at org.springframework.boot.SpringApplication.withHook(SpringApplication.java:1461)
	at org.springframework.boot.test.context.SpringBootContextLoader$ContextLoaderHook.run(SpringBootContextLoader.java:563)
	at org.springframework.boot.test.context.SpringBootContextLoader.loadContext(SpringBootContextLoader.java:144)
	at org.springframework.boot.test.context.SpringBootContextLoader.loadContext(SpringBootContextLoader.java:110)
	at org.springframework.test.context.cache.DefaultCacheAwareContextLoaderDelegate.loadContextInternal(DefaultCacheAwareContextLoaderDelegate.java:225)
	at org.springframework.test.context.cache.DefaultCacheAwareContextLoaderDelegate.loadContext(DefaultCacheAwareContextLoaderDelegate.java:152)
	at org.springframework.test.context.support.DefaultTestContext.getApplicationContext(DefaultTestContext.java:130)
	at org.springframework.test.context.web.ServletTestExecutionListener.setUpRequestContextIfNecessary(ServletTestExecutionListener.java:200)
	at org.springframework.test.context.web.ServletTestExecutionListener.prepareTestInstance(ServletTestExecutionListener.java:139)
	at org.springframework.test.context.TestContextManager.prepareTestInstance(TestContextManager.java:260)
	at org.springframework.test.context.junit.jupiter.SpringExtension.postProcessTestInstance(SpringExtension.java:159)
	at org.junit.jupiter.engine.descriptor.ClassBasedTestDescriptor.lambda$invokeTestInstancePostProcessors$10(ClassBasedTestDescriptor.java:383)
	at org.junit.jupiter.engine.descriptor.ClassBasedTestDescriptor.executeAndMaskThrowable(ClassBasedTestDescriptor.java:388)
	at org.junit.jupiter.engine.descriptor.ClassBasedTestDescriptor.lambda$invokeTestInstancePostProcessors$11(ClassBasedTestDescriptor.java:382)
	at java.base/java.util.stream.ForEachOps$ForEachOp$OfRef.accept(ForEachOps.java:186)
	at java.base/java.util.stream.ReferencePipeline$3$1.accept(ReferencePipeline.java:215)
	at java.base/java.util.stream.ReferencePipeline$2$1.accept(ReferencePipeline.java:197)
	at java.base/java.util.stream.ReferencePipeline$3$1.accept(ReferencePipeline.java:215)
	at java.base/java.util.ArrayList$ArrayListSpliterator.forEachRemaining(ArrayList.java:1716)
	at java.base/java.util.stream.AbstractPipeline.copyInto(AbstractPipeline.java:570)
	at java.base/java.util.stream.AbstractPipeline.wrapAndCopyInto(AbstractPipeline.java:560)
	at java.base/java.util.stream.ForEachOps$ForEachOp.evaluateSequential(ForEachOps.java:153)
	at java.base/java.util.stream.ForEachOps$ForEachOp$OfRef.evaluateSequential(ForEachOps.java:176)
	at java.base/java.util.stream.AbstractPipeline.evaluate(AbstractPipeline.java:265)
	at java.base/java.util.stream.ReferencePipeline.forEach(ReferencePipeline.java:636)
	at org.junit.jupiter.engine.descriptor.ClassBasedTestDescriptor.invokeTestInstancePostProcessors(ClassBasedTestDescriptor.java:382)
	at org.junit.jupiter.engine.descriptor.ClassBasedTestDescriptor.lambda$instantiateAndPostProcessTestInstance$6(ClassBasedTestDescriptor.java:293)
	at org.junit.platform.engine.support.hierarchical.ThrowableCollector.execute(ThrowableCollector.java:73)
	at org.junit.jupiter.engine.descriptor.ClassBasedTestDescriptor.instantiateAndPostProcessTestInstance(ClassBasedTestDescriptor.java:292)
	at org.junit.jupiter.engine.descriptor.ClassBasedTestDescriptor.lambda$testInstancesProvider$4(ClassBasedTestDescriptor.java:281)
	at java.base/java.util.Optional.orElseGet(Optional.java:364)
	at org.junit.jupiter.engine.descriptor.ClassBasedTestDescriptor.lambda$testInstancesProvider$5(ClassBasedTestDescriptor.java:280)
	at org.junit.jupiter.engine.execution.TestInstancesProvider.getTestInstances(TestInstancesProvider.java:27)
	at org.junit.jupiter.engine.descriptor.TestMethodTestDescriptor.lambda$prepare$0(TestMethodTestDescriptor.java:112)
	at org.junit.platform.engine.support.hierarchical.ThrowableCollector.execute(ThrowableCollector.java:73)
	at org.junit.jupiter.engine.descriptor.TestMethodTestDescriptor.prepare(TestMethodTestDescriptor.java:111)
	at org.junit.jupiter.engine.descriptor.TestMethodTestDescriptor.prepare(TestMethodTestDescriptor.java:69)
	at org.junit.platform.engine.support.hierarchical.NodeTestTask.lambda$prepare$2(NodeTestTask.java:128)
	at org.junit.platform.engine.support.hierarchical.ThrowableCollector.execute(ThrowableCollector.java:73)
	at org.junit.platform.engine.support.hierarchical.NodeTestTask.prepare(NodeTestTask.java:128)
	at org.junit.platform.engine.support.hierarchical.NodeTestTask.execute(NodeTestTask.java:95)
	at java.base/java.util.ArrayList.forEach(ArrayList.java:1604)
	at org.junit.platform.engine.support.hierarchical.SameThreadHierarchicalTestExecutorService.invokeAll(SameThreadHierarchicalTestExecutorService.java:41)
	at org.junit.platform.engine.support.hierarchical.NodeTestTask.lambda$executeRecursively$6(NodeTestTask.java:160)
	at org.junit.platform.engine.support.hierarchical.ThrowableCollector.execute(ThrowableCollector.java:73)
	at org.junit.platform.engine.support.hierarchical.NodeTestTask.lambda$executeRecursively$8(NodeTestTask.java:146)
	at org.junit.platform.engine.support.hierarchical.Node.around(Node.java:137)
	at org.junit.platform.engine.support.hierarchical.NodeTestTask.lambda$executeRecursively$9(NodeTestTask.java:144)
	at org.junit.platform.engine.support.hierarchical.ThrowableCollector.execute(ThrowableCollector.java:73)
	at org.junit.platform.engine.support.hierarchical.NodeTestTask.executeRecursively(NodeTestTask.java:143)
	at org.junit.platform.engine.support.hierarchical.NodeTestTask.execute(NodeTestTask.java:100)
	at java.base/java.util.ArrayList.forEach(ArrayList.java:1604)
	at org.junit.platform.engine.support.hierarchical.SameThreadHierarchicalTestExecutorService.invokeAll(SameThreadHierarchicalTestExecutorService.java:41)
	at org.junit.platform.engine.support.hierarchical.NodeTestTask.lambda$executeRecursively$6(NodeTestTask.java:160)
	at org.junit.platform.engine.support.hierarchical.ThrowableCollector.execute(ThrowableCollector.java:73)
	at org.junit.platform.engine.support.hierarchical.NodeTestTask.lambda$executeRecursively$8(NodeTestTask.java:146)
	at org.junit.platform.engine.support.hierarchical.Node.around(Node.java:137)
	at org.junit.platform.engine.support.hierarchical.NodeTestTask.lambda$executeRecursively$9(NodeTestTask.java:144)
	at org.junit.platform.engine.support.hierarchical.ThrowableCollector.execute(ThrowableCollector.java:73)
	at org.junit.platform.engine.support.hierarchical.NodeTestTask.executeRecursively(NodeTestTask.java:143)
	at org.junit.platform.engine.support.hierarchical.NodeTestTask.execute(NodeTestTask.java:100)
	at org.junit.platform.engine.support.hierarchical.SameThreadHierarchicalTestExecutorService.submit(SameThreadHierarchicalTestExecutorService.java:35)
	at org.junit.platform.engine.support.hierarchical.HierarchicalTestExecutor.execute(HierarchicalTestExecutor.java:57)
	at org.junit.platform.engine.support.hierarchical.HierarchicalTestEngine.execute(HierarchicalTestEngine.java:54)
	at org.junit.platform.launcher.core.EngineExecutionOrchestrator.execute(EngineExecutionOrchestrator.java:201)
	at org.junit.platform.launcher.core.EngineExecutionOrchestrator.execute(EngineExecutionOrchestrator.java:170)
	at org.junit.platform.launcher.core.EngineExecutionOrchestrator.execute(EngineExecutionOrchestrator.java:94)
	at org.junit.platform.launcher.core.EngineExecutionOrchestrator.lambda$execute$0(EngineExecutionOrchestrator.java:59)
	at org.junit.platform.launcher.core.EngineExecutionOrchestrator.withInterceptedStreams(EngineExecutionOrchestrator.java:142)
	at org.junit.platform.launcher.core.EngineExecutionOrchestrator.execute(EngineExecutionOrchestrator.java:58)
	at org.junit.platform.launcher.core.DefaultLauncher.execute(DefaultLauncher.java:103)
	at org.junit.platform.launcher.core.DefaultLauncher.execute(DefaultLauncher.java:85)
	at org.junit.platform.launcher.core.DelegatingLauncher.execute(DelegatingLauncher.java:47)
	at org.junit.platform.launcher.core.InterceptingLauncher.lambda$execute$1(InterceptingLauncher.java:39)
	at org.junit.platform.launcher.core.ClasspathAlignmentCheckingLauncherInterceptor.intercept(ClasspathAlignmentCheckingLauncherInterceptor.java:25)
	at org.junit.platform.launcher.core.InterceptingLauncher.execute(InterceptingLauncher.java:38)
	at org.junit.platform.launcher.core.DelegatingLauncher.execute(DelegatingLauncher.java:47)
	at org.apache.maven.surefire.junitplatform.LazyLauncher.execute(LazyLauncher.java:56)
	at org.apache.maven.surefire.junitplatform.JUnitPlatformProvider.execute(JUnitPlatformProvider.java:194)
	at org.apache.maven.surefire.junitplatform.JUnitPlatformProvider.invokeAllTests(JUnitPlatformProvider.java:150)
	at org.apache.maven.surefire.junitplatform.JUnitPlatformProvider.invoke(JUnitPlatformProvider.java:124)
	at org.apache.maven.surefire.booter.ForkedBooter.runSuitesInProcess(ForkedBooter.java:385)
	at org.apache.maven.surefire.booter.ForkedBooter.execute(ForkedBooter.java:162)
	at org.apache.maven.surefire.booter.ForkedBooter.run(ForkedBooter.java:507)
	at org.apache.maven.surefire.booter.ForkedBooter.main(ForkedBooter.java:495)
2025-12-21T23:50:00.219-04:00  WARN 21711 --- [unidad-educativa] [           main] c.u.config.DataInitializer               : Migration 0.5 failed: Executing an update/delete query
Hibernate: 
    select
        r1_0.id_rol,
        r1_0.nombre 
    from
        rol r1_0 
    where
        r1_0.nombre=?
Hibernate: 
    select
        r1_0.id_rol,
        r1_0.nombre 
    from
        rol r1_0 
    where
        r1_0.nombre=?
Hibernate: 
    select
        r1_0.id_rol,
        r1_0.nombre 
    from
        rol r1_0 
    where
        r1_0.nombre=?
Hibernate: 
    select
        r1_0.id_rol,
        r1_0.nombre 
    from
        rol r1_0 
    where
        r1_0.nombre=?
Hibernate: 
    select
        r1_0.id_rol,
        r1_0.nombre 
    from
        rol r1_0 
    where
        r1_0.nombre=?
Hibernate: 
    select
        ue1_0.id_unidad_educativa,
        ue1_0.direccion,
        ue1_0.estado,
        ue1_0.logo_url,
        ue1_0.nombre,
        ue1_0.sie 
    from
        unidad_educativa ue1_0 
    where
        ue1_0.sie=?
2025-12-21T23:50:00.228-04:00  INFO 21711 --- [unidad-educativa] [           main] c.u.i.s.SchoolInitializationService      : Iniciando configuración automática para Unidad Educativa: Unidad Educativa San Andres
Hibernate: 
    select
        ga1_0.id_gestion,
        ga1_0.anio,
        ga1_0.estado,
        ga1_0.id_unidad_educativa 
    from
        gestion_academica ga1_0 
    left join
        unidad_educativa ue1_0 
            on ue1_0.id_unidad_educativa=ga1_0.id_unidad_educativa 
    where
        ga1_0.anio=? 
        and ue1_0.id_unidad_educativa=?
Hibernate: 
    select
        g1_0.id_grado,
        g1_0.nivel,
        g1_0.nombre 
    from
        grado g1_0 
    where
        g1_0.nombre=? 
        and g1_0.nivel=?
Hibernate: 
    select
        m1_0.id_materia,
        m1_0.nombre,
        m1_0.id_unidad_educativa 
    from
        materia m1_0 
    left join
        unidad_educativa ue1_0 
            on ue1_0.id_unidad_educativa=m1_0.id_unidad_educativa 
    where
        ue1_0.id_unidad_educativa=?
Hibernate: 
    select
        gm1_0.id_grado_materia 
    from
        grado_materia gm1_0 
    where
        gm1_0.id_grado=? 
        and gm1_0.id_materia=? 
        and gm1_0.id_gestion=? 
    fetch
        first ? rows only
Hibernate: 
    select
        m1_0.id_materia,
        m1_0.nombre,
        m1_0.id_unidad_educativa 
    from
        materia m1_0 
    left join
        unidad_educativa ue1_0 
            on ue1_0.id_unidad_educativa=m1_0.id_unidad_educativa 
    where
        ue1_0.id_unidad_educativa=?
Hibernate: 
    select
        gm1_0.id_grado_materia 
    from
        grado_materia gm1_0 
    where
        gm1_0.id_grado=? 
        and gm1_0.id_materia=? 
        and gm1_0.id_gestion=? 
    fetch
        first ? rows only
Hibernate: 
    select
        m1_0.id_materia,
        m1_0.nombre,
        m1_0.id_unidad_educativa 
    from
        materia m1_0 
    left join
        unidad_educativa ue1_0 
            on ue1_0.id_unidad_educativa=m1_0.id_unidad_educativa 
    where
        ue1_0.id_unidad_educativa=?
Hibernate: 
    select
        gm1_0.id_grado_materia 
    from
        grado_materia gm1_0 
    where
        gm1_0.id_grado=? 
        and gm1_0.id_materia=? 
        and gm1_0.id_gestion=? 
    fetch
        first ? rows only
Hibernate: 
    select
        m1_0.id_materia,
        m1_0.nombre,
        m1_0.id_unidad_educativa 
    from
        materia m1_0 
    left join
        unidad_educativa ue1_0 
            on ue1_0.id_unidad_educativa=m1_0.id_unidad_educativa 
    where
        ue1_0.id_unidad_educativa=?
Hibernate: 
    select
        gm1_0.id_grado_materia 
    from
        grado_materia gm1_0 
    where
        gm1_0.id_grado=? 
        and gm1_0.id_materia=? 
        and gm1_0.id_gestion=? 
    fetch
        first ? rows only
Hibernate: 
    select
        m1_0.id_materia,
        m1_0.nombre,
        m1_0.id_unidad_educativa 
    from
        materia m1_0 
    left join
        unidad_educativa ue1_0 
            on ue1_0.id_unidad_educativa=m1_0.id_unidad_educativa 
    where
        ue1_0.id_unidad_educativa=?
Hibernate: 
    select
        gm1_0.id_grado_materia 
    from
        grado_materia gm1_0 
    where
        gm1_0.id_grado=? 
        and gm1_0.id_materia=? 
        and gm1_0.id_gestion=? 
    fetch
        first ? rows only
Hibernate: 
    select
        m1_0.id_materia,
        m1_0.nombre,
        m1_0.id_unidad_educativa 
    from
        materia m1_0 
    left join
        unidad_educativa ue1_0 
            on ue1_0.id_unidad_educativa=m1_0.id_unidad_educativa 
    where
        ue1_0.id_unidad_educativa=?
Hibernate: 
    select
        gm1_0.id_grado_materia 
    from
        grado_materia gm1_0 
    where
        gm1_0.id_grado=? 
        and gm1_0.id_materia=? 
        and gm1_0.id_gestion=? 
    fetch
        first ? rows only
Hibernate: 
    select
        m1_0.id_materia,
        m1_0.nombre,
        m1_0.id_unidad_educativa 
    from
        materia m1_0 
    left join
        unidad_educativa ue1_0 
            on ue1_0.id_unidad_educativa=m1_0.id_unidad_educativa 
    where
        ue1_0.id_unidad_educativa=?
Hibernate: 
    select
        gm1_0.id_grado_materia 
    from
        grado_materia gm1_0 
    where
        gm1_0.id_grado=? 
        and gm1_0.id_materia=? 
        and gm1_0.id_gestion=? 
    fetch
        first ? rows only
Hibernate: 
    select
        m1_0.id_materia,
        m1_0.nombre,
        m1_0.id_unidad_educativa 
    from
        materia m1_0 
    left join
        unidad_educativa ue1_0 
            on ue1_0.id_unidad_educativa=m1_0.id_unidad_educativa 
    where
        ue1_0.id_unidad_educativa=?
Hibernate: 
    select
        gm1_0.id_grado_materia 
    from
        grado_materia gm1_0 
    where
        gm1_0.id_grado=? 
        and gm1_0.id_materia=? 
        and gm1_0.id_gestion=? 
    fetch
        first ? rows only
Hibernate: 
    select
        m1_0.id_materia,
        m1_0.nombre,
        m1_0.id_unidad_educativa 
    from
        materia m1_0 
    left join
        unidad_educativa ue1_0 
            on ue1_0.id_unidad_educativa=m1_0.id_unidad_educativa 
    where
        ue1_0.id_unidad_educativa=?
Hibernate: 
    select
        gm1_0.id_grado_materia 
    from
        grado_materia gm1_0 
    where
        gm1_0.id_grado=? 
        and gm1_0.id_materia=? 
        and gm1_0.id_gestion=? 
    fetch
        first ? rows only
Hibernate: 
    select
        g1_0.id_grado,
        g1_0.nivel,
        g1_0.nombre 
    from
        grado g1_0 
    where
        g1_0.nombre=? 
        and g1_0.nivel=?
Hibernate: 
    select
        m1_0.id_materia,
        m1_0.nombre,
        m1_0.id_unidad_educativa 
    from
        materia m1_0 
    left join
        unidad_educativa ue1_0 
            on ue1_0.id_unidad_educativa=m1_0.id_unidad_educativa 
    where
        ue1_0.id_unidad_educativa=?
Hibernate: 
    select
        gm1_0.id_grado_materia 
    from
        grado_materia gm1_0 
    where
        gm1_0.id_grado=? 
        and gm1_0.id_materia=? 
        and gm1_0.id_gestion=? 
    fetch
        first ? rows only
Hibernate: 
    select
        m1_0.id_materia,
        m1_0.nombre,
        m1_0.id_unidad_educativa 
    from
        materia m1_0 
    left join
        unidad_educativa ue1_0 
            on ue1_0.id_unidad_educativa=m1_0.id_unidad_educativa 
    where
        ue1_0.id_unidad_educativa=?
Hibernate: 
    select
        gm1_0.id_grado_materia 
    from
        grado_materia gm1_0 
    where
        gm1_0.id_grado=? 
        and gm1_0.id_materia=? 
        and gm1_0.id_gestion=? 
    fetch
        first ? rows only
Hibernate: 
    select
        m1_0.id_materia,
        m1_0.nombre,
        m1_0.id_unidad_educativa 
    from
        materia m1_0 
    left join
        unidad_educativa ue1_0 
            on ue1_0.id_unidad_educativa=m1_0.id_unidad_educativa 
    where
        ue1_0.id_unidad_educativa=?
Hibernate: 
    select
        gm1_0.id_grado_materia 
    from
        grado_materia gm1_0 
    where
        gm1_0.id_grado=? 
        and gm1_0.id_materia=? 
        and gm1_0.id_gestion=? 
    fetch
        first ? rows only
Hibernate: 
    select
        m1_0.id_materia,
        m1_0.nombre,
        m1_0.id_unidad_educativa 
    from
        materia m1_0 
    left join
        unidad_educativa ue1_0 
            on ue1_0.id_unidad_educativa=m1_0.id_unidad_educativa 
    where
        ue1_0.id_unidad_educativa=?
Hibernate: 
    select
        gm1_0.id_grado_materia 
    from
        grado_materia gm1_0 
    where
        gm1_0.id_grado=? 
        and gm1_0.id_materia=? 
        and gm1_0.id_gestion=? 
    fetch
        first ? rows only
Hibernate: 
    select
        m1_0.id_materia,
        m1_0.nombre,
        m1_0.id_unidad_educativa 
    from
        materia m1_0 
    left join
        unidad_educativa ue1_0 
            on ue1_0.id_unidad_educativa=m1_0.id_unidad_educativa 
    where
        ue1_0.id_unidad_educativa=?
Hibernate: 
    select
        gm1_0.id_grado_materia 
    from
        grado_materia gm1_0 
    where
        gm1_0.id_grado=? 
        and gm1_0.id_materia=? 
        and gm1_0.id_gestion=? 
    fetch
        first ? rows only
Hibernate: 
    select
        m1_0.id_materia,
        m1_0.nombre,
        m1_0.id_unidad_educativa 
    from
        materia m1_0 
    left join
        unidad_educativa ue1_0 
            on ue1_0.id_unidad_educativa=m1_0.id_unidad_educativa 
    where
        ue1_0.id_unidad_educativa=?
Hibernate: 
    select
        gm1_0.id_grado_materia 
    from
        grado_materia gm1_0 
    where
        gm1_0.id_grado=? 
        and gm1_0.id_materia=? 
        and gm1_0.id_gestion=? 
    fetch
        first ? rows only
Hibernate: 
    select
        m1_0.id_materia,
        m1_0.nombre,
        m1_0.id_unidad_educativa 
    from
        materia m1_0 
    left join
        unidad_educativa ue1_0 
            on ue1_0.id_unidad_educativa=m1_0.id_unidad_educativa 
    where
        ue1_0.id_unidad_educativa=?
Hibernate: 
    select
        gm1_0.id_grado_materia 
    from
        grado_materia gm1_0 
    where
        gm1_0.id_grado=? 
        and gm1_0.id_materia=? 
        and gm1_0.id_gestion=? 
    fetch
        first ? rows only
Hibernate: 
    select
        m1_0.id_materia,
        m1_0.nombre,
        m1_0.id_unidad_educativa 
    from
        materia m1_0 
    left join
        unidad_educativa ue1_0 
            on ue1_0.id_unidad_educativa=m1_0.id_unidad_educativa 
    where
        ue1_0.id_unidad_educativa=?
Hibernate: 
    select
        gm1_0.id_grado_materia 
    from
        grado_materia gm1_0 
    where
        gm1_0.id_grado=? 
        and gm1_0.id_materia=? 
        and gm1_0.id_gestion=? 
    fetch
        first ? rows only
Hibernate: 
    select
        m1_0.id_materia,
        m1_0.nombre,
        m1_0.id_unidad_educativa 
    from
        materia m1_0 
    left join
        unidad_educativa ue1_0 
            on ue1_0.id_unidad_educativa=m1_0.id_unidad_educativa 
    where
        ue1_0.id_unidad_educativa=?
Hibernate: 
    select
        gm1_0.id_grado_materia 
    from
        grado_materia gm1_0 
    where
        gm1_0.id_grado=? 
        and gm1_0.id_materia=? 
        and gm1_0.id_gestion=? 
    fetch
        first ? rows only
Hibernate: 
    select
        m1_0.id_materia,
        m1_0.nombre,
        m1_0.id_unidad_educativa 
    from
        materia m1_0 
    left join
        unidad_educativa ue1_0 
            on ue1_0.id_unidad_educativa=m1_0.id_unidad_educativa 
    where
        ue1_0.id_unidad_educativa=?
Hibernate: 
    select
        gm1_0.id_grado_materia 
    from
        grado_materia gm1_0 
    where
        gm1_0.id_grado=? 
        and gm1_0.id_materia=? 
        and gm1_0.id_gestion=? 
    fetch
        first ? rows only
Hibernate: 
    select
        m1_0.id_materia,
        m1_0.nombre,
        m1_0.id_unidad_educativa 
    from
        materia m1_0 
    left join
        unidad_educativa ue1_0 
            on ue1_0.id_unidad_educativa=m1_0.id_unidad_educativa 
    where
        ue1_0.id_unidad_educativa=?
Hibernate: 
    select
        gm1_0.id_grado_materia 
    from
        grado_materia gm1_0 
    where
        gm1_0.id_grado=? 
        and gm1_0.id_materia=? 
        and gm1_0.id_gestion=? 
    fetch
        first ? rows only
Hibernate: 
    select
        g1_0.id_grado,
        g1_0.nivel,
        g1_0.nombre 
    from
        grado g1_0 
    where
        g1_0.nombre=? 
        and g1_0.nivel=?
Hibernate: 
    select
        m1_0.id_materia,
        m1_0.nombre,
        m1_0.id_unidad_educativa 
    from
        materia m1_0 
    left join
        unidad_educativa ue1_0 
            on ue1_0.id_unidad_educativa=m1_0.id_unidad_educativa 
    where
        ue1_0.id_unidad_educativa=?
Hibernate: 
    select
        gm1_0.id_grado_materia 
    from
        grado_materia gm1_0 
    where
        gm1_0.id_grado=? 
        and gm1_0.id_materia=? 
        and gm1_0.id_gestion=? 
    fetch
        first ? rows only
Hibernate: 
    select
        m1_0.id_materia,
        m1_0.nombre,
        m1_0.id_unidad_educativa 
    from
        materia m1_0 
    left join
        unidad_educativa ue1_0 
            on ue1_0.id_unidad_educativa=m1_0.id_unidad_educativa 
    where
        ue1_0.id_unidad_educativa=?
Hibernate: 
    select
        gm1_0.id_grado_materia 
    from
        grado_materia gm1_0 
    where
        gm1_0.id_grado=? 
        and gm1_0.id_materia=? 
        and gm1_0.id_gestion=? 
    fetch
        first ? rows only
Hibernate: 
    select
        m1_0.id_materia,
        m1_0.nombre,
        m1_0.id_unidad_educativa 
    from
        materia m1_0 
    left join
        unidad_educativa ue1_0 
            on ue1_0.id_unidad_educativa=m1_0.id_unidad_educativa 
    where
        ue1_0.id_unidad_educativa=?
Hibernate: 
    select
        gm1_0.id_grado_materia 
    from
        grado_materia gm1_0 
    where
        gm1_0.id_grado=? 
        and gm1_0.id_materia=? 
        and gm1_0.id_gestion=? 
    fetch
        first ? rows only
Hibernate: 
    select
        m1_0.id_materia,
        m1_0.nombre,
        m1_0.id_unidad_educativa 
    from
        materia m1_0 
    left join
        unidad_educativa ue1_0 
            on ue1_0.id_unidad_educativa=m1_0.id_unidad_educativa 
    where
        ue1_0.id_unidad_educativa=?
Hibernate: 
    select
        gm1_0.id_grado_materia 
    from
        grado_materia gm1_0 
    where
        gm1_0.id_grado=? 
        and gm1_0.id_materia=? 
        and gm1_0.id_gestion=? 
    fetch
        first ? rows only
Hibernate: 
    select
        m1_0.id_materia,
        m1_0.nombre,
        m1_0.id_unidad_educativa 
    from
        materia m1_0 
    left join
        unidad_educativa ue1_0 
            on ue1_0.id_unidad_educativa=m1_0.id_unidad_educativa 
    where
        ue1_0.id_unidad_educativa=?
Hibernate: 
    select
        gm1_0.id_grado_materia 
    from
        grado_materia gm1_0 
    where
        gm1_0.id_grado=? 
        and gm1_0.id_materia=? 
        and gm1_0.id_gestion=? 
    fetch
        first ? rows only
Hibernate: 
    select
        m1_0.id_materia,
        m1_0.nombre,
        m1_0.id_unidad_educativa 
    from
        materia m1_0 
    left join
        unidad_educativa ue1_0 
            on ue1_0.id_unidad_educativa=m1_0.id_unidad_educativa 
    where
        ue1_0.id_unidad_educativa=?
Hibernate: 
    select
        gm1_0.id_grado_materia 
    from
        grado_materia gm1_0 
    where
        gm1_0.id_grado=? 
        and gm1_0.id_materia=? 
        and gm1_0.id_gestion=? 
    fetch
        first ? rows only
Hibernate: 
    select
        m1_0.id_materia,
        m1_0.nombre,
        m1_0.id_unidad_educativa 
    from
        materia m1_0 
    left join
        unidad_educativa ue1_0 
            on ue1_0.id_unidad_educativa=m1_0.id_unidad_educativa 
    where
        ue1_0.id_unidad_educativa=?
Hibernate: 
    select
        gm1_0.id_grado_materia 
    from
        grado_materia gm1_0 
    where
        gm1_0.id_grado=? 
        and gm1_0.id_materia=? 
        and gm1_0.id_gestion=? 
    fetch
        first ? rows only
Hibernate: 
    select
        m1_0.id_materia,
        m1_0.nombre,
        m1_0.id_unidad_educativa 
    from
        materia m1_0 
    left join
        unidad_educativa ue1_0 
            on ue1_0.id_unidad_educativa=m1_0.id_unidad_educativa 
    where
        ue1_0.id_unidad_educativa=?
Hibernate: 
    select
        gm1_0.id_grado_materia 
    from
        grado_materia gm1_0 
    where
        gm1_0.id_grado=? 
        and gm1_0.id_materia=? 
        and gm1_0.id_gestion=? 
    fetch
        first ? rows only
Hibernate: 
    select
        m1_0.id_materia,
        m1_0.nombre,
        m1_0.id_unidad_educativa 
    from
        materia m1_0 
    left join
        unidad_educativa ue1_0 
            on ue1_0.id_unidad_educativa=m1_0.id_unidad_educativa 
    where
        ue1_0.id_unidad_educativa=?
Hibernate: 
    select
        gm1_0.id_grado_materia 
    from
        grado_materia gm1_0 
    where
        gm1_0.id_grado=? 
        and gm1_0.id_materia=? 
        and gm1_0.id_gestion=? 
    fetch
        first ? rows only
Hibernate: 
    select
        g1_0.id_grado,
        g1_0.nivel,
        g1_0.nombre 
    from
        grado g1_0 
    where
        g1_0.nombre=? 
        and g1_0.nivel=?
Hibernate: 
    select
        m1_0.id_materia,
        m1_0.nombre,
        m1_0.id_unidad_educativa 
    from
        materia m1_0 
    left join
        unidad_educativa ue1_0 
            on ue1_0.id_unidad_educativa=m1_0.id_unidad_educativa 
    where
        ue1_0.id_unidad_educativa=?
Hibernate: 
    select
        gm1_0.id_grado_materia 
    from
        grado_materia gm1_0 
    where
        gm1_0.id_grado=? 
        and gm1_0.id_materia=? 
        and gm1_0.id_gestion=? 
    fetch
        first ? rows only
Hibernate: 
    select
        m1_0.id_materia,
        m1_0.nombre,
        m1_0.id_unidad_educativa 
    from
        materia m1_0 
    left join
        unidad_educativa ue1_0 
            on ue1_0.id_unidad_educativa=m1_0.id_unidad_educativa 
    where
        ue1_0.id_unidad_educativa=?
Hibernate: 
    select
        gm1_0.id_grado_materia 
    from
        grado_materia gm1_0 
    where
        gm1_0.id_grado=? 
        and gm1_0.id_materia=? 
        and gm1_0.id_gestion=? 
    fetch
        first ? rows only
Hibernate: 
    select
        m1_0.id_materia,
        m1_0.nombre,
        m1_0.id_unidad_educativa 
    from
        materia m1_0 
    left join
        unidad_educativa ue1_0 
            on ue1_0.id_unidad_educativa=m1_0.id_unidad_educativa 
    where
        ue1_0.id_unidad_educativa=?
Hibernate: 
    select
        gm1_0.id_grado_materia 
    from
        grado_materia gm1_0 
    where
        gm1_0.id_grado=? 
        and gm1_0.id_materia=? 
        and gm1_0.id_gestion=? 
    fetch
        first ? rows only
Hibernate: 
    select
        m1_0.id_materia,
        m1_0.nombre,
        m1_0.id_unidad_educativa 
    from
        materia m1_0 
    left join
        unidad_educativa ue1_0 
            on ue1_0.id_unidad_educativa=m1_0.id_unidad_educativa 
    where
        ue1_0.id_unidad_educativa=?
Hibernate: 
    select
        gm1_0.id_grado_materia 
    from
        grado_materia gm1_0 
    where
        gm1_0.id_grado=? 
        and gm1_0.id_materia=? 
        and gm1_0.id_gestion=? 
    fetch
        first ? rows only
Hibernate: 
    select
        m1_0.id_materia,
        m1_0.nombre,
        m1_0.id_unidad_educativa 
    from
        materia m1_0 
    left join
        unidad_educativa ue1_0 
            on ue1_0.id_unidad_educativa=m1_0.id_unidad_educativa 
    where
        ue1_0.id_unidad_educativa=?
Hibernate: 
    select
        gm1_0.id_grado_materia 
    from
        grado_materia gm1_0 
    where
        gm1_0.id_grado=? 
        and gm1_0.id_materia=? 
        and gm1_0.id_gestion=? 
    fetch
        first ? rows only
Hibernate: 
    select
        m1_0.id_materia,
        m1_0.nombre,
        m1_0.id_unidad_educativa 
    from
        materia m1_0 
    left join
        unidad_educativa ue1_0 
            on ue1_0.id_unidad_educativa=m1_0.id_unidad_educativa 
    where
        ue1_0.id_unidad_educativa=?
Hibernate: 
    select
        gm1_0.id_grado_materia 
    from
        grado_materia gm1_0 
    where
        gm1_0.id_grado=? 
        and gm1_0.id_materia=? 
        and gm1_0.id_gestion=? 
    fetch
        first ? rows only
Hibernate: 
    select
        m1_0.id_materia,
        m1_0.nombre,
        m1_0.id_unidad_educativa 
    from
        materia m1_0 
    left join
        unidad_educativa ue1_0 
            on ue1_0.id_unidad_educativa=m1_0.id_unidad_educativa 
    where
        ue1_0.id_unidad_educativa=?
Hibernate: 
    select
        gm1_0.id_grado_materia 
    from
        grado_materia gm1_0 
    where
        gm1_0.id_grado=? 
        and gm1_0.id_materia=? 
        and gm1_0.id_gestion=? 
    fetch
        first ? rows only
Hibernate: 
    select
        m1_0.id_materia,
        m1_0.nombre,
        m1_0.id_unidad_educativa 
    from
        materia m1_0 
    left join
        unidad_educativa ue1_0 
            on ue1_0.id_unidad_educativa=m1_0.id_unidad_educativa 
    where
        ue1_0.id_unidad_educativa=?
Hibernate: 
    select
        gm1_0.id_grado_materia 
    from
        grado_materia gm1_0 
    where
        gm1_0.id_grado=? 
        and gm1_0.id_materia=? 
        and gm1_0.id_gestion=? 
    fetch
        first ? rows only
Hibernate: 
    select
        m1_0.id_materia,
        m1_0.nombre,
        m1_0.id_unidad_educativa 
    from
        materia m1_0 
    left join
        unidad_educativa ue1_0 
            on ue1_0.id_unidad_educativa=m1_0.id_unidad_educativa 
    where
        ue1_0.id_unidad_educativa=?
Hibernate: 
    select
        gm1_0.id_grado_materia 
    from
        grado_materia gm1_0 
    where
        gm1_0.id_grado=? 
        and gm1_0.id_materia=? 
        and gm1_0.id_gestion=? 
    fetch
        first ? rows only
Hibernate: 
    select
        m1_0.id_materia,
        m1_0.nombre,
        m1_0.id_unidad_educativa 
    from
        materia m1_0 
    left join
        unidad_educativa ue1_0 
            on ue1_0.id_unidad_educativa=m1_0.id_unidad_educativa 
    where
        ue1_0.id_unidad_educativa=?
Hibernate: 
    select
        gm1_0.id_grado_materia 
    from
        grado_materia gm1_0 
    where
        gm1_0.id_grado=? 
        and gm1_0.id_materia=? 
        and gm1_0.id_gestion=? 
    fetch
        first ? rows only
Hibernate: 
    select
        m1_0.id_materia,
        m1_0.nombre,
        m1_0.id_unidad_educativa 
    from
        materia m1_0 
    left join
        unidad_educativa ue1_0 
            on ue1_0.id_unidad_educativa=m1_0.id_unidad_educativa 
    where
        ue1_0.id_unidad_educativa=?
Hibernate: 
    select
        gm1_0.id_grado_materia 
    from
        grado_materia gm1_0 
    where
        gm1_0.id_grado=? 
        and gm1_0.id_materia=? 
        and gm1_0.id_gestion=? 
    fetch
        first ? rows only
Hibernate: 
    select
        g1_0.id_grado,
        g1_0.nivel,
        g1_0.nombre 
    from
        grado g1_0 
    where
        g1_0.nombre=? 
        and g1_0.nivel=?
Hibernate: 
    select
        m1_0.id_materia,
        m1_0.nombre,
        m1_0.id_unidad_educativa 
    from
        materia m1_0 
    left join
        unidad_educativa ue1_0 
            on ue1_0.id_unidad_educativa=m1_0.id_unidad_educativa 
    where
        ue1_0.id_unidad_educativa=?
Hibernate: 
    select
        gm1_0.id_grado_materia 
    from
        grado_materia gm1_0 
    where
        gm1_0.id_grado=? 
        and gm1_0.id_materia=? 
        and gm1_0.id_gestion=? 
    fetch
        first ? rows only
Hibernate: 
    select
        m1_0.id_materia,
        m1_0.nombre,
        m1_0.id_unidad_educativa 
    from
        materia m1_0 
    left join
        unidad_educativa ue1_0 
            on ue1_0.id_unidad_educativa=m1_0.id_unidad_educativa 
    where
        ue1_0.id_unidad_educativa=?
Hibernate: 
    select
        gm1_0.id_grado_materia 
    from
        grado_materia gm1_0 
    where
        gm1_0.id_grado=? 
        and gm1_0.id_materia=? 
        and gm1_0.id_gestion=? 
    fetch
        first ? rows only
Hibernate: 
    select
        m1_0.id_materia,
        m1_0.nombre,
        m1_0.id_unidad_educativa 
    from
        materia m1_0 
    left join
        unidad_educativa ue1_0 
            on ue1_0.id_unidad_educativa=m1_0.id_unidad_educativa 
    where
        ue1_0.id_unidad_educativa=?
Hibernate: 
    select
        gm1_0.id_grado_materia 
    from
        grado_materia gm1_0 
    where
        gm1_0.id_grado=? 
        and gm1_0.id_materia=? 
        and gm1_0.id_gestion=? 
    fetch
        first ? rows only
Hibernate: 
    select
        m1_0.id_materia,
        m1_0.nombre,
        m1_0.id_unidad_educativa 
    from
        materia m1_0 
    left join
        unidad_educativa ue1_0 
            on ue1_0.id_unidad_educativa=m1_0.id_unidad_educativa 
    where
        ue1_0.id_unidad_educativa=?
Hibernate: 
    select
        gm1_0.id_grado_materia 
    from
        grado_materia gm1_0 
    where
        gm1_0.id_grado=? 
        and gm1_0.id_materia=? 
        and gm1_0.id_gestion=? 
    fetch
        first ? rows only
Hibernate: 
    select
        m1_0.id_materia,
        m1_0.nombre,
        m1_0.id_unidad_educativa 
    from
        materia m1_0 
    left join
        unidad_educativa ue1_0 
            on ue1_0.id_unidad_educativa=m1_0.id_unidad_educativa 
    where
        ue1_0.id_unidad_educativa=?
Hibernate: 
    select
        gm1_0.id_grado_materia 
    from
        grado_materia gm1_0 
    where
        gm1_0.id_grado=? 
        and gm1_0.id_materia=? 
        and gm1_0.id_gestion=? 
    fetch
        first ? rows only
Hibernate: 
    select
        m1_0.id_materia,
        m1_0.nombre,
        m1_0.id_unidad_educativa 
    from
        materia m1_0 
    left join
        unidad_educativa ue1_0 
            on ue1_0.id_unidad_educativa=m1_0.id_unidad_educativa 
    where
        ue1_0.id_unidad_educativa=?
Hibernate: 
    select
        gm1_0.id_grado_materia 
    from
        grado_materia gm1_0 
    where
        gm1_0.id_grado=? 
        and gm1_0.id_materia=? 
        and gm1_0.id_gestion=? 
    fetch
        first ? rows only
Hibernate: 
    select
        m1_0.id_materia,
        m1_0.nombre,
        m1_0.id_unidad_educativa 
    from
        materia m1_0 
    left join
        unidad_educativa ue1_0 
            on ue1_0.id_unidad_educativa=m1_0.id_unidad_educativa 
    where
        ue1_0.id_unidad_educativa=?
Hibernate: 
    select
        gm1_0.id_grado_materia 
    from
        grado_materia gm1_0 
    where
        gm1_0.id_grado=? 
        and gm1_0.id_materia=? 
        and gm1_0.id_gestion=? 
    fetch
        first ? rows only
Hibernate: 
    select
        m1_0.id_materia,
        m1_0.nombre,
        m1_0.id_unidad_educativa 
    from
        materia m1_0 
    left join
        unidad_educativa ue1_0 
            on ue1_0.id_unidad_educativa=m1_0.id_unidad_educativa 
    where
        ue1_0.id_unidad_educativa=?
Hibernate: 
    select
        gm1_0.id_grado_materia 
    from
        grado_materia gm1_0 
    where
        gm1_0.id_grado=? 
        and gm1_0.id_materia=? 
        and gm1_0.id_gestion=? 
    fetch
        first ? rows only
Hibernate: 
    select
        m1_0.id_materia,
        m1_0.nombre,
        m1_0.id_unidad_educativa 
    from
        materia m1_0 
    left join
        unidad_educativa ue1_0 
            on ue1_0.id_unidad_educativa=m1_0.id_unidad_educativa 
    where
        ue1_0.id_unidad_educativa=?
Hibernate: 
    select
        gm1_0.id_grado_materia 
    from
        grado_materia gm1_0 
    where
        gm1_0.id_grado=? 
        and gm1_0.id_materia=? 
        and gm1_0.id_gestion=? 
    fetch
        first ? rows only
Hibernate: 
    select
        g1_0.id_grado,
        g1_0.nivel,
        g1_0.nombre 
    from
        grado g1_0 
    where
        g1_0.nombre=? 
        and g1_0.nivel=?
Hibernate: 
    select
        m1_0.id_materia,
        m1_0.nombre,
        m1_0.id_unidad_educativa 
    from
        materia m1_0 
    left join
        unidad_educativa ue1_0 
            on ue1_0.id_unidad_educativa=m1_0.id_unidad_educativa 
    where
        ue1_0.id_unidad_educativa=?
Hibernate: 
    select
        gm1_0.id_grado_materia 
    from
        grado_materia gm1_0 
    where
        gm1_0.id_grado=? 
        and gm1_0.id_materia=? 
        and gm1_0.id_gestion=? 
    fetch
        first ? rows only
Hibernate: 
    select
        m1_0.id_materia,
        m1_0.nombre,
        m1_0.id_unidad_educativa 
    from
        materia m1_0 
    left join
        unidad_educativa ue1_0 
            on ue1_0.id_unidad_educativa=m1_0.id_unidad_educativa 
    where
        ue1_0.id_unidad_educativa=?
Hibernate: 
    select
        gm1_0.id_grado_materia 
    from
        grado_materia gm1_0 
    where
        gm1_0.id_grado=? 
        and gm1_0.id_materia=? 
        and gm1_0.id_gestion=? 
    fetch
        first ? rows only
Hibernate: 
    select
        m1_0.id_materia,
        m1_0.nombre,
        m1_0.id_unidad_educativa 
    from
        materia m1_0 
    left join
        unidad_educativa ue1_0 
            on ue1_0.id_unidad_educativa=m1_0.id_unidad_educativa 
    where
        ue1_0.id_unidad_educativa=?
Hibernate: 
    select
        gm1_0.id_grado_materia 
    from
        grado_materia gm1_0 
    where
        gm1_0.id_grado=? 
        and gm1_0.id_materia=? 
        and gm1_0.id_gestion=? 
    fetch
        first ? rows only
Hibernate: 
    select
        m1_0.id_materia,
        m1_0.nombre,
        m1_0.id_unidad_educativa 
    from
        materia m1_0 
    left join
        unidad_educativa ue1_0 
            on ue1_0.id_unidad_educativa=m1_0.id_unidad_educativa 
    where
        ue1_0.id_unidad_educativa=?
Hibernate: 
    select
        gm1_0.id_grado_materia 
    from
        grado_materia gm1_0 
    where
        gm1_0.id_grado=? 
        and gm1_0.id_materia=? 
        and gm1_0.id_gestion=? 
    fetch
        first ? rows only
Hibernate: 
    select
        m1_0.id_materia,
        m1_0.nombre,
        m1_0.id_unidad_educativa 
    from
        materia m1_0 
    left join
        unidad_educativa ue1_0 
            on ue1_0.id_unidad_educativa=m1_0.id_unidad_educativa 
    where
        ue1_0.id_unidad_educativa=?
Hibernate: 
    select
        gm1_0.id_grado_materia 
    from
        grado_materia gm1_0 
    where
        gm1_0.id_grado=? 
        and gm1_0.id_materia=? 
        and gm1_0.id_gestion=? 
    fetch
        first ? rows only
Hibernate: 
    select
        m1_0.id_materia,
        m1_0.nombre,
        m1_0.id_unidad_educativa 
    from
        materia m1_0 
    left join
        unidad_educativa ue1_0 
            on ue1_0.id_unidad_educativa=m1_0.id_unidad_educativa 
    where
        ue1_0.id_unidad_educativa=?
Hibernate: 
    select
        gm1_0.id_grado_materia 
    from
        grado_materia gm1_0 
    where
        gm1_0.id_grado=? 
        and gm1_0.id_materia=? 
        and gm1_0.id_gestion=? 
    fetch
        first ? rows only
Hibernate: 
    select
        m1_0.id_materia,
        m1_0.nombre,
        m1_0.id_unidad_educativa 
    from
        materia m1_0 
    left join
        unidad_educativa ue1_0 
            on ue1_0.id_unidad_educativa=m1_0.id_unidad_educativa 
    where
        ue1_0.id_unidad_educativa=?
Hibernate: 
    select
        gm1_0.id_grado_materia 
    from
        grado_materia gm1_0 
    where
        gm1_0.id_grado=? 
        and gm1_0.id_materia=? 
        and gm1_0.id_gestion=? 
    fetch
        first ? rows only
Hibernate: 
    select
        m1_0.id_materia,
        m1_0.nombre,
        m1_0.id_unidad_educativa 
    from
        materia m1_0 
    left join
        unidad_educativa ue1_0 
            on ue1_0.id_unidad_educativa=m1_0.id_unidad_educativa 
    where
        ue1_0.id_unidad_educativa=?
Hibernate: 
    select
        gm1_0.id_grado_materia 
    from
        grado_materia gm1_0 
    where
        gm1_0.id_grado=? 
        and gm1_0.id_materia=? 
        and gm1_0.id_gestion=? 
    fetch
        first ? rows only
Hibernate: 
    select
        m1_0.id_materia,
        m1_0.nombre,
        m1_0.id_unidad_educativa 
    from
        materia m1_0 
    left join
        unidad_educativa ue1_0 
            on ue1_0.id_unidad_educativa=m1_0.id_unidad_educativa 
    where
        ue1_0.id_unidad_educativa=?
Hibernate: 
    select
        gm1_0.id_grado_materia 
    from
        grado_materia gm1_0 
    where
        gm1_0.id_grado=? 
        and gm1_0.id_materia=? 
        and gm1_0.id_gestion=? 
    fetch
        first ? rows only
Hibernate: 
    select
        m1_0.id_materia,
        m1_0.nombre,
        m1_0.id_unidad_educativa 
    from
        materia m1_0 
    left join
        unidad_educativa ue1_0 
            on ue1_0.id_unidad_educativa=m1_0.id_unidad_educativa 
    where
        ue1_0.id_unidad_educativa=?
Hibernate: 
    select
        gm1_0.id_grado_materia 
    from
        grado_materia gm1_0 
    where
        gm1_0.id_grado=? 
        and gm1_0.id_materia=? 
        and gm1_0.id_gestion=? 
    fetch
        first ? rows only
Hibernate: 
    select
        m1_0.id_materia,
        m1_0.nombre,
        m1_0.id_unidad_educativa 
    from
        materia m1_0 
    left join
        unidad_educativa ue1_0 
            on ue1_0.id_unidad_educativa=m1_0.id_unidad_educativa 
    where
        ue1_0.id_unidad_educativa=?
Hibernate: 
    select
        gm1_0.id_grado_materia 
    from
        grado_materia gm1_0 
    where
        gm1_0.id_grado=? 
        and gm1_0.id_materia=? 
        and gm1_0.id_gestion=? 
    fetch
        first ? rows only
Hibernate: 
    select
        m1_0.id_materia,
        m1_0.nombre,
        m1_0.id_unidad_educativa 
    from
        materia m1_0 
    left join
        unidad_educativa ue1_0 
            on ue1_0.id_unidad_educativa=m1_0.id_unidad_educativa 
    where
        ue1_0.id_unidad_educativa=?
Hibernate: 
    select
        gm1_0.id_grado_materia 
    from
        grado_materia gm1_0 
    where
        gm1_0.id_grado=? 
        and gm1_0.id_materia=? 
        and gm1_0.id_gestion=? 
    fetch
        first ? rows only
Hibernate: 
    select
        m1_0.id_materia,
        m1_0.nombre,
        m1_0.id_unidad_educativa 
    from
        materia m1_0 
    left join
        unidad_educativa ue1_0 
            on ue1_0.id_unidad_educativa=m1_0.id_unidad_educativa 
    where
        ue1_0.id_unidad_educativa=?
Hibernate: 
    select
        gm1_0.id_grado_materia 
    from
        grado_materia gm1_0 
    where
        gm1_0.id_grado=? 
        and gm1_0.id_materia=? 
        and gm1_0.id_gestion=? 
    fetch
        first ? rows only
Hibernate: 
    select
        g1_0.id_grado,
        g1_0.nivel,
        g1_0.nombre 
    from
        grado g1_0 
    where
        g1_0.nombre=? 
        and g1_0.nivel=?
Hibernate: 
    select
        m1_0.id_materia,
        m1_0.nombre,
        m1_0.id_unidad_educativa 
    from
        materia m1_0 
    left join
        unidad_educativa ue1_0 
            on ue1_0.id_unidad_educativa=m1_0.id_unidad_educativa 
    where
        ue1_0.id_unidad_educativa=?
Hibernate: 
    select
        gm1_0.id_grado_materia 
    from
        grado_materia gm1_0 
    where
        gm1_0.id_grado=? 
        and gm1_0.id_materia=? 
        and gm1_0.id_gestion=? 
    fetch
        first ? rows only
Hibernate: 
    select
        m1_0.id_materia,
        m1_0.nombre,
        m1_0.id_unidad_educativa 
    from
        materia m1_0 
    left join
        unidad_educativa ue1_0 
            on ue1_0.id_unidad_educativa=m1_0.id_unidad_educativa 
    where
        ue1_0.id_unidad_educativa=?
Hibernate: 
    select
        gm1_0.id_grado_materia 
    from
        grado_materia gm1_0 
    where
        gm1_0.id_grado=? 
        and gm1_0.id_materia=? 
        and gm1_0.id_gestion=? 
    fetch
        first ? rows only
Hibernate: 
    select
        m1_0.id_materia,
        m1_0.nombre,
        m1_0.id_unidad_educativa 
    from
        materia m1_0 
    left join
        unidad_educativa ue1_0 
            on ue1_0.id_unidad_educativa=m1_0.id_unidad_educativa 
    where
        ue1_0.id_unidad_educativa=?
Hibernate: 
    select
        gm1_0.id_grado_materia 
    from
        grado_materia gm1_0 
    where
        gm1_0.id_grado=? 
        and gm1_0.id_materia=? 
        and gm1_0.id_gestion=? 
    fetch
        first ? rows only
Hibernate: 
    select
        m1_0.id_materia,
        m1_0.nombre,
        m1_0.id_unidad_educativa 
    from
        materia m1_0 
    left join
        unidad_educativa ue1_0 
            on ue1_0.id_unidad_educativa=m1_0.id_unidad_educativa 
    where
        ue1_0.id_unidad_educativa=?
Hibernate: 
    select
        gm1_0.id_grado_materia 
    from
        grado_materia gm1_0 
    where
        gm1_0.id_grado=? 
        and gm1_0.id_materia=? 
        and gm1_0.id_gestion=? 
    fetch
        first ? rows only
Hibernate: 
    select
        m1_0.id_materia,
        m1_0.nombre,
        m1_0.id_unidad_educativa 
    from
        materia m1_0 
    left join
        unidad_educativa ue1_0 
            on ue1_0.id_unidad_educativa=m1_0.id_unidad_educativa 
    where
        ue1_0.id_unidad_educativa=?
Hibernate: 
    select
        gm1_0.id_grado_materia 
    from
        grado_materia gm1_0 
    where
        gm1_0.id_grado=? 
        and gm1_0.id_materia=? 
        and gm1_0.id_gestion=? 
    fetch
        first ? rows only
Hibernate: 
    select
        m1_0.id_materia,
        m1_0.nombre,
        m1_0.id_unidad_educativa 
    from
        materia m1_0 
    left join
        unidad_educativa ue1_0 
            on ue1_0.id_unidad_educativa=m1_0.id_unidad_educativa 
    where
        ue1_0.id_unidad_educativa=?
Hibernate: 
    select
        gm1_0.id_grado_materia 
    from
        grado_materia gm1_0 
    where
        gm1_0.id_grado=? 
        and gm1_0.id_materia=? 
        and gm1_0.id_gestion=? 
    fetch
        first ? rows only
Hibernate: 
    select
        m1_0.id_materia,
        m1_0.nombre,
        m1_0.id_unidad_educativa 
    from
        materia m1_0 
    left join
        unidad_educativa ue1_0 
            on ue1_0.id_unidad_educativa=m1_0.id_unidad_educativa 
    where
        ue1_0.id_unidad_educativa=?
Hibernate: 
    select
        gm1_0.id_grado_materia 
    from
        grado_materia gm1_0 
    where
        gm1_0.id_grado=? 
        and gm1_0.id_materia=? 
        and gm1_0.id_gestion=? 
    fetch
        first ? rows only
Hibernate: 
    select
        m1_0.id_materia,
        m1_0.nombre,
        m1_0.id_unidad_educativa 
    from
        materia m1_0 
    left join
        unidad_educativa ue1_0 
            on ue1_0.id_unidad_educativa=m1_0.id_unidad_educativa 
    where
        ue1_0.id_unidad_educativa=?
Hibernate: 
    select
        gm1_0.id_grado_materia 
    from
        grado_materia gm1_0 
    where
        gm1_0.id_grado=? 
        and gm1_0.id_materia=? 
        and gm1_0.id_gestion=? 
    fetch
        first ? rows only
Hibernate: 
    select
        m1_0.id_materia,
        m1_0.nombre,
        m1_0.id_unidad_educativa 
    from
        materia m1_0 
    left join
        unidad_educativa ue1_0 
            on ue1_0.id_unidad_educativa=m1_0.id_unidad_educativa 
    where
        ue1_0.id_unidad_educativa=?
Hibernate: 
    select
        gm1_0.id_grado_materia 
    from
        grado_materia gm1_0 
    where
        gm1_0.id_grado=? 
        and gm1_0.id_materia=? 
        and gm1_0.id_gestion=? 
    fetch
        first ? rows only
Hibernate: 
    select
        g1_0.id_grado,
        g1_0.nivel,
        g1_0.nombre 
    from
        grado g1_0 
    where
        g1_0.nombre=? 
        and g1_0.nivel=?
Hibernate: 
    select
        m1_0.id_materia,
        m1_0.nombre,
        m1_0.id_unidad_educativa 
    from
        materia m1_0 
    left join
        unidad_educativa ue1_0 
            on ue1_0.id_unidad_educativa=m1_0.id_unidad_educativa 
    where
        ue1_0.id_unidad_educativa=?
Hibernate: 
    select
        gm1_0.id_grado_materia 
    from
        grado_materia gm1_0 
    where
        gm1_0.id_grado=? 
        and gm1_0.id_materia=? 
        and gm1_0.id_gestion=? 
    fetch
        first ? rows only
Hibernate: 
    select
        m1_0.id_materia,
        m1_0.nombre,
        m1_0.id_unidad_educativa 
    from
        materia m1_0 
    left join
        unidad_educativa ue1_0 
            on ue1_0.id_unidad_educativa=m1_0.id_unidad_educativa 
    where
        ue1_0.id_unidad_educativa=?
Hibernate: 
    select
        gm1_0.id_grado_materia 
    from
        grado_materia gm1_0 
    where
        gm1_0.id_grado=? 
        and gm1_0.id_materia=? 
        and gm1_0.id_gestion=? 
    fetch
        first ? rows only
Hibernate: 
    select
        m1_0.id_materia,
        m1_0.nombre,
        m1_0.id_unidad_educativa 
    from
        materia m1_0 
    left join
        unidad_educativa ue1_0 
            on ue1_0.id_unidad_educativa=m1_0.id_unidad_educativa 
    where
        ue1_0.id_unidad_educativa=?
Hibernate: 
    select
        gm1_0.id_grado_materia 
    from
        grado_materia gm1_0 
    where
        gm1_0.id_grado=? 
        and gm1_0.id_materia=? 
        and gm1_0.id_gestion=? 
    fetch
        first ? rows only
Hibernate: 
    select
        m1_0.id_materia,
        m1_0.nombre,
        m1_0.id_unidad_educativa 
    from
        materia m1_0 
    left join
        unidad_educativa ue1_0 
            on ue1_0.id_unidad_educativa=m1_0.id_unidad_educativa 
    where
        ue1_0.id_unidad_educativa=?
Hibernate: 
    select
        gm1_0.id_grado_materia 
    from
        grado_materia gm1_0 
    where
        gm1_0.id_grado=? 
        and gm1_0.id_materia=? 
        and gm1_0.id_gestion=? 
    fetch
        first ? rows only
Hibernate: 
    select
        m1_0.id_materia,
        m1_0.nombre,
        m1_0.id_unidad_educativa 
    from
        materia m1_0 
    left join
        unidad_educativa ue1_0 
            on ue1_0.id_unidad_educativa=m1_0.id_unidad_educativa 
    where
        ue1_0.id_unidad_educativa=?
Hibernate: 
    select
        gm1_0.id_grado_materia 
    from
        grado_materia gm1_0 
    where
        gm1_0.id_grado=? 
        and gm1_0.id_materia=? 
        and gm1_0.id_gestion=? 
    fetch
        first ? rows only
Hibernate: 
    select
        m1_0.id_materia,
        m1_0.nombre,
        m1_0.id_unidad_educativa 
    from
        materia m1_0 
    left join
        unidad_educativa ue1_0 
            on ue1_0.id_unidad_educativa=m1_0.id_unidad_educativa 
    where
        ue1_0.id_unidad_educativa=?
Hibernate: 
    select
        gm1_0.id_grado_materia 
    from
        grado_materia gm1_0 
    where
        gm1_0.id_grado=? 
        and gm1_0.id_materia=? 
        and gm1_0.id_gestion=? 
    fetch
        first ? rows only
Hibernate: 
    select
        m1_0.id_materia,
        m1_0.nombre,
        m1_0.id_unidad_educativa 
    from
        materia m1_0 
    left join
        unidad_educativa ue1_0 
            on ue1_0.id_unidad_educativa=m1_0.id_unidad_educativa 
    where
        ue1_0.id_unidad_educativa=?
Hibernate: 
    select
        gm1_0.id_grado_materia 
    from
        grado_materia gm1_0 
    where
        gm1_0.id_grado=? 
        and gm1_0.id_materia=? 
        and gm1_0.id_gestion=? 
    fetch
        first ? rows only
Hibernate: 
    select
        m1_0.id_materia,
        m1_0.nombre,
        m1_0.id_unidad_educativa 
    from
        materia m1_0 
    left join
        unidad_educativa ue1_0 
            on ue1_0.id_unidad_educativa=m1_0.id_unidad_educativa 
    where
        ue1_0.id_unidad_educativa=?
Hibernate: 
    select
        gm1_0.id_grado_materia 
    from
        grado_materia gm1_0 
    where
        gm1_0.id_grado=? 
        and gm1_0.id_materia=? 
        and gm1_0.id_gestion=? 
    fetch
        first ? rows only
Hibernate: 
    select
        m1_0.id_materia,
        m1_0.nombre,
        m1_0.id_unidad_educativa 
    from
        materia m1_0 
    left join
        unidad_educativa ue1_0 
            on ue1_0.id_unidad_educativa=m1_0.id_unidad_educativa 
    where
        ue1_0.id_unidad_educativa=?
Hibernate: 
    select
        gm1_0.id_grado_materia 
    from
        grado_materia gm1_0 
    where
        gm1_0.id_grado=? 
        and gm1_0.id_materia=? 
        and gm1_0.id_gestion=? 
    fetch
        first ? rows only
Hibernate: 
    select
        m1_0.id_materia,
        m1_0.nombre,
        m1_0.id_unidad_educativa 
    from
        materia m1_0 
    left join
        unidad_educativa ue1_0 
            on ue1_0.id_unidad_educativa=m1_0.id_unidad_educativa 
    where
        ue1_0.id_unidad_educativa=?
Hibernate: 
    select
        gm1_0.id_grado_materia 
    from
        grado_materia gm1_0 
    where
        gm1_0.id_grado=? 
        and gm1_0.id_materia=? 
        and gm1_0.id_gestion=? 
    fetch
        first ? rows only
Hibernate: 
    select
        m1_0.id_materia,
        m1_0.nombre,
        m1_0.id_unidad_educativa 
    from
        materia m1_0 
    left join
        unidad_educativa ue1_0 
            on ue1_0.id_unidad_educativa=m1_0.id_unidad_educativa 
    where
        ue1_0.id_unidad_educativa=?
Hibernate: 
    select
        gm1_0.id_grado_materia 
    from
        grado_materia gm1_0 
    where
        gm1_0.id_grado=? 
        and gm1_0.id_materia=? 
        and gm1_0.id_gestion=? 
    fetch
        first ? rows only
Hibernate: 
    select
        m1_0.id_materia,
        m1_0.nombre,
        m1_0.id_unidad_educativa 
    from
        materia m1_0 
    left join
        unidad_educativa ue1_0 
            on ue1_0.id_unidad_educativa=m1_0.id_unidad_educativa 
    where
        ue1_0.id_unidad_educativa=?
Hibernate: 
    select
        gm1_0.id_grado_materia 
    from
        grado_materia gm1_0 
    where
        gm1_0.id_grado=? 
        and gm1_0.id_materia=? 
        and gm1_0.id_gestion=? 
    fetch
        first ? rows only
Hibernate: 
    select
        m1_0.id_materia,
        m1_0.nombre,
        m1_0.id_unidad_educativa 
    from
        materia m1_0 
    left join
        unidad_educativa ue1_0 
            on ue1_0.id_unidad_educativa=m1_0.id_unidad_educativa 
    where
        ue1_0.id_unidad_educativa=?
Hibernate: 
    select
        gm1_0.id_grado_materia 
    from
        grado_materia gm1_0 
    where
        gm1_0.id_grado=? 
        and gm1_0.id_materia=? 
        and gm1_0.id_gestion=? 
    fetch
        first ? rows only
Hibernate: 
    select
        g1_0.id_grado,
        g1_0.nivel,
        g1_0.nombre 
    from
        grado g1_0 
    where
        g1_0.nombre=? 
        and g1_0.nivel=?
Hibernate: 
    select
        m1_0.id_materia,
        m1_0.nombre,
        m1_0.id_unidad_educativa 
    from
        materia m1_0 
    left join
        unidad_educativa ue1_0 
            on ue1_0.id_unidad_educativa=m1_0.id_unidad_educativa 
    where
        ue1_0.id_unidad_educativa=?
Hibernate: 
    select
        gm1_0.id_grado_materia 
    from
        grado_materia gm1_0 
    where
        gm1_0.id_grado=? 
        and gm1_0.id_materia=? 
        and gm1_0.id_gestion=? 
    fetch
        first ? rows only
Hibernate: 
    select
        m1_0.id_materia,
        m1_0.nombre,
        m1_0.id_unidad_educativa 
    from
        materia m1_0 
    left join
        unidad_educativa ue1_0 
            on ue1_0.id_unidad_educativa=m1_0.id_unidad_educativa 
    where
        ue1_0.id_unidad_educativa=?
Hibernate: 
    select
        gm1_0.id_grado_materia 
    from
        grado_materia gm1_0 
    where
        gm1_0.id_grado=? 
        and gm1_0.id_materia=? 
        and gm1_0.id_gestion=? 
    fetch
        first ? rows only
Hibernate: 
    select
        m1_0.id_materia,
        m1_0.nombre,
        m1_0.id_unidad_educativa 
    from
        materia m1_0 
    left join
        unidad_educativa ue1_0 
            on ue1_0.id_unidad_educativa=m1_0.id_unidad_educativa 
    where
        ue1_0.id_unidad_educativa=?
Hibernate: 
    select
        gm1_0.id_grado_materia 
    from
        grado_materia gm1_0 
    where
        gm1_0.id_grado=? 
        and gm1_0.id_materia=? 
        and gm1_0.id_gestion=? 
    fetch
        first ? rows only
Hibernate: 
    select
        m1_0.id_materia,
        m1_0.nombre,
        m1_0.id_unidad_educativa 
    from
        materia m1_0 
    left join
        unidad_educativa ue1_0 
            on ue1_0.id_unidad_educativa=m1_0.id_unidad_educativa 
    where
        ue1_0.id_unidad_educativa=?
Hibernate: 
    select
        gm1_0.id_grado_materia 
    from
        grado_materia gm1_0 
    where
        gm1_0.id_grado=? 
        and gm1_0.id_materia=? 
        and gm1_0.id_gestion=? 
    fetch
        first ? rows only
Hibernate: 
    select
        m1_0.id_materia,
        m1_0.nombre,
        m1_0.id_unidad_educativa 
    from
        materia m1_0 
    left join
        unidad_educativa ue1_0 
            on ue1_0.id_unidad_educativa=m1_0.id_unidad_educativa 
    where
        ue1_0.id_unidad_educativa=?
Hibernate: 
    select
        gm1_0.id_grado_materia 
    from
        grado_materia gm1_0 
    where
        gm1_0.id_grado=? 
        and gm1_0.id_materia=? 
        and gm1_0.id_gestion=? 
    fetch
        first ? rows only
Hibernate: 
    select
        m1_0.id_materia,
        m1_0.nombre,
        m1_0.id_unidad_educativa 
    from
        materia m1_0 
    left join
        unidad_educativa ue1_0 
            on ue1_0.id_unidad_educativa=m1_0.id_unidad_educativa 
    where
        ue1_0.id_unidad_educativa=?
Hibernate: 
    select
        gm1_0.id_grado_materia 
    from
        grado_materia gm1_0 
    where
        gm1_0.id_grado=? 
        and gm1_0.id_materia=? 
        and gm1_0.id_gestion=? 
    fetch
        first ? rows only
Hibernate: 
    select
        m1_0.id_materia,
        m1_0.nombre,
        m1_0.id_unidad_educativa 
    from
        materia m1_0 
    left join
        unidad_educativa ue1_0 
            on ue1_0.id_unidad_educativa=m1_0.id_unidad_educativa 
    where
        ue1_0.id_unidad_educativa=?
Hibernate: 
    select
        gm1_0.id_grado_materia 
    from
        grado_materia gm1_0 
    where
        gm1_0.id_grado=? 
        and gm1_0.id_materia=? 
        and gm1_0.id_gestion=? 
    fetch
        first ? rows only
Hibernate: 
    select
        m1_0.id_materia,
        m1_0.nombre,
        m1_0.id_unidad_educativa 
    from
        materia m1_0 
    left join
        unidad_educativa ue1_0 
            on ue1_0.id_unidad_educativa=m1_0.id_unidad_educativa 
    where
        ue1_0.id_unidad_educativa=?
Hibernate: 
    select
        gm1_0.id_grado_materia 
    from
        grado_materia gm1_0 
    where
        gm1_0.id_grado=? 
        and gm1_0.id_materia=? 
        and gm1_0.id_gestion=? 
    fetch
        first ? rows only
Hibernate: 
    select
        m1_0.id_materia,
        m1_0.nombre,
        m1_0.id_unidad_educativa 
    from
        materia m1_0 
    left join
        unidad_educativa ue1_0 
            on ue1_0.id_unidad_educativa=m1_0.id_unidad_educativa 
    where
        ue1_0.id_unidad_educativa=?
Hibernate: 
    select
        gm1_0.id_grado_materia 
    from
        grado_materia gm1_0 
    where
        gm1_0.id_grado=? 
        and gm1_0.id_materia=? 
        and gm1_0.id_gestion=? 
    fetch
        first ? rows only
Hibernate: 
    select
        g1_0.id_grado,
        g1_0.nivel,
        g1_0.nombre 
    from
        grado g1_0 
    where
        g1_0.nombre=? 
        and g1_0.nivel=?
Hibernate: 
    select
        m1_0.id_materia,
        m1_0.nombre,
        m1_0.id_unidad_educativa 
    from
        materia m1_0 
    left join
        unidad_educativa ue1_0 
            on ue1_0.id_unidad_educativa=m1_0.id_unidad_educativa 
    where
        ue1_0.id_unidad_educativa=?
Hibernate: 
    select
        gm1_0.id_grado_materia 
    from
        grado_materia gm1_0 
    where
        gm1_0.id_grado=? 
        and gm1_0.id_materia=? 
        and gm1_0.id_gestion=? 
    fetch
        first ? rows only
Hibernate: 
    select
        m1_0.id_materia,
        m1_0.nombre,
        m1_0.id_unidad_educativa 
    from
        materia m1_0 
    left join
        unidad_educativa ue1_0 
            on ue1_0.id_unidad_educativa=m1_0.id_unidad_educativa 
    where
        ue1_0.id_unidad_educativa=?
Hibernate: 
    select
        gm1_0.id_grado_materia 
    from
        grado_materia gm1_0 
    where
        gm1_0.id_grado=? 
        and gm1_0.id_materia=? 
        and gm1_0.id_gestion=? 
    fetch
        first ? rows only
Hibernate: 
    select
        m1_0.id_materia,
        m1_0.nombre,
        m1_0.id_unidad_educativa 
    from
        materia m1_0 
    left join
        unidad_educativa ue1_0 
            on ue1_0.id_unidad_educativa=m1_0.id_unidad_educativa 
    where
        ue1_0.id_unidad_educativa=?
Hibernate: 
    select
        gm1_0.id_grado_materia 
    from
        grado_materia gm1_0 
    where
        gm1_0.id_grado=? 
        and gm1_0.id_materia=? 
        and gm1_0.id_gestion=? 
    fetch
        first ? rows only
Hibernate: 
    select
        m1_0.id_materia,
        m1_0.nombre,
        m1_0.id_unidad_educativa 
    from
        materia m1_0 
    left join
        unidad_educativa ue1_0 
            on ue1_0.id_unidad_educativa=m1_0.id_unidad_educativa 
    where
        ue1_0.id_unidad_educativa=?
Hibernate: 
    select
        gm1_0.id_grado_materia 
    from
        grado_materia gm1_0 
    where
        gm1_0.id_grado=? 
        and gm1_0.id_materia=? 
        and gm1_0.id_gestion=? 
    fetch
        first ? rows only
Hibernate: 
    select
        m1_0.id_materia,
        m1_0.nombre,
        m1_0.id_unidad_educativa 
    from
        materia m1_0 
    left join
        unidad_educativa ue1_0 
            on ue1_0.id_unidad_educativa=m1_0.id_unidad_educativa 
    where
        ue1_0.id_unidad_educativa=?
Hibernate: 
    select
        gm1_0.id_grado_materia 
    from
        grado_materia gm1_0 
    where
        gm1_0.id_grado=? 
        and gm1_0.id_materia=? 
        and gm1_0.id_gestion=? 
    fetch
        first ? rows only
Hibernate: 
    select
        m1_0.id_materia,
        m1_0.nombre,
        m1_0.id_unidad_educativa 
    from
        materia m1_0 
    left join
        unidad_educativa ue1_0 
            on ue1_0.id_unidad_educativa=m1_0.id_unidad_educativa 
    where
        ue1_0.id_unidad_educativa=?
Hibernate: 
    select
        gm1_0.id_grado_materia 
    from
        grado_materia gm1_0 
    where
        gm1_0.id_grado=? 
        and gm1_0.id_materia=? 
        and gm1_0.id_gestion=? 
    fetch
        first ? rows only
Hibernate: 
    select
        m1_0.id_materia,
        m1_0.nombre,
        m1_0.id_unidad_educativa 
    from
        materia m1_0 
    left join
        unidad_educativa ue1_0 
            on ue1_0.id_unidad_educativa=m1_0.id_unidad_educativa 
    where
        ue1_0.id_unidad_educativa=?
Hibernate: 
    select
        gm1_0.id_grado_materia 
    from
        grado_materia gm1_0 
    where
        gm1_0.id_grado=? 
        and gm1_0.id_materia=? 
        and gm1_0.id_gestion=? 
    fetch
        first ? rows only
Hibernate: 
    select
        m1_0.id_materia,
        m1_0.nombre,
        m1_0.id_unidad_educativa 
    from
        materia m1_0 
    left join
        unidad_educativa ue1_0 
            on ue1_0.id_unidad_educativa=m1_0.id_unidad_educativa 
    where
        ue1_0.id_unidad_educativa=?
Hibernate: 
    select
        gm1_0.id_grado_materia 
    from
        grado_materia gm1_0 
    where
        gm1_0.id_grado=? 
        and gm1_0.id_materia=? 
        and gm1_0.id_gestion=? 
    fetch
        first ? rows only
Hibernate: 
    select
        m1_0.id_materia,
        m1_0.nombre,
        m1_0.id_unidad_educativa 
    from
        materia m1_0 
    left join
        unidad_educativa ue1_0 
            on ue1_0.id_unidad_educativa=m1_0.id_unidad_educativa 
    where
        ue1_0.id_unidad_educativa=?
Hibernate: 
    select
        gm1_0.id_grado_materia 
    from
        grado_materia gm1_0 
    where
        gm1_0.id_grado=? 
        and gm1_0.id_materia=? 
        and gm1_0.id_gestion=? 
    fetch
        first ? rows only
Hibernate: 
    select
        m1_0.id_materia,
        m1_0.nombre,
        m1_0.id_unidad_educativa 
    from
        materia m1_0 
    left join
        unidad_educativa ue1_0 
            on ue1_0.id_unidad_educativa=m1_0.id_unidad_educativa 
    where
        ue1_0.id_unidad_educativa=?
Hibernate: 
    select
        gm1_0.id_grado_materia 
    from
        grado_materia gm1_0 
    where
        gm1_0.id_grado=? 
        and gm1_0.id_materia=? 
        and gm1_0.id_gestion=? 
    fetch
        first ? rows only
Hibernate: 
    select
        m1_0.id_materia,
        m1_0.nombre,
        m1_0.id_unidad_educativa 
    from
        materia m1_0 
    left join
        unidad_educativa ue1_0 
            on ue1_0.id_unidad_educativa=m1_0.id_unidad_educativa 
    where
        ue1_0.id_unidad_educativa=?
Hibernate: 
    select
        gm1_0.id_grado_materia 
    from
        grado_materia gm1_0 
    where
        gm1_0.id_grado=? 
        and gm1_0.id_materia=? 
        and gm1_0.id_gestion=? 
    fetch
        first ? rows only
Hibernate: 
    select
        m1_0.id_materia,
        m1_0.nombre,
        m1_0.id_unidad_educativa 
    from
        materia m1_0 
    left join
        unidad_educativa ue1_0 
            on ue1_0.id_unidad_educativa=m1_0.id_unidad_educativa 
    where
        ue1_0.id_unidad_educativa=?
Hibernate: 
    select
        gm1_0.id_grado_materia 
    from
        grado_materia gm1_0 
    where
        gm1_0.id_grado=? 
        and gm1_0.id_materia=? 
        and gm1_0.id_gestion=? 
    fetch
        first ? rows only
Hibernate: 
    select
        m1_0.id_materia,
        m1_0.nombre,
        m1_0.id_unidad_educativa 
    from
        materia m1_0 
    left join
        unidad_educativa ue1_0 
            on ue1_0.id_unidad_educativa=m1_0.id_unidad_educativa 
    where
        ue1_0.id_unidad_educativa=?
Hibernate: 
    select
        gm1_0.id_grado_materia 
    from
        grado_materia gm1_0 
    where
        gm1_0.id_grado=? 
        and gm1_0.id_materia=? 
        and gm1_0.id_gestion=? 
    fetch
        first ? rows only
Hibernate: 
    select
        g1_0.id_grado,
        g1_0.nivel,
        g1_0.nombre 
    from
        grado g1_0 
    where
        g1_0.nombre=? 
        and g1_0.nivel=?
Hibernate: 
    select
        m1_0.id_materia,
        m1_0.nombre,
        m1_0.id_unidad_educativa 
    from
        materia m1_0 
    left join
        unidad_educativa ue1_0 
            on ue1_0.id_unidad_educativa=m1_0.id_unidad_educativa 
    where
        ue1_0.id_unidad_educativa=?
Hibernate: 
    select
        gm1_0.id_grado_materia 
    from
        grado_materia gm1_0 
    where
        gm1_0.id_grado=? 
        and gm1_0.id_materia=? 
        and gm1_0.id_gestion=? 
    fetch
        first ? rows only
Hibernate: 
    select
        m1_0.id_materia,
        m1_0.nombre,
        m1_0.id_unidad_educativa 
    from
        materia m1_0 
    left join
        unidad_educativa ue1_0 
            on ue1_0.id_unidad_educativa=m1_0.id_unidad_educativa 
    where
        ue1_0.id_unidad_educativa=?
Hibernate: 
    select
        gm1_0.id_grado_materia 
    from
        grado_materia gm1_0 
    where
        gm1_0.id_grado=? 
        and gm1_0.id_materia=? 
        and gm1_0.id_gestion=? 
    fetch
        first ? rows only
Hibernate: 
    select
        m1_0.id_materia,
        m1_0.nombre,
        m1_0.id_unidad_educativa 
    from
        materia m1_0 
    left join
        unidad_educativa ue1_0 
            on ue1_0.id_unidad_educativa=m1_0.id_unidad_educativa 
    where
        ue1_0.id_unidad_educativa=?
Hibernate: 
    select
        gm1_0.id_grado_materia 
    from
        grado_materia gm1_0 
    where
        gm1_0.id_grado=? 
        and gm1_0.id_materia=? 
        and gm1_0.id_gestion=? 
    fetch
        first ? rows only
Hibernate: 
    select
        m1_0.id_materia,
        m1_0.nombre,
        m1_0.id_unidad_educativa 
    from
        materia m1_0 
    left join
        unidad_educativa ue1_0 
            on ue1_0.id_unidad_educativa=m1_0.id_unidad_educativa 
    where
        ue1_0.id_unidad_educativa=?
Hibernate: 
    select
        gm1_0.id_grado_materia 
    from
        grado_materia gm1_0 
    where
        gm1_0.id_grado=? 
        and gm1_0.id_materia=? 
        and gm1_0.id_gestion=? 
    fetch
        first ? rows only
Hibernate: 
    select
        m1_0.id_materia,
        m1_0.nombre,
        m1_0.id_unidad_educativa 
    from
        materia m1_0 
    left join
        unidad_educativa ue1_0 
            on ue1_0.id_unidad_educativa=m1_0.id_unidad_educativa 
    where
        ue1_0.id_unidad_educativa=?
Hibernate: 
    select
        gm1_0.id_grado_materia 
    from
        grado_materia gm1_0 
    where
        gm1_0.id_grado=? 
        and gm1_0.id_materia=? 
        and gm1_0.id_gestion=? 
    fetch
        first ? rows only
Hibernate: 
    select
        m1_0.id_materia,
        m1_0.nombre,
        m1_0.id_unidad_educativa 
    from
        materia m1_0 
    left join
        unidad_educativa ue1_0 
            on ue1_0.id_unidad_educativa=m1_0.id_unidad_educativa 
    where
        ue1_0.id_unidad_educativa=?
Hibernate: 
    select
        gm1_0.id_grado_materia 
    from
        grado_materia gm1_0 
    where
        gm1_0.id_grado=? 
        and gm1_0.id_materia=? 
        and gm1_0.id_gestion=? 
    fetch
        first ? rows only
Hibernate: 
    select
        m1_0.id_materia,
        m1_0.nombre,
        m1_0.id_unidad_educativa 
    from
        materia m1_0 
    left join
        unidad_educativa ue1_0 
            on ue1_0.id_unidad_educativa=m1_0.id_unidad_educativa 
    where
        ue1_0.id_unidad_educativa=?
Hibernate: 
    select
        gm1_0.id_grado_materia 
    from
        grado_materia gm1_0 
    where
        gm1_0.id_grado=? 
        and gm1_0.id_materia=? 
        and gm1_0.id_gestion=? 
    fetch
        first ? rows only
Hibernate: 
    select
        m1_0.id_materia,
        m1_0.nombre,
        m1_0.id_unidad_educativa 
    from
        materia m1_0 
    left join
        unidad_educativa ue1_0 
            on ue1_0.id_unidad_educativa=m1_0.id_unidad_educativa 
    where
        ue1_0.id_unidad_educativa=?
Hibernate: 
    select
        gm1_0.id_grado_materia 
    from
        grado_materia gm1_0 
    where
        gm1_0.id_grado=? 
        and gm1_0.id_materia=? 
        and gm1_0.id_gestion=? 
    fetch
        first ? rows only
Hibernate: 
    select
        m1_0.id_materia,
        m1_0.nombre,
        m1_0.id_unidad_educativa 
    from
        materia m1_0 
    left join
        unidad_educativa ue1_0 
            on ue1_0.id_unidad_educativa=m1_0.id_unidad_educativa 
    where
        ue1_0.id_unidad_educativa=?
Hibernate: 
    select
        gm1_0.id_grado_materia 
    from
        grado_materia gm1_0 
    where
        gm1_0.id_grado=? 
        and gm1_0.id_materia=? 
        and gm1_0.id_gestion=? 
    fetch
        first ? rows only
Hibernate: 
    select
        g1_0.id_grado,
        g1_0.nivel,
        g1_0.nombre 
    from
        grado g1_0 
    where
        g1_0.nombre=? 
        and g1_0.nivel=?
Hibernate: 
    select
        m1_0.id_materia,
        m1_0.nombre,
        m1_0.id_unidad_educativa 
    from
        materia m1_0 
    left join
        unidad_educativa ue1_0 
            on ue1_0.id_unidad_educativa=m1_0.id_unidad_educativa 
    where
        ue1_0.id_unidad_educativa=?
Hibernate: 
    select
        gm1_0.id_grado_materia 
    from
        grado_materia gm1_0 
    where
        gm1_0.id_grado=? 
        and gm1_0.id_materia=? 
        and gm1_0.id_gestion=? 
    fetch
        first ? rows only
Hibernate: 
    select
        m1_0.id_materia,
        m1_0.nombre,
        m1_0.id_unidad_educativa 
    from
        materia m1_0 
    left join
        unidad_educativa ue1_0 
            on ue1_0.id_unidad_educativa=m1_0.id_unidad_educativa 
    where
        ue1_0.id_unidad_educativa=?
Hibernate: 
    select
        gm1_0.id_grado_materia 
    from
        grado_materia gm1_0 
    where
        gm1_0.id_grado=? 
        and gm1_0.id_materia=? 
        and gm1_0.id_gestion=? 
    fetch
        first ? rows only
Hibernate: 
    select
        m1_0.id_materia,
        m1_0.nombre,
        m1_0.id_unidad_educativa 
    from
        materia m1_0 
    left join
        unidad_educativa ue1_0 
            on ue1_0.id_unidad_educativa=m1_0.id_unidad_educativa 
    where
        ue1_0.id_unidad_educativa=?
Hibernate: 
    select
        gm1_0.id_grado_materia 
    from
        grado_materia gm1_0 
    where
        gm1_0.id_grado=? 
        and gm1_0.id_materia=? 
        and gm1_0.id_gestion=? 
    fetch
        first ? rows only
Hibernate: 
    select
        m1_0.id_materia,
        m1_0.nombre,
        m1_0.id_unidad_educativa 
    from
        materia m1_0 
    left join
        unidad_educativa ue1_0 
            on ue1_0.id_unidad_educativa=m1_0.id_unidad_educativa 
    where
        ue1_0.id_unidad_educativa=?
Hibernate: 
    select
        gm1_0.id_grado_materia 
    from
        grado_materia gm1_0 
    where
        gm1_0.id_grado=? 
        and gm1_0.id_materia=? 
        and gm1_0.id_gestion=? 
    fetch
        first ? rows only
Hibernate: 
    select
        m1_0.id_materia,
        m1_0.nombre,
        m1_0.id_unidad_educativa 
    from
        materia m1_0 
    left join
        unidad_educativa ue1_0 
            on ue1_0.id_unidad_educativa=m1_0.id_unidad_educativa 
    where
        ue1_0.id_unidad_educativa=?
Hibernate: 
    select
        gm1_0.id_grado_materia 
    from
        grado_materia gm1_0 
    where
        gm1_0.id_grado=? 
        and gm1_0.id_materia=? 
        and gm1_0.id_gestion=? 
    fetch
        first ? rows only
Hibernate: 
    select
        m1_0.id_materia,
        m1_0.nombre,
        m1_0.id_unidad_educativa 
    from
        materia m1_0 
    left join
        unidad_educativa ue1_0 
            on ue1_0.id_unidad_educativa=m1_0.id_unidad_educativa 
    where
        ue1_0.id_unidad_educativa=?
Hibernate: 
    select
        gm1_0.id_grado_materia 
    from
        grado_materia gm1_0 
    where
        gm1_0.id_grado=? 
        and gm1_0.id_materia=? 
        and gm1_0.id_gestion=? 
    fetch
        first ? rows only
Hibernate: 
    select
        m1_0.id_materia,
        m1_0.nombre,
        m1_0.id_unidad_educativa 
    from
        materia m1_0 
    left join
        unidad_educativa ue1_0 
            on ue1_0.id_unidad_educativa=m1_0.id_unidad_educativa 
    where
        ue1_0.id_unidad_educativa=?
Hibernate: 
    select
        gm1_0.id_grado_materia 
    from
        grado_materia gm1_0 
    where
        gm1_0.id_grado=? 
        and gm1_0.id_materia=? 
        and gm1_0.id_gestion=? 
    fetch
        first ? rows only
Hibernate: 
    select
        m1_0.id_materia,
        m1_0.nombre,
        m1_0.id_unidad_educativa 
    from
        materia m1_0 
    left join
        unidad_educativa ue1_0 
            on ue1_0.id_unidad_educativa=m1_0.id_unidad_educativa 
    where
        ue1_0.id_unidad_educativa=?
Hibernate: 
    select
        gm1_0.id_grado_materia 
    from
        grado_materia gm1_0 
    where
        gm1_0.id_grado=? 
        and gm1_0.id_materia=? 
        and gm1_0.id_gestion=? 
    fetch
        first ? rows only
Hibernate: 
    select
        m1_0.id_materia,
        m1_0.nombre,
        m1_0.id_unidad_educativa 
    from
        materia m1_0 
    left join
        unidad_educativa ue1_0 
            on ue1_0.id_unidad_educativa=m1_0.id_unidad_educativa 
    where
        ue1_0.id_unidad_educativa=?
Hibernate: 
    select
        gm1_0.id_grado_materia 
    from
        grado_materia gm1_0 
    where
        gm1_0.id_grado=? 
        and gm1_0.id_materia=? 
        and gm1_0.id_gestion=? 
    fetch
        first ? rows only
Hibernate: 
    select
        m1_0.id_materia,
        m1_0.nombre,
        m1_0.id_unidad_educativa 
    from
        materia m1_0 
    left join
        unidad_educativa ue1_0 
            on ue1_0.id_unidad_educativa=m1_0.id_unidad_educativa 
    where
        ue1_0.id_unidad_educativa=?
Hibernate: 
    select
        gm1_0.id_grado_materia 
    from
        grado_materia gm1_0 
    where
        gm1_0.id_grado=? 
        and gm1_0.id_materia=? 
        and gm1_0.id_gestion=? 
    fetch
        first ? rows only
Hibernate: 
    select
        m1_0.id_materia,
        m1_0.nombre,
        m1_0.id_unidad_educativa 
    from
        materia m1_0 
    left join
        unidad_educativa ue1_0 
            on ue1_0.id_unidad_educativa=m1_0.id_unidad_educativa 
    where
        ue1_0.id_unidad_educativa=?
Hibernate: 
    select
        gm1_0.id_grado_materia 
    from
        grado_materia gm1_0 
    where
        gm1_0.id_grado=? 
        and gm1_0.id_materia=? 
        and gm1_0.id_gestion=? 
    fetch
        first ? rows only
Hibernate: 
    select
        m1_0.id_materia,
        m1_0.nombre,
        m1_0.id_unidad_educativa 
    from
        materia m1_0 
    left join
        unidad_educativa ue1_0 
            on ue1_0.id_unidad_educativa=m1_0.id_unidad_educativa 
    where
        ue1_0.id_unidad_educativa=?
Hibernate: 
    select
        gm1_0.id_grado_materia 
    from
        grado_materia gm1_0 
    where
        gm1_0.id_grado=? 
        and gm1_0.id_materia=? 
        and gm1_0.id_gestion=? 
    fetch
        first ? rows only
Hibernate: 
    select
        m1_0.id_materia,
        m1_0.nombre,
        m1_0.id_unidad_educativa 
    from
        materia m1_0 
    left join
        unidad_educativa ue1_0 
            on ue1_0.id_unidad_educativa=m1_0.id_unidad_educativa 
    where
        ue1_0.id_unidad_educativa=?
Hibernate: 
    select
        gm1_0.id_grado_materia 
    from
        grado_materia gm1_0 
    where
        gm1_0.id_grado=? 
        and gm1_0.id_materia=? 
        and gm1_0.id_gestion=? 
    fetch
        first ? rows only
2025-12-21T23:50:00.479-04:00  INFO 21711 --- [unidad-educativa] [           main] c.u.i.s.SchoolInitializationService      : Configuración completada para UE: Unidad Educativa San Andres
Hibernate: 
    select
        u1_0.id_usuario 
    from
        usuario u1_0 
    where
        u1_0.correo=? 
    fetch
        first ? rows only
Hibernate: 
    select
        u1_0.id_usuario,
        u1_0.apellido_materno,
        u1_0.apellido_paterno,
        u1_0.ci,
        u1_0.contrasena,
        u1_0.correo,
        u1_0.created_at,
        u1_0.estado,
        u1_0.fecha_nacimiento,
        u1_0.foto_perfil,
        u1_0.nombres,
        u1_0.id_rol,
        u1_0.id_unidad_educativa,
        u1_0.updated_at 
    from
        usuario u1_0 
    where
        u1_0.correo=?
Hibernate: 
    select
        d1_0.id_director,
        d1_0.telefono,
        d1_0.id_usuario 
    from
        director d1_0 
    where
        d1_0.id_usuario=?
Hibernate: 
    select
        u1_0.id_usuario 
    from
        usuario u1_0 
    where
        u1_0.correo=? 
    fetch
        first ? rows only
Hibernate: 
    select
        u1_0.id_usuario,
        u1_0.apellido_materno,
        u1_0.apellido_paterno,
        u1_0.ci,
        u1_0.contrasena,
        u1_0.correo,
        u1_0.created_at,
        u1_0.estado,
        u1_0.fecha_nacimiento,
        u1_0.foto_perfil,
        u1_0.nombres,
        u1_0.id_rol,
        u1_0.id_unidad_educativa,
        u1_0.updated_at 
    from
        usuario u1_0 
    where
        u1_0.correo=?
Hibernate: 
    select
        s1_0.id_secretaria,
        s1_0.telefono,
        s1_0.id_usuario 
    from
        secretaria s1_0 
    where
        s1_0.id_usuario=?
Hibernate: 
    select
        u1_0.id_usuario 
    from
        usuario u1_0 
    where
        u1_0.correo=? 
    fetch
        first ? rows only
Hibernate: 
    select
        u1_0.id_usuario,
        u1_0.apellido_materno,
        u1_0.apellido_paterno,
        u1_0.ci,
        u1_0.contrasena,
        u1_0.correo,
        u1_0.created_at,
        u1_0.estado,
        u1_0.fecha_nacimiento,
        u1_0.foto_perfil,
        u1_0.nombres,
        u1_0.id_rol,
        u1_0.id_unidad_educativa,
        u1_0.updated_at 
    from
        usuario u1_0 
    where
        u1_0.correo=?
Hibernate: 
    select
        p1_0.id_profesor,
        p1_0.profesion,
        p1_0.telefono,
        p1_0.id_usuario 
    from
        profesor p1_0 
    where
        p1_0.id_usuario=?
Hibernate: 
    select
        u1_0.id_usuario 
    from
        usuario u1_0 
    where
        u1_0.correo=? 
    fetch
        first ? rows only
Hibernate: 
    select
        u1_0.id_usuario,
        u1_0.apellido_materno,
        u1_0.apellido_paterno,
        u1_0.ci,
        u1_0.contrasena,
        u1_0.correo,
        u1_0.created_at,
        u1_0.estado,
        u1_0.fecha_nacimiento,
        u1_0.foto_perfil,
        u1_0.nombres,
        u1_0.id_rol,
        u1_0.id_unidad_educativa,
        u1_0.updated_at 
    from
        usuario u1_0 
    where
        u1_0.correo=?
Hibernate: 
    select
        e1_0.id_estudiante,
        e1_0.codigo_rude,
        e1_0.direccion,
        e1_0.nombre_madre,
        e1_0.nombre_padre,
        e1_0.telefono_madre,
        e1_0.telefono_padre,
        e1_0.id_usuario 
    from
        estudiante e1_0 
    where
        e1_0.id_usuario=?
Hibernate: 
    select
        u1_0.id_usuario 
    from
        usuario u1_0 
    where
        u1_0.correo=? 
    fetch
        first ? rows only
Hibernate: 
    select
        u1_0.id_usuario,
        u1_0.apellido_materno,
        u1_0.apellido_paterno,
        u1_0.ci,
        u1_0.contrasena,
        u1_0.correo,
        u1_0.created_at,
        u1_0.estado,
        u1_0.fecha_nacimiento,
        u1_0.foto_perfil,
        u1_0.nombres,
        u1_0.id_rol,
        u1_0.id_unidad_educativa,
        u1_0.updated_at 
    from
        usuario u1_0 
    where
        u1_0.correo=?
Hibernate: 
    select
        e1_0.id_estudiante,
        e1_0.codigo_rude,
        e1_0.direccion,
        e1_0.nombre_madre,
        e1_0.nombre_padre,
        e1_0.telefono_madre,
        e1_0.telefono_padre,
        e1_0.id_usuario 
    from
        estudiante e1_0 
    where
        e1_0.id_usuario=?
Hibernate: 
    select
        u1_0.id_usuario 
    from
        usuario u1_0 
    where
        u1_0.correo=? 
    fetch
        first ? rows only
Hibernate: 
    select
        u1_0.id_usuario,
        u1_0.apellido_materno,
        u1_0.apellido_paterno,
        u1_0.ci,
        u1_0.contrasena,
        u1_0.correo,
        u1_0.created_at,
        u1_0.estado,
        u1_0.fecha_nacimiento,
        u1_0.foto_perfil,
        u1_0.nombres,
        u1_0.id_rol,
        u1_0.id_unidad_educativa,
        u1_0.updated_at 
    from
        usuario u1_0 
    where
        u1_0.correo=?
Hibernate: 
    select
        e1_0.id_estudiante,
        e1_0.codigo_rude,
        e1_0.direccion,
        e1_0.nombre_madre,
        e1_0.nombre_padre,
        e1_0.telefono_madre,
        e1_0.telefono_padre,
        e1_0.id_usuario 
    from
        estudiante e1_0 
    where
        e1_0.id_usuario=?
Hibernate: 
    select
        u1_0.id_usuario 
    from
        usuario u1_0 
    where
        u1_0.correo=? 
    fetch
        first ? rows only
Hibernate: 
    select
        u1_0.id_usuario,
        u1_0.apellido_materno,
        u1_0.apellido_paterno,
        u1_0.ci,
        u1_0.contrasena,
        u1_0.correo,
        u1_0.created_at,
        u1_0.estado,
        u1_0.fecha_nacimiento,
        u1_0.foto_perfil,
        u1_0.nombres,
        u1_0.id_rol,
        u1_0.id_unidad_educativa,
        u1_0.updated_at 
    from
        usuario u1_0 
    where
        u1_0.correo=?
Hibernate: 
    select
        e1_0.id_estudiante,
        e1_0.codigo_rude,
        e1_0.direccion,
        e1_0.nombre_madre,
        e1_0.nombre_padre,
        e1_0.telefono_madre,
        e1_0.telefono_padre,
        e1_0.id_usuario 
    from
        estudiante e1_0 
    where
        e1_0.id_usuario=?
Hibernate: 
    select
        u1_0.id_usuario 
    from
        usuario u1_0 
    where
        u1_0.correo=? 
    fetch
        first ? rows only
Hibernate: 
    select
        u1_0.id_usuario,
        u1_0.apellido_materno,
        u1_0.apellido_paterno,
        u1_0.ci,
        u1_0.contrasena,
        u1_0.correo,
        u1_0.created_at,
        u1_0.estado,
        u1_0.fecha_nacimiento,
        u1_0.foto_perfil,
        u1_0.nombres,
        u1_0.id_rol,
        u1_0.id_unidad_educativa,
        u1_0.updated_at 
    from
        usuario u1_0 
    where
        u1_0.correo=?
Hibernate: 
    select
        e1_0.id_estudiante,
        e1_0.codigo_rude,
        e1_0.direccion,
        e1_0.nombre_madre,
        e1_0.nombre_padre,
        e1_0.telefono_madre,
        e1_0.telefono_padre,
        e1_0.id_usuario 
    from
        estudiante e1_0 
    where
        e1_0.id_usuario=?
Hibernate: 
    select
        ga1_0.id_gestion,
        ga1_0.anio,
        ga1_0.estado,
        ga1_0.id_unidad_educativa 
    from
        gestion_academica ga1_0 
    left join
        unidad_educativa ue1_0 
            on ue1_0.id_unidad_educativa=ga1_0.id_unidad_educativa 
    where
        ga1_0.anio=? 
        and ue1_0.id_unidad_educativa=?
Hibernate: 
    select
        g1_0.id_grado,
        g1_0.nivel,
        g1_0.nombre 
    from
        grado g1_0 
    where
        g1_0.nivel=?
Hibernate: 
    select
        c1_0.id_curso 
    from
        curso c1_0 
    left join
        grado g1_0 
            on g1_0.id_grado=c1_0.id_grado 
    where
        g1_0.id_grado=? 
        and c1_0.paralelo=? 
        and c1_0.turno=? 
    fetch
        first ? rows only
Hibernate: 
    select
        c1_0.id_curso 
    from
        curso c1_0 
    left join
        grado g1_0 
            on g1_0.id_grado=c1_0.id_grado 
    where
        g1_0.id_grado=? 
        and c1_0.paralelo=? 
        and c1_0.turno=? 
    fetch
        first ? rows only
Hibernate: 
    select
        c1_0.id_curso 
    from
        curso c1_0 
    left join
        grado g1_0 
            on g1_0.id_grado=c1_0.id_grado 
    where
        g1_0.id_grado=? 
        and c1_0.paralelo=? 
        and c1_0.turno=? 
    fetch
        first ? rows only
Hibernate: 
    select
        c1_0.id_curso 
    from
        curso c1_0 
    left join
        grado g1_0 
            on g1_0.id_grado=c1_0.id_grado 
    where
        g1_0.id_grado=? 
        and c1_0.paralelo=? 
        and c1_0.turno=? 
    fetch
        first ? rows only
Hibernate: 
    select
        c1_0.id_curso 
    from
        curso c1_0 
    left join
        grado g1_0 
            on g1_0.id_grado=c1_0.id_grado 
    where
        g1_0.id_grado=? 
        and c1_0.paralelo=? 
        and c1_0.turno=? 
    fetch
        first ? rows only
Hibernate: 
    select
        c1_0.id_curso 
    from
        curso c1_0 
    left join
        grado g1_0 
            on g1_0.id_grado=c1_0.id_grado 
    where
        g1_0.id_grado=? 
        and c1_0.paralelo=? 
        and c1_0.turno=? 
    fetch
        first ? rows only
Hibernate: 
    select
        ga1_0.id_gestion,
        ga1_0.anio,
        ga1_0.estado,
        ga1_0.id_unidad_educativa 
    from
        gestion_academica ga1_0 
    left join
        unidad_educativa ue1_0 
            on ue1_0.id_unidad_educativa=ga1_0.id_unidad_educativa 
    where
        ga1_0.anio=? 
        and ue1_0.id_unidad_educativa=?
Hibernate: 
    select
        c1_0.id_curso,
        c1_0.id_grado,
        c1_0.paralelo,
        c1_0.turno 
    from
        curso c1_0
Hibernate: 
    select
        u1_0.id_usuario,
        u1_0.apellido_materno,
        u1_0.apellido_paterno,
        u1_0.ci,
        u1_0.contrasena,
        u1_0.correo,
        u1_0.created_at,
        u1_0.estado,
        u1_0.fecha_nacimiento,
        u1_0.foto_perfil,
        u1_0.nombres,
        u1_0.id_rol,
        u1_0.id_unidad_educativa,
        u1_0.updated_at 
    from
        usuario u1_0 
    where
        u1_0.correo=?
Hibernate: 
    select
        p1_0.id_profesor,
        p1_0.profesion,
        p1_0.telefono,
        p1_0.id_usuario 
    from
        profesor p1_0 
    where
        p1_0.id_usuario=?
Hibernate: 
    select
        gm1_0.id_grado_materia,
        gm1_0.id_gestion,
        gm1_0.id_grado,
        gm1_0.id_materia 
    from
        grado_materia gm1_0 
    where
        gm1_0.id_grado=? 
        and gm1_0.id_gestion=?
Hibernate: 
    select
        ad1_0.id_asignacion,
        ad1_0.id_curso,
        ad1_0.estado,
        ad1_0.fecha_fin,
        ad1_0.fecha_inicio,
        ad1_0.id_gestion,
        ad1_0.id_materia,
        ad1_0.id_profesor 
    from
        asignacion_docente ad1_0 
    where
        ad1_0.id_profesor=? 
        and ad1_0.id_curso=? 
        and ad1_0.id_materia=?
2025-12-21T23:50:00.530-04:00  INFO 21711 --- [unidad-educativa] [           main] c.u.config.DataInitializer               : Asignación docente verificada: Matemáticas en 1ro A
Hibernate: 
    select
        e1_0.id_estudiante,
        e1_0.codigo_rude,
        e1_0.direccion,
        e1_0.nombre_madre,
        e1_0.nombre_padre,
        e1_0.telefono_madre,
        e1_0.telefono_padre,
        e1_0.id_usuario 
    from
        estudiante e1_0
Hibernate: 
    select
        u1_0.id_usuario,
        u1_0.apellido_materno,
        u1_0.apellido_paterno,
        u1_0.ci,
        u1_0.contrasena,
        u1_0.correo,
        u1_0.created_at,
        u1_0.estado,
        u1_0.fecha_nacimiento,
        u1_0.foto_perfil,
        u1_0.nombres,
        u1_0.id_rol,
        r1_0.id_rol,
        r1_0.nombre,
        ue1_0.id_unidad_educativa,
        ue1_0.direccion,
        ue1_0.estado,
        ue1_0.logo_url,
        ue1_0.nombre,
        ue1_0.sie,
        u1_0.updated_at 
    from
        usuario u1_0 
    join
        rol r1_0 
            on r1_0.id_rol=u1_0.id_rol 
    left join
        unidad_educativa ue1_0 
            on ue1_0.id_unidad_educativa=u1_0.id_unidad_educativa 
    where
        u1_0.id_usuario=?
Hibernate: 
    select
        u1_0.id_usuario,
        u1_0.apellido_materno,
        u1_0.apellido_paterno,
        u1_0.ci,
        u1_0.contrasena,
        u1_0.correo,
        u1_0.created_at,
        u1_0.estado,
        u1_0.fecha_nacimiento,
        u1_0.foto_perfil,
        u1_0.nombres,
        u1_0.id_rol,
        r1_0.id_rol,
        r1_0.nombre,
        ue1_0.id_unidad_educativa,
        ue1_0.direccion,
        ue1_0.estado,
        ue1_0.logo_url,
        ue1_0.nombre,
        ue1_0.sie,
        u1_0.updated_at 
    from
        usuario u1_0 
    join
        rol r1_0 
            on r1_0.id_rol=u1_0.id_rol 
    left join
        unidad_educativa ue1_0 
            on ue1_0.id_unidad_educativa=u1_0.id_unidad_educativa 
    where
        u1_0.id_usuario=?
Hibernate: 
    select
        u1_0.id_usuario,
        u1_0.apellido_materno,
        u1_0.apellido_paterno,
        u1_0.ci,
        u1_0.contrasena,
        u1_0.correo,
        u1_0.created_at,
        u1_0.estado,
        u1_0.fecha_nacimiento,
        u1_0.foto_perfil,
        u1_0.nombres,
        u1_0.id_rol,
        r1_0.id_rol,
        r1_0.nombre,
        ue1_0.id_unidad_educativa,
        ue1_0.direccion,
        ue1_0.estado,
        ue1_0.logo_url,
        ue1_0.nombre,
        ue1_0.sie,
        u1_0.updated_at 
    from
        usuario u1_0 
    join
        rol r1_0 
            on r1_0.id_rol=u1_0.id_rol 
    left join
        unidad_educativa ue1_0 
            on ue1_0.id_unidad_educativa=u1_0.id_unidad_educativa 
    where
        u1_0.id_usuario=?
Hibernate: 
    select
        u1_0.id_usuario,
        u1_0.apellido_materno,
        u1_0.apellido_paterno,
        u1_0.ci,
        u1_0.contrasena,
        u1_0.correo,
        u1_0.created_at,
        u1_0.estado,
        u1_0.fecha_nacimiento,
        u1_0.foto_perfil,
        u1_0.nombres,
        u1_0.id_rol,
        r1_0.id_rol,
        r1_0.nombre,
        ue1_0.id_unidad_educativa,
        ue1_0.direccion,
        ue1_0.estado,
        ue1_0.logo_url,
        ue1_0.nombre,
        ue1_0.sie,
        u1_0.updated_at 
    from
        usuario u1_0 
    join
        rol r1_0 
            on r1_0.id_rol=u1_0.id_rol 
    left join
        unidad_educativa ue1_0 
            on ue1_0.id_unidad_educativa=u1_0.id_unidad_educativa 
    where
        u1_0.id_usuario=?
Hibernate: 
    select
        u1_0.id_usuario,
        u1_0.apellido_materno,
        u1_0.apellido_paterno,
        u1_0.ci,
        u1_0.contrasena,
        u1_0.correo,
        u1_0.created_at,
        u1_0.estado,
        u1_0.fecha_nacimiento,
        u1_0.foto_perfil,
        u1_0.nombres,
        u1_0.id_rol,
        r1_0.id_rol,
        r1_0.nombre,
        ue1_0.id_unidad_educativa,
        ue1_0.direccion,
        ue1_0.estado,
        ue1_0.logo_url,
        ue1_0.nombre,
        ue1_0.sie,
        u1_0.updated_at 
    from
        usuario u1_0 
    join
        rol r1_0 
            on r1_0.id_rol=u1_0.id_rol 
    left join
        unidad_educativa ue1_0 
            on ue1_0.id_unidad_educativa=u1_0.id_unidad_educativa 
    where
        u1_0.id_usuario=?
Hibernate: 
    select
        u1_0.id_usuario,
        u1_0.apellido_materno,
        u1_0.apellido_paterno,
        u1_0.ci,
        u1_0.contrasena,
        u1_0.correo,
        u1_0.created_at,
        u1_0.estado,
        u1_0.fecha_nacimiento,
        u1_0.foto_perfil,
        u1_0.nombres,
        u1_0.id_rol,
        r1_0.id_rol,
        r1_0.nombre,
        ue1_0.id_unidad_educativa,
        ue1_0.direccion,
        ue1_0.estado,
        ue1_0.logo_url,
        ue1_0.nombre,
        ue1_0.sie,
        u1_0.updated_at 
    from
        usuario u1_0 
    join
        rol r1_0 
            on r1_0.id_rol=u1_0.id_rol 
    left join
        unidad_educativa ue1_0 
            on ue1_0.id_unidad_educativa=u1_0.id_unidad_educativa 
    where
        u1_0.id_usuario=?
Hibernate: 
    select
        u1_0.id_usuario,
        u1_0.apellido_materno,
        u1_0.apellido_paterno,
        u1_0.ci,
        u1_0.contrasena,
        u1_0.correo,
        u1_0.created_at,
        u1_0.estado,
        u1_0.fecha_nacimiento,
        u1_0.foto_perfil,
        u1_0.nombres,
        u1_0.id_rol,
        r1_0.id_rol,
        r1_0.nombre,
        ue1_0.id_unidad_educativa,
        ue1_0.direccion,
        ue1_0.estado,
        ue1_0.logo_url,
        ue1_0.nombre,
        ue1_0.sie,
        u1_0.updated_at 
    from
        usuario u1_0 
    join
        rol r1_0 
            on r1_0.id_rol=u1_0.id_rol 
    left join
        unidad_educativa ue1_0 
            on ue1_0.id_unidad_educativa=u1_0.id_unidad_educativa 
    where
        u1_0.id_usuario=?
Hibernate: 
    select
        u1_0.id_usuario,
        u1_0.apellido_materno,
        u1_0.apellido_paterno,
        u1_0.ci,
        u1_0.contrasena,
        u1_0.correo,
        u1_0.created_at,
        u1_0.estado,
        u1_0.fecha_nacimiento,
        u1_0.foto_perfil,
        u1_0.nombres,
        u1_0.id_rol,
        r1_0.id_rol,
        r1_0.nombre,
        ue1_0.id_unidad_educativa,
        ue1_0.direccion,
        ue1_0.estado,
        ue1_0.logo_url,
        ue1_0.nombre,
        ue1_0.sie,
        u1_0.updated_at 
    from
        usuario u1_0 
    join
        rol r1_0 
            on r1_0.id_rol=u1_0.id_rol 
    left join
        unidad_educativa ue1_0 
            on ue1_0.id_unidad_educativa=u1_0.id_unidad_educativa 
    where
        u1_0.id_usuario=?
Hibernate: 
    select
        u1_0.id_usuario,
        u1_0.apellido_materno,
        u1_0.apellido_paterno,
        u1_0.ci,
        u1_0.contrasena,
        u1_0.correo,
        u1_0.created_at,
        u1_0.estado,
        u1_0.fecha_nacimiento,
        u1_0.foto_perfil,
        u1_0.nombres,
        u1_0.id_rol,
        r1_0.id_rol,
        r1_0.nombre,
        ue1_0.id_unidad_educativa,
        ue1_0.direccion,
        ue1_0.estado,
        ue1_0.logo_url,
        ue1_0.nombre,
        ue1_0.sie,
        u1_0.updated_at 
    from
        usuario u1_0 
    join
        rol r1_0 
            on r1_0.id_rol=u1_0.id_rol 
    left join
        unidad_educativa ue1_0 
            on ue1_0.id_unidad_educativa=u1_0.id_unidad_educativa 
    where
        u1_0.id_usuario=?
Hibernate: 
    select
        u1_0.id_usuario,
        u1_0.apellido_materno,
        u1_0.apellido_paterno,
        u1_0.ci,
        u1_0.contrasena,
        u1_0.correo,
        u1_0.created_at,
        u1_0.estado,
        u1_0.fecha_nacimiento,
        u1_0.foto_perfil,
        u1_0.nombres,
        u1_0.id_rol,
        r1_0.id_rol,
        r1_0.nombre,
        ue1_0.id_unidad_educativa,
        ue1_0.direccion,
        ue1_0.estado,
        ue1_0.logo_url,
        ue1_0.nombre,
        ue1_0.sie,
        u1_0.updated_at 
    from
        usuario u1_0 
    join
        rol r1_0 
            on r1_0.id_rol=u1_0.id_rol 
    left join
        unidad_educativa ue1_0 
            on ue1_0.id_unidad_educativa=u1_0.id_unidad_educativa 
    where
        u1_0.id_usuario=?
Hibernate: 
    select
        u1_0.id_usuario,
        u1_0.apellido_materno,
        u1_0.apellido_paterno,
        u1_0.ci,
        u1_0.contrasena,
        u1_0.correo,
        u1_0.created_at,
        u1_0.estado,
        u1_0.fecha_nacimiento,
        u1_0.foto_perfil,
        u1_0.nombres,
        u1_0.id_rol,
        r1_0.id_rol,
        r1_0.nombre,
        ue1_0.id_unidad_educativa,
        ue1_0.direccion,
        ue1_0.estado,
        ue1_0.logo_url,
        ue1_0.nombre,
        ue1_0.sie,
        u1_0.updated_at 
    from
        usuario u1_0 
    join
        rol r1_0 
            on r1_0.id_rol=u1_0.id_rol 
    left join
        unidad_educativa ue1_0 
            on ue1_0.id_unidad_educativa=u1_0.id_unidad_educativa 
    where
        u1_0.id_usuario=?
Hibernate: 
    select
        u1_0.id_usuario,
        u1_0.apellido_materno,
        u1_0.apellido_paterno,
        u1_0.ci,
        u1_0.contrasena,
        u1_0.correo,
        u1_0.created_at,
        u1_0.estado,
        u1_0.fecha_nacimiento,
        u1_0.foto_perfil,
        u1_0.nombres,
        u1_0.id_rol,
        r1_0.id_rol,
        r1_0.nombre,
        ue1_0.id_unidad_educativa,
        ue1_0.direccion,
        ue1_0.estado,
        ue1_0.logo_url,
        ue1_0.nombre,
        ue1_0.sie,
        u1_0.updated_at 
    from
        usuario u1_0 
    join
        rol r1_0 
            on r1_0.id_rol=u1_0.id_rol 
    left join
        unidad_educativa ue1_0 
            on ue1_0.id_unidad_educativa=u1_0.id_unidad_educativa 
    where
        u1_0.id_usuario=?
Hibernate: 
    select
        u1_0.id_usuario,
        u1_0.apellido_materno,
        u1_0.apellido_paterno,
        u1_0.ci,
        u1_0.contrasena,
        u1_0.correo,
        u1_0.created_at,
        u1_0.estado,
        u1_0.fecha_nacimiento,
        u1_0.foto_perfil,
        u1_0.nombres,
        u1_0.id_rol,
        r1_0.id_rol,
        r1_0.nombre,
        ue1_0.id_unidad_educativa,
        ue1_0.direccion,
        ue1_0.estado,
        ue1_0.logo_url,
        ue1_0.nombre,
        ue1_0.sie,
        u1_0.updated_at 
    from
        usuario u1_0 
    join
        rol r1_0 
            on r1_0.id_rol=u1_0.id_rol 
    left join
        unidad_educativa ue1_0 
            on ue1_0.id_unidad_educativa=u1_0.id_unidad_educativa 
    where
        u1_0.id_usuario=?
Hibernate: 
    select
        u1_0.id_usuario,
        u1_0.apellido_materno,
        u1_0.apellido_paterno,
        u1_0.ci,
        u1_0.contrasena,
        u1_0.correo,
        u1_0.created_at,
        u1_0.estado,
        u1_0.fecha_nacimiento,
        u1_0.foto_perfil,
        u1_0.nombres,
        u1_0.id_rol,
        r1_0.id_rol,
        r1_0.nombre,
        ue1_0.id_unidad_educativa,
        ue1_0.direccion,
        ue1_0.estado,
        ue1_0.logo_url,
        ue1_0.nombre,
        ue1_0.sie,
        u1_0.updated_at 
    from
        usuario u1_0 
    join
        rol r1_0 
            on r1_0.id_rol=u1_0.id_rol 
    left join
        unidad_educativa ue1_0 
            on ue1_0.id_unidad_educativa=u1_0.id_unidad_educativa 
    where
        u1_0.id_usuario=?
Hibernate: 
    select
        u1_0.id_usuario,
        u1_0.apellido_materno,
        u1_0.apellido_paterno,
        u1_0.ci,
        u1_0.contrasena,
        u1_0.correo,
        u1_0.created_at,
        u1_0.estado,
        u1_0.fecha_nacimiento,
        u1_0.foto_perfil,
        u1_0.nombres,
        u1_0.id_rol,
        r1_0.id_rol,
        r1_0.nombre,
        ue1_0.id_unidad_educativa,
        ue1_0.direccion,
        ue1_0.estado,
        ue1_0.logo_url,
        ue1_0.nombre,
        ue1_0.sie,
        u1_0.updated_at 
    from
        usuario u1_0 
    join
        rol r1_0 
            on r1_0.id_rol=u1_0.id_rol 
    left join
        unidad_educativa ue1_0 
            on ue1_0.id_unidad_educativa=u1_0.id_unidad_educativa 
    where
        u1_0.id_usuario=?
Hibernate: 
    select
        u1_0.id_usuario,
        u1_0.apellido_materno,
        u1_0.apellido_paterno,
        u1_0.ci,
        u1_0.contrasena,
        u1_0.correo,
        u1_0.created_at,
        u1_0.estado,
        u1_0.fecha_nacimiento,
        u1_0.foto_perfil,
        u1_0.nombres,
        u1_0.id_rol,
        r1_0.id_rol,
        r1_0.nombre,
        ue1_0.id_unidad_educativa,
        ue1_0.direccion,
        ue1_0.estado,
        ue1_0.logo_url,
        ue1_0.nombre,
        ue1_0.sie,
        u1_0.updated_at 
    from
        usuario u1_0 
    join
        rol r1_0 
            on r1_0.id_rol=u1_0.id_rol 
    left join
        unidad_educativa ue1_0 
            on ue1_0.id_unidad_educativa=u1_0.id_unidad_educativa 
    where
        u1_0.id_usuario=?
Hibernate: 
    select
        u1_0.id_usuario,
        u1_0.apellido_materno,
        u1_0.apellido_paterno,
        u1_0.ci,
        u1_0.contrasena,
        u1_0.correo,
        u1_0.created_at,
        u1_0.estado,
        u1_0.fecha_nacimiento,
        u1_0.foto_perfil,
        u1_0.nombres,
        u1_0.id_rol,
        r1_0.id_rol,
        r1_0.nombre,
        ue1_0.id_unidad_educativa,
        ue1_0.direccion,
        ue1_0.estado,
        ue1_0.logo_url,
        ue1_0.nombre,
        ue1_0.sie,
        u1_0.updated_at 
    from
        usuario u1_0 
    join
        rol r1_0 
            on r1_0.id_rol=u1_0.id_rol 
    left join
        unidad_educativa ue1_0 
            on ue1_0.id_unidad_educativa=u1_0.id_unidad_educativa 
    where
        u1_0.id_usuario=?
Hibernate: 
    select
        u1_0.id_usuario,
        u1_0.apellido_materno,
        u1_0.apellido_paterno,
        u1_0.ci,
        u1_0.contrasena,
        u1_0.correo,
        u1_0.created_at,
        u1_0.estado,
        u1_0.fecha_nacimiento,
        u1_0.foto_perfil,
        u1_0.nombres,
        u1_0.id_rol,
        r1_0.id_rol,
        r1_0.nombre,
        ue1_0.id_unidad_educativa,
        ue1_0.direccion,
        ue1_0.estado,
        ue1_0.logo_url,
        ue1_0.nombre,
        ue1_0.sie,
        u1_0.updated_at 
    from
        usuario u1_0 
    join
        rol r1_0 
            on r1_0.id_rol=u1_0.id_rol 
    left join
        unidad_educativa ue1_0 
            on ue1_0.id_unidad_educativa=u1_0.id_unidad_educativa 
    where
        u1_0.id_usuario=?
Hibernate: 
    select
        u1_0.id_usuario,
        u1_0.apellido_materno,
        u1_0.apellido_paterno,
        u1_0.ci,
        u1_0.contrasena,
        u1_0.correo,
        u1_0.created_at,
        u1_0.estado,
        u1_0.fecha_nacimiento,
        u1_0.foto_perfil,
        u1_0.nombres,
        u1_0.id_rol,
        r1_0.id_rol,
        r1_0.nombre,
        ue1_0.id_unidad_educativa,
        ue1_0.direccion,
        ue1_0.estado,
        ue1_0.logo_url,
        ue1_0.nombre,
        ue1_0.sie,
        u1_0.updated_at 
    from
        usuario u1_0 
    join
        rol r1_0 
            on r1_0.id_rol=u1_0.id_rol 
    left join
        unidad_educativa ue1_0 
            on ue1_0.id_unidad_educativa=u1_0.id_unidad_educativa 
    where
        u1_0.id_usuario=?
Hibernate: 
    select
        u1_0.id_usuario,
        u1_0.apellido_materno,
        u1_0.apellido_paterno,
        u1_0.ci,
        u1_0.contrasena,
        u1_0.correo,
        u1_0.created_at,
        u1_0.estado,
        u1_0.fecha_nacimiento,
        u1_0.foto_perfil,
        u1_0.nombres,
        u1_0.id_rol,
        r1_0.id_rol,
        r1_0.nombre,
        ue1_0.id_unidad_educativa,
        ue1_0.direccion,
        ue1_0.estado,
        ue1_0.logo_url,
        ue1_0.nombre,
        ue1_0.sie,
        u1_0.updated_at 
    from
        usuario u1_0 
    join
        rol r1_0 
            on r1_0.id_rol=u1_0.id_rol 
    left join
        unidad_educativa ue1_0 
            on ue1_0.id_unidad_educativa=u1_0.id_unidad_educativa 
    where
        u1_0.id_usuario=?
Hibernate: 
    select
        u1_0.id_usuario,
        u1_0.apellido_materno,
        u1_0.apellido_paterno,
        u1_0.ci,
        u1_0.contrasena,
        u1_0.correo,
        u1_0.created_at,
        u1_0.estado,
        u1_0.fecha_nacimiento,
        u1_0.foto_perfil,
        u1_0.nombres,
        u1_0.id_rol,
        r1_0.id_rol,
        r1_0.nombre,
        ue1_0.id_unidad_educativa,
        ue1_0.direccion,
        ue1_0.estado,
        ue1_0.logo_url,
        ue1_0.nombre,
        ue1_0.sie,
        u1_0.updated_at 
    from
        usuario u1_0 
    join
        rol r1_0 
            on r1_0.id_rol=u1_0.id_rol 
    left join
        unidad_educativa ue1_0 
            on ue1_0.id_unidad_educativa=u1_0.id_unidad_educativa 
    where
        u1_0.id_usuario=?
Hibernate: 
    select
        u1_0.id_usuario,
        u1_0.apellido_materno,
        u1_0.apellido_paterno,
        u1_0.ci,
        u1_0.contrasena,
        u1_0.correo,
        u1_0.created_at,
        u1_0.estado,
        u1_0.fecha_nacimiento,
        u1_0.foto_perfil,
        u1_0.nombres,
        u1_0.id_rol,
        r1_0.id_rol,
        r1_0.nombre,
        ue1_0.id_unidad_educativa,
        ue1_0.direccion,
        ue1_0.estado,
        ue1_0.logo_url,
        ue1_0.nombre,
        ue1_0.sie,
        u1_0.updated_at 
    from
        usuario u1_0 
    join
        rol r1_0 
            on r1_0.id_rol=u1_0.id_rol 
    left join
        unidad_educativa ue1_0 
            on ue1_0.id_unidad_educativa=u1_0.id_unidad_educativa 
    where
        u1_0.id_usuario=?
Hibernate: 
    select
        u1_0.id_usuario,
        u1_0.apellido_materno,
        u1_0.apellido_paterno,
        u1_0.ci,
        u1_0.contrasena,
        u1_0.correo,
        u1_0.created_at,
        u1_0.estado,
        u1_0.fecha_nacimiento,
        u1_0.foto_perfil,
        u1_0.nombres,
        u1_0.id_rol,
        r1_0.id_rol,
        r1_0.nombre,
        ue1_0.id_unidad_educativa,
        ue1_0.direccion,
        ue1_0.estado,
        ue1_0.logo_url,
        ue1_0.nombre,
        ue1_0.sie,
        u1_0.updated_at 
    from
        usuario u1_0 
    join
        rol r1_0 
            on r1_0.id_rol=u1_0.id_rol 
    left join
        unidad_educativa ue1_0 
            on ue1_0.id_unidad_educativa=u1_0.id_unidad_educativa 
    where
        u1_0.id_usuario=?
Hibernate: 
    select
        u1_0.id_usuario,
        u1_0.apellido_materno,
        u1_0.apellido_paterno,
        u1_0.ci,
        u1_0.contrasena,
        u1_0.correo,
        u1_0.created_at,
        u1_0.estado,
        u1_0.fecha_nacimiento,
        u1_0.foto_perfil,
        u1_0.nombres,
        u1_0.id_rol,
        r1_0.id_rol,
        r1_0.nombre,
        ue1_0.id_unidad_educativa,
        ue1_0.direccion,
        ue1_0.estado,
        ue1_0.logo_url,
        ue1_0.nombre,
        ue1_0.sie,
        u1_0.updated_at 
    from
        usuario u1_0 
    join
        rol r1_0 
            on r1_0.id_rol=u1_0.id_rol 
    left join
        unidad_educativa ue1_0 
            on ue1_0.id_unidad_educativa=u1_0.id_unidad_educativa 
    where
        u1_0.id_usuario=?
Hibernate: 
    select
        u1_0.id_usuario,
        u1_0.apellido_materno,
        u1_0.apellido_paterno,
        u1_0.ci,
        u1_0.contrasena,
        u1_0.correo,
        u1_0.created_at,
        u1_0.estado,
        u1_0.fecha_nacimiento,
        u1_0.foto_perfil,
        u1_0.nombres,
        u1_0.id_rol,
        r1_0.id_rol,
        r1_0.nombre,
        ue1_0.id_unidad_educativa,
        ue1_0.direccion,
        ue1_0.estado,
        ue1_0.logo_url,
        ue1_0.nombre,
        ue1_0.sie,
        u1_0.updated_at 
    from
        usuario u1_0 
    join
        rol r1_0 
            on r1_0.id_rol=u1_0.id_rol 
    left join
        unidad_educativa ue1_0 
            on ue1_0.id_unidad_educativa=u1_0.id_unidad_educativa 
    where
        u1_0.id_usuario=?
Hibernate: 
    select
        u1_0.id_usuario,
        u1_0.apellido_materno,
        u1_0.apellido_paterno,
        u1_0.ci,
        u1_0.contrasena,
        u1_0.correo,
        u1_0.created_at,
        u1_0.estado,
        u1_0.fecha_nacimiento,
        u1_0.foto_perfil,
        u1_0.nombres,
        u1_0.id_rol,
        r1_0.id_rol,
        r1_0.nombre,
        ue1_0.id_unidad_educativa,
        ue1_0.direccion,
        ue1_0.estado,
        ue1_0.logo_url,
        ue1_0.nombre,
        ue1_0.sie,
        u1_0.updated_at 
    from
        usuario u1_0 
    join
        rol r1_0 
            on r1_0.id_rol=u1_0.id_rol 
    left join
        unidad_educativa ue1_0 
            on ue1_0.id_unidad_educativa=u1_0.id_unidad_educativa 
    where
        u1_0.id_usuario=?
Hibernate: 
    select
        u1_0.id_usuario,
        u1_0.apellido_materno,
        u1_0.apellido_paterno,
        u1_0.ci,
        u1_0.contrasena,
        u1_0.correo,
        u1_0.created_at,
        u1_0.estado,
        u1_0.fecha_nacimiento,
        u1_0.foto_perfil,
        u1_0.nombres,
        u1_0.id_rol,
        r1_0.id_rol,
        r1_0.nombre,
        ue1_0.id_unidad_educativa,
        ue1_0.direccion,
        ue1_0.estado,
        ue1_0.logo_url,
        ue1_0.nombre,
        ue1_0.sie,
        u1_0.updated_at 
    from
        usuario u1_0 
    join
        rol r1_0 
            on r1_0.id_rol=u1_0.id_rol 
    left join
        unidad_educativa ue1_0 
            on ue1_0.id_unidad_educativa=u1_0.id_unidad_educativa 
    where
        u1_0.id_usuario=?
Hibernate: 
    select
        u1_0.id_usuario,
        u1_0.apellido_materno,
        u1_0.apellido_paterno,
        u1_0.ci,
        u1_0.contrasena,
        u1_0.correo,
        u1_0.created_at,
        u1_0.estado,
        u1_0.fecha_nacimiento,
        u1_0.foto_perfil,
        u1_0.nombres,
        u1_0.id_rol,
        r1_0.id_rol,
        r1_0.nombre,
        ue1_0.id_unidad_educativa,
        ue1_0.direccion,
        ue1_0.estado,
        ue1_0.logo_url,
        ue1_0.nombre,
        ue1_0.sie,
        u1_0.updated_at 
    from
        usuario u1_0 
    join
        rol r1_0 
            on r1_0.id_rol=u1_0.id_rol 
    left join
        unidad_educativa ue1_0 
            on ue1_0.id_unidad_educativa=u1_0.id_unidad_educativa 
    where
        u1_0.id_usuario=?
Hibernate: 
    select
        u1_0.id_usuario,
        u1_0.apellido_materno,
        u1_0.apellido_paterno,
        u1_0.ci,
        u1_0.contrasena,
        u1_0.correo,
        u1_0.created_at,
        u1_0.estado,
        u1_0.fecha_nacimiento,
        u1_0.foto_perfil,
        u1_0.nombres,
        u1_0.id_rol,
        r1_0.id_rol,
        r1_0.nombre,
        ue1_0.id_unidad_educativa,
        ue1_0.direccion,
        ue1_0.estado,
        ue1_0.logo_url,
        ue1_0.nombre,
        ue1_0.sie,
        u1_0.updated_at 
    from
        usuario u1_0 
    join
        rol r1_0 
            on r1_0.id_rol=u1_0.id_rol 
    left join
        unidad_educativa ue1_0 
            on ue1_0.id_unidad_educativa=u1_0.id_unidad_educativa 
    where
        u1_0.id_usuario=?
Hibernate: 
    select
        u1_0.id_usuario,
        u1_0.apellido_materno,
        u1_0.apellido_paterno,
        u1_0.ci,
        u1_0.contrasena,
        u1_0.correo,
        u1_0.created_at,
        u1_0.estado,
        u1_0.fecha_nacimiento,
        u1_0.foto_perfil,
        u1_0.nombres,
        u1_0.id_rol,
        r1_0.id_rol,
        r1_0.nombre,
        ue1_0.id_unidad_educativa,
        ue1_0.direccion,
        ue1_0.estado,
        ue1_0.logo_url,
        ue1_0.nombre,
        ue1_0.sie,
        u1_0.updated_at 
    from
        usuario u1_0 
    join
        rol r1_0 
            on r1_0.id_rol=u1_0.id_rol 
    left join
        unidad_educativa ue1_0 
            on ue1_0.id_unidad_educativa=u1_0.id_unidad_educativa 
    where
        u1_0.id_usuario=?
Hibernate: 
    select
        u1_0.id_usuario,
        u1_0.apellido_materno,
        u1_0.apellido_paterno,
        u1_0.ci,
        u1_0.contrasena,
        u1_0.correo,
        u1_0.created_at,
        u1_0.estado,
        u1_0.fecha_nacimiento,
        u1_0.foto_perfil,
        u1_0.nombres,
        u1_0.id_rol,
        r1_0.id_rol,
        r1_0.nombre,
        ue1_0.id_unidad_educativa,
        ue1_0.direccion,
        ue1_0.estado,
        ue1_0.logo_url,
        ue1_0.nombre,
        ue1_0.sie,
        u1_0.updated_at 
    from
        usuario u1_0 
    join
        rol r1_0 
            on r1_0.id_rol=u1_0.id_rol 
    left join
        unidad_educativa ue1_0 
            on ue1_0.id_unidad_educativa=u1_0.id_unidad_educativa 
    where
        u1_0.id_usuario=?
Hibernate: 
    select
        u1_0.id_usuario,
        u1_0.apellido_materno,
        u1_0.apellido_paterno,
        u1_0.ci,
        u1_0.contrasena,
        u1_0.correo,
        u1_0.created_at,
        u1_0.estado,
        u1_0.fecha_nacimiento,
        u1_0.foto_perfil,
        u1_0.nombres,
        u1_0.id_rol,
        r1_0.id_rol,
        r1_0.nombre,
        ue1_0.id_unidad_educativa,
        ue1_0.direccion,
        ue1_0.estado,
        ue1_0.logo_url,
        ue1_0.nombre,
        ue1_0.sie,
        u1_0.updated_at 
    from
        usuario u1_0 
    join
        rol r1_0 
            on r1_0.id_rol=u1_0.id_rol 
    left join
        unidad_educativa ue1_0 
            on ue1_0.id_unidad_educativa=u1_0.id_unidad_educativa 
    where
        u1_0.id_usuario=?
Hibernate: 
    select
        u1_0.id_usuario,
        u1_0.apellido_materno,
        u1_0.apellido_paterno,
        u1_0.ci,
        u1_0.contrasena,
        u1_0.correo,
        u1_0.created_at,
        u1_0.estado,
        u1_0.fecha_nacimiento,
        u1_0.foto_perfil,
        u1_0.nombres,
        u1_0.id_rol,
        r1_0.id_rol,
        r1_0.nombre,
        ue1_0.id_unidad_educativa,
        ue1_0.direccion,
        ue1_0.estado,
        ue1_0.logo_url,
        ue1_0.nombre,
        ue1_0.sie,
        u1_0.updated_at 
    from
        usuario u1_0 
    join
        rol r1_0 
            on r1_0.id_rol=u1_0.id_rol 
    left join
        unidad_educativa ue1_0 
            on ue1_0.id_unidad_educativa=u1_0.id_unidad_educativa 
    where
        u1_0.id_usuario=?
Hibernate: 
    select
        u1_0.id_usuario,
        u1_0.apellido_materno,
        u1_0.apellido_paterno,
        u1_0.ci,
        u1_0.contrasena,
        u1_0.correo,
        u1_0.created_at,
        u1_0.estado,
        u1_0.fecha_nacimiento,
        u1_0.foto_perfil,
        u1_0.nombres,
        u1_0.id_rol,
        r1_0.id_rol,
        r1_0.nombre,
        ue1_0.id_unidad_educativa,
        ue1_0.direccion,
        ue1_0.estado,
        ue1_0.logo_url,
        ue1_0.nombre,
        ue1_0.sie,
        u1_0.updated_at 
    from
        usuario u1_0 
    join
        rol r1_0 
            on r1_0.id_rol=u1_0.id_rol 
    left join
        unidad_educativa ue1_0 
            on ue1_0.id_unidad_educativa=u1_0.id_unidad_educativa 
    where
        u1_0.id_usuario=?
Hibernate: 
    select
        u1_0.id_usuario,
        u1_0.apellido_materno,
        u1_0.apellido_paterno,
        u1_0.ci,
        u1_0.contrasena,
        u1_0.correo,
        u1_0.created_at,
        u1_0.estado,
        u1_0.fecha_nacimiento,
        u1_0.foto_perfil,
        u1_0.nombres,
        u1_0.id_rol,
        r1_0.id_rol,
        r1_0.nombre,
        ue1_0.id_unidad_educativa,
        ue1_0.direccion,
        ue1_0.estado,
        ue1_0.logo_url,
        ue1_0.nombre,
        ue1_0.sie,
        u1_0.updated_at 
    from
        usuario u1_0 
    join
        rol r1_0 
            on r1_0.id_rol=u1_0.id_rol 
    left join
        unidad_educativa ue1_0 
            on ue1_0.id_unidad_educativa=u1_0.id_unidad_educativa 
    where
        u1_0.id_usuario=?
Hibernate: 
    select
        u1_0.id_usuario,
        u1_0.apellido_materno,
        u1_0.apellido_paterno,
        u1_0.ci,
        u1_0.contrasena,
        u1_0.correo,
        u1_0.created_at,
        u1_0.estado,
        u1_0.fecha_nacimiento,
        u1_0.foto_perfil,
        u1_0.nombres,
        u1_0.id_rol,
        r1_0.id_rol,
        r1_0.nombre,
        ue1_0.id_unidad_educativa,
        ue1_0.direccion,
        ue1_0.estado,
        ue1_0.logo_url,
        ue1_0.nombre,
        ue1_0.sie,
        u1_0.updated_at 
    from
        usuario u1_0 
    join
        rol r1_0 
            on r1_0.id_rol=u1_0.id_rol 
    left join
        unidad_educativa ue1_0 
            on ue1_0.id_unidad_educativa=u1_0.id_unidad_educativa 
    where
        u1_0.id_usuario=?
Hibernate: 
    select
        u1_0.id_usuario,
        u1_0.apellido_materno,
        u1_0.apellido_paterno,
        u1_0.ci,
        u1_0.contrasena,
        u1_0.correo,
        u1_0.created_at,
        u1_0.estado,
        u1_0.fecha_nacimiento,
        u1_0.foto_perfil,
        u1_0.nombres,
        u1_0.id_rol,
        r1_0.id_rol,
        r1_0.nombre,
        ue1_0.id_unidad_educativa,
        ue1_0.direccion,
        ue1_0.estado,
        ue1_0.logo_url,
        ue1_0.nombre,
        ue1_0.sie,
        u1_0.updated_at 
    from
        usuario u1_0 
    join
        rol r1_0 
            on r1_0.id_rol=u1_0.id_rol 
    left join
        unidad_educativa ue1_0 
            on ue1_0.id_unidad_educativa=u1_0.id_unidad_educativa 
    where
        u1_0.id_usuario=?
Hibernate: 
    select
        u1_0.id_usuario,
        u1_0.apellido_materno,
        u1_0.apellido_paterno,
        u1_0.ci,
        u1_0.contrasena,
        u1_0.correo,
        u1_0.created_at,
        u1_0.estado,
        u1_0.fecha_nacimiento,
        u1_0.foto_perfil,
        u1_0.nombres,
        u1_0.id_rol,
        r1_0.id_rol,
        r1_0.nombre,
        ue1_0.id_unidad_educativa,
        ue1_0.direccion,
        ue1_0.estado,
        ue1_0.logo_url,
        ue1_0.nombre,
        ue1_0.sie,
        u1_0.updated_at 
    from
        usuario u1_0 
    join
        rol r1_0 
            on r1_0.id_rol=u1_0.id_rol 
    left join
        unidad_educativa ue1_0 
            on ue1_0.id_unidad_educativa=u1_0.id_unidad_educativa 
    where
        u1_0.id_usuario=?
Hibernate: 
    select
        u1_0.id_usuario,
        u1_0.apellido_materno,
        u1_0.apellido_paterno,
        u1_0.ci,
        u1_0.contrasena,
        u1_0.correo,
        u1_0.created_at,
        u1_0.estado,
        u1_0.fecha_nacimiento,
        u1_0.foto_perfil,
        u1_0.nombres,
        u1_0.id_rol,
        r1_0.id_rol,
        r1_0.nombre,
        ue1_0.id_unidad_educativa,
        ue1_0.direccion,
        ue1_0.estado,
        ue1_0.logo_url,
        ue1_0.nombre,
        ue1_0.sie,
        u1_0.updated_at 
    from
        usuario u1_0 
    join
        rol r1_0 
            on r1_0.id_rol=u1_0.id_rol 
    left join
        unidad_educativa ue1_0 
            on ue1_0.id_unidad_educativa=u1_0.id_unidad_educativa 
    where
        u1_0.id_usuario=?
Hibernate: 
    select
        u1_0.id_usuario,
        u1_0.apellido_materno,
        u1_0.apellido_paterno,
        u1_0.ci,
        u1_0.contrasena,
        u1_0.correo,
        u1_0.created_at,
        u1_0.estado,
        u1_0.fecha_nacimiento,
        u1_0.foto_perfil,
        u1_0.nombres,
        u1_0.id_rol,
        r1_0.id_rol,
        r1_0.nombre,
        ue1_0.id_unidad_educativa,
        ue1_0.direccion,
        ue1_0.estado,
        ue1_0.logo_url,
        ue1_0.nombre,
        ue1_0.sie,
        u1_0.updated_at 
    from
        usuario u1_0 
    join
        rol r1_0 
            on r1_0.id_rol=u1_0.id_rol 
    left join
        unidad_educativa ue1_0 
            on ue1_0.id_unidad_educativa=u1_0.id_unidad_educativa 
    where
        u1_0.id_usuario=?
Hibernate: 
    select
        i1_0.id_inscripcion,
        i1_0.id_curso,
        i1_0.estado,
        i1_0.id_estudiante,
        i1_0.fecha_inscripcion,
        i1_0.id_gestion 
    from
        inscripcion i1_0 
    where
        i1_0.id_estudiante=? 
        and i1_0.id_gestion=?
Hibernate: 
    select
        n1_0.id_nota 
    from
        nota n1_0 
    where
        n1_0.id_estudiante=? 
        and n1_0.id_asignacion=? 
        and n1_0.trimestre=? 
    fetch
        first ? rows only
Hibernate: 
    select
        i1_0.id_inscripcion,
        i1_0.id_curso,
        i1_0.estado,
        i1_0.id_estudiante,
        i1_0.fecha_inscripcion,
        i1_0.id_gestion 
    from
        inscripcion i1_0 
    where
        i1_0.id_estudiante=? 
        and i1_0.id_gestion=?
Hibernate: 
    select
        n1_0.id_nota 
    from
        nota n1_0 
    where
        n1_0.id_estudiante=? 
        and n1_0.id_asignacion=? 
        and n1_0.trimestre=? 
    fetch
        first ? rows only
Hibernate: 
    select
        i1_0.id_inscripcion,
        i1_0.id_curso,
        i1_0.estado,
        i1_0.id_estudiante,
        i1_0.fecha_inscripcion,
        i1_0.id_gestion 
    from
        inscripcion i1_0 
    where
        i1_0.id_estudiante=? 
        and i1_0.id_gestion=?
Hibernate: 
    select
        n1_0.id_nota 
    from
        nota n1_0 
    where
        n1_0.id_estudiante=? 
        and n1_0.id_asignacion=? 
        and n1_0.trimestre=? 
    fetch
        first ? rows only
Hibernate: 
    select
        i1_0.id_inscripcion,
        i1_0.id_curso,
        i1_0.estado,
        i1_0.id_estudiante,
        i1_0.fecha_inscripcion,
        i1_0.id_gestion 
    from
        inscripcion i1_0 
    where
        i1_0.id_estudiante=? 
        and i1_0.id_gestion=?
Hibernate: 
    select
        n1_0.id_nota 
    from
        nota n1_0 
    where
        n1_0.id_estudiante=? 
        and n1_0.id_asignacion=? 
        and n1_0.trimestre=? 
    fetch
        first ? rows only
Hibernate: 
    select
        i1_0.id_inscripcion,
        i1_0.id_curso,
        i1_0.estado,
        i1_0.id_estudiante,
        i1_0.fecha_inscripcion,
        i1_0.id_gestion 
    from
        inscripcion i1_0 
    where
        i1_0.id_estudiante=? 
        and i1_0.id_gestion=?
Hibernate: 
    select
        n1_0.id_nota 
    from
        nota n1_0 
    where
        n1_0.id_estudiante=? 
        and n1_0.id_asignacion=? 
        and n1_0.trimestre=? 
    fetch
        first ? rows only
Hibernate: 
    select
        i1_0.id_inscripcion,
        i1_0.id_curso,
        i1_0.estado,
        i1_0.id_estudiante,
        i1_0.fecha_inscripcion,
        i1_0.id_gestion 
    from
        inscripcion i1_0 
    where
        i1_0.id_estudiante=? 
        and i1_0.id_gestion=?
Hibernate: 
    select
        n1_0.id_nota 
    from
        nota n1_0 
    where
        n1_0.id_estudiante=? 
        and n1_0.id_asignacion=? 
        and n1_0.trimestre=? 
    fetch
        first ? rows only
Hibernate: 
    select
        i1_0.id_inscripcion,
        i1_0.id_curso,
        i1_0.estado,
        i1_0.id_estudiante,
        i1_0.fecha_inscripcion,
        i1_0.id_gestion 
    from
        inscripcion i1_0 
    where
        i1_0.id_estudiante=? 
        and i1_0.id_gestion=?
Hibernate: 
    select
        n1_0.id_nota 
    from
        nota n1_0 
    where
        n1_0.id_estudiante=? 
        and n1_0.id_asignacion=? 
        and n1_0.trimestre=? 
    fetch
        first ? rows only
Hibernate: 
    select
        i1_0.id_inscripcion,
        i1_0.id_curso,
        i1_0.estado,
        i1_0.id_estudiante,
        i1_0.fecha_inscripcion,
        i1_0.id_gestion 
    from
        inscripcion i1_0 
    where
        i1_0.id_estudiante=? 
        and i1_0.id_gestion=?
Hibernate: 
    select
        n1_0.id_nota 
    from
        nota n1_0 
    where
        n1_0.id_estudiante=? 
        and n1_0.id_asignacion=? 
        and n1_0.trimestre=? 
    fetch
        first ? rows only
Hibernate: 
    select
        i1_0.id_inscripcion,
        i1_0.id_curso,
        i1_0.estado,
        i1_0.id_estudiante,
        i1_0.fecha_inscripcion,
        i1_0.id_gestion 
    from
        inscripcion i1_0 
    where
        i1_0.id_estudiante=? 
        and i1_0.id_gestion=?
Hibernate: 
    select
        n1_0.id_nota 
    from
        nota n1_0 
    where
        n1_0.id_estudiante=? 
        and n1_0.id_asignacion=? 
        and n1_0.trimestre=? 
    fetch
        first ? rows only
Hibernate: 
    select
        i1_0.id_inscripcion,
        i1_0.id_curso,
        i1_0.estado,
        i1_0.id_estudiante,
        i1_0.fecha_inscripcion,
        i1_0.id_gestion 
    from
        inscripcion i1_0 
    where
        i1_0.id_estudiante=? 
        and i1_0.id_gestion=?
Hibernate: 
    select
        n1_0.id_nota 
    from
        nota n1_0 
    where
        n1_0.id_estudiante=? 
        and n1_0.id_asignacion=? 
        and n1_0.trimestre=? 
    fetch
        first ? rows only
Hibernate: 
    select
        i1_0.id_inscripcion,
        i1_0.id_curso,
        i1_0.estado,
        i1_0.id_estudiante,
        i1_0.fecha_inscripcion,
        i1_0.id_gestion 
    from
        inscripcion i1_0 
    where
        i1_0.id_estudiante=? 
        and i1_0.id_gestion=?
Hibernate: 
    select
        n1_0.id_nota 
    from
        nota n1_0 
    where
        n1_0.id_estudiante=? 
        and n1_0.id_asignacion=? 
        and n1_0.trimestre=? 
    fetch
        first ? rows only
Hibernate: 
    select
        i1_0.id_inscripcion,
        i1_0.id_curso,
        i1_0.estado,
        i1_0.id_estudiante,
        i1_0.fecha_inscripcion,
        i1_0.id_gestion 
    from
        inscripcion i1_0 
    where
        i1_0.id_estudiante=? 
        and i1_0.id_gestion=?
Hibernate: 
    select
        n1_0.id_nota 
    from
        nota n1_0 
    where
        n1_0.id_estudiante=? 
        and n1_0.id_asignacion=? 
        and n1_0.trimestre=? 
    fetch
        first ? rows only
Hibernate: 
    select
        i1_0.id_inscripcion,
        i1_0.id_curso,
        i1_0.estado,
        i1_0.id_estudiante,
        i1_0.fecha_inscripcion,
        i1_0.id_gestion 
    from
        inscripcion i1_0 
    where
        i1_0.id_estudiante=? 
        and i1_0.id_gestion=?
Hibernate: 
    select
        n1_0.id_nota 
    from
        nota n1_0 
    where
        n1_0.id_estudiante=? 
        and n1_0.id_asignacion=? 
        and n1_0.trimestre=? 
    fetch
        first ? rows only
Hibernate: 
    select
        i1_0.id_inscripcion,
        i1_0.id_curso,
        i1_0.estado,
        i1_0.id_estudiante,
        i1_0.fecha_inscripcion,
        i1_0.id_gestion 
    from
        inscripcion i1_0 
    where
        i1_0.id_estudiante=? 
        and i1_0.id_gestion=?
Hibernate: 
    select
        n1_0.id_nota 
    from
        nota n1_0 
    where
        n1_0.id_estudiante=? 
        and n1_0.id_asignacion=? 
        and n1_0.trimestre=? 
    fetch
        first ? rows only
Hibernate: 
    select
        i1_0.id_inscripcion,
        i1_0.id_curso,
        i1_0.estado,
        i1_0.id_estudiante,
        i1_0.fecha_inscripcion,
        i1_0.id_gestion 
    from
        inscripcion i1_0 
    where
        i1_0.id_estudiante=? 
        and i1_0.id_gestion=?
Hibernate: 
    select
        n1_0.id_nota 
    from
        nota n1_0 
    where
        n1_0.id_estudiante=? 
        and n1_0.id_asignacion=? 
        and n1_0.trimestre=? 
    fetch
        first ? rows only
Hibernate: 
    select
        i1_0.id_inscripcion,
        i1_0.id_curso,
        i1_0.estado,
        i1_0.id_estudiante,
        i1_0.fecha_inscripcion,
        i1_0.id_gestion 
    from
        inscripcion i1_0 
    where
        i1_0.id_estudiante=? 
        and i1_0.id_gestion=?
Hibernate: 
    select
        n1_0.id_nota 
    from
        nota n1_0 
    where
        n1_0.id_estudiante=? 
        and n1_0.id_asignacion=? 
        and n1_0.trimestre=? 
    fetch
        first ? rows only
Hibernate: 
    select
        i1_0.id_inscripcion,
        i1_0.id_curso,
        i1_0.estado,
        i1_0.id_estudiante,
        i1_0.fecha_inscripcion,
        i1_0.id_gestion 
    from
        inscripcion i1_0 
    where
        i1_0.id_estudiante=? 
        and i1_0.id_gestion=?
Hibernate: 
    select
        n1_0.id_nota 
    from
        nota n1_0 
    where
        n1_0.id_estudiante=? 
        and n1_0.id_asignacion=? 
        and n1_0.trimestre=? 
    fetch
        first ? rows only
Hibernate: 
    select
        i1_0.id_inscripcion,
        i1_0.id_curso,
        i1_0.estado,
        i1_0.id_estudiante,
        i1_0.fecha_inscripcion,
        i1_0.id_gestion 
    from
        inscripcion i1_0 
    where
        i1_0.id_estudiante=? 
        and i1_0.id_gestion=?
Hibernate: 
    select
        n1_0.id_nota 
    from
        nota n1_0 
    where
        n1_0.id_estudiante=? 
        and n1_0.id_asignacion=? 
        and n1_0.trimestre=? 
    fetch
        first ? rows only
Hibernate: 
    select
        i1_0.id_inscripcion,
        i1_0.id_curso,
        i1_0.estado,
        i1_0.id_estudiante,
        i1_0.fecha_inscripcion,
        i1_0.id_gestion 
    from
        inscripcion i1_0 
    where
        i1_0.id_estudiante=? 
        and i1_0.id_gestion=?
Hibernate: 
    select
        n1_0.id_nota 
    from
        nota n1_0 
    where
        n1_0.id_estudiante=? 
        and n1_0.id_asignacion=? 
        and n1_0.trimestre=? 
    fetch
        first ? rows only
Hibernate: 
    select
        i1_0.id_inscripcion,
        i1_0.id_curso,
        i1_0.estado,
        i1_0.id_estudiante,
        i1_0.fecha_inscripcion,
        i1_0.id_gestion 
    from
        inscripcion i1_0 
    where
        i1_0.id_estudiante=? 
        and i1_0.id_gestion=?
Hibernate: 
    select
        n1_0.id_nota 
    from
        nota n1_0 
    where
        n1_0.id_estudiante=? 
        and n1_0.id_asignacion=? 
        and n1_0.trimestre=? 
    fetch
        first ? rows only
Hibernate: 
    select
        i1_0.id_inscripcion,
        i1_0.id_curso,
        i1_0.estado,
        i1_0.id_estudiante,
        i1_0.fecha_inscripcion,
        i1_0.id_gestion 
    from
        inscripcion i1_0 
    where
        i1_0.id_estudiante=? 
        and i1_0.id_gestion=?
Hibernate: 
    select
        n1_0.id_nota 
    from
        nota n1_0 
    where
        n1_0.id_estudiante=? 
        and n1_0.id_asignacion=? 
        and n1_0.trimestre=? 
    fetch
        first ? rows only
Hibernate: 
    select
        i1_0.id_inscripcion,
        i1_0.id_curso,
        i1_0.estado,
        i1_0.id_estudiante,
        i1_0.fecha_inscripcion,
        i1_0.id_gestion 
    from
        inscripcion i1_0 
    where
        i1_0.id_estudiante=? 
        and i1_0.id_gestion=?
Hibernate: 
    select
        n1_0.id_nota 
    from
        nota n1_0 
    where
        n1_0.id_estudiante=? 
        and n1_0.id_asignacion=? 
        and n1_0.trimestre=? 
    fetch
        first ? rows only
Hibernate: 
    select
        i1_0.id_inscripcion,
        i1_0.id_curso,
        i1_0.estado,
        i1_0.id_estudiante,
        i1_0.fecha_inscripcion,
        i1_0.id_gestion 
    from
        inscripcion i1_0 
    where
        i1_0.id_estudiante=? 
        and i1_0.id_gestion=?
Hibernate: 
    select
        n1_0.id_nota 
    from
        nota n1_0 
    where
        n1_0.id_estudiante=? 
        and n1_0.id_asignacion=? 
        and n1_0.trimestre=? 
    fetch
        first ? rows only
Hibernate: 
    select
        i1_0.id_inscripcion,
        i1_0.id_curso,
        i1_0.estado,
        i1_0.id_estudiante,
        i1_0.fecha_inscripcion,
        i1_0.id_gestion 
    from
        inscripcion i1_0 
    where
        i1_0.id_estudiante=? 
        and i1_0.id_gestion=?
Hibernate: 
    select
        n1_0.id_nota 
    from
        nota n1_0 
    where
        n1_0.id_estudiante=? 
        and n1_0.id_asignacion=? 
        and n1_0.trimestre=? 
    fetch
        first ? rows only
Hibernate: 
    select
        i1_0.id_inscripcion,
        i1_0.id_curso,
        i1_0.estado,
        i1_0.id_estudiante,
        i1_0.fecha_inscripcion,
        i1_0.id_gestion 
    from
        inscripcion i1_0 
    where
        i1_0.id_estudiante=? 
        and i1_0.id_gestion=?
Hibernate: 
    select
        n1_0.id_nota 
    from
        nota n1_0 
    where
        n1_0.id_estudiante=? 
        and n1_0.id_asignacion=? 
        and n1_0.trimestre=? 
    fetch
        first ? rows only
Hibernate: 
    select
        i1_0.id_inscripcion,
        i1_0.id_curso,
        i1_0.estado,
        i1_0.id_estudiante,
        i1_0.fecha_inscripcion,
        i1_0.id_gestion 
    from
        inscripcion i1_0 
    where
        i1_0.id_estudiante=? 
        and i1_0.id_gestion=?
Hibernate: 
    select
        n1_0.id_nota 
    from
        nota n1_0 
    where
        n1_0.id_estudiante=? 
        and n1_0.id_asignacion=? 
        and n1_0.trimestre=? 
    fetch
        first ? rows only
Hibernate: 
    select
        i1_0.id_inscripcion,
        i1_0.id_curso,
        i1_0.estado,
        i1_0.id_estudiante,
        i1_0.fecha_inscripcion,
        i1_0.id_gestion 
    from
        inscripcion i1_0 
    where
        i1_0.id_estudiante=? 
        and i1_0.id_gestion=?
Hibernate: 
    select
        n1_0.id_nota 
    from
        nota n1_0 
    where
        n1_0.id_estudiante=? 
        and n1_0.id_asignacion=? 
        and n1_0.trimestre=? 
    fetch
        first ? rows only
Hibernate: 
    select
        i1_0.id_inscripcion,
        i1_0.id_curso,
        i1_0.estado,
        i1_0.id_estudiante,
        i1_0.fecha_inscripcion,
        i1_0.id_gestion 
    from
        inscripcion i1_0 
    where
        i1_0.id_estudiante=? 
        and i1_0.id_gestion=?
Hibernate: 
    select
        n1_0.id_nota 
    from
        nota n1_0 
    where
        n1_0.id_estudiante=? 
        and n1_0.id_asignacion=? 
        and n1_0.trimestre=? 
    fetch
        first ? rows only
Hibernate: 
    select
        i1_0.id_inscripcion,
        i1_0.id_curso,
        i1_0.estado,
        i1_0.id_estudiante,
        i1_0.fecha_inscripcion,
        i1_0.id_gestion 
    from
        inscripcion i1_0 
    where
        i1_0.id_estudiante=? 
        and i1_0.id_gestion=?
Hibernate: 
    select
        n1_0.id_nota 
    from
        nota n1_0 
    where
        n1_0.id_estudiante=? 
        and n1_0.id_asignacion=? 
        and n1_0.trimestre=? 
    fetch
        first ? rows only
Hibernate: 
    select
        i1_0.id_inscripcion,
        i1_0.id_curso,
        i1_0.estado,
        i1_0.id_estudiante,
        i1_0.fecha_inscripcion,
        i1_0.id_gestion 
    from
        inscripcion i1_0 
    where
        i1_0.id_estudiante=? 
        and i1_0.id_gestion=?
Hibernate: 
    select
        n1_0.id_nota 
    from
        nota n1_0 
    where
        n1_0.id_estudiante=? 
        and n1_0.id_asignacion=? 
        and n1_0.trimestre=? 
    fetch
        first ? rows only
Hibernate: 
    select
        i1_0.id_inscripcion,
        i1_0.id_curso,
        i1_0.estado,
        i1_0.id_estudiante,
        i1_0.fecha_inscripcion,
        i1_0.id_gestion 
    from
        inscripcion i1_0 
    where
        i1_0.id_estudiante=? 
        and i1_0.id_gestion=?
Hibernate: 
    select
        n1_0.id_nota 
    from
        nota n1_0 
    where
        n1_0.id_estudiante=? 
        and n1_0.id_asignacion=? 
        and n1_0.trimestre=? 
    fetch
        first ? rows only
Hibernate: 
    select
        i1_0.id_inscripcion,
        i1_0.id_curso,
        i1_0.estado,
        i1_0.id_estudiante,
        i1_0.fecha_inscripcion,
        i1_0.id_gestion 
    from
        inscripcion i1_0 
    where
        i1_0.id_estudiante=? 
        and i1_0.id_gestion=?
Hibernate: 
    select
        n1_0.id_nota 
    from
        nota n1_0 
    where
        n1_0.id_estudiante=? 
        and n1_0.id_asignacion=? 
        and n1_0.trimestre=? 
    fetch
        first ? rows only
Hibernate: 
    select
        i1_0.id_inscripcion,
        i1_0.id_curso,
        i1_0.estado,
        i1_0.id_estudiante,
        i1_0.fecha_inscripcion,
        i1_0.id_gestion 
    from
        inscripcion i1_0 
    where
        i1_0.id_estudiante=? 
        and i1_0.id_gestion=?
Hibernate: 
    select
        n1_0.id_nota 
    from
        nota n1_0 
    where
        n1_0.id_estudiante=? 
        and n1_0.id_asignacion=? 
        and n1_0.trimestre=? 
    fetch
        first ? rows only
Hibernate: 
    select
        i1_0.id_inscripcion,
        i1_0.id_curso,
        i1_0.estado,
        i1_0.id_estudiante,
        i1_0.fecha_inscripcion,
        i1_0.id_gestion 
    from
        inscripcion i1_0 
    where
        i1_0.id_estudiante=? 
        and i1_0.id_gestion=?
Hibernate: 
    select
        n1_0.id_nota 
    from
        nota n1_0 
    where
        n1_0.id_estudiante=? 
        and n1_0.id_asignacion=? 
        and n1_0.trimestre=? 
    fetch
        first ? rows only
Hibernate: 
    select
        i1_0.id_inscripcion,
        i1_0.id_curso,
        i1_0.estado,
        i1_0.id_estudiante,
        i1_0.fecha_inscripcion,
        i1_0.id_gestion 
    from
        inscripcion i1_0 
    where
        i1_0.id_estudiante=? 
        and i1_0.id_gestion=?
Hibernate: 
    select
        n1_0.id_nota 
    from
        nota n1_0 
    where
        n1_0.id_estudiante=? 
        and n1_0.id_asignacion=? 
        and n1_0.trimestre=? 
    fetch
        first ? rows only
Hibernate: 
    select
        i1_0.id_inscripcion,
        i1_0.id_curso,
        i1_0.estado,
        i1_0.id_estudiante,
        i1_0.fecha_inscripcion,
        i1_0.id_gestion 
    from
        inscripcion i1_0 
    where
        i1_0.id_estudiante=? 
        and i1_0.id_gestion=?
Hibernate: 
    select
        n1_0.id_nota 
    from
        nota n1_0 
    where
        n1_0.id_estudiante=? 
        and n1_0.id_asignacion=? 
        and n1_0.trimestre=? 
    fetch
        first ? rows only
Hibernate: 
    select
        i1_0.id_inscripcion,
        i1_0.id_curso,
        i1_0.estado,
        i1_0.id_estudiante,
        i1_0.fecha_inscripcion,
        i1_0.id_gestion 
    from
        inscripcion i1_0 
    where
        i1_0.id_estudiante=? 
        and i1_0.id_gestion=?
Hibernate: 
    select
        n1_0.id_nota 
    from
        nota n1_0 
    where
        n1_0.id_estudiante=? 
        and n1_0.id_asignacion=? 
        and n1_0.trimestre=? 
    fetch
        first ? rows only
Hibernate: 
    select
        i1_0.id_inscripcion,
        i1_0.id_curso,
        i1_0.estado,
        i1_0.id_estudiante,
        i1_0.fecha_inscripcion,
        i1_0.id_gestion 
    from
        inscripcion i1_0 
    where
        i1_0.id_estudiante=? 
        and i1_0.id_gestion=?
Hibernate: 
    select
        n1_0.id_nota 
    from
        nota n1_0 
    where
        n1_0.id_estudiante=? 
        and n1_0.id_asignacion=? 
        and n1_0.trimestre=? 
    fetch
        first ? rows only
Hibernate: 
    select
        i1_0.id_inscripcion,
        i1_0.id_curso,
        i1_0.estado,
        i1_0.id_estudiante,
        i1_0.fecha_inscripcion,
        i1_0.id_gestion 
    from
        inscripcion i1_0 
    where
        i1_0.id_estudiante=? 
        and i1_0.id_gestion=?
Hibernate: 
    select
        n1_0.id_nota 
    from
        nota n1_0 
    where
        n1_0.id_estudiante=? 
        and n1_0.id_asignacion=? 
        and n1_0.trimestre=? 
    fetch
        first ? rows only
Hibernate: 
    select
        i1_0.id_inscripcion,
        i1_0.id_curso,
        i1_0.estado,
        i1_0.id_estudiante,
        i1_0.fecha_inscripcion,
        i1_0.id_gestion 
    from
        inscripcion i1_0 
    where
        i1_0.id_estudiante=? 
        and i1_0.id_gestion=?
Hibernate: 
    select
        n1_0.id_nota 
    from
        nota n1_0 
    where
        n1_0.id_estudiante=? 
        and n1_0.id_asignacion=? 
        and n1_0.trimestre=? 
    fetch
        first ? rows only
Hibernate: 
    select
        i1_0.id_inscripcion,
        i1_0.id_curso,
        i1_0.estado,
        i1_0.id_estudiante,
        i1_0.fecha_inscripcion,
        i1_0.id_gestion 
    from
        inscripcion i1_0 
    where
        i1_0.id_estudiante=? 
        and i1_0.id_gestion=?
Hibernate: 
    select
        n1_0.id_nota 
    from
        nota n1_0 
    where
        n1_0.id_estudiante=? 
        and n1_0.id_asignacion=? 
        and n1_0.trimestre=? 
    fetch
        first ? rows only
Hibernate: 
    select
        i1_0.id_inscripcion,
        i1_0.id_curso,
        i1_0.estado,
        i1_0.id_estudiante,
        i1_0.fecha_inscripcion,
        i1_0.id_gestion 
    from
        inscripcion i1_0 
    where
        i1_0.id_estudiante=? 
        and i1_0.id_gestion=?
Hibernate: 
    select
        n1_0.id_nota 
    from
        nota n1_0 
    where
        n1_0.id_estudiante=? 
        and n1_0.id_asignacion=? 
        and n1_0.trimestre=? 
    fetch
        first ? rows only
Hibernate: 
    select
        i1_0.id_inscripcion,
        i1_0.id_curso,
        i1_0.estado,
        i1_0.id_estudiante,
        i1_0.fecha_inscripcion,
        i1_0.id_gestion 
    from
        inscripcion i1_0 
    where
        i1_0.id_estudiante=? 
        and i1_0.id_gestion=?
Hibernate: 
    select
        n1_0.id_nota 
    from
        nota n1_0 
    where
        n1_0.id_estudiante=? 
        and n1_0.id_asignacion=? 
        and n1_0.trimestre=? 
    fetch
        first ? rows only
Hibernate: 
    select
        i1_0.id_inscripcion,
        i1_0.id_curso,
        i1_0.estado,
        i1_0.id_estudiante,
        i1_0.fecha_inscripcion,
        i1_0.id_gestion 
    from
        inscripcion i1_0 
    where
        i1_0.id_estudiante=? 
        and i1_0.id_gestion=?
Hibernate: 
    select
        n1_0.id_nota 
    from
        nota n1_0 
    where
        n1_0.id_estudiante=? 
        and n1_0.id_asignacion=? 
        and n1_0.trimestre=? 
    fetch
        first ? rows only
Hibernate: 
    select
        i1_0.id_inscripcion,
        i1_0.id_curso,
        i1_0.estado,
        i1_0.id_estudiante,
        i1_0.fecha_inscripcion,
        i1_0.id_gestion 
    from
        inscripcion i1_0 
    where
        i1_0.id_estudiante=? 
        and i1_0.id_gestion=?
Hibernate: 
    select
        n1_0.id_nota 
    from
        nota n1_0 
    where
        n1_0.id_estudiante=? 
        and n1_0.id_asignacion=? 
        and n1_0.trimestre=? 
    fetch
        first ? rows only
Hibernate: 
    select
        ga1_0.id_gestion,
        ga1_0.anio,
        ga1_0.estado,
        ga1_0.id_unidad_educativa 
    from
        gestion_academica ga1_0 
    left join
        unidad_educativa ue1_0 
            on ue1_0.id_unidad_educativa=ga1_0.id_unidad_educativa 
    where
        ga1_0.anio=? 
        and ue1_0.id_unidad_educativa=?
Hibernate: 
    select
        tp1_0.id_tipo_pago,
        tp1_0.fecha_limite,
        tp1_0.id_gestion,
        tp1_0.monto_defecto,
        tp1_0.nombre,
        tp1_0.id_unidad_educativa 
    from
        tipo_pago tp1_0 
    where
        tp1_0.nombre=?
Hibernate: 
    select
        e1_0.id_estudiante,
        e1_0.codigo_rude,
        e1_0.direccion,
        e1_0.nombre_madre,
        e1_0.nombre_padre,
        e1_0.telefono_madre,
        e1_0.telefono_padre,
        e1_0.id_usuario 
    from
        estudiante e1_0
Hibernate: 
    select
        cc1_0.id_cuenta_cobrar 
    from
        cuenta_cobrar cc1_0 
    where
        cc1_0.id_estudiante=? 
        and cc1_0.id_tipo_pago=? 
    fetch
        first ? rows only
Hibernate: 
    select
        cc1_0.id_cuenta_cobrar 
    from
        cuenta_cobrar cc1_0 
    where
        cc1_0.id_estudiante=? 
        and cc1_0.id_tipo_pago=? 
    fetch
        first ? rows only
Hibernate: 
    select
        cc1_0.id_cuenta_cobrar 
    from
        cuenta_cobrar cc1_0 
    where
        cc1_0.id_estudiante=? 
        and cc1_0.id_tipo_pago=? 
    fetch
        first ? rows only
Hibernate: 
    select
        cc1_0.id_cuenta_cobrar 
    from
        cuenta_cobrar cc1_0 
    where
        cc1_0.id_estudiante=? 
        and cc1_0.id_tipo_pago=? 
    fetch
        first ? rows only
Hibernate: 
    select
        cc1_0.id_cuenta_cobrar 
    from
        cuenta_cobrar cc1_0 
    where
        cc1_0.id_estudiante=? 
        and cc1_0.id_tipo_pago=? 
    fetch
        first ? rows only
Hibernate: 
    select
        cc1_0.id_cuenta_cobrar 
    from
        cuenta_cobrar cc1_0 
    where
        cc1_0.id_estudiante=? 
        and cc1_0.id_tipo_pago=? 
    fetch
        first ? rows only
Hibernate: 
    select
        cc1_0.id_cuenta_cobrar 
    from
        cuenta_cobrar cc1_0 
    where
        cc1_0.id_estudiante=? 
        and cc1_0.id_tipo_pago=? 
    fetch
        first ? rows only
Hibernate: 
    select
        cc1_0.id_cuenta_cobrar 
    from
        cuenta_cobrar cc1_0 
    where
        cc1_0.id_estudiante=? 
        and cc1_0.id_tipo_pago=? 
    fetch
        first ? rows only
Hibernate: 
    select
        cc1_0.id_cuenta_cobrar 
    from
        cuenta_cobrar cc1_0 
    where
        cc1_0.id_estudiante=? 
        and cc1_0.id_tipo_pago=? 
    fetch
        first ? rows only
Hibernate: 
    select
        cc1_0.id_cuenta_cobrar 
    from
        cuenta_cobrar cc1_0 
    where
        cc1_0.id_estudiante=? 
        and cc1_0.id_tipo_pago=? 
    fetch
        first ? rows only
Hibernate: 
    select
        cc1_0.id_cuenta_cobrar 
    from
        cuenta_cobrar cc1_0 
    where
        cc1_0.id_estudiante=? 
        and cc1_0.id_tipo_pago=? 
    fetch
        first ? rows only
Hibernate: 
    select
        cc1_0.id_cuenta_cobrar 
    from
        cuenta_cobrar cc1_0 
    where
        cc1_0.id_estudiante=? 
        and cc1_0.id_tipo_pago=? 
    fetch
        first ? rows only
Hibernate: 
    select
        cc1_0.id_cuenta_cobrar 
    from
        cuenta_cobrar cc1_0 
    where
        cc1_0.id_estudiante=? 
        and cc1_0.id_tipo_pago=? 
    fetch
        first ? rows only
Hibernate: 
    select
        cc1_0.id_cuenta_cobrar 
    from
        cuenta_cobrar cc1_0 
    where
        cc1_0.id_estudiante=? 
        and cc1_0.id_tipo_pago=? 
    fetch
        first ? rows only
Hibernate: 
    select
        cc1_0.id_cuenta_cobrar 
    from
        cuenta_cobrar cc1_0 
    where
        cc1_0.id_estudiante=? 
        and cc1_0.id_tipo_pago=? 
    fetch
        first ? rows only
Hibernate: 
    select
        cc1_0.id_cuenta_cobrar 
    from
        cuenta_cobrar cc1_0 
    where
        cc1_0.id_estudiante=? 
        and cc1_0.id_tipo_pago=? 
    fetch
        first ? rows only
Hibernate: 
    select
        cc1_0.id_cuenta_cobrar 
    from
        cuenta_cobrar cc1_0 
    where
        cc1_0.id_estudiante=? 
        and cc1_0.id_tipo_pago=? 
    fetch
        first ? rows only
Hibernate: 
    select
        cc1_0.id_cuenta_cobrar 
    from
        cuenta_cobrar cc1_0 
    where
        cc1_0.id_estudiante=? 
        and cc1_0.id_tipo_pago=? 
    fetch
        first ? rows only
Hibernate: 
    select
        cc1_0.id_cuenta_cobrar 
    from
        cuenta_cobrar cc1_0 
    where
        cc1_0.id_estudiante=? 
        and cc1_0.id_tipo_pago=? 
    fetch
        first ? rows only
Hibernate: 
    select
        cc1_0.id_cuenta_cobrar 
    from
        cuenta_cobrar cc1_0 
    where
        cc1_0.id_estudiante=? 
        and cc1_0.id_tipo_pago=? 
    fetch
        first ? rows only
Hibernate: 
    select
        cc1_0.id_cuenta_cobrar 
    from
        cuenta_cobrar cc1_0 
    where
        cc1_0.id_estudiante=? 
        and cc1_0.id_tipo_pago=? 
    fetch
        first ? rows only
Hibernate: 
    select
        cc1_0.id_cuenta_cobrar 
    from
        cuenta_cobrar cc1_0 
    where
        cc1_0.id_estudiante=? 
        and cc1_0.id_tipo_pago=? 
    fetch
        first ? rows only
Hibernate: 
    select
        cc1_0.id_cuenta_cobrar 
    from
        cuenta_cobrar cc1_0 
    where
        cc1_0.id_estudiante=? 
        and cc1_0.id_tipo_pago=? 
    fetch
        first ? rows only
Hibernate: 
    select
        cc1_0.id_cuenta_cobrar 
    from
        cuenta_cobrar cc1_0 
    where
        cc1_0.id_estudiante=? 
        and cc1_0.id_tipo_pago=? 
    fetch
        first ? rows only
Hibernate: 
    select
        cc1_0.id_cuenta_cobrar 
    from
        cuenta_cobrar cc1_0 
    where
        cc1_0.id_estudiante=? 
        and cc1_0.id_tipo_pago=? 
    fetch
        first ? rows only
Hibernate: 
    select
        cc1_0.id_cuenta_cobrar 
    from
        cuenta_cobrar cc1_0 
    where
        cc1_0.id_estudiante=? 
        and cc1_0.id_tipo_pago=? 
    fetch
        first ? rows only
Hibernate: 
    select
        cc1_0.id_cuenta_cobrar 
    from
        cuenta_cobrar cc1_0 
    where
        cc1_0.id_estudiante=? 
        and cc1_0.id_tipo_pago=? 
    fetch
        first ? rows only
Hibernate: 
    select
        cc1_0.id_cuenta_cobrar 
    from
        cuenta_cobrar cc1_0 
    where
        cc1_0.id_estudiante=? 
        and cc1_0.id_tipo_pago=? 
    fetch
        first ? rows only
Hibernate: 
    select
        cc1_0.id_cuenta_cobrar 
    from
        cuenta_cobrar cc1_0 
    where
        cc1_0.id_estudiante=? 
        and cc1_0.id_tipo_pago=? 
    fetch
        first ? rows only
Hibernate: 
    select
        cc1_0.id_cuenta_cobrar 
    from
        cuenta_cobrar cc1_0 
    where
        cc1_0.id_estudiante=? 
        and cc1_0.id_tipo_pago=? 
    fetch
        first ? rows only
Hibernate: 
    select
        cc1_0.id_cuenta_cobrar 
    from
        cuenta_cobrar cc1_0 
    where
        cc1_0.id_estudiante=? 
        and cc1_0.id_tipo_pago=? 
    fetch
        first ? rows only
Hibernate: 
    select
        cc1_0.id_cuenta_cobrar 
    from
        cuenta_cobrar cc1_0 
    where
        cc1_0.id_estudiante=? 
        and cc1_0.id_tipo_pago=? 
    fetch
        first ? rows only
Hibernate: 
    select
        cc1_0.id_cuenta_cobrar 
    from
        cuenta_cobrar cc1_0 
    where
        cc1_0.id_estudiante=? 
        and cc1_0.id_tipo_pago=? 
    fetch
        first ? rows only
Hibernate: 
    select
        cc1_0.id_cuenta_cobrar 
    from
        cuenta_cobrar cc1_0 
    where
        cc1_0.id_estudiante=? 
        and cc1_0.id_tipo_pago=? 
    fetch
        first ? rows only
Hibernate: 
    select
        cc1_0.id_cuenta_cobrar 
    from
        cuenta_cobrar cc1_0 
    where
        cc1_0.id_estudiante=? 
        and cc1_0.id_tipo_pago=? 
    fetch
        first ? rows only
Hibernate: 
    select
        cc1_0.id_cuenta_cobrar 
    from
        cuenta_cobrar cc1_0 
    where
        cc1_0.id_estudiante=? 
        and cc1_0.id_tipo_pago=? 
    fetch
        first ? rows only
Hibernate: 
    select
        cc1_0.id_cuenta_cobrar 
    from
        cuenta_cobrar cc1_0 
    where
        cc1_0.id_estudiante=? 
        and cc1_0.id_tipo_pago=? 
    fetch
        first ? rows only
Hibernate: 
    select
        cc1_0.id_cuenta_cobrar 
    from
        cuenta_cobrar cc1_0 
    where
        cc1_0.id_estudiante=? 
        and cc1_0.id_tipo_pago=? 
    fetch
        first ? rows only
Hibernate: 
    select
        cc1_0.id_cuenta_cobrar 
    from
        cuenta_cobrar cc1_0 
    where
        cc1_0.id_estudiante=? 
        and cc1_0.id_tipo_pago=? 
    fetch
        first ? rows only
Hibernate: 
    select
        cc1_0.id_cuenta_cobrar 
    from
        cuenta_cobrar cc1_0 
    where
        cc1_0.id_estudiante=? 
        and cc1_0.id_tipo_pago=? 
    fetch
        first ? rows only
Hibernate: 
    select
        cc1_0.id_cuenta_cobrar 
    from
        cuenta_cobrar cc1_0 
    where
        cc1_0.id_estudiante=? 
        and cc1_0.id_tipo_pago=? 
    fetch
        first ? rows only
Hibernate: 
    select
        cc1_0.id_cuenta_cobrar 
    from
        cuenta_cobrar cc1_0 
    where
        cc1_0.id_estudiante=? 
        and cc1_0.id_tipo_pago=? 
    fetch
        first ? rows only
Hibernate: 
    select
        cc1_0.id_cuenta_cobrar 
    from
        cuenta_cobrar cc1_0 
    where
        cc1_0.id_estudiante=? 
        and cc1_0.id_tipo_pago=? 
    fetch
        first ? rows only
Hibernate: 
    select
        cc1_0.id_cuenta_cobrar 
    from
        cuenta_cobrar cc1_0 
    where
        cc1_0.id_estudiante=? 
        and cc1_0.id_tipo_pago=? 
    fetch
        first ? rows only
Hibernate: 
    select
        cc1_0.id_cuenta_cobrar 
    from
        cuenta_cobrar cc1_0 
    where
        cc1_0.id_estudiante=? 
        and cc1_0.id_tipo_pago=? 
    fetch
        first ? rows only
2025-12-21T23:50:00.781-04:00  INFO 21711 --- [unidad-educativa] [           main] c.u.config.DataInitializer               : Inicialización completada exitosamente.
Hibernate: 
    select
        count(*) 
    from
        estudiante e1_0
2025-12-21T23:50:00.783-04:00  INFO 21711 --- [unidad-educativa] [           main] c.unidadeducativa.config.DemoDataSeeder  : Seeding omitido: Ya existen suficientes estudiantes.
[INFO] Tests run: 1, Failures: 0, Errors: 0, Skipped: 0, Time elapsed: 3.937 s -- in com.unidadeducativa.UnidadEducativaApplicationTests
[INFO] Running com.unidadeducativa.academia.nota.service.impl.NotaServiceImplTest
[INFO] Tests run: 3, Failures: 0, Errors: 0, Skipped: 0, Time elapsed: 0.448 s -- in com.unidadeducativa.academia.nota.service.impl.NotaServiceImplTest
[INFO] 
[INFO] Results:
[INFO] 
[INFO] Tests run: 11, Failures: 0, Errors: 0, Skipped: 0
[INFO] 
[INFO] ------------------------------------------------------------------------
[INFO] BUILD SUCCESS
[INFO] ------------------------------------------------------------------------
[INFO] Total time:  36.824 s
[INFO] Finished at: 2025-12-21T23:50:01-04:00
[INFO] ------------------------------------------------------------------------
